[0.561s] Invoking command in '/home/abd/exp_ws/src/build/crazyflie': CMAKE_PREFIX_PATH=/home/abd/exp_ws/src/install/motion_capture_tracking_interfaces:/home/abd/exp_ws/src/install/crazyflie_interfaces:/home/abd/exp_ws/src/install/motion_capture_tracking:/home/abd/exp_ws/src/install/crazyflie:/home/abd/exp_ws/src/install/crazyflie_sim:/home/abd/exp_ws/src/install/crazyflie_examples:/home/abd/exp_ws/install/motion_capture_tracking:/home/abd/exp_ws/install/crazyflie:/home/abd/exp_ws/install/motion_capture_tracking_interfaces:/home/abd/exp_ws/install/crazyflie_sim:/home/abd/exp_ws/install/crazyflie_examples:/home/abd/exp_ws/install/crazyflie_interfaces:/home/abd/exp_ws/src/install/new_description:/home/abd/exp_ws/src/install/crazyflie_py:/home/abd/exp_ws/src/install/NEW_description:/home/abd/exp_ws/install/crazyflie_py:/opt/ros/humble /usr/bin/cmake --build /home/abd/exp_ws/src/build/crazyflie -- -j12 -l12
[0.593s] -- Found ament_cmake: 1.3.5 (/opt/ros/humble/share/ament_cmake/cmake)
[0.783s] -- Found rclcpp: 16.0.6 (/opt/ros/humble/share/rclcpp/cmake)
[0.839s] -- Found rosidl_generator_c: 3.1.5 (/opt/ros/humble/share/rosidl_generator_c/cmake)
[0.842s] -- Found rosidl_adapter: 3.1.5 (/opt/ros/humble/share/rosidl_adapter/cmake)
[0.849s] -- Found rosidl_generator_cpp: 3.1.5 (/opt/ros/humble/share/rosidl_generator_cpp/cmake)
[0.863s] -- Using all available rosidl_typesupport_c: rosidl_typesupport_fastrtps_c;rosidl_typesupport_introspection_c
[0.882s] -- Using all available rosidl_typesupport_cpp: rosidl_typesupport_fastrtps_cpp;rosidl_typesupport_introspection_cpp
[0.958s] -- Found rmw_implementation_cmake: 6.1.1 (/opt/ros/humble/share/rmw_implementation_cmake/cmake)
[0.960s] -- Found rmw_fastrtps_cpp: 6.2.4 (/opt/ros/humble/share/rmw_fastrtps_cpp/cmake)
[1.133s] -- Using RMW implementation 'rmw_fastrtps_cpp' as default
[1.304s] -- Found tf2_ros: 0.25.4 (/opt/ros/humble/share/tf2_ros/cmake)
[1.679s] -- Found rclpy: 3.3.10 (/opt/ros/humble/share/rclpy/cmake)
[1.679s] -- Found std_srvs: 4.2.3 (/opt/ros/humble/share/std_srvs/cmake)
[1.697s] -- Found sensor_msgs: 4.2.3 (/opt/ros/humble/share/sensor_msgs/cmake)
[1.793s] -- Found crazyflie_interfaces: 2.0.0 (/home/abd/exp_ws/src/install/crazyflie_interfaces/share/crazyflie_interfaces/cmake)
[1.887s] -- Found motion_capture_tracking_interfaces: 1.0.0 (/home/abd/exp_ws/src/install/motion_capture_tracking_interfaces/share/motion_capture_tracking_interfaces/cmake)
[2.066s] -- Configuring done
[2.112s] -- Generating done
[2.115s] -- Build files have been written to: /home/abd/exp_ws/src/build/crazyflie
[2.160s] [35m[1mConsolidate compiler generated dependencies of target teleop[0m
[2.163s] [35m[1mConsolidate compiler generated dependencies of target crazyflieLinkCpp[0m
[2.183s] [ 22%] Built target crazyflieLinkCpp
[2.188s] [ 27%] Built target teleop
[2.197s] [35m[1mConsolidate compiler generated dependencies of target crazyflie_cpp[0m
[2.219s] [ 35%] Built target crazyflie_cpp
[2.241s] [35m[1mConsolidate compiler generated dependencies of target scan[0m
[2.242s] [35m[1mConsolidate compiler generated dependencies of target listLogVariables[0m
[2.242s] [35m[1mConsolidate compiler generated dependencies of target reboot[0m
[2.242s] [35m[1mConsolidate compiler generated dependencies of target console[0m
[2.242s] [35m[1mConsolidate compiler generated dependencies of target battery[0m
[2.242s] [35m[1mConsolidate compiler generated dependencies of target comCheck[0m
[2.242s] [35m[1mConsolidate compiler generated dependencies of target log[0m
[2.242s] [35m[1mConsolidate compiler generated dependencies of target crazyflie_server[0m
[2.242s] [35m[1mConsolidate compiler generated dependencies of target listMemories[0m
[2.243s] [35m[1mConsolidate compiler generated dependencies of target version[0m
[2.243s] [35m[1mConsolidate compiler generated dependencies of target downloadUSDLogfile[0m
[2.243s] [35m[1mConsolidate compiler generated dependencies of target listParams[0m
[2.277s] [ 45%] Built target scan
[2.277s] [ 45%] Built target reboot
[2.278s] [ 50%] Built target console
[2.278s] [ 55%] Built target battery
[2.278s] [ 65%] Built target version
[2.278s] [ 65%] Built target listLogVariables
[2.278s] [ 75%] Built target comCheck
[2.278s] [ 75%] Built target log
[2.279s] [ 80%] Built target listParams
[2.280s] [ 85%] Built target listMemories
[2.280s] [ 90%] Built target downloadUSDLogfile
[2.281s] [ 95%] Built target crazyflie_server
[2.288s] [35m[1mConsolidate compiler generated dependencies of target setParam[0m
[2.311s] [100%] Built target setParam
[2.345s] Invoked command in '/home/abd/exp_ws/src/build/crazyflie' returned '0': CMAKE_PREFIX_PATH=/home/abd/exp_ws/src/install/motion_capture_tracking_interfaces:/home/abd/exp_ws/src/install/crazyflie_interfaces:/home/abd/exp_ws/src/install/motion_capture_tracking:/home/abd/exp_ws/src/install/crazyflie:/home/abd/exp_ws/src/install/crazyflie_sim:/home/abd/exp_ws/src/install/crazyflie_examples:/home/abd/exp_ws/install/motion_capture_tracking:/home/abd/exp_ws/install/crazyflie:/home/abd/exp_ws/install/motion_capture_tracking_interfaces:/home/abd/exp_ws/install/crazyflie_sim:/home/abd/exp_ws/install/crazyflie_examples:/home/abd/exp_ws/install/crazyflie_interfaces:/home/abd/exp_ws/src/install/new_description:/home/abd/exp_ws/src/install/crazyflie_py:/home/abd/exp_ws/src/install/NEW_description:/home/abd/exp_ws/install/crazyflie_py:/opt/ros/humble /usr/bin/cmake --build /home/abd/exp_ws/src/build/crazyflie -- -j12 -l12
[2.395s] Invoking command in '/home/abd/exp_ws/src/build/crazyflie': CMAKE_PREFIX_PATH=/home/abd/exp_ws/src/install/motion_capture_tracking_interfaces:/home/abd/exp_ws/src/install/crazyflie_interfaces:/home/abd/exp_ws/src/install/motion_capture_tracking:/home/abd/exp_ws/src/install/crazyflie:/home/abd/exp_ws/src/install/crazyflie_sim:/home/abd/exp_ws/src/install/crazyflie_examples:/home/abd/exp_ws/install/motion_capture_tracking:/home/abd/exp_ws/install/crazyflie:/home/abd/exp_ws/install/motion_capture_tracking_interfaces:/home/abd/exp_ws/install/crazyflie_sim:/home/abd/exp_ws/install/crazyflie_examples:/home/abd/exp_ws/install/crazyflie_interfaces:/home/abd/exp_ws/src/install/new_description:/home/abd/exp_ws/src/install/crazyflie_py:/home/abd/exp_ws/src/install/NEW_description:/home/abd/exp_ws/install/crazyflie_py:/opt/ros/humble /usr/bin/cmake --install /home/abd/exp_ws/src/build/crazyflie
[2.402s] -- Install configuration: ""
[2.403s] -- Up-to-date: /home/abd/exp_ws/src/install/crazyflie/lib/crazyflie/comCheck
[2.403s] -- Up-to-date: /home/abd/exp_ws/src/install/crazyflie/lib/crazyflie/scan
[2.403s] -- Up-to-date: /home/abd/exp_ws/src/install/crazyflie/lib/crazyflie/listParams
[2.404s] -- Up-to-date: /home/abd/exp_ws/src/install/crazyflie/lib/crazyflie/listLogVariables
[2.404s] -- Up-to-date: /home/abd/exp_ws/src/install/crazyflie/lib/crazyflie/listMemories
[2.404s] -- Up-to-date: /home/abd/exp_ws/src/install/crazyflie/lib/crazyflie/reboot
[2.404s] -- Up-to-date: /home/abd/exp_ws/src/install/crazyflie/lib/crazyflie/battery
[2.404s] -- Up-to-date: /home/abd/exp_ws/src/install/crazyflie/lib/crazyflie/version
[2.405s] -- Up-to-date: /home/abd/exp_ws/src/install/crazyflie/lib/crazyflie/console
[2.405s] -- Up-to-date: /home/abd/exp_ws/src/install/crazyflie/lib/crazyflie/log
[2.405s] -- Up-to-date: /home/abd/exp_ws/src/install/crazyflie/lib/crazyflie/setParam
[2.405s] -- Up-to-date: /home/abd/exp_ws/src/install/crazyflie/lib/crazyflie/downloadUSDLogfile
[2.405s] -- Up-to-date: /home/abd/exp_ws/src/install/crazyflie/lib/crazyflie/teleop
[2.405s] -- Up-to-date: /home/abd/exp_ws/src/install/crazyflie/lib/crazyflie/crazyflie_server
[2.406s] -- Up-to-date: /home/abd/exp_ws/src/install/crazyflie/lib/crazyflie/crazyflie_server.py
[2.406s] -- Up-to-date: /home/abd/exp_ws/src/install/crazyflie/lib/crazyflie/chooser.py
[2.406s] -- Up-to-date: /home/abd/exp_ws/src/install/crazyflie/lib/crazyflie/vel_mux.py
[2.406s] -- Up-to-date: /home/abd/exp_ws/src/install/crazyflie/lib/crazyflie/cfmult.py
[2.406s] -- Up-to-date: /home/abd/exp_ws/src/install/crazyflie/lib/crazyflie/simple_mapper_multiranger.py
[2.407s] -- Up-to-date: /home/abd/exp_ws/src/install/crazyflie/lib/crazyflie/leader_cf.py
[2.407s] -- Up-to-date: /home/abd/exp_ws/src/install/crazyflie/lib/crazyflie/follower_cf.py
[2.407s] -- Up-to-date: /home/abd/exp_ws/src/install/crazyflie/lib/crazyflie/trajectory_publisher.py
[2.407s] -- Up-to-date: /home/abd/exp_ws/src/install/crazyflie/lib/crazyflie/begin_operation.py
[2.407s] -- Up-to-date: /home/abd/exp_ws/src/install/crazyflie/lib/crazyflie/mid_operation.py
[2.407s] -- Up-to-date: /home/abd/exp_ws/src/install/crazyflie/lib/crazyflie/autonomous_sequence.py
[2.408s] -- Up-to-date: /home/abd/exp_ws/src/install/crazyflie/lib/crazyflie/trajectory.py
[2.408s] -- Up-to-date: /home/abd/exp_ws/src/install/crazyflie/lib/crazyflie/velocity_controller_test.py
[2.408s] -- Up-to-date: /home/abd/exp_ws/src/install/crazyflie/lib/crazyflie/setpoint_publisher.py
[2.408s] -- Up-to-date: /home/abd/exp_ws/src/install/crazyflie/lib/crazyflie/position_controller.py
[2.408s] -- Up-to-date: /home/abd/exp_ws/src/install/crazyflie/share/crazyflie//launch
[2.408s] -- Up-to-date: /home/abd/exp_ws/src/install/crazyflie/share/crazyflie//launch/launch_teleop2.py
[2.409s] -- Up-to-date: /home/abd/exp_ws/src/install/crazyflie/share/crazyflie//launch/closed_loop_object_transport_launch
[2.409s] -- Up-to-date: /home/abd/exp_ws/src/install/crazyflie/share/crazyflie//launch/launch.py
[2.409s] -- Up-to-date: /home/abd/exp_ws/src/install/crazyflie/share/crazyflie//launch/teleop_launch.py
[2.409s] -- Up-to-date: /home/abd/exp_ws/src/install/crazyflie/share/crazyflie//config
[2.409s] -- Up-to-date: /home/abd/exp_ws/src/install/crazyflie/share/crazyflie//config/crazyflies.yaml
[2.409s] -- Up-to-date: /home/abd/exp_ws/src/install/crazyflie/share/crazyflie//config/config.rviz
[2.409s] -- Up-to-date: /home/abd/exp_ws/src/install/crazyflie/share/crazyflie//config/motion_capture.yaml
[2.409s] -- Up-to-date: /home/abd/exp_ws/src/install/crazyflie/share/crazyflie//config/server.yaml
[2.410s] -- Up-to-date: /home/abd/exp_ws/src/install/crazyflie/share/crazyflie//config/teleop.yaml
[2.410s] -- Up-to-date: /home/abd/exp_ws/src/install/crazyflie/share/ament_index/resource_index/package_run_dependencies/crazyflie
[2.410s] -- Up-to-date: /home/abd/exp_ws/src/install/crazyflie/share/ament_index/resource_index/parent_prefix_path/crazyflie
[2.410s] -- Up-to-date: /home/abd/exp_ws/src/install/crazyflie/share/crazyflie/environment/ament_prefix_path.sh
[2.410s] -- Installing: /home/abd/exp_ws/src/install/crazyflie/share/crazyflie/environment/ament_prefix_path.dsv
[2.410s] -- Up-to-date: /home/abd/exp_ws/src/install/crazyflie/share/crazyflie/environment/path.sh
[2.410s] -- Installing: /home/abd/exp_ws/src/install/crazyflie/share/crazyflie/environment/path.dsv
[2.411s] -- Up-to-date: /home/abd/exp_ws/src/install/crazyflie/share/crazyflie/local_setup.bash
[2.411s] -- Up-to-date: /home/abd/exp_ws/src/install/crazyflie/share/crazyflie/local_setup.sh
[2.411s] -- Up-to-date: /home/abd/exp_ws/src/install/crazyflie/share/crazyflie/local_setup.zsh
[2.411s] -- Installing: /home/abd/exp_ws/src/install/crazyflie/share/crazyflie/local_setup.dsv
[2.411s] -- Installing: /home/abd/exp_ws/src/install/crazyflie/share/crazyflie/package.dsv
[2.411s] -- Up-to-date: /home/abd/exp_ws/src/install/crazyflie/share/ament_index/resource_index/packages/crazyflie
[2.412s] -- Up-to-date: /home/abd/exp_ws/src/install/crazyflie/share/crazyflie/cmake/crazyflieConfig.cmake
[2.412s] -- Up-to-date: /home/abd/exp_ws/src/install/crazyflie/share/crazyflie/cmake/crazyflieConfig-version.cmake
[2.412s] -- Up-to-date: /home/abd/exp_ws/src/install/crazyflie/share/crazyflie/package.xml
[2.413s] Invoked command in '/home/abd/exp_ws/src/build/crazyflie' returned '0': CMAKE_PREFIX_PATH=/home/abd/exp_ws/src/install/motion_capture_tracking_interfaces:/home/abd/exp_ws/src/install/crazyflie_interfaces:/home/abd/exp_ws/src/install/motion_capture_tracking:/home/abd/exp_ws/src/install/crazyflie:/home/abd/exp_ws/src/install/crazyflie_sim:/home/abd/exp_ws/src/install/crazyflie_examples:/home/abd/exp_ws/install/motion_capture_tracking:/home/abd/exp_ws/install/crazyflie:/home/abd/exp_ws/install/motion_capture_tracking_interfaces:/home/abd/exp_ws/install/crazyflie_sim:/home/abd/exp_ws/install/crazyflie_examples:/home/abd/exp_ws/install/crazyflie_interfaces:/home/abd/exp_ws/src/install/new_description:/home/abd/exp_ws/src/install/crazyflie_py:/home/abd/exp_ws/src/install/NEW_description:/home/abd/exp_ws/install/crazyflie_py:/opt/ros/humble /usr/bin/cmake --install /home/abd/exp_ws/src/build/crazyflie
