[0.729s] Invoking command in '/home/abd/exp_ws/src/build/crazyflie_sim': CMAKE_PREFIX_PATH=/home/abd/exp_ws/src/install/crazyflie_interfaces:/home/abd/exp_ws/src/install/motion_capture_tracking:/home/abd/exp_ws/src/install/crazyflie:/home/abd/exp_ws/src/install/motion_capture_tracking_interfaces:/home/abd/exp_ws/src/install/crazyflie_sim:/home/abd/exp_ws/src/install/crazyflie_examples:/home/abd/exp_ws/install/motion_capture_tracking:/home/abd/exp_ws/install/crazyflie:/home/abd/exp_ws/install/motion_capture_tracking_interfaces:/home/abd/exp_ws/install/crazyflie_sim:/home/abd/exp_ws/install/crazyflie_examples:/home/abd/exp_ws/install/crazyflie_interfaces:/home/abd/exp_ws/src/install/new_description:/home/abd/exp_ws/src/install/crazyflie_py:/home/abd/exp_ws/src/install/NEW_description:/home/abd/exp_ws/install/crazyflie_py:/opt/ros/humble LD_LIBRARY_PATH=/home/abd/exp_ws/src/install/crazyflie_interfaces/lib:/home/abd/exp_ws/src/install/motion_capture_tracking_interfaces/lib:/home/abd/exp_ws/install/motion_capture_tracking_interfaces/lib:/home/abd/exp_ws/install/crazyflie_interfaces/lib:/usr/lib/x86_64-linux-gnu/gazebo-11/plugins:/opt/ros/humble/opt/rviz_ogre_vendor/lib:/opt/ros/humble/lib/x86_64-linux-gnu:/opt/ros/humble/lib /usr/bin/cmake --build /home/abd/exp_ws/src/build/crazyflie_sim -- -j12 -l12
[0.763s] -- Found ament_cmake: 1.3.5 (/opt/ros/humble/share/ament_cmake/cmake)
[1.120s] -- Found ament_cmake_pytest: 1.3.5 (/opt/ros/humble/share/ament_cmake_pytest/cmake)
[2.256s] -- Configuring done
[2.264s] -- Generating done
[2.266s] -- Build files have been written to: /home/abd/exp_ws/src/build/crazyflie_sim
[2.327s] Built target ament_cmake_python_copy_crazyflie_sim_setup
[2.341s] Built target ament_cmake_python_copy_crazyflie_sim
[2.733s] running install_scripts
[2.735s] running egg_info
[2.736s] writing crazyflie_sim.egg-info/PKG-INFO
[2.737s] writing dependency_links to crazyflie_sim.egg-info/dependency_links.txt
[2.737s] writing entry points to crazyflie_sim.egg-info/entry_points.txt
[2.737s] writing top-level names to crazyflie_sim.egg-info/top_level.txt
[2.745s] reading manifest file 'crazyflie_sim.egg-info/SOURCES.txt'
[2.745s] writing manifest file 'crazyflie_sim.egg-info/SOURCES.txt'
[2.768s] running egg_info
[2.769s] writing crazyflie_sim.egg-info/PKG-INFO
[2.770s] writing dependency_links to crazyflie_sim.egg-info/dependency_links.txt
[2.770s] writing entry points to crazyflie_sim.egg-info/entry_points.txt
[2.770s] writing top-level names to crazyflie_sim.egg-info/top_level.txt
[2.773s] reading manifest file 'crazyflie_sim.egg-info/SOURCES.txt'
[2.773s] writing manifest file 'crazyflie_sim.egg-info/SOURCES.txt'
[2.775s] Installing crazyflie_server script to scripts
[2.786s] Built target ament_cmake_python_build_crazyflie_sim_egg
[2.826s] Built target ament_cmake_python_build_crazyflie_sim_scripts
[2.849s] Invoked command in '/home/abd/exp_ws/src/build/crazyflie_sim' returned '0': CMAKE_PREFIX_PATH=/home/abd/exp_ws/src/install/crazyflie_interfaces:/home/abd/exp_ws/src/install/motion_capture_tracking:/home/abd/exp_ws/src/install/crazyflie:/home/abd/exp_ws/src/install/motion_capture_tracking_interfaces:/home/abd/exp_ws/src/install/crazyflie_sim:/home/abd/exp_ws/src/install/crazyflie_examples:/home/abd/exp_ws/install/motion_capture_tracking:/home/abd/exp_ws/install/crazyflie:/home/abd/exp_ws/install/motion_capture_tracking_interfaces:/home/abd/exp_ws/install/crazyflie_sim:/home/abd/exp_ws/install/crazyflie_examples:/home/abd/exp_ws/install/crazyflie_interfaces:/home/abd/exp_ws/src/install/new_description:/home/abd/exp_ws/src/install/crazyflie_py:/home/abd/exp_ws/src/install/NEW_description:/home/abd/exp_ws/install/crazyflie_py:/opt/ros/humble LD_LIBRARY_PATH=/home/abd/exp_ws/src/install/crazyflie_interfaces/lib:/home/abd/exp_ws/src/install/motion_capture_tracking_interfaces/lib:/home/abd/exp_ws/install/motion_capture_tracking_interfaces/lib:/home/abd/exp_ws/install/crazyflie_interfaces/lib:/usr/lib/x86_64-linux-gnu/gazebo-11/plugins:/opt/ros/humble/opt/rviz_ogre_vendor/lib:/opt/ros/humble/lib/x86_64-linux-gnu:/opt/ros/humble/lib /usr/bin/cmake --build /home/abd/exp_ws/src/build/crazyflie_sim -- -j12 -l12
[2.888s] Invoking command in '/home/abd/exp_ws/src/build/crazyflie_sim': CMAKE_PREFIX_PATH=/home/abd/exp_ws/src/install/crazyflie_interfaces:/home/abd/exp_ws/src/install/motion_capture_tracking:/home/abd/exp_ws/src/install/crazyflie:/home/abd/exp_ws/src/install/motion_capture_tracking_interfaces:/home/abd/exp_ws/src/install/crazyflie_sim:/home/abd/exp_ws/src/install/crazyflie_examples:/home/abd/exp_ws/install/motion_capture_tracking:/home/abd/exp_ws/install/crazyflie:/home/abd/exp_ws/install/motion_capture_tracking_interfaces:/home/abd/exp_ws/install/crazyflie_sim:/home/abd/exp_ws/install/crazyflie_examples:/home/abd/exp_ws/install/crazyflie_interfaces:/home/abd/exp_ws/src/install/new_description:/home/abd/exp_ws/src/install/crazyflie_py:/home/abd/exp_ws/src/install/NEW_description:/home/abd/exp_ws/install/crazyflie_py:/opt/ros/humble LD_LIBRARY_PATH=/home/abd/exp_ws/src/install/crazyflie_interfaces/lib:/home/abd/exp_ws/src/install/motion_capture_tracking_interfaces/lib:/home/abd/exp_ws/install/motion_capture_tracking_interfaces/lib:/home/abd/exp_ws/install/crazyflie_interfaces/lib:/usr/lib/x86_64-linux-gnu/gazebo-11/plugins:/opt/ros/humble/opt/rviz_ogre_vendor/lib:/opt/ros/humble/lib/x86_64-linux-gnu:/opt/ros/humble/lib /usr/bin/cmake --install /home/abd/exp_ws/src/build/crazyflie_sim
[2.897s] -- Install configuration: ""
[2.897s] -- Up-to-date: /home/abd/exp_ws/src/install/crazyflie_sim/share/crazyflie_sim/environment/pythonpath.sh
[2.897s] -- Installing: /home/abd/exp_ws/src/install/crazyflie_sim/share/crazyflie_sim/environment/pythonpath.dsv
[2.898s] -- Up-to-date: /home/abd/exp_ws/src/install/crazyflie_sim/local/lib/python3.10/dist-packages/crazyflie_sim-2.0.0-py3.10.egg-info
[2.898s] -- Installing: /home/abd/exp_ws/src/install/crazyflie_sim/local/lib/python3.10/dist-packages/crazyflie_sim-2.0.0-py3.10.egg-info/entry_points.txt
[2.898s] -- Installing: /home/abd/exp_ws/src/install/crazyflie_sim/local/lib/python3.10/dist-packages/crazyflie_sim-2.0.0-py3.10.egg-info/SOURCES.txt
[2.898s] -- Installing: /home/abd/exp_ws/src/install/crazyflie_sim/local/lib/python3.10/dist-packages/crazyflie_sim-2.0.0-py3.10.egg-info/dependency_links.txt
[2.898s] -- Installing: /home/abd/exp_ws/src/install/crazyflie_sim/local/lib/python3.10/dist-packages/crazyflie_sim-2.0.0-py3.10.egg-info/PKG-INFO
[2.898s] -- Installing: /home/abd/exp_ws/src/install/crazyflie_sim/local/lib/python3.10/dist-packages/crazyflie_sim-2.0.0-py3.10.egg-info/top_level.txt
[2.898s] -- Up-to-date: /home/abd/exp_ws/src/install/crazyflie_sim/lib/crazyflie_sim/
[2.899s] -- Installing: /home/abd/exp_ws/src/install/crazyflie_sim/lib/crazyflie_sim//crazyflie_server
[2.899s] -- Up-to-date: /home/abd/exp_ws/src/install/crazyflie_sim/local/lib/python3.10/dist-packages/crazyflie_sim
[2.899s] -- Up-to-date: /home/abd/exp_ws/src/install/crazyflie_sim/local/lib/python3.10/dist-packages/crazyflie_sim/visualization
[2.899s] -- Up-to-date: /home/abd/exp_ws/src/install/crazyflie_sim/local/lib/python3.10/dist-packages/crazyflie_sim/visualization/record_states.py
[2.899s] -- Up-to-date: /home/abd/exp_ws/src/install/crazyflie_sim/local/lib/python3.10/dist-packages/crazyflie_sim/visualization/rviz.py
[2.899s] -- Up-to-date: /home/abd/exp_ws/src/install/crazyflie_sim/local/lib/python3.10/dist-packages/crazyflie_sim/visualization/pdf.py
[2.899s] -- Up-to-date: /home/abd/exp_ws/src/install/crazyflie_sim/local/lib/python3.10/dist-packages/crazyflie_sim/visualization/blender.py
[2.900s] -- Up-to-date: /home/abd/exp_ws/src/install/crazyflie_sim/local/lib/python3.10/dist-packages/crazyflie_sim/visualization/README.md
[2.900s] -- Up-to-date: /home/abd/exp_ws/src/install/crazyflie_sim/local/lib/python3.10/dist-packages/crazyflie_sim/visualization/data
[2.900s] -- Up-to-date: /home/abd/exp_ws/src/install/crazyflie_sim/local/lib/python3.10/dist-packages/crazyflie_sim/visualization/data/env
[2.900s] -- Up-to-date: /home/abd/exp_ws/src/install/crazyflie_sim/local/lib/python3.10/dist-packages/crazyflie_sim/visualization/data/env/derelict_overpass.jpg
[2.900s] -- Up-to-date: /home/abd/exp_ws/src/install/crazyflie_sim/local/lib/python3.10/dist-packages/crazyflie_sim/visualization/data/env/aviation_museum.jpg
[2.900s] -- Up-to-date: /home/abd/exp_ws/src/install/crazyflie_sim/local/lib/python3.10/dist-packages/crazyflie_sim/visualization/data/env/lake_pier.jpg
[2.900s] -- Up-to-date: /home/abd/exp_ws/src/install/crazyflie_sim/local/lib/python3.10/dist-packages/crazyflie_sim/visualization/data/env/abandoned_greenhouse.jpg
[2.900s] -- Up-to-date: /home/abd/exp_ws/src/install/crazyflie_sim/local/lib/python3.10/dist-packages/crazyflie_sim/visualization/data/env/env.jpg
[2.900s] -- Up-to-date: /home/abd/exp_ws/src/install/crazyflie_sim/local/lib/python3.10/dist-packages/crazyflie_sim/visualization/data/env/lago_disola.jpg
[2.901s] -- Up-to-date: /home/abd/exp_ws/src/install/crazyflie_sim/local/lib/python3.10/dist-packages/crazyflie_sim/visualization/data/env/machine_shop.jpg
[2.901s] -- Up-to-date: /home/abd/exp_ws/src/install/crazyflie_sim/local/lib/python3.10/dist-packages/crazyflie_sim/visualization/data/env/peppermint_powerplant.jpg
[2.901s] -- Up-to-date: /home/abd/exp_ws/src/install/crazyflie_sim/local/lib/python3.10/dist-packages/crazyflie_sim/visualization/data/env/museumplein.jpg
[2.901s] -- Up-to-date: /home/abd/exp_ws/src/install/crazyflie_sim/local/lib/python3.10/dist-packages/crazyflie_sim/visualization/data/env/studio_garden.jpg
[2.901s] -- Up-to-date: /home/abd/exp_ws/src/install/crazyflie_sim/local/lib/python3.10/dist-packages/crazyflie_sim/visualization/data/env/crosswalk.jpg
[2.901s] -- Up-to-date: /home/abd/exp_ws/src/install/crazyflie_sim/local/lib/python3.10/dist-packages/crazyflie_sim/visualization/data/env/aerodynamics_workshop.jpg
[2.901s] -- Up-to-date: /home/abd/exp_ws/src/install/crazyflie_sim/local/lib/python3.10/dist-packages/crazyflie_sim/visualization/data/README.md
[2.901s] -- Up-to-date: /home/abd/exp_ws/src/install/crazyflie_sim/local/lib/python3.10/dist-packages/crazyflie_sim/visualization/data/model
[2.901s] -- Up-to-date: /home/abd/exp_ws/src/install/crazyflie_sim/local/lib/python3.10/dist-packages/crazyflie_sim/visualization/data/model/cf.mtl
[2.901s] -- Up-to-date: /home/abd/exp_ws/src/install/crazyflie_sim/local/lib/python3.10/dist-packages/crazyflie_sim/visualization/data/model/cf.obj
[2.901s] -- Up-to-date: /home/abd/exp_ws/src/install/crazyflie_sim/local/lib/python3.10/dist-packages/crazyflie_sim/__init__.py
[2.902s] -- Up-to-date: /home/abd/exp_ws/src/install/crazyflie_sim/local/lib/python3.10/dist-packages/crazyflie_sim/backend
[2.902s] -- Up-to-date: /home/abd/exp_ws/src/install/crazyflie_sim/local/lib/python3.10/dist-packages/crazyflie_sim/backend/np.py
[2.902s] -- Up-to-date: /home/abd/exp_ws/src/install/crazyflie_sim/local/lib/python3.10/dist-packages/crazyflie_sim/backend/none.py
[2.902s] -- Up-to-date: /home/abd/exp_ws/src/install/crazyflie_sim/local/lib/python3.10/dist-packages/crazyflie_sim/crazyflie_sil.py
[2.902s] -- Up-to-date: /home/abd/exp_ws/src/install/crazyflie_sim/local/lib/python3.10/dist-packages/crazyflie_sim/sim_data_types.py
[2.902s] -- Up-to-date: /home/abd/exp_ws/src/install/crazyflie_sim/local/lib/python3.10/dist-packages/crazyflie_sim/crazyflie_server.py
[2.939s] Listing '/home/abd/exp_ws/src/install/crazyflie_sim/local/lib/python3.10/dist-packages/crazyflie_sim'...
[2.939s] Listing '/home/abd/exp_ws/src/install/crazyflie_sim/local/lib/python3.10/dist-packages/crazyflie_sim/backend'...
[2.940s] Listing '/home/abd/exp_ws/src/install/crazyflie_sim/local/lib/python3.10/dist-packages/crazyflie_sim/visualization'...
[2.940s] Listing '/home/abd/exp_ws/src/install/crazyflie_sim/local/lib/python3.10/dist-packages/crazyflie_sim/visualization/data'...
[2.940s] Listing '/home/abd/exp_ws/src/install/crazyflie_sim/local/lib/python3.10/dist-packages/crazyflie_sim/visualization/data/env'...
[2.940s] Listing '/home/abd/exp_ws/src/install/crazyflie_sim/local/lib/python3.10/dist-packages/crazyflie_sim/visualization/data/model'...
[2.945s] -- Up-to-date: /home/abd/exp_ws/src/install/crazyflie_sim/share/ament_index/resource_index/package_run_dependencies/crazyflie_sim
[2.945s] -- Installing: /home/abd/exp_ws/src/install/crazyflie_sim/share/ament_index/resource_index/parent_prefix_path/crazyflie_sim
[2.946s] -- Up-to-date: /home/abd/exp_ws/src/install/crazyflie_sim/share/crazyflie_sim/environment/ament_prefix_path.sh
[2.946s] -- Installing: /home/abd/exp_ws/src/install/crazyflie_sim/share/crazyflie_sim/environment/ament_prefix_path.dsv
[2.946s] -- Up-to-date: /home/abd/exp_ws/src/install/crazyflie_sim/share/crazyflie_sim/environment/path.sh
[2.946s] -- Installing: /home/abd/exp_ws/src/install/crazyflie_sim/share/crazyflie_sim/environment/path.dsv
[2.946s] -- Up-to-date: /home/abd/exp_ws/src/install/crazyflie_sim/share/crazyflie_sim/local_setup.bash
[2.946s] -- Up-to-date: /home/abd/exp_ws/src/install/crazyflie_sim/share/crazyflie_sim/local_setup.sh
[2.947s] -- Up-to-date: /home/abd/exp_ws/src/install/crazyflie_sim/share/crazyflie_sim/local_setup.zsh
[2.947s] -- Installing: /home/abd/exp_ws/src/install/crazyflie_sim/share/crazyflie_sim/local_setup.dsv
[2.947s] -- Installing: /home/abd/exp_ws/src/install/crazyflie_sim/share/crazyflie_sim/package.dsv
[2.947s] -- Up-to-date: /home/abd/exp_ws/src/install/crazyflie_sim/share/ament_index/resource_index/packages/crazyflie_sim
[2.947s] -- Up-to-date: /home/abd/exp_ws/src/install/crazyflie_sim/share/crazyflie_sim/cmake/crazyflie_simConfig.cmake
[2.947s] -- Up-to-date: /home/abd/exp_ws/src/install/crazyflie_sim/share/crazyflie_sim/cmake/crazyflie_simConfig-version.cmake
[2.948s] -- Up-to-date: /home/abd/exp_ws/src/install/crazyflie_sim/share/crazyflie_sim/package.xml
[2.950s] Invoked command in '/home/abd/exp_ws/src/build/crazyflie_sim' returned '0': CMAKE_PREFIX_PATH=/home/abd/exp_ws/src/install/crazyflie_interfaces:/home/abd/exp_ws/src/install/motion_capture_tracking:/home/abd/exp_ws/src/install/crazyflie:/home/abd/exp_ws/src/install/motion_capture_tracking_interfaces:/home/abd/exp_ws/src/install/crazyflie_sim:/home/abd/exp_ws/src/install/crazyflie_examples:/home/abd/exp_ws/install/motion_capture_tracking:/home/abd/exp_ws/install/crazyflie:/home/abd/exp_ws/install/motion_capture_tracking_interfaces:/home/abd/exp_ws/install/crazyflie_sim:/home/abd/exp_ws/install/crazyflie_examples:/home/abd/exp_ws/install/crazyflie_interfaces:/home/abd/exp_ws/src/install/new_description:/home/abd/exp_ws/src/install/crazyflie_py:/home/abd/exp_ws/src/install/NEW_description:/home/abd/exp_ws/install/crazyflie_py:/opt/ros/humble LD_LIBRARY_PATH=/home/abd/exp_ws/src/install/crazyflie_interfaces/lib:/home/abd/exp_ws/src/install/motion_capture_tracking_interfaces/lib:/home/abd/exp_ws/install/motion_capture_tracking_interfaces/lib:/home/abd/exp_ws/install/crazyflie_interfaces/lib:/usr/lib/x86_64-linux-gnu/gazebo-11/plugins:/opt/ros/humble/opt/rviz_ogre_vendor/lib:/opt/ros/humble/lib/x86_64-linux-gnu:/opt/ros/humble/lib /usr/bin/cmake --install /home/abd/exp_ws/src/build/crazyflie_sim
