[0.084s] Invoking command in '/home/abd/exp_ws/src/build/crazyflie_examples': AMENT_PREFIX_PATH=/home/abd/exp_ws/src/install/crazyflie_py:/home/abd/exp_ws/src/install/crazyflie_interfaces:${AMENT_PREFIX_PATH} CMAKE_PREFIX_PATH=/home/abd/exp_ws/src/install/crazyflie_interfaces:/opt/ros/humble LD_LIBRARY_PATH=/home/abd/exp_ws/src/install/crazyflie_interfaces/lib:${LD_LIBRARY_PATH} PYTHONPATH=/home/abd/exp_ws/src/install/crazyflie_py/lib/python3.10/site-packages:/home/abd/exp_ws/src/install/crazyflie_interfaces/local/lib/python3.10/dist-packages:${PYTHONPATH} /usr/bin/cmake /home/abd/exp_ws/src/crazyswarm2/crazyflie_examples -DCMAKE_INSTALL_PREFIX=/home/abd/exp_ws/src/install/crazyflie_examples
[0.152s] -- The C compiler identification is GNU 11.4.0
[0.252s] -- The CXX compiler identification is GNU 11.4.0
[0.291s] -- Detecting C compiler ABI info
[0.502s] -- Detecting C compiler ABI info - done
[0.519s] -- Check for working C compiler: /usr/bin/cc - skipped
[0.520s] -- Detecting C compile features
[0.521s] -- Detecting C compile features - done
[0.527s] -- Detecting CXX compiler ABI info
[0.777s] -- Detecting CXX compiler ABI info - done
[0.795s] -- Check for working CXX compiler: /usr/bin/c++ - skipped
[0.795s] -- Detecting CXX compile features
[0.796s] -- Detecting CXX compile features - done
[0.802s] -- Found ament_cmake: 1.3.5 (/opt/ros/humble/share/ament_cmake/cmake)
[1.235s] -- Found Python3: /usr/bin/python3.10 (found version "3.10.12") found components: Interpreter 
[1.691s] -- Found ament_cmake_pytest: 1.3.5 (/opt/ros/humble/share/ament_cmake_pytest/cmake)
[3.351s] -- Configuring done
[3.360s] -- Generating done
[3.362s] -- Build files have been written to: /home/abd/exp_ws/src/build/crazyflie_examples
[3.372s] Invoked command in '/home/abd/exp_ws/src/build/crazyflie_examples' returned '0': AMENT_PREFIX_PATH=/home/abd/exp_ws/src/install/crazyflie_py:/home/abd/exp_ws/src/install/crazyflie_interfaces:${AMENT_PREFIX_PATH} CMAKE_PREFIX_PATH=/home/abd/exp_ws/src/install/crazyflie_interfaces:/opt/ros/humble LD_LIBRARY_PATH=/home/abd/exp_ws/src/install/crazyflie_interfaces/lib:${LD_LIBRARY_PATH} PYTHONPATH=/home/abd/exp_ws/src/install/crazyflie_py/lib/python3.10/site-packages:/home/abd/exp_ws/src/install/crazyflie_interfaces/local/lib/python3.10/dist-packages:${PYTHONPATH} /usr/bin/cmake /home/abd/exp_ws/src/crazyswarm2/crazyflie_examples -DCMAKE_INSTALL_PREFIX=/home/abd/exp_ws/src/install/crazyflie_examples
[3.373s] Invoking command in '/home/abd/exp_ws/src/build/crazyflie_examples': AMENT_PREFIX_PATH=/home/abd/exp_ws/src/install/crazyflie_py:/home/abd/exp_ws/src/install/crazyflie_interfaces:${AMENT_PREFIX_PATH} CMAKE_PREFIX_PATH=/home/abd/exp_ws/src/install/crazyflie_interfaces:/opt/ros/humble LD_LIBRARY_PATH=/home/abd/exp_ws/src/install/crazyflie_interfaces/lib:${LD_LIBRARY_PATH} PYTHONPATH=/home/abd/exp_ws/src/install/crazyflie_py/lib/python3.10/site-packages:/home/abd/exp_ws/src/install/crazyflie_interfaces/local/lib/python3.10/dist-packages:${PYTHONPATH} /usr/bin/cmake --build /home/abd/exp_ws/src/build/crazyflie_examples -- -j12 -l12
[3.626s] Built target ament_cmake_python_copy_crazyflie_examples_setup
[3.719s] Built target ament_cmake_python_copy_crazyflie_examples
[4.820s] running install_scripts
[4.906s] running egg_info
[4.907s] creating crazyflie_examples.egg-info
[4.909s] writing crazyflie_examples.egg-info/PKG-INFO
[4.910s] writing dependency_links to crazyflie_examples.egg-info/dependency_links.txt
[4.911s] writing entry points to crazyflie_examples.egg-info/entry_points.txt
[4.911s] writing top-level names to crazyflie_examples.egg-info/top_level.txt
[4.912s] writing manifest file 'crazyflie_examples.egg-info/SOURCES.txt'
[4.917s] reading manifest file 'crazyflie_examples.egg-info/SOURCES.txt'
[4.919s] writing manifest file 'crazyflie_examples.egg-info/SOURCES.txt'
[4.924s] running egg_info
[4.925s] writing crazyflie_examples.egg-info/PKG-INFO
[4.926s] writing dependency_links to crazyflie_examples.egg-info/dependency_links.txt
[4.926s] writing entry points to crazyflie_examples.egg-info/entry_points.txt
[4.927s] writing top-level names to crazyflie_examples.egg-info/top_level.txt
[4.930s] reading manifest file 'crazyflie_examples.egg-info/SOURCES.txt'
[4.939s] writing manifest file 'crazyflie_examples.egg-info/SOURCES.txt'
[4.942s] Installing cmd_full_state script to scripts
[4.942s] Installing figure8 script to scripts
[4.942s] Installing hello_world script to scripts
[4.942s] Installing multi_trajectory script to scripts
[4.943s] Installing nice_hover script to scripts
[4.943s] Installing set_param script to scripts
[5.039s] Built target ament_cmake_python_build_crazyflie_examples_egg
[5.115s] Built target ament_cmake_python_build_crazyflie_examples_scripts
[5.171s] Invoked command in '/home/abd/exp_ws/src/build/crazyflie_examples' returned '0': AMENT_PREFIX_PATH=/home/abd/exp_ws/src/install/crazyflie_py:/home/abd/exp_ws/src/install/crazyflie_interfaces:${AMENT_PREFIX_PATH} CMAKE_PREFIX_PATH=/home/abd/exp_ws/src/install/crazyflie_interfaces:/opt/ros/humble LD_LIBRARY_PATH=/home/abd/exp_ws/src/install/crazyflie_interfaces/lib:${LD_LIBRARY_PATH} PYTHONPATH=/home/abd/exp_ws/src/install/crazyflie_py/lib/python3.10/site-packages:/home/abd/exp_ws/src/install/crazyflie_interfaces/local/lib/python3.10/dist-packages:${PYTHONPATH} /usr/bin/cmake --build /home/abd/exp_ws/src/build/crazyflie_examples -- -j12 -l12
[5.359s] Invoking command in '/home/abd/exp_ws/src/build/crazyflie_examples': AMENT_PREFIX_PATH=/home/abd/exp_ws/src/install/crazyflie_py:/home/abd/exp_ws/src/install/crazyflie_interfaces:${AMENT_PREFIX_PATH} CMAKE_PREFIX_PATH=/home/abd/exp_ws/src/install/crazyflie_interfaces:/opt/ros/humble LD_LIBRARY_PATH=/home/abd/exp_ws/src/install/crazyflie_interfaces/lib:${LD_LIBRARY_PATH} PYTHONPATH=/home/abd/exp_ws/src/install/crazyflie_py/lib/python3.10/site-packages:/home/abd/exp_ws/src/install/crazyflie_interfaces/local/lib/python3.10/dist-packages:${PYTHONPATH} /usr/bin/cmake --install /home/abd/exp_ws/src/build/crazyflie_examples
[5.390s] -- Install configuration: ""
[5.403s] -- Installing: /home/abd/exp_ws/src/install/crazyflie_examples/share/crazyflie_examples/environment/pythonpath.sh
[5.403s] -- Installing: /home/abd/exp_ws/src/install/crazyflie_examples/share/crazyflie_examples/environment/pythonpath.dsv
[5.404s] -- Installing: /home/abd/exp_ws/src/install/crazyflie_examples/local/lib/python3.10/dist-packages/crazyflie_examples-2.0.0-py3.10.egg-info
[5.404s] -- Installing: /home/abd/exp_ws/src/install/crazyflie_examples/local/lib/python3.10/dist-packages/crazyflie_examples-2.0.0-py3.10.egg-info/entry_points.txt
[5.405s] -- Installing: /home/abd/exp_ws/src/install/crazyflie_examples/local/lib/python3.10/dist-packages/crazyflie_examples-2.0.0-py3.10.egg-info/SOURCES.txt
[5.405s] -- Installing: /home/abd/exp_ws/src/install/crazyflie_examples/local/lib/python3.10/dist-packages/crazyflie_examples-2.0.0-py3.10.egg-info/dependency_links.txt
[5.406s] -- Installing: /home/abd/exp_ws/src/install/crazyflie_examples/local/lib/python3.10/dist-packages/crazyflie_examples-2.0.0-py3.10.egg-info/PKG-INFO
[5.406s] -- Installing: /home/abd/exp_ws/src/install/crazyflie_examples/local/lib/python3.10/dist-packages/crazyflie_examples-2.0.0-py3.10.egg-info/top_level.txt
[5.407s] -- Installing: /home/abd/exp_ws/src/install/crazyflie_examples/lib/crazyflie_examples/
[5.407s] -- Installing: /home/abd/exp_ws/src/install/crazyflie_examples/lib/crazyflie_examples//multi_trajectory
[5.408s] -- Installing: /home/abd/exp_ws/src/install/crazyflie_examples/lib/crazyflie_examples//set_param
[5.408s] -- Installing: /home/abd/exp_ws/src/install/crazyflie_examples/lib/crazyflie_examples//figure8
[5.408s] -- Installing: /home/abd/exp_ws/src/install/crazyflie_examples/lib/crazyflie_examples//nice_hover
[5.409s] -- Installing: /home/abd/exp_ws/src/install/crazyflie_examples/lib/crazyflie_examples//cmd_full_state
[5.409s] -- Installing: /home/abd/exp_ws/src/install/crazyflie_examples/lib/crazyflie_examples//hello_world
[5.410s] -- Installing: /home/abd/exp_ws/src/install/crazyflie_examples/local/lib/python3.10/dist-packages/crazyflie_examples
[5.410s] -- Installing: /home/abd/exp_ws/src/install/crazyflie_examples/local/lib/python3.10/dist-packages/crazyflie_examples/hello_world.py
[5.411s] -- Installing: /home/abd/exp_ws/src/install/crazyflie_examples/local/lib/python3.10/dist-packages/crazyflie_examples/__init__.py
[5.411s] -- Installing: /home/abd/exp_ws/src/install/crazyflie_examples/local/lib/python3.10/dist-packages/crazyflie_examples/figure8.py
[5.412s] -- Installing: /home/abd/exp_ws/src/install/crazyflie_examples/local/lib/python3.10/dist-packages/crazyflie_examples/set_param.py
[5.412s] -- Installing: /home/abd/exp_ws/src/install/crazyflie_examples/local/lib/python3.10/dist-packages/crazyflie_examples/cmd_full_state.py
[5.412s] -- Installing: /home/abd/exp_ws/src/install/crazyflie_examples/local/lib/python3.10/dist-packages/crazyflie_examples/nice_hover.py
[5.413s] -- Installing: /home/abd/exp_ws/src/install/crazyflie_examples/local/lib/python3.10/dist-packages/crazyflie_examples/multi_trajectory.py
[5.413s] -- Installing: /home/abd/exp_ws/src/install/crazyflie_examples/local/lib/python3.10/dist-packages/crazyflie_examples/data
[5.414s] -- Installing: /home/abd/exp_ws/src/install/crazyflie_examples/local/lib/python3.10/dist-packages/crazyflie_examples/data/multi_trajectory
[5.414s] -- Installing: /home/abd/exp_ws/src/install/crazyflie_examples/local/lib/python3.10/dist-packages/crazyflie_examples/data/multi_trajectory/traj0.csv
[5.414s] -- Installing: /home/abd/exp_ws/src/install/crazyflie_examples/local/lib/python3.10/dist-packages/crazyflie_examples/data/multi_trajectory/traj1.csv
[5.415s] -- Installing: /home/abd/exp_ws/src/install/crazyflie_examples/local/lib/python3.10/dist-packages/crazyflie_examples/data/figure8.csv
[5.565s] Listing '/home/abd/exp_ws/src/install/crazyflie_examples/local/lib/python3.10/dist-packages/crazyflie_examples'...
[5.565s] Compiling '/home/abd/exp_ws/src/install/crazyflie_examples/local/lib/python3.10/dist-packages/crazyflie_examples/__init__.py'...
[5.565s] Compiling '/home/abd/exp_ws/src/install/crazyflie_examples/local/lib/python3.10/dist-packages/crazyflie_examples/cmd_full_state.py'...
[5.565s] Listing '/home/abd/exp_ws/src/install/crazyflie_examples/local/lib/python3.10/dist-packages/crazyflie_examples/data'...
[5.566s] Listing '/home/abd/exp_ws/src/install/crazyflie_examples/local/lib/python3.10/dist-packages/crazyflie_examples/data/multi_trajectory'...
[5.566s] Compiling '/home/abd/exp_ws/src/install/crazyflie_examples/local/lib/python3.10/dist-packages/crazyflie_examples/figure8.py'...
[5.566s] Compiling '/home/abd/exp_ws/src/install/crazyflie_examples/local/lib/python3.10/dist-packages/crazyflie_examples/hello_world.py'...
[5.566s] Compiling '/home/abd/exp_ws/src/install/crazyflie_examples/local/lib/python3.10/dist-packages/crazyflie_examples/multi_trajectory.py'...
[5.566s] Compiling '/home/abd/exp_ws/src/install/crazyflie_examples/local/lib/python3.10/dist-packages/crazyflie_examples/nice_hover.py'...
[5.566s] Compiling '/home/abd/exp_ws/src/install/crazyflie_examples/local/lib/python3.10/dist-packages/crazyflie_examples/set_param.py'...
[5.578s] -- Installing: /home/abd/exp_ws/src/install/crazyflie_examples/share/crazyflie_examples//config
[5.578s] -- Installing: /home/abd/exp_ws/src/install/crazyflie_examples/share/crazyflie_examples//config/nav2_view.rviz
[5.578s] -- Installing: /home/abd/exp_ws/src/install/crazyflie_examples/share/crazyflie_examples//config/nav2_params.yaml
[5.579s] -- Installing: /home/abd/exp_ws/src/install/crazyflie_examples/share/crazyflie_examples//data
[5.579s] -- Installing: /home/abd/exp_ws/src/install/crazyflie_examples/share/crazyflie_examples//data/map.pgm
[5.580s] -- Installing: /home/abd/exp_ws/src/install/crazyflie_examples/share/crazyflie_examples//data/map.data
[5.581s] -- Installing: /home/abd/exp_ws/src/install/crazyflie_examples/share/crazyflie_examples//data/map.posegraph
[5.585s] -- Installing: /home/abd/exp_ws/src/install/crazyflie_examples/share/crazyflie_examples//data/map.yaml
[5.586s] -- Installing: /home/abd/exp_ws/src/install/crazyflie_examples/share/crazyflie_examples//launch
[5.586s] -- Installing: /home/abd/exp_ws/src/install/crazyflie_examples/share/crazyflie_examples//launch/multiranger_nav2_launch.py
[5.597s] -- Installing: /home/abd/exp_ws/src/install/crazyflie_examples/share/crazyflie_examples//launch/keyboard_velmux_launch.py
[5.597s] -- Installing: /home/abd/exp_ws/src/install/crazyflie_examples/share/crazyflie_examples//launch/multiranger_simple_mapper_launch.py
[5.597s] -- Installing: /home/abd/exp_ws/src/install/crazyflie_examples/share/crazyflie_examples//launch/multiranger_mapping_launch.py
[5.597s] -- Installing: /home/abd/exp_ws/src/install/crazyflie_examples/share/ament_index/resource_index/package_run_dependencies/crazyflie_examples
[5.597s] -- Installing: /home/abd/exp_ws/src/install/crazyflie_examples/share/ament_index/resource_index/parent_prefix_path/crazyflie_examples
[5.598s] -- Installing: /home/abd/exp_ws/src/install/crazyflie_examples/share/crazyflie_examples/environment/ament_prefix_path.sh
[5.598s] -- Installing: /home/abd/exp_ws/src/install/crazyflie_examples/share/crazyflie_examples/environment/ament_prefix_path.dsv
[5.598s] -- Installing: /home/abd/exp_ws/src/install/crazyflie_examples/share/crazyflie_examples/environment/path.sh
[5.598s] -- Installing: /home/abd/exp_ws/src/install/crazyflie_examples/share/crazyflie_examples/environment/path.dsv
[5.598s] -- Installing: /home/abd/exp_ws/src/install/crazyflie_examples/share/crazyflie_examples/local_setup.bash
[5.598s] -- Installing: /home/abd/exp_ws/src/install/crazyflie_examples/share/crazyflie_examples/local_setup.sh
[5.598s] -- Installing: /home/abd/exp_ws/src/install/crazyflie_examples/share/crazyflie_examples/local_setup.zsh
[5.598s] -- Installing: /home/abd/exp_ws/src/install/crazyflie_examples/share/crazyflie_examples/local_setup.dsv
[5.598s] -- Installing: /home/abd/exp_ws/src/install/crazyflie_examples/share/crazyflie_examples/package.dsv
[5.607s] -- Installing: /home/abd/exp_ws/src/install/crazyflie_examples/share/ament_index/resource_index/packages/crazyflie_examples
[5.607s] -- Installing: /home/abd/exp_ws/src/install/crazyflie_examples/share/crazyflie_examples/cmake/crazyflie_examplesConfig.cmake
[5.607s] -- Installing: /home/abd/exp_ws/src/install/crazyflie_examples/share/crazyflie_examples/cmake/crazyflie_examplesConfig-version.cmake
[5.608s] -- Installing: /home/abd/exp_ws/src/install/crazyflie_examples/share/crazyflie_examples/package.xml
[5.612s] Invoked command in '/home/abd/exp_ws/src/build/crazyflie_examples' returned '0': AMENT_PREFIX_PATH=/home/abd/exp_ws/src/install/crazyflie_py:/home/abd/exp_ws/src/install/crazyflie_interfaces:${AMENT_PREFIX_PATH} CMAKE_PREFIX_PATH=/home/abd/exp_ws/src/install/crazyflie_interfaces:/opt/ros/humble LD_LIBRARY_PATH=/home/abd/exp_ws/src/install/crazyflie_interfaces/lib:${LD_LIBRARY_PATH} PYTHONPATH=/home/abd/exp_ws/src/install/crazyflie_py/lib/python3.10/site-packages:/home/abd/exp_ws/src/install/crazyflie_interfaces/local/lib/python3.10/dist-packages:${PYTHONPATH} /usr/bin/cmake --install /home/abd/exp_ws/src/build/crazyflie_examples
