[0.769s] Invoking command in '/home/abd/exp_ws/src/build/crazyflie': CMAKE_PREFIX_PATH=/home/abd/exp_ws/src/install/motion_capture_tracking_interfaces:/home/abd/exp_ws/src/install/crazyflie_interfaces:/home/abd/exp_ws/src/install/motion_capture_tracking:/home/abd/exp_ws/src/install/crazyflie:/home/abd/exp_ws/src/install/crazyflie_sim:/home/abd/exp_ws/src/install/crazyflie_examples:/home/abd/exp_ws/src/install/crazyflie_py:/opt/ros/humble /usr/bin/cmake --build /home/abd/exp_ws/src/build/crazyflie -- -j12 -l12
[0.870s] [ 22%] Built target crazyflieLinkCpp
[0.880s] [ 27%] Built target teleop
[0.912s] [ 35%] Built target crazyflie_cpp
[1.007s] [ 40%] Built target listMemories
[1.010s] [ 45%] Built target scan
[1.013s] [ 50%] Built target crazyflie_server
[1.014s] [ 60%] Built target reboot
[1.014s] [ 60%] Built target console
[1.014s] [ 65%] Built target listLogVariables
[1.016s] [ 70%] Built target listParams
[1.029s] [ 75%] Built target version
[1.034s] [ 80%] Built target battery
[1.037s] [ 85%] Built target comCheck
[1.039s] [ 90%] Built target log
[1.070s] [ 95%] Built target downloadUSDLogfile
[1.072s] [100%] Built target setParam
[1.095s] Invoked command in '/home/abd/exp_ws/src/build/crazyflie' returned '0': CMAKE_PREFIX_PATH=/home/abd/exp_ws/src/install/motion_capture_tracking_interfaces:/home/abd/exp_ws/src/install/crazyflie_interfaces:/home/abd/exp_ws/src/install/motion_capture_tracking:/home/abd/exp_ws/src/install/crazyflie:/home/abd/exp_ws/src/install/crazyflie_sim:/home/abd/exp_ws/src/install/crazyflie_examples:/home/abd/exp_ws/src/install/crazyflie_py:/opt/ros/humble /usr/bin/cmake --build /home/abd/exp_ws/src/build/crazyflie -- -j12 -l12
[1.185s] Invoking command in '/home/abd/exp_ws/src/build/crazyflie': CMAKE_PREFIX_PATH=/home/abd/exp_ws/src/install/motion_capture_tracking_interfaces:/home/abd/exp_ws/src/install/crazyflie_interfaces:/home/abd/exp_ws/src/install/motion_capture_tracking:/home/abd/exp_ws/src/install/crazyflie:/home/abd/exp_ws/src/install/crazyflie_sim:/home/abd/exp_ws/src/install/crazyflie_examples:/home/abd/exp_ws/src/install/crazyflie_py:/opt/ros/humble /usr/bin/cmake --install /home/abd/exp_ws/src/build/crazyflie
[1.197s] -- Install configuration: ""
[1.197s] -- Up-to-date: /home/abd/exp_ws/src/install/crazyflie/lib/crazyflie/comCheck
[1.198s] -- Up-to-date: /home/abd/exp_ws/src/install/crazyflie/lib/crazyflie/scan
[1.198s] -- Up-to-date: /home/abd/exp_ws/src/install/crazyflie/lib/crazyflie/listParams
[1.198s] -- Up-to-date: /home/abd/exp_ws/src/install/crazyflie/lib/crazyflie/listLogVariables
[1.199s] -- Up-to-date: /home/abd/exp_ws/src/install/crazyflie/lib/crazyflie/listMemories
[1.199s] -- Up-to-date: /home/abd/exp_ws/src/install/crazyflie/lib/crazyflie/reboot
[1.199s] -- Up-to-date: /home/abd/exp_ws/src/install/crazyflie/lib/crazyflie/battery
[1.200s] -- Up-to-date: /home/abd/exp_ws/src/install/crazyflie/lib/crazyflie/version
[1.200s] -- Up-to-date: /home/abd/exp_ws/src/install/crazyflie/lib/crazyflie/console
[1.200s] -- Up-to-date: /home/abd/exp_ws/src/install/crazyflie/lib/crazyflie/log
[1.201s] -- Up-to-date: /home/abd/exp_ws/src/install/crazyflie/lib/crazyflie/setParam
[1.201s] -- Up-to-date: /home/abd/exp_ws/src/install/crazyflie/lib/crazyflie/downloadUSDLogfile
[1.203s] -- Up-to-date: /home/abd/exp_ws/src/install/crazyflie/lib/crazyflie/teleop
[1.203s] -- Up-to-date: /home/abd/exp_ws/src/install/crazyflie/lib/crazyflie/crazyflie_server
[1.204s] -- Up-to-date: /home/abd/exp_ws/src/install/crazyflie/lib/crazyflie/crazyflie_server.py
[1.204s] -- Up-to-date: /home/abd/exp_ws/src/install/crazyflie/lib/crazyflie/chooser.py
[1.204s] -- Up-to-date: /home/abd/exp_ws/src/install/crazyflie/lib/crazyflie/vel_mux.py
[1.204s] -- Up-to-date: /home/abd/exp_ws/src/install/crazyflie/lib/crazyflie/cfmult.py
[1.204s] -- Up-to-date: /home/abd/exp_ws/src/install/crazyflie/lib/crazyflie/simple_mapper_multiranger.py
[1.205s] -- Up-to-date: /home/abd/exp_ws/src/install/crazyflie/lib/crazyflie/leader_cf.py
[1.208s] -- Up-to-date: /home/abd/exp_ws/src/install/crazyflie/lib/crazyflie/follower_cf.py
[1.208s] -- Installing: /home/abd/exp_ws/src/install/crazyflie/lib/crazyflie/trajectory_publisher.py
[1.208s] -- Up-to-date: /home/abd/exp_ws/src/install/crazyflie/lib/crazyflie/begin_operation.py
[1.209s] -- Up-to-date: /home/abd/exp_ws/src/install/crazyflie/lib/crazyflie/mid_operation.py
[1.209s] -- Up-to-date: /home/abd/exp_ws/src/install/crazyflie/share/crazyflie//launch
[1.210s] -- Up-to-date: /home/abd/exp_ws/src/install/crazyflie/share/crazyflie//launch/launch_teleop2.py
[1.210s] -- Up-to-date: /home/abd/exp_ws/src/install/crazyflie/share/crazyflie//launch/closed_loop_object_transport_launch
[1.210s] -- Up-to-date: /home/abd/exp_ws/src/install/crazyflie/share/crazyflie//launch/launch.py
[1.210s] -- Up-to-date: /home/abd/exp_ws/src/install/crazyflie/share/crazyflie//launch/teleop_launch.py
[1.210s] -- Up-to-date: /home/abd/exp_ws/src/install/crazyflie/share/crazyflie//config
[1.210s] -- Up-to-date: /home/abd/exp_ws/src/install/crazyflie/share/crazyflie//config/crazyflies.yaml
[1.210s] -- Up-to-date: /home/abd/exp_ws/src/install/crazyflie/share/crazyflie//config/config.rviz
[1.211s] -- Up-to-date: /home/abd/exp_ws/src/install/crazyflie/share/crazyflie//config/motion_capture.yaml
[1.211s] -- Up-to-date: /home/abd/exp_ws/src/install/crazyflie/share/crazyflie//config/server.yaml
[1.211s] -- Up-to-date: /home/abd/exp_ws/src/install/crazyflie/share/crazyflie//config/teleop.yaml
[1.211s] -- Up-to-date: /home/abd/exp_ws/src/install/crazyflie/share/ament_index/resource_index/package_run_dependencies/crazyflie
[1.211s] -- Up-to-date: /home/abd/exp_ws/src/install/crazyflie/share/ament_index/resource_index/parent_prefix_path/crazyflie
[1.211s] -- Up-to-date: /home/abd/exp_ws/src/install/crazyflie/share/crazyflie/environment/ament_prefix_path.sh
[1.211s] -- Up-to-date: /home/abd/exp_ws/src/install/crazyflie/share/crazyflie/environment/ament_prefix_path.dsv
[1.211s] -- Up-to-date: /home/abd/exp_ws/src/install/crazyflie/share/crazyflie/environment/path.sh
[1.212s] -- Up-to-date: /home/abd/exp_ws/src/install/crazyflie/share/crazyflie/environment/path.dsv
[1.212s] -- Up-to-date: /home/abd/exp_ws/src/install/crazyflie/share/crazyflie/local_setup.bash
[1.212s] -- Up-to-date: /home/abd/exp_ws/src/install/crazyflie/share/crazyflie/local_setup.sh
[1.212s] -- Up-to-date: /home/abd/exp_ws/src/install/crazyflie/share/crazyflie/local_setup.zsh
[1.212s] -- Up-to-date: /home/abd/exp_ws/src/install/crazyflie/share/crazyflie/local_setup.dsv
[1.212s] -- Installing: /home/abd/exp_ws/src/install/crazyflie/share/crazyflie/package.dsv
[1.212s] -- Up-to-date: /home/abd/exp_ws/src/install/crazyflie/share/ament_index/resource_index/packages/crazyflie
[1.213s] -- Up-to-date: /home/abd/exp_ws/src/install/crazyflie/share/crazyflie/cmake/crazyflieConfig.cmake
[1.213s] -- Up-to-date: /home/abd/exp_ws/src/install/crazyflie/share/crazyflie/cmake/crazyflieConfig-version.cmake
[1.213s] -- Up-to-date: /home/abd/exp_ws/src/install/crazyflie/share/crazyflie/package.xml
[1.214s] Invoked command in '/home/abd/exp_ws/src/build/crazyflie' returned '0': CMAKE_PREFIX_PATH=/home/abd/exp_ws/src/install/motion_capture_tracking_interfaces:/home/abd/exp_ws/src/install/crazyflie_interfaces:/home/abd/exp_ws/src/install/motion_capture_tracking:/home/abd/exp_ws/src/install/crazyflie:/home/abd/exp_ws/src/install/crazyflie_sim:/home/abd/exp_ws/src/install/crazyflie_examples:/home/abd/exp_ws/src/install/crazyflie_py:/opt/ros/humble /usr/bin/cmake --install /home/abd/exp_ws/src/build/crazyflie
