[1.185s] Invoking command in '/home/abd/exp_ws/src/build/crazyflie': CMAKE_PREFIX_PATH=/home/abd/exp_ws/src/install/motion_capture_tracking_interfaces:/home/abd/exp_ws/src/install/crazyflie_interfaces:/home/abd/exp_ws/src/install/motion_capture_tracking:/home/abd/exp_ws/src/install/crazyflie:/home/abd/exp_ws/src/install/crazyflie_sim:/home/abd/exp_ws/src/install/crazyflie_examples:/home/abd/exp_ws/src/install/crazyflie_py:/opt/ros/humble /usr/bin/cmake --build /home/abd/exp_ws/src/build/crazyflie -- -j12 -l12
[1.333s] [  2%] [32mBuilding CXX object CMakeFiles/teleop.dir/src/teleop.cpp.o[0m
[1.340s] [  5%] [32mBuilding CXX object deps/crazyflie_tools/crazyflie_cpp/crazyflie-link-cpp/CMakeFiles/crazyflieLinkCpp.dir/src/USBManager.cpp.o[0m
[1.351s] [  7%] [32mBuilding CXX object deps/crazyflie_tools/crazyflie_cpp/crazyflie-link-cpp/CMakeFiles/crazyflieLinkCpp.dir/src/Connection.cpp.o[0m
[1.355s] [ 10%] [32mBuilding CXX object deps/crazyflie_tools/crazyflie_cpp/crazyflie-link-cpp/CMakeFiles/crazyflieLinkCpp.dir/src/CrazyradioThread.cpp.o[0m
[1.360s] [ 12%] [32mBuilding CXX object deps/crazyflie_tools/crazyflie_cpp/crazyflie-link-cpp/CMakeFiles/crazyflieLinkCpp.dir/src/USBDevice.cpp.o[0m
[1.368s] [ 15%] [32mBuilding CXX object deps/crazyflie_tools/crazyflie_cpp/crazyflie-link-cpp/CMakeFiles/crazyflieLinkCpp.dir/src/Crazyradio.cpp.o[0m
[1.386s] [ 17%] [32mBuilding CXX object deps/crazyflie_tools/crazyflie_cpp/crazyflie-link-cpp/CMakeFiles/crazyflieLinkCpp.dir/src/CrazyflieUSB.cpp.o[0m
[1.390s] [ 20%] [32mBuilding CXX object deps/crazyflie_tools/crazyflie_cpp/crazyflie-link-cpp/CMakeFiles/crazyflieLinkCpp.dir/src/CrazyflieUSBThread.cpp.o[0m
[6.840s] [ 22%] [32m[1mLinking CXX static library libcrazyflieLinkCpp.a[0m
[6.997s] [ 25%] Built target crazyflieLinkCpp
[7.046s] [ 27%] [32mBuilding CXX object deps/crazyflie_tools/crazyflie_cpp/CMakeFiles/crazyflie_cpp.dir/src/Crazyflie.cpp.o[0m
[7.048s] [ 30%] [32mBuilding CXX object deps/crazyflie_tools/crazyflie_cpp/CMakeFiles/crazyflie_cpp.dir/src/crtp.cpp.o[0m
[10.988s] [ 32%] [32m[1mLinking CXX static library libcrazyflie_cpp.a[0m
[11.206s] [ 32%] Built target crazyflie_cpp
[11.323s] [ 35%] [32mBuilding CXX object CMakeFiles/crazyflie_server.dir/src/crazyflie_server.cpp.o[0m
[11.380s] [ 37%] [32mBuilding CXX object deps/crazyflie_tools/CMakeFiles/scan.dir/src/scan.cpp.o[0m
[11.405s] [ 40%] [32mBuilding CXX object deps/crazyflie_tools/CMakeFiles/listMemories.dir/src/listMemories.cpp.o[0m
[11.421s] [ 42%] [32mBuilding CXX object deps/crazyflie_tools/CMakeFiles/listParams.dir/src/listParams.cpp.o[0m
[11.497s] [ 45%] [32mBuilding CXX object deps/crazyflie_tools/CMakeFiles/listLogVariables.dir/src/listLogVariables.cpp.o[0m
[11.509s] [ 47%] [32mBuilding CXX object deps/crazyflie_tools/CMakeFiles/reboot.dir/src/reboot.cpp.o[0m
[11.549s] [ 50%] [32mBuilding CXX object deps/crazyflie_tools/CMakeFiles/battery.dir/src/battery.cpp.o[0m
[11.568s] [ 52%] [32mBuilding CXX object deps/crazyflie_tools/CMakeFiles/version.dir/src/version.cpp.o[0m
[11.570s] [ 55%] [32mBuilding CXX object deps/crazyflie_tools/CMakeFiles/console.dir/src/console.cpp.o[0m
[11.670s] [ 57%] [32mBuilding CXX object deps/crazyflie_tools/CMakeFiles/log.dir/src/log.cpp.o[0m
[11.697s] [ 60%] [32mBuilding CXX object deps/crazyflie_tools/CMakeFiles/comCheck.dir/src/comCheck.cpp.o[0m
[15.289s] [ 62%] [32m[1mLinking CXX executable listParams[0m
[15.532s] [ 65%] [32m[1mLinking CXX executable version[0m
[16.155s] [ 65%] Built target version
[16.178s] [ 65%] Built target listParams
[16.261s] [ 67%] [32mBuilding CXX object deps/crazyflie_tools/CMakeFiles/downloadUSDLogfile.dir/src/downloadUSDLogfile.cpp.o[0m
[16.411s] [ 70%] [32mBuilding CXX object deps/crazyflie_tools/CMakeFiles/setParam.dir/src/setParam.cpp.o[0m
[17.237s] [ 72%] [32m[1mLinking CXX executable reboot[0m
[17.364s] [ 75%] [32m[1mLinking CXX executable log[0m
[17.662s] [ 77%] [32m[1mLinking CXX executable scan[0m
[18.141s] [ 77%] Built target reboot
[18.173s] [ 77%] Built target log
[18.222s] [ 80%] [32m[1mLinking CXX executable listMemories[0m
[18.240s] [ 82%] [32m[1mLinking CXX executable console[0m
[18.270s] [ 85%] [32m[1mLinking CXX executable battery[0m
[18.270s] [ 87%] [32m[1mLinking CXX executable listLogVariables[0m
[18.433s] [ 87%] Built target scan
[18.837s] [ 87%] Built target console
[18.858s] [ 87%] Built target listLogVariables
[18.867s] [ 87%] Built target listMemories
[18.880s] [ 87%] Built target battery
[18.971s] [ 90%] [32m[1mLinking CXX executable comCheck[0m
[19.472s] [ 90%] Built target comCheck
[19.893s] [ 92%] [32m[1mLinking CXX executable downloadUSDLogfile[0m
[20.205s] [ 95%] [32m[1mLinking CXX executable setParam[0m
[20.264s] [ 95%] Built target downloadUSDLogfile
[20.594s] [ 95%] Built target setParam
[25.406s] [ 97%] [32m[1mLinking CXX executable teleop[0m
[26.430s] [ 97%] Built target teleop
[44.402s] [100%] [32m[1mLinking CXX executable crazyflie_server[0m
[46.657s] [100%] Built target crazyflie_server
[46.689s] Invoked command in '/home/abd/exp_ws/src/build/crazyflie' returned '0': CMAKE_PREFIX_PATH=/home/abd/exp_ws/src/install/motion_capture_tracking_interfaces:/home/abd/exp_ws/src/install/crazyflie_interfaces:/home/abd/exp_ws/src/install/motion_capture_tracking:/home/abd/exp_ws/src/install/crazyflie:/home/abd/exp_ws/src/install/crazyflie_sim:/home/abd/exp_ws/src/install/crazyflie_examples:/home/abd/exp_ws/src/install/crazyflie_py:/opt/ros/humble /usr/bin/cmake --build /home/abd/exp_ws/src/build/crazyflie -- -j12 -l12
[46.801s] Invoking command in '/home/abd/exp_ws/src/build/crazyflie': CMAKE_PREFIX_PATH=/home/abd/exp_ws/src/install/motion_capture_tracking_interfaces:/home/abd/exp_ws/src/install/crazyflie_interfaces:/home/abd/exp_ws/src/install/motion_capture_tracking:/home/abd/exp_ws/src/install/crazyflie:/home/abd/exp_ws/src/install/crazyflie_sim:/home/abd/exp_ws/src/install/crazyflie_examples:/home/abd/exp_ws/src/install/crazyflie_py:/opt/ros/humble /usr/bin/cmake --install /home/abd/exp_ws/src/build/crazyflie
[46.820s] -- Install configuration: ""
[46.820s] -- Installing: /home/abd/exp_ws/src/install/crazyflie/lib/crazyflie/comCheck
[46.833s] -- Installing: /home/abd/exp_ws/src/install/crazyflie/lib/crazyflie/scan
[46.844s] -- Installing: /home/abd/exp_ws/src/install/crazyflie/lib/crazyflie/listParams
[46.847s] -- Installing: /home/abd/exp_ws/src/install/crazyflie/lib/crazyflie/listLogVariables
[46.850s] -- Installing: /home/abd/exp_ws/src/install/crazyflie/lib/crazyflie/listMemories
[46.853s] -- Installing: /home/abd/exp_ws/src/install/crazyflie/lib/crazyflie/reboot
[46.857s] -- Installing: /home/abd/exp_ws/src/install/crazyflie/lib/crazyflie/battery
[46.861s] -- Installing: /home/abd/exp_ws/src/install/crazyflie/lib/crazyflie/version
[46.864s] -- Installing: /home/abd/exp_ws/src/install/crazyflie/lib/crazyflie/console
[46.868s] -- Installing: /home/abd/exp_ws/src/install/crazyflie/lib/crazyflie/log
[46.871s] -- Installing: /home/abd/exp_ws/src/install/crazyflie/lib/crazyflie/setParam
[46.875s] -- Installing: /home/abd/exp_ws/src/install/crazyflie/lib/crazyflie/downloadUSDLogfile
[46.878s] -- Installing: /home/abd/exp_ws/src/install/crazyflie/lib/crazyflie/teleop
[46.892s] -- Set runtime path of "/home/abd/exp_ws/src/install/crazyflie/lib/crazyflie/teleop" to ""
[46.892s] -- Installing: /home/abd/exp_ws/src/install/crazyflie/lib/crazyflie/crazyflie_server
[46.927s] -- Set runtime path of "/home/abd/exp_ws/src/install/crazyflie/lib/crazyflie/crazyflie_server" to ""
[46.927s] -- Up-to-date: /home/abd/exp_ws/src/install/crazyflie/lib/crazyflie/crazyflie_server.py
[46.927s] -- Up-to-date: /home/abd/exp_ws/src/install/crazyflie/lib/crazyflie/chooser.py
[46.927s] -- Up-to-date: /home/abd/exp_ws/src/install/crazyflie/lib/crazyflie/vel_mux.py
[46.928s] -- Up-to-date: /home/abd/exp_ws/src/install/crazyflie/lib/crazyflie/cfmult.py
[46.928s] -- Up-to-date: /home/abd/exp_ws/src/install/crazyflie/lib/crazyflie/simple_mapper_multiranger.py
[46.928s] -- Up-to-date: /home/abd/exp_ws/src/install/crazyflie/lib/crazyflie/leader_cf.py
[46.928s] -- Up-to-date: /home/abd/exp_ws/src/install/crazyflie/lib/crazyflie/follower_cf.py
[46.928s] -- Up-to-date: /home/abd/exp_ws/src/install/crazyflie/lib/crazyflie/trajectory_publisher.py
[46.928s] -- Installing: /home/abd/exp_ws/src/install/crazyflie/lib/crazyflie/begin_operation.py
[46.928s] -- Up-to-date: /home/abd/exp_ws/src/install/crazyflie/lib/crazyflie/mid_operation.py
[46.929s] -- Installing: /home/abd/exp_ws/src/install/crazyflie/lib/crazyflie/autonomous_sequence.py
[46.929s] -- Up-to-date: /home/abd/exp_ws/src/install/crazyflie/lib/crazyflie/trajectory.py
[46.929s] -- Up-to-date: /home/abd/exp_ws/src/install/crazyflie/share/crazyflie//launch
[46.929s] -- Up-to-date: /home/abd/exp_ws/src/install/crazyflie/share/crazyflie//launch/launch_teleop2.py
[46.930s] -- Up-to-date: /home/abd/exp_ws/src/install/crazyflie/share/crazyflie//launch/closed_loop_object_transport_launch
[46.930s] -- Up-to-date: /home/abd/exp_ws/src/install/crazyflie/share/crazyflie//launch/launch.py
[46.930s] -- Up-to-date: /home/abd/exp_ws/src/install/crazyflie/share/crazyflie//launch/teleop_launch.py
[46.930s] -- Up-to-date: /home/abd/exp_ws/src/install/crazyflie/share/crazyflie//config
[46.930s] -- Up-to-date: /home/abd/exp_ws/src/install/crazyflie/share/crazyflie//config/crazyflies.yaml
[46.930s] -- Up-to-date: /home/abd/exp_ws/src/install/crazyflie/share/crazyflie//config/config.rviz
[46.930s] -- Up-to-date: /home/abd/exp_ws/src/install/crazyflie/share/crazyflie//config/motion_capture.yaml
[46.931s] -- Up-to-date: /home/abd/exp_ws/src/install/crazyflie/share/crazyflie//config/server.yaml
[46.931s] -- Up-to-date: /home/abd/exp_ws/src/install/crazyflie/share/crazyflie//config/teleop.yaml
[46.931s] -- Up-to-date: /home/abd/exp_ws/src/install/crazyflie/share/ament_index/resource_index/package_run_dependencies/crazyflie
[46.931s] -- Up-to-date: /home/abd/exp_ws/src/install/crazyflie/share/ament_index/resource_index/parent_prefix_path/crazyflie
[46.931s] -- Up-to-date: /home/abd/exp_ws/src/install/crazyflie/share/crazyflie/environment/ament_prefix_path.sh
[46.931s] -- Up-to-date: /home/abd/exp_ws/src/install/crazyflie/share/crazyflie/environment/ament_prefix_path.dsv
[46.931s] -- Up-to-date: /home/abd/exp_ws/src/install/crazyflie/share/crazyflie/environment/path.sh
[46.932s] -- Up-to-date: /home/abd/exp_ws/src/install/crazyflie/share/crazyflie/environment/path.dsv
[46.932s] -- Up-to-date: /home/abd/exp_ws/src/install/crazyflie/share/crazyflie/local_setup.bash
[46.932s] -- Up-to-date: /home/abd/exp_ws/src/install/crazyflie/share/crazyflie/local_setup.sh
[46.933s] -- Up-to-date: /home/abd/exp_ws/src/install/crazyflie/share/crazyflie/local_setup.zsh
[46.934s] -- Up-to-date: /home/abd/exp_ws/src/install/crazyflie/share/crazyflie/local_setup.dsv
[46.934s] -- Installing: /home/abd/exp_ws/src/install/crazyflie/share/crazyflie/package.dsv
[46.934s] -- Up-to-date: /home/abd/exp_ws/src/install/crazyflie/share/ament_index/resource_index/packages/crazyflie
[46.934s] -- Up-to-date: /home/abd/exp_ws/src/install/crazyflie/share/crazyflie/cmake/crazyflieConfig.cmake
[46.934s] -- Up-to-date: /home/abd/exp_ws/src/install/crazyflie/share/crazyflie/cmake/crazyflieConfig-version.cmake
[46.935s] -- Up-to-date: /home/abd/exp_ws/src/install/crazyflie/share/crazyflie/package.xml
[46.935s] Invoked command in '/home/abd/exp_ws/src/build/crazyflie' returned '0': CMAKE_PREFIX_PATH=/home/abd/exp_ws/src/install/motion_capture_tracking_interfaces:/home/abd/exp_ws/src/install/crazyflie_interfaces:/home/abd/exp_ws/src/install/motion_capture_tracking:/home/abd/exp_ws/src/install/crazyflie:/home/abd/exp_ws/src/install/crazyflie_sim:/home/abd/exp_ws/src/install/crazyflie_examples:/home/abd/exp_ws/src/install/crazyflie_py:/opt/ros/humble /usr/bin/cmake --install /home/abd/exp_ws/src/build/crazyflie
