[ 12%] Built target teleop
[ 27%] Built target crazyflieLinkCpp
[ 35%] Built target crazyflie_cpp
[ 40%] Built target crazyflie_server
[ 45%] Built target scan
[ 50%] Built target listParams
[ 55%] Built target listLogVariables
[ 60%] Built target listMemories
[ 65%] Built target reboot
[ 70%] Built target version
[ 75%] Built target console
[ 80%] Built target battery
[ 85%] Built target comCheck
[ 92%] Built target setParam
[ 95%] Built target downloadUSDLogfile
[100%] Built target log
-- Install configuration: ""
-- Up-to-date: /home/abd/exp_ws/src/install/crazyflie/lib/crazyflie/comCheck
-- Up-to-date: /home/abd/exp_ws/src/install/crazyflie/lib/crazyflie/scan
-- Up-to-date: /home/abd/exp_ws/src/install/crazyflie/lib/crazyflie/listParams
-- Up-to-date: /home/abd/exp_ws/src/install/crazyflie/lib/crazyflie/listLogVariables
-- Up-to-date: /home/abd/exp_ws/src/install/crazyflie/lib/crazyflie/listMemories
-- Up-to-date: /home/abd/exp_ws/src/install/crazyflie/lib/crazyflie/reboot
-- Up-to-date: /home/abd/exp_ws/src/install/crazyflie/lib/crazyflie/battery
-- Up-to-date: /home/abd/exp_ws/src/install/crazyflie/lib/crazyflie/version
-- Up-to-date: /home/abd/exp_ws/src/install/crazyflie/lib/crazyflie/console
-- Up-to-date: /home/abd/exp_ws/src/install/crazyflie/lib/crazyflie/log
-- Up-to-date: /home/abd/exp_ws/src/install/crazyflie/lib/crazyflie/setParam
-- Up-to-date: /home/abd/exp_ws/src/install/crazyflie/lib/crazyflie/downloadUSDLogfile
-- Up-to-date: /home/abd/exp_ws/src/install/crazyflie/lib/crazyflie/teleop
-- Up-to-date: /home/abd/exp_ws/src/install/crazyflie/lib/crazyflie/crazyflie_server
-- Up-to-date: /home/abd/exp_ws/src/install/crazyflie/lib/crazyflie/crazyflie_server.py
-- Up-to-date: /home/abd/exp_ws/src/install/crazyflie/lib/crazyflie/chooser.py
-- Up-to-date: /home/abd/exp_ws/src/install/crazyflie/lib/crazyflie/vel_mux.py
-- Up-to-date: /home/abd/exp_ws/src/install/crazyflie/lib/crazyflie/cfmult.py
-- Up-to-date: /home/abd/exp_ws/src/install/crazyflie/lib/crazyflie/simple_mapper_multiranger.py
-- Up-to-date: /home/abd/exp_ws/src/install/crazyflie/lib/crazyflie/leader_cf.py
-- Up-to-date: /home/abd/exp_ws/src/install/crazyflie/lib/crazyflie/follower_cf.py
-- Up-to-date: /home/abd/exp_ws/src/install/crazyflie/lib/crazyflie/trajectory_publisher.py
-- Installing: /home/abd/exp_ws/src/install/crazyflie/lib/crazyflie/begin_operation.py
-- Up-to-date: /home/abd/exp_ws/src/install/crazyflie/share/crazyflie//launch
-- Up-to-date: /home/abd/exp_ws/src/install/crazyflie/share/crazyflie//launch/launch_teleop2.py
-- Up-to-date: /home/abd/exp_ws/src/install/crazyflie/share/crazyflie//launch/closed_loop_object_transport_launch
-- Up-to-date: /home/abd/exp_ws/src/install/crazyflie/share/crazyflie//launch/launch.py
-- Up-to-date: /home/abd/exp_ws/src/install/crazyflie/share/crazyflie//launch/teleop_launch.py
-- Up-to-date: /home/abd/exp_ws/src/install/crazyflie/share/crazyflie//config
-- Up-to-date: /home/abd/exp_ws/src/install/crazyflie/share/crazyflie//config/crazyflies.yaml
-- Up-to-date: /home/abd/exp_ws/src/install/crazyflie/share/crazyflie//config/config.rviz
-- Up-to-date: /home/abd/exp_ws/src/install/crazyflie/share/crazyflie//config/motion_capture.yaml
-- Up-to-date: /home/abd/exp_ws/src/install/crazyflie/share/crazyflie//config/server.yaml
-- Up-to-date: /home/abd/exp_ws/src/install/crazyflie/share/crazyflie//config/teleop.yaml
-- Up-to-date: /home/abd/exp_ws/src/install/crazyflie/share/ament_index/resource_index/package_run_dependencies/crazyflie
-- Up-to-date: /home/abd/exp_ws/src/install/crazyflie/share/ament_index/resource_index/parent_prefix_path/crazyflie
-- Up-to-date: /home/abd/exp_ws/src/install/crazyflie/share/crazyflie/environment/ament_prefix_path.sh
-- Up-to-date: /home/abd/exp_ws/src/install/crazyflie/share/crazyflie/environment/ament_prefix_path.dsv
-- Up-to-date: /home/abd/exp_ws/src/install/crazyflie/share/crazyflie/environment/path.sh
-- Up-to-date: /home/abd/exp_ws/src/install/crazyflie/share/crazyflie/environment/path.dsv
-- Up-to-date: /home/abd/exp_ws/src/install/crazyflie/share/crazyflie/local_setup.bash
-- Up-to-date: /home/abd/exp_ws/src/install/crazyflie/share/crazyflie/local_setup.sh
-- Up-to-date: /home/abd/exp_ws/src/install/crazyflie/share/crazyflie/local_setup.zsh
-- Up-to-date: /home/abd/exp_ws/src/install/crazyflie/share/crazyflie/local_setup.dsv
-- Installing: /home/abd/exp_ws/src/install/crazyflie/share/crazyflie/package.dsv
-- Up-to-date: /home/abd/exp_ws/src/install/crazyflie/share/ament_index/resource_index/packages/crazyflie
-- Up-to-date: /home/abd/exp_ws/src/install/crazyflie/share/crazyflie/cmake/crazyflieConfig.cmake
-- Up-to-date: /home/abd/exp_ws/src/install/crazyflie/share/crazyflie/cmake/crazyflieConfig-version.cmake
-- Up-to-date: /home/abd/exp_ws/src/install/crazyflie/share/crazyflie/package.xml
