[1.629s] Invoking command in '/home/abd/exp_ws/src/crazyswarm2/crazyflie_py': AMENT_PREFIX_PATH=/home/abd/exp_ws/src/install/crazyflie_interfaces:${AMENT_PREFIX_PATH} CMAKE_PREFIX_PATH=/home/abd/exp_ws/src/install/crazyflie_interfaces LD_LIBRARY_PATH=/home/abd/exp_ws/src/install/crazyflie_interfaces/lib:${LD_LIBRARY_PATH} PYTHONPATH=/home/abd/exp_ws/src/build/crazyflie_py/prefix_override:/home/abd/exp_ws/src/install/crazyflie_py/lib/python3.10/site-packages:/home/abd/exp_ws/src/install/crazyflie_interfaces/local/lib/python3.10/dist-packages:${PYTHONPATH} /usr/bin/python3 setup.py egg_info --egg-base ../../build/crazyflie_py build --build-base /home/abd/exp_ws/src/build/crazyflie_py/build install --record /home/abd/exp_ws/src/build/crazyflie_py/install.log --single-version-externally-managed
[2.055s] running egg_info
[2.056s] writing ../../build/crazyflie_py/crazyflie_py.egg-info/PKG-INFO
[2.056s] writing dependency_links to ../../build/crazyflie_py/crazyflie_py.egg-info/dependency_links.txt
[2.056s] writing entry points to ../../build/crazyflie_py/crazyflie_py.egg-info/entry_points.txt
[2.056s] writing requirements to ../../build/crazyflie_py/crazyflie_py.egg-info/requires.txt
[2.056s] writing top-level names to ../../build/crazyflie_py/crazyflie_py.egg-info/top_level.txt
[2.059s] reading manifest file '../../build/crazyflie_py/crazyflie_py.egg-info/SOURCES.txt'
[2.060s] writing manifest file '../../build/crazyflie_py/crazyflie_py.egg-info/SOURCES.txt'
[2.061s] running build
[2.061s] running build_py
[2.062s] running install
[2.062s] running install_lib
[2.064s] running install_data
[2.065s] running install_egg_info
[2.069s] removing '/home/abd/exp_ws/src/install/crazyflie_py/lib/python3.10/site-packages/crazyflie_py-2.0.0-py3.10.egg-info' (and everything under it)
[2.069s] Copying ../../build/crazyflie_py/crazyflie_py.egg-info to /home/abd/exp_ws/src/install/crazyflie_py/lib/python3.10/site-packages/crazyflie_py-2.0.0-py3.10.egg-info
[2.071s] running install_scripts
[2.098s] writing list of installed files to '/home/abd/exp_ws/src/build/crazyflie_py/install.log'
[2.145s] Invoked command in '/home/abd/exp_ws/src/crazyswarm2/crazyflie_py' returned '0': AMENT_PREFIX_PATH=/home/abd/exp_ws/src/install/crazyflie_interfaces:${AMENT_PREFIX_PATH} CMAKE_PREFIX_PATH=/home/abd/exp_ws/src/install/crazyflie_interfaces LD_LIBRARY_PATH=/home/abd/exp_ws/src/install/crazyflie_interfaces/lib:${LD_LIBRARY_PATH} PYTHONPATH=/home/abd/exp_ws/src/build/crazyflie_py/prefix_override:/home/abd/exp_ws/src/install/crazyflie_py/lib/python3.10/site-packages:/home/abd/exp_ws/src/install/crazyflie_interfaces/local/lib/python3.10/dist-packages:${PYTHONPATH} /usr/bin/python3 setup.py egg_info --egg-base ../../build/crazyflie_py build --build-base /home/abd/exp_ws/src/build/crazyflie_py/build install --record /home/abd/exp_ws/src/build/crazyflie_py/install.log --single-version-externally-managed
