[0.187s] Invoking command in '/home/abd/exp_ws/src/build/crazyflie_examples': AMENT_PREFIX_PATH=/home/abd/exp_ws/src/install/crazyflie_py:/home/abd/exp_ws/src/install/new_description:/home/abd/exp_ws/src/install/motion_capture_tracking:/home/abd/exp_ws/src/install/crazyflie:/home/abd/exp_ws/src/install/motion_capture_tracking_interfaces:/home/abd/exp_ws/src/install/crazyflie_sim:/home/abd/exp_ws/src/install/crazyflie_examples:/home/abd/exp_ws/src/install/crazyflie_interfaces:/home/abd/exp_ws/src/install/NEW_description:/home/abd/exp_ws/install/motion_capture_tracking:/home/abd/exp_ws/install/crazyflie:/home/abd/exp_ws/install/motion_capture_tracking_interfaces:/home/abd/exp_ws/install/crazyflie_sim:/home/abd/exp_ws/install/crazyflie_examples:/home/abd/exp_ws/install/crazyflie_py:/home/abd/exp_ws/install/crazyflie_interfaces:/opt/ros/humble CMAKE_PREFIX_PATH=/home/abd/exp_ws/src/install/crazyflie_interfaces:/home/abd/exp_ws/src/install/motion_capture_tracking:/home/abd/exp_ws/src/install/crazyflie:/home/abd/exp_ws/src/install/motion_capture_tracking_interfaces:/home/abd/exp_ws/src/install/crazyflie_sim:/home/abd/exp_ws/src/install/crazyflie_examples:/home/abd/exp_ws/install/motion_capture_tracking:/home/abd/exp_ws/install/crazyflie:/home/abd/exp_ws/install/motion_capture_tracking_interfaces:/home/abd/exp_ws/install/crazyflie_sim:/home/abd/exp_ws/install/crazyflie_examples:/home/abd/exp_ws/install/crazyflie_interfaces:/home/abd/exp_ws/src/install/new_description:/home/abd/exp_ws/src/install/crazyflie_py:/home/abd/exp_ws/src/install/NEW_description:/home/abd/exp_ws/install/crazyflie_py:/opt/ros/humble LD_LIBRARY_PATH=/home/abd/exp_ws/src/install/crazyflie_interfaces/lib:/home/abd/exp_ws/src/install/motion_capture_tracking_interfaces/lib:/home/abd/exp_ws/install/motion_capture_tracking_interfaces/lib:/home/abd/exp_ws/install/crazyflie_interfaces/lib:/usr/lib/x86_64-linux-gnu/gazebo-11/plugins:/opt/ros/humble/opt/rviz_ogre_vendor/lib:/opt/ros/humble/lib/x86_64-linux-gnu:/opt/ros/humble/lib PYTHONPATH=/home/abd/exp_ws/src/install/crazyflie_py/lib/python3.10/site-packages:/home/abd/exp_ws/src/install/new_description/lib/python3.10/site-packages:/home/abd/exp_ws/src/install/motion_capture_tracking_interfaces/local/lib/python3.10/dist-packages:/home/abd/exp_ws/src/install/crazyflie_sim/local/lib/python3.10/dist-packages:/home/abd/exp_ws/src/install/crazyflie_examples/local/lib/python3.10/dist-packages:/home/abd/exp_ws/src/install/crazyflie_interfaces/local/lib/python3.10/dist-packages:/home/abd/exp_ws/src/install/NEW_description/lib/python3.10/site-packages:/home/abd/exp_ws/install/motion_capture_tracking_interfaces/local/lib/python3.10/dist-packages:/home/abd/exp_ws/install/crazyflie_sim/local/lib/python3.10/dist-packages:/home/abd/exp_ws/install/crazyflie_examples/local/lib/python3.10/dist-packages:/home/abd/exp_ws/install/crazyflie_py/lib/python3.10/site-packages:/home/abd/exp_ws/install/crazyflie_interfaces/local/lib/python3.10/dist-packages:/opt/ros/humble/lib/python3.10/site-packages:/opt/ros/humble/local/lib/python3.10/dist-packages /usr/bin/cmake --build /home/abd/exp_ws/src/build/crazyflie_examples -- -j12 -l12
[0.300s] Built target ament_cmake_python_copy_crazyflie_examples_setup
[0.303s] Built target ament_cmake_python_copy_crazyflie_examples
[0.763s] running egg_info
[0.764s] writing crazyflie_examples.egg-info/PKG-INFO
[0.768s] writing dependency_links to crazyflie_examples.egg-info/dependency_links.txt
[0.768s] writing entry points to crazyflie_examples.egg-info/entry_points.txt
[0.769s] writing top-level names to crazyflie_examples.egg-info/top_level.txt
[0.769s] reading manifest file 'crazyflie_examples.egg-info/SOURCES.txt'
[0.770s] writing manifest file 'crazyflie_examples.egg-info/SOURCES.txt'
[0.816s] Built target ament_cmake_python_build_crazyflie_examples_egg
[0.816s] running install_scripts
[0.859s] running egg_info
[0.861s] writing crazyflie_examples.egg-info/PKG-INFO
[0.861s] writing dependency_links to crazyflie_examples.egg-info/dependency_links.txt
[0.862s] writing entry points to crazyflie_examples.egg-info/entry_points.txt
[0.862s] writing top-level names to crazyflie_examples.egg-info/top_level.txt
[0.867s] reading manifest file 'crazyflie_examples.egg-info/SOURCES.txt'
[0.867s] writing manifest file 'crazyflie_examples.egg-info/SOURCES.txt'
[0.869s] Installing cmd_full_state script to scripts
[0.870s] Installing figure8 script to scripts
[0.870s] Installing hello_world script to scripts
[0.870s] Installing multi_trajectory script to scripts
[0.870s] Installing nice_hover script to scripts
[0.872s] Installing set_param script to scripts
[0.932s] Built target ament_cmake_python_build_crazyflie_examples_scripts
[0.953s] Invoked command in '/home/abd/exp_ws/src/build/crazyflie_examples' returned '0': AMENT_PREFIX_PATH=/home/abd/exp_ws/src/install/crazyflie_py:/home/abd/exp_ws/src/install/new_description:/home/abd/exp_ws/src/install/motion_capture_tracking:/home/abd/exp_ws/src/install/crazyflie:/home/abd/exp_ws/src/install/motion_capture_tracking_interfaces:/home/abd/exp_ws/src/install/crazyflie_sim:/home/abd/exp_ws/src/install/crazyflie_examples:/home/abd/exp_ws/src/install/crazyflie_interfaces:/home/abd/exp_ws/src/install/NEW_description:/home/abd/exp_ws/install/motion_capture_tracking:/home/abd/exp_ws/install/crazyflie:/home/abd/exp_ws/install/motion_capture_tracking_interfaces:/home/abd/exp_ws/install/crazyflie_sim:/home/abd/exp_ws/install/crazyflie_examples:/home/abd/exp_ws/install/crazyflie_py:/home/abd/exp_ws/install/crazyflie_interfaces:/opt/ros/humble CMAKE_PREFIX_PATH=/home/abd/exp_ws/src/install/crazyflie_interfaces:/home/abd/exp_ws/src/install/motion_capture_tracking:/home/abd/exp_ws/src/install/crazyflie:/home/abd/exp_ws/src/install/motion_capture_tracking_interfaces:/home/abd/exp_ws/src/install/crazyflie_sim:/home/abd/exp_ws/src/install/crazyflie_examples:/home/abd/exp_ws/install/motion_capture_tracking:/home/abd/exp_ws/install/crazyflie:/home/abd/exp_ws/install/motion_capture_tracking_interfaces:/home/abd/exp_ws/install/crazyflie_sim:/home/abd/exp_ws/install/crazyflie_examples:/home/abd/exp_ws/install/crazyflie_interfaces:/home/abd/exp_ws/src/install/new_description:/home/abd/exp_ws/src/install/crazyflie_py:/home/abd/exp_ws/src/install/NEW_description:/home/abd/exp_ws/install/crazyflie_py:/opt/ros/humble LD_LIBRARY_PATH=/home/abd/exp_ws/src/install/crazyflie_interfaces/lib:/home/abd/exp_ws/src/install/motion_capture_tracking_interfaces/lib:/home/abd/exp_ws/install/motion_capture_tracking_interfaces/lib:/home/abd/exp_ws/install/crazyflie_interfaces/lib:/usr/lib/x86_64-linux-gnu/gazebo-11/plugins:/opt/ros/humble/opt/rviz_ogre_vendor/lib:/opt/ros/humble/lib/x86_64-linux-gnu:/opt/ros/humble/lib PYTHONPATH=/home/abd/exp_ws/src/install/crazyflie_py/lib/python3.10/site-packages:/home/abd/exp_ws/src/install/new_description/lib/python3.10/site-packages:/home/abd/exp_ws/src/install/motion_capture_tracking_interfaces/local/lib/python3.10/dist-packages:/home/abd/exp_ws/src/install/crazyflie_sim/local/lib/python3.10/dist-packages:/home/abd/exp_ws/src/install/crazyflie_examples/local/lib/python3.10/dist-packages:/home/abd/exp_ws/src/install/crazyflie_interfaces/local/lib/python3.10/dist-packages:/home/abd/exp_ws/src/install/NEW_description/lib/python3.10/site-packages:/home/abd/exp_ws/install/motion_capture_tracking_interfaces/local/lib/python3.10/dist-packages:/home/abd/exp_ws/install/crazyflie_sim/local/lib/python3.10/dist-packages:/home/abd/exp_ws/install/crazyflie_examples/local/lib/python3.10/dist-packages:/home/abd/exp_ws/install/crazyflie_py/lib/python3.10/site-packages:/home/abd/exp_ws/install/crazyflie_interfaces/local/lib/python3.10/dist-packages:/opt/ros/humble/lib/python3.10/site-packages:/opt/ros/humble/local/lib/python3.10/dist-packages /usr/bin/cmake --build /home/abd/exp_ws/src/build/crazyflie_examples -- -j12 -l12
[0.998s] Invoking command in '/home/abd/exp_ws/src/build/crazyflie_examples': AMENT_PREFIX_PATH=/home/abd/exp_ws/src/install/crazyflie_py:/home/abd/exp_ws/src/install/new_description:/home/abd/exp_ws/src/install/motion_capture_tracking:/home/abd/exp_ws/src/install/crazyflie:/home/abd/exp_ws/src/install/motion_capture_tracking_interfaces:/home/abd/exp_ws/src/install/crazyflie_sim:/home/abd/exp_ws/src/install/crazyflie_examples:/home/abd/exp_ws/src/install/crazyflie_interfaces:/home/abd/exp_ws/src/install/NEW_description:/home/abd/exp_ws/install/motion_capture_tracking:/home/abd/exp_ws/install/crazyflie:/home/abd/exp_ws/install/motion_capture_tracking_interfaces:/home/abd/exp_ws/install/crazyflie_sim:/home/abd/exp_ws/install/crazyflie_examples:/home/abd/exp_ws/install/crazyflie_py:/home/abd/exp_ws/install/crazyflie_interfaces:/opt/ros/humble CMAKE_PREFIX_PATH=/home/abd/exp_ws/src/install/crazyflie_interfaces:/home/abd/exp_ws/src/install/motion_capture_tracking:/home/abd/exp_ws/src/install/crazyflie:/home/abd/exp_ws/src/install/motion_capture_tracking_interfaces:/home/abd/exp_ws/src/install/crazyflie_sim:/home/abd/exp_ws/src/install/crazyflie_examples:/home/abd/exp_ws/install/motion_capture_tracking:/home/abd/exp_ws/install/crazyflie:/home/abd/exp_ws/install/motion_capture_tracking_interfaces:/home/abd/exp_ws/install/crazyflie_sim:/home/abd/exp_ws/install/crazyflie_examples:/home/abd/exp_ws/install/crazyflie_interfaces:/home/abd/exp_ws/src/install/new_description:/home/abd/exp_ws/src/install/crazyflie_py:/home/abd/exp_ws/src/install/NEW_description:/home/abd/exp_ws/install/crazyflie_py:/opt/ros/humble LD_LIBRARY_PATH=/home/abd/exp_ws/src/install/crazyflie_interfaces/lib:/home/abd/exp_ws/src/install/motion_capture_tracking_interfaces/lib:/home/abd/exp_ws/install/motion_capture_tracking_interfaces/lib:/home/abd/exp_ws/install/crazyflie_interfaces/lib:/usr/lib/x86_64-linux-gnu/gazebo-11/plugins:/opt/ros/humble/opt/rviz_ogre_vendor/lib:/opt/ros/humble/lib/x86_64-linux-gnu:/opt/ros/humble/lib PYTHONPATH=/home/abd/exp_ws/src/install/crazyflie_py/lib/python3.10/site-packages:/home/abd/exp_ws/src/install/new_description/lib/python3.10/site-packages:/home/abd/exp_ws/src/install/motion_capture_tracking_interfaces/local/lib/python3.10/dist-packages:/home/abd/exp_ws/src/install/crazyflie_sim/local/lib/python3.10/dist-packages:/home/abd/exp_ws/src/install/crazyflie_examples/local/lib/python3.10/dist-packages:/home/abd/exp_ws/src/install/crazyflie_interfaces/local/lib/python3.10/dist-packages:/home/abd/exp_ws/src/install/NEW_description/lib/python3.10/site-packages:/home/abd/exp_ws/install/motion_capture_tracking_interfaces/local/lib/python3.10/dist-packages:/home/abd/exp_ws/install/crazyflie_sim/local/lib/python3.10/dist-packages:/home/abd/exp_ws/install/crazyflie_examples/local/lib/python3.10/dist-packages:/home/abd/exp_ws/install/crazyflie_py/lib/python3.10/site-packages:/home/abd/exp_ws/install/crazyflie_interfaces/local/lib/python3.10/dist-packages:/opt/ros/humble/lib/python3.10/site-packages:/opt/ros/humble/local/lib/python3.10/dist-packages /usr/bin/cmake --install /home/abd/exp_ws/src/build/crazyflie_examples
[1.008s] -- Install configuration: ""
[1.009s] -- Up-to-date: /home/abd/exp_ws/src/install/crazyflie_examples/share/crazyflie_examples/environment/pythonpath.sh
[1.009s] -- Up-to-date: /home/abd/exp_ws/src/install/crazyflie_examples/share/crazyflie_examples/environment/pythonpath.dsv
[1.009s] -- Up-to-date: /home/abd/exp_ws/src/install/crazyflie_examples/local/lib/python3.10/dist-packages/crazyflie_examples-2.0.0-py3.10.egg-info
[1.009s] -- Installing: /home/abd/exp_ws/src/install/crazyflie_examples/local/lib/python3.10/dist-packages/crazyflie_examples-2.0.0-py3.10.egg-info/entry_points.txt
[1.009s] -- Installing: /home/abd/exp_ws/src/install/crazyflie_examples/local/lib/python3.10/dist-packages/crazyflie_examples-2.0.0-py3.10.egg-info/SOURCES.txt
[1.010s] -- Installing: /home/abd/exp_ws/src/install/crazyflie_examples/local/lib/python3.10/dist-packages/crazyflie_examples-2.0.0-py3.10.egg-info/dependency_links.txt
[1.010s] -- Installing: /home/abd/exp_ws/src/install/crazyflie_examples/local/lib/python3.10/dist-packages/crazyflie_examples-2.0.0-py3.10.egg-info/PKG-INFO
[1.010s] -- Installing: /home/abd/exp_ws/src/install/crazyflie_examples/local/lib/python3.10/dist-packages/crazyflie_examples-2.0.0-py3.10.egg-info/top_level.txt
[1.010s] -- Up-to-date: /home/abd/exp_ws/src/install/crazyflie_examples/lib/crazyflie_examples/
[1.010s] -- Installing: /home/abd/exp_ws/src/install/crazyflie_examples/lib/crazyflie_examples//multi_trajectory
[1.010s] -- Installing: /home/abd/exp_ws/src/install/crazyflie_examples/lib/crazyflie_examples//set_param
[1.010s] -- Installing: /home/abd/exp_ws/src/install/crazyflie_examples/lib/crazyflie_examples//figure8
[1.010s] -- Installing: /home/abd/exp_ws/src/install/crazyflie_examples/lib/crazyflie_examples//nice_hover
[1.011s] -- Installing: /home/abd/exp_ws/src/install/crazyflie_examples/lib/crazyflie_examples//cmd_full_state
[1.011s] -- Installing: /home/abd/exp_ws/src/install/crazyflie_examples/lib/crazyflie_examples//hello_world
[1.011s] -- Up-to-date: /home/abd/exp_ws/src/install/crazyflie_examples/local/lib/python3.10/dist-packages/crazyflie_examples
[1.011s] -- Up-to-date: /home/abd/exp_ws/src/install/crazyflie_examples/local/lib/python3.10/dist-packages/crazyflie_examples/hello_world.py
[1.012s] -- Up-to-date: /home/abd/exp_ws/src/install/crazyflie_examples/local/lib/python3.10/dist-packages/crazyflie_examples/__init__.py
[1.012s] -- Up-to-date: /home/abd/exp_ws/src/install/crazyflie_examples/local/lib/python3.10/dist-packages/crazyflie_examples/figure8.py
[1.012s] -- Up-to-date: /home/abd/exp_ws/src/install/crazyflie_examples/local/lib/python3.10/dist-packages/crazyflie_examples/set_param.py
[1.012s] -- Up-to-date: /home/abd/exp_ws/src/install/crazyflie_examples/local/lib/python3.10/dist-packages/crazyflie_examples/cmd_full_state.py
[1.019s] -- Up-to-date: /home/abd/exp_ws/src/install/crazyflie_examples/local/lib/python3.10/dist-packages/crazyflie_examples/nice_hover.py
[1.019s] -- Up-to-date: /home/abd/exp_ws/src/install/crazyflie_examples/local/lib/python3.10/dist-packages/crazyflie_examples/multi_trajectory.py
[1.019s] -- Up-to-date: /home/abd/exp_ws/src/install/crazyflie_examples/local/lib/python3.10/dist-packages/crazyflie_examples/data
[1.019s] -- Up-to-date: /home/abd/exp_ws/src/install/crazyflie_examples/local/lib/python3.10/dist-packages/crazyflie_examples/data/multi_trajectory
[1.019s] -- Up-to-date: /home/abd/exp_ws/src/install/crazyflie_examples/local/lib/python3.10/dist-packages/crazyflie_examples/data/multi_trajectory/traj0.csv
[1.020s] -- Up-to-date: /home/abd/exp_ws/src/install/crazyflie_examples/local/lib/python3.10/dist-packages/crazyflie_examples/data/multi_trajectory/traj1.csv
[1.020s] -- Up-to-date: /home/abd/exp_ws/src/install/crazyflie_examples/local/lib/python3.10/dist-packages/crazyflie_examples/data/figure8.csv
[1.067s] Listing '/home/abd/exp_ws/src/install/crazyflie_examples/local/lib/python3.10/dist-packages/crazyflie_examples'...
[1.067s] Listing '/home/abd/exp_ws/src/install/crazyflie_examples/local/lib/python3.10/dist-packages/crazyflie_examples/data'...
[1.067s] Listing '/home/abd/exp_ws/src/install/crazyflie_examples/local/lib/python3.10/dist-packages/crazyflie_examples/data/multi_trajectory'...
[1.071s] -- Up-to-date: /home/abd/exp_ws/src/install/crazyflie_examples/share/crazyflie_examples//config
[1.071s] -- Up-to-date: /home/abd/exp_ws/src/install/crazyflie_examples/share/crazyflie_examples//config/nav2_view.rviz
[1.071s] -- Up-to-date: /home/abd/exp_ws/src/install/crazyflie_examples/share/crazyflie_examples//config/nav2_params.yaml
[1.071s] -- Up-to-date: /home/abd/exp_ws/src/install/crazyflie_examples/share/crazyflie_examples//data
[1.072s] -- Up-to-date: /home/abd/exp_ws/src/install/crazyflie_examples/share/crazyflie_examples//data/map.pgm
[1.072s] -- Up-to-date: /home/abd/exp_ws/src/install/crazyflie_examples/share/crazyflie_examples//data/map.data
[1.072s] -- Up-to-date: /home/abd/exp_ws/src/install/crazyflie_examples/share/crazyflie_examples//data/map.posegraph
[1.072s] -- Up-to-date: /home/abd/exp_ws/src/install/crazyflie_examples/share/crazyflie_examples//data/map.yaml
[1.072s] -- Up-to-date: /home/abd/exp_ws/src/install/crazyflie_examples/share/crazyflie_examples//launch
[1.072s] -- Up-to-date: /home/abd/exp_ws/src/install/crazyflie_examples/share/crazyflie_examples//launch/begin_op_launch.py
[1.073s] -- Up-to-date: /home/abd/exp_ws/src/install/crazyflie_examples/share/crazyflie_examples//launch/multiranger_nav2_launch.py
[1.073s] -- Up-to-date: /home/abd/exp_ws/src/install/crazyflie_examples/share/crazyflie_examples//launch/vel_controller_test.launch.py
[1.073s] -- Up-to-date: /home/abd/exp_ws/src/install/crazyflie_examples/share/crazyflie_examples//launch/test_launch.py
[1.073s] -- Up-to-date: /home/abd/exp_ws/src/install/crazyflie_examples/share/crazyflie_examples//launch/keyboard_velmux_launch.py
[1.073s] -- Up-to-date: /home/abd/exp_ws/src/install/crazyflie_examples/share/crazyflie_examples//launch/multiranger_simple_mapper_launch.py
[1.073s] -- Up-to-date: /home/abd/exp_ws/src/install/crazyflie_examples/share/crazyflie_examples//launch/closed_loop_object_transport_launch.py
[1.073s] -- Up-to-date: /home/abd/exp_ws/src/install/crazyflie_examples/share/crazyflie_examples//launch/pos_controller_test_launch.py
[1.074s] -- Up-to-date: /home/abd/exp_ws/src/install/crazyflie_examples/share/crazyflie_examples//launch/leader_follower_launch.py
[1.074s] -- Up-to-date: /home/abd/exp_ws/src/install/crazyflie_examples/share/crazyflie_examples//launch/multiranger_mapping_launch.py
[1.074s] -- Up-to-date: /home/abd/exp_ws/src/install/crazyflie_examples/share/ament_index/resource_index/package_run_dependencies/crazyflie_examples
[1.074s] -- Up-to-date: /home/abd/exp_ws/src/install/crazyflie_examples/share/ament_index/resource_index/parent_prefix_path/crazyflie_examples
[1.074s] -- Up-to-date: /home/abd/exp_ws/src/install/crazyflie_examples/share/crazyflie_examples/environment/ament_prefix_path.sh
[1.074s] -- Up-to-date: /home/abd/exp_ws/src/install/crazyflie_examples/share/crazyflie_examples/environment/ament_prefix_path.dsv
[1.074s] -- Up-to-date: /home/abd/exp_ws/src/install/crazyflie_examples/share/crazyflie_examples/environment/path.sh
[1.074s] -- Up-to-date: /home/abd/exp_ws/src/install/crazyflie_examples/share/crazyflie_examples/environment/path.dsv
[1.075s] -- Up-to-date: /home/abd/exp_ws/src/install/crazyflie_examples/share/crazyflie_examples/local_setup.bash
[1.075s] -- Up-to-date: /home/abd/exp_ws/src/install/crazyflie_examples/share/crazyflie_examples/local_setup.sh
[1.075s] -- Up-to-date: /home/abd/exp_ws/src/install/crazyflie_examples/share/crazyflie_examples/local_setup.zsh
[1.075s] -- Up-to-date: /home/abd/exp_ws/src/install/crazyflie_examples/share/crazyflie_examples/local_setup.dsv
[1.075s] -- Installing: /home/abd/exp_ws/src/install/crazyflie_examples/share/crazyflie_examples/package.dsv
[1.075s] -- Up-to-date: /home/abd/exp_ws/src/install/crazyflie_examples/share/ament_index/resource_index/packages/crazyflie_examples
[1.075s] -- Up-to-date: /home/abd/exp_ws/src/install/crazyflie_examples/share/crazyflie_examples/cmake/crazyflie_examplesConfig.cmake
[1.075s] -- Up-to-date: /home/abd/exp_ws/src/install/crazyflie_examples/share/crazyflie_examples/cmake/crazyflie_examplesConfig-version.cmake
[1.075s] -- Up-to-date: /home/abd/exp_ws/src/install/crazyflie_examples/share/crazyflie_examples/package.xml
[1.078s] Invoked command in '/home/abd/exp_ws/src/build/crazyflie_examples' returned '0': AMENT_PREFIX_PATH=/home/abd/exp_ws/src/install/crazyflie_py:/home/abd/exp_ws/src/install/new_description:/home/abd/exp_ws/src/install/motion_capture_tracking:/home/abd/exp_ws/src/install/crazyflie:/home/abd/exp_ws/src/install/motion_capture_tracking_interfaces:/home/abd/exp_ws/src/install/crazyflie_sim:/home/abd/exp_ws/src/install/crazyflie_examples:/home/abd/exp_ws/src/install/crazyflie_interfaces:/home/abd/exp_ws/src/install/NEW_description:/home/abd/exp_ws/install/motion_capture_tracking:/home/abd/exp_ws/install/crazyflie:/home/abd/exp_ws/install/motion_capture_tracking_interfaces:/home/abd/exp_ws/install/crazyflie_sim:/home/abd/exp_ws/install/crazyflie_examples:/home/abd/exp_ws/install/crazyflie_py:/home/abd/exp_ws/install/crazyflie_interfaces:/opt/ros/humble CMAKE_PREFIX_PATH=/home/abd/exp_ws/src/install/crazyflie_interfaces:/home/abd/exp_ws/src/install/motion_capture_tracking:/home/abd/exp_ws/src/install/crazyflie:/home/abd/exp_ws/src/install/motion_capture_tracking_interfaces:/home/abd/exp_ws/src/install/crazyflie_sim:/home/abd/exp_ws/src/install/crazyflie_examples:/home/abd/exp_ws/install/motion_capture_tracking:/home/abd/exp_ws/install/crazyflie:/home/abd/exp_ws/install/motion_capture_tracking_interfaces:/home/abd/exp_ws/install/crazyflie_sim:/home/abd/exp_ws/install/crazyflie_examples:/home/abd/exp_ws/install/crazyflie_interfaces:/home/abd/exp_ws/src/install/new_description:/home/abd/exp_ws/src/install/crazyflie_py:/home/abd/exp_ws/src/install/NEW_description:/home/abd/exp_ws/install/crazyflie_py:/opt/ros/humble LD_LIBRARY_PATH=/home/abd/exp_ws/src/install/crazyflie_interfaces/lib:/home/abd/exp_ws/src/install/motion_capture_tracking_interfaces/lib:/home/abd/exp_ws/install/motion_capture_tracking_interfaces/lib:/home/abd/exp_ws/install/crazyflie_interfaces/lib:/usr/lib/x86_64-linux-gnu/gazebo-11/plugins:/opt/ros/humble/opt/rviz_ogre_vendor/lib:/opt/ros/humble/lib/x86_64-linux-gnu:/opt/ros/humble/lib PYTHONPATH=/home/abd/exp_ws/src/install/crazyflie_py/lib/python3.10/site-packages:/home/abd/exp_ws/src/install/new_description/lib/python3.10/site-packages:/home/abd/exp_ws/src/install/motion_capture_tracking_interfaces/local/lib/python3.10/dist-packages:/home/abd/exp_ws/src/install/crazyflie_sim/local/lib/python3.10/dist-packages:/home/abd/exp_ws/src/install/crazyflie_examples/local/lib/python3.10/dist-packages:/home/abd/exp_ws/src/install/crazyflie_interfaces/local/lib/python3.10/dist-packages:/home/abd/exp_ws/src/install/NEW_description/lib/python3.10/site-packages:/home/abd/exp_ws/install/motion_capture_tracking_interfaces/local/lib/python3.10/dist-packages:/home/abd/exp_ws/install/crazyflie_sim/local/lib/python3.10/dist-packages:/home/abd/exp_ws/install/crazyflie_examples/local/lib/python3.10/dist-packages:/home/abd/exp_ws/install/crazyflie_py/lib/python3.10/site-packages:/home/abd/exp_ws/install/crazyflie_interfaces/local/lib/python3.10/dist-packages:/opt/ros/humble/lib/python3.10/site-packages:/opt/ros/humble/local/lib/python3.10/dist-packages /usr/bin/cmake --install /home/abd/exp_ws/src/build/crazyflie_examples
