[0.797s] Invoking command in '/home/abd/exp_ws/src/build/crazyflie': CMAKE_PREFIX_PATH=/home/abd/exp_ws/src/install/motion_capture_tracking_interfaces:/home/abd/exp_ws/src/install/crazyflie_interfaces:/home/abd/exp_ws/src/install/motion_capture_tracking:/home/abd/exp_ws/src/install/crazyflie:/home/abd/exp_ws/src/install/crazyflie_sim:/home/abd/exp_ws/src/install/crazyflie_examples:/home/abd/exp_ws/src/install/crazyflie_py:/opt/ros/humble /usr/bin/cmake --build /home/abd/exp_ws/src/build/crazyflie -- -j12 -l12
[0.923s] [ 22%] Built target crazyflieLinkCpp
[0.926s] [ 27%] Built target teleop
[0.967s] [ 35%] Built target crazyflie_cpp
[1.095s] [ 40%] Built target scan
[1.095s] [ 45%] Built target listMemories
[1.095s] [ 50%] Built target battery
[1.099s] [ 60%] Built target listParams
[1.099s] [ 57%] Built target crazyflie_server
[1.104s] [ 65%] Built target listLogVariables
[1.104s] [ 70%] Built target version
[1.104s] [ 75%] Built target reboot
[1.109s] [ 80%] Built target comCheck
[1.112s] [ 85%] Built target console
[1.114s] [ 90%] Built target log
[1.128s] [ 95%] Built target downloadUSDLogfile
[1.158s] [100%] Built target setParam
[1.179s] Invoked command in '/home/abd/exp_ws/src/build/crazyflie' returned '0': CMAKE_PREFIX_PATH=/home/abd/exp_ws/src/install/motion_capture_tracking_interfaces:/home/abd/exp_ws/src/install/crazyflie_interfaces:/home/abd/exp_ws/src/install/motion_capture_tracking:/home/abd/exp_ws/src/install/crazyflie:/home/abd/exp_ws/src/install/crazyflie_sim:/home/abd/exp_ws/src/install/crazyflie_examples:/home/abd/exp_ws/src/install/crazyflie_py:/opt/ros/humble /usr/bin/cmake --build /home/abd/exp_ws/src/build/crazyflie -- -j12 -l12
[1.257s] Invoking command in '/home/abd/exp_ws/src/build/crazyflie': CMAKE_PREFIX_PATH=/home/abd/exp_ws/src/install/motion_capture_tracking_interfaces:/home/abd/exp_ws/src/install/crazyflie_interfaces:/home/abd/exp_ws/src/install/motion_capture_tracking:/home/abd/exp_ws/src/install/crazyflie:/home/abd/exp_ws/src/install/crazyflie_sim:/home/abd/exp_ws/src/install/crazyflie_examples:/home/abd/exp_ws/src/install/crazyflie_py:/opt/ros/humble /usr/bin/cmake --install /home/abd/exp_ws/src/build/crazyflie
[1.270s] -- Install configuration: ""
[1.270s] -- Up-to-date: /home/abd/exp_ws/src/install/crazyflie/lib/crazyflie/comCheck
[1.271s] -- Up-to-date: /home/abd/exp_ws/src/install/crazyflie/lib/crazyflie/scan
[1.271s] -- Up-to-date: /home/abd/exp_ws/src/install/crazyflie/lib/crazyflie/listParams
[1.271s] -- Up-to-date: /home/abd/exp_ws/src/install/crazyflie/lib/crazyflie/listLogVariables
[1.272s] -- Up-to-date: /home/abd/exp_ws/src/install/crazyflie/lib/crazyflie/listMemories
[1.272s] -- Up-to-date: /home/abd/exp_ws/src/install/crazyflie/lib/crazyflie/reboot
[1.273s] -- Up-to-date: /home/abd/exp_ws/src/install/crazyflie/lib/crazyflie/battery
[1.273s] -- Up-to-date: /home/abd/exp_ws/src/install/crazyflie/lib/crazyflie/version
[1.274s] -- Up-to-date: /home/abd/exp_ws/src/install/crazyflie/lib/crazyflie/console
[1.274s] -- Up-to-date: /home/abd/exp_ws/src/install/crazyflie/lib/crazyflie/log
[1.274s] -- Up-to-date: /home/abd/exp_ws/src/install/crazyflie/lib/crazyflie/setParam
[1.275s] -- Up-to-date: /home/abd/exp_ws/src/install/crazyflie/lib/crazyflie/downloadUSDLogfile
[1.275s] -- Up-to-date: /home/abd/exp_ws/src/install/crazyflie/lib/crazyflie/teleop
[1.276s] -- Up-to-date: /home/abd/exp_ws/src/install/crazyflie/lib/crazyflie/crazyflie_server
[1.276s] -- Up-to-date: /home/abd/exp_ws/src/install/crazyflie/lib/crazyflie/crazyflie_server.py
[1.277s] -- Up-to-date: /home/abd/exp_ws/src/install/crazyflie/lib/crazyflie/chooser.py
[1.277s] -- Up-to-date: /home/abd/exp_ws/src/install/crazyflie/lib/crazyflie/vel_mux.py
[1.277s] -- Up-to-date: /home/abd/exp_ws/src/install/crazyflie/lib/crazyflie/cfmult.py
[1.277s] -- Up-to-date: /home/abd/exp_ws/src/install/crazyflie/lib/crazyflie/simple_mapper_multiranger.py
[1.277s] -- Up-to-date: /home/abd/exp_ws/src/install/crazyflie/lib/crazyflie/leader_cf.py
[1.278s] -- Installing: /home/abd/exp_ws/src/install/crazyflie/lib/crazyflie/follower_cf.py
[1.278s] -- Installing: /home/abd/exp_ws/src/install/crazyflie/lib/crazyflie/trajectory_publisher.py
[1.278s] -- Up-to-date: /home/abd/exp_ws/src/install/crazyflie/lib/crazyflie/begin_operation.py
[1.278s] -- Up-to-date: /home/abd/exp_ws/src/install/crazyflie/lib/crazyflie/mid_operation.py
[1.278s] -- Up-to-date: /home/abd/exp_ws/src/install/crazyflie/share/crazyflie//launch
[1.278s] -- Up-to-date: /home/abd/exp_ws/src/install/crazyflie/share/crazyflie//launch/launch_teleop2.py
[1.279s] -- Up-to-date: /home/abd/exp_ws/src/install/crazyflie/share/crazyflie//launch/closed_loop_object_transport_launch
[1.279s] -- Up-to-date: /home/abd/exp_ws/src/install/crazyflie/share/crazyflie//launch/launch.py
[1.279s] -- Up-to-date: /home/abd/exp_ws/src/install/crazyflie/share/crazyflie//launch/teleop_launch.py
[1.279s] -- Up-to-date: /home/abd/exp_ws/src/install/crazyflie/share/crazyflie//config
[1.279s] -- Up-to-date: /home/abd/exp_ws/src/install/crazyflie/share/crazyflie//config/crazyflies.yaml
[1.280s] -- Up-to-date: /home/abd/exp_ws/src/install/crazyflie/share/crazyflie//config/config.rviz
[1.280s] -- Up-to-date: /home/abd/exp_ws/src/install/crazyflie/share/crazyflie//config/motion_capture.yaml
[1.280s] -- Up-to-date: /home/abd/exp_ws/src/install/crazyflie/share/crazyflie//config/server.yaml
[1.280s] -- Up-to-date: /home/abd/exp_ws/src/install/crazyflie/share/crazyflie//config/teleop.yaml
[1.280s] -- Up-to-date: /home/abd/exp_ws/src/install/crazyflie/share/ament_index/resource_index/package_run_dependencies/crazyflie
[1.280s] -- Up-to-date: /home/abd/exp_ws/src/install/crazyflie/share/ament_index/resource_index/parent_prefix_path/crazyflie
[1.280s] -- Up-to-date: /home/abd/exp_ws/src/install/crazyflie/share/crazyflie/environment/ament_prefix_path.sh
[1.281s] -- Up-to-date: /home/abd/exp_ws/src/install/crazyflie/share/crazyflie/environment/ament_prefix_path.dsv
[1.281s] -- Up-to-date: /home/abd/exp_ws/src/install/crazyflie/share/crazyflie/environment/path.sh
[1.281s] -- Up-to-date: /home/abd/exp_ws/src/install/crazyflie/share/crazyflie/environment/path.dsv
[1.281s] -- Up-to-date: /home/abd/exp_ws/src/install/crazyflie/share/crazyflie/local_setup.bash
[1.281s] -- Up-to-date: /home/abd/exp_ws/src/install/crazyflie/share/crazyflie/local_setup.sh
[1.281s] -- Up-to-date: /home/abd/exp_ws/src/install/crazyflie/share/crazyflie/local_setup.zsh
[1.281s] -- Up-to-date: /home/abd/exp_ws/src/install/crazyflie/share/crazyflie/local_setup.dsv
[1.282s] -- Installing: /home/abd/exp_ws/src/install/crazyflie/share/crazyflie/package.dsv
[1.282s] -- Up-to-date: /home/abd/exp_ws/src/install/crazyflie/share/ament_index/resource_index/packages/crazyflie
[1.282s] -- Up-to-date: /home/abd/exp_ws/src/install/crazyflie/share/crazyflie/cmake/crazyflieConfig.cmake
[1.282s] -- Up-to-date: /home/abd/exp_ws/src/install/crazyflie/share/crazyflie/cmake/crazyflieConfig-version.cmake
[1.282s] -- Up-to-date: /home/abd/exp_ws/src/install/crazyflie/share/crazyflie/package.xml
[1.284s] Invoked command in '/home/abd/exp_ws/src/build/crazyflie' returned '0': CMAKE_PREFIX_PATH=/home/abd/exp_ws/src/install/motion_capture_tracking_interfaces:/home/abd/exp_ws/src/install/crazyflie_interfaces:/home/abd/exp_ws/src/install/motion_capture_tracking:/home/abd/exp_ws/src/install/crazyflie:/home/abd/exp_ws/src/install/crazyflie_sim:/home/abd/exp_ws/src/install/crazyflie_examples:/home/abd/exp_ws/src/install/crazyflie_py:/opt/ros/humble /usr/bin/cmake --install /home/abd/exp_ws/src/build/crazyflie
