[0.884s] Invoking command in '/home/abd/exp_ws/src/build/crazyflie': CMAKE_PREFIX_PATH=/home/abd/exp_ws/src/install/motion_capture_tracking_interfaces:/home/abd/exp_ws/src/install/crazyflie_interfaces:/home/abd/exp_ws/src/install/motion_capture_tracking:/home/abd/exp_ws/src/install/crazyflie:/home/abd/exp_ws/src/install/crazyflie_sim:/home/abd/exp_ws/src/install/crazyflie_examples:/home/abd/exp_ws/src/install/crazyflie_py:/opt/ros/humble /usr/bin/cmake --build /home/abd/exp_ws/src/build/crazyflie -- -j12 -l12
[1.010s] -- Found ament_cmake: 1.3.5 (/opt/ros/humble/share/ament_cmake/cmake)
[1.571s] -- Found rclcpp: 16.0.6 (/opt/ros/humble/share/rclcpp/cmake)
[1.704s] -- Found rosidl_generator_c: 3.1.5 (/opt/ros/humble/share/rosidl_generator_c/cmake)
[1.709s] -- Found rosidl_adapter: 3.1.5 (/opt/ros/humble/share/rosidl_adapter/cmake)
[1.731s] -- Found rosidl_generator_cpp: 3.1.5 (/opt/ros/humble/share/rosidl_generator_cpp/cmake)
[1.769s] -- Using all available rosidl_typesupport_c: rosidl_typesupport_fastrtps_c;rosidl_typesupport_introspection_c
[1.815s] -- Using all available rosidl_typesupport_cpp: rosidl_typesupport_fastrtps_cpp;rosidl_typesupport_introspection_cpp
[1.981s] -- Found rmw_implementation_cmake: 6.1.1 (/opt/ros/humble/share/rmw_implementation_cmake/cmake)
[1.997s] -- Found rmw_fastrtps_cpp: 6.2.4 (/opt/ros/humble/share/rmw_fastrtps_cpp/cmake)
[2.337s] -- Using RMW implementation 'rmw_fastrtps_cpp' as default
[2.701s] -- Found tf2_ros: 0.25.4 (/opt/ros/humble/share/tf2_ros/cmake)
[3.600s] -- Found rclpy: 3.3.10 (/opt/ros/humble/share/rclpy/cmake)
[3.601s] -- Found std_srvs: 4.2.3 (/opt/ros/humble/share/std_srvs/cmake)
[3.643s] -- Found sensor_msgs: 4.2.3 (/opt/ros/humble/share/sensor_msgs/cmake)
[3.790s] -- Found crazyflie_interfaces: 2.0.0 (/home/abd/exp_ws/src/install/crazyflie_interfaces/share/crazyflie_interfaces/cmake)
[3.932s] -- Found motion_capture_tracking_interfaces: 1.0.0 (/home/abd/exp_ws/src/install/motion_capture_tracking_interfaces/share/motion_capture_tracking_interfaces/cmake)
[4.214s] -- Configuring done
[4.341s] -- Generating done
[4.348s] -- Build files have been written to: /home/abd/exp_ws/src/build/crazyflie
[4.399s] [35m[1mConsolidate compiler generated dependencies of target teleop[0m
[4.409s] [35m[1mConsolidate compiler generated dependencies of target crazyflieLinkCpp[0m
[4.456s] [  2%] [32mBuilding CXX object deps/crazyflie_tools/crazyflie_cpp/crazyflie-link-cpp/CMakeFiles/crazyflieLinkCpp.dir/src/USBManager.cpp.o[0m
[4.457s] [  5%] [32mBuilding CXX object CMakeFiles/teleop.dir/src/teleop.cpp.o[0m
[4.458s] [  7%] [32mBuilding CXX object deps/crazyflie_tools/crazyflie_cpp/crazyflie-link-cpp/CMakeFiles/crazyflieLinkCpp.dir/src/Connection.cpp.o[0m
[4.462s] [ 10%] [32mBuilding CXX object deps/crazyflie_tools/crazyflie_cpp/crazyflie-link-cpp/CMakeFiles/crazyflieLinkCpp.dir/src/CrazyflieUSB.cpp.o[0m
[4.466s] [ 12%] [32mBuilding CXX object deps/crazyflie_tools/crazyflie_cpp/crazyflie-link-cpp/CMakeFiles/crazyflieLinkCpp.dir/src/CrazyradioThread.cpp.o[0m
[4.473s] [ 15%] [32mBuilding CXX object deps/crazyflie_tools/crazyflie_cpp/crazyflie-link-cpp/CMakeFiles/crazyflieLinkCpp.dir/src/USBDevice.cpp.o[0m
[4.474s] [ 17%] [32mBuilding CXX object deps/crazyflie_tools/crazyflie_cpp/crazyflie-link-cpp/CMakeFiles/crazyflieLinkCpp.dir/src/Crazyradio.cpp.o[0m
[4.477s] [ 20%] [32mBuilding CXX object deps/crazyflie_tools/crazyflie_cpp/crazyflie-link-cpp/CMakeFiles/crazyflieLinkCpp.dir/src/CrazyflieUSBThread.cpp.o[0m
[4.481s] [ 22%] [32mBuilding CXX object deps/crazyflie_tools/crazyflie_cpp/crazyflie-link-cpp/CMakeFiles/crazyflieLinkCpp.dir/src/Version.cpp.o[0m
[9.484s] [ 25%] [32m[1mLinking CXX static library libcrazyflieLinkCpp.a[0m
[9.650s] [ 25%] Built target crazyflieLinkCpp
[9.669s] [35m[1mConsolidate compiler generated dependencies of target crazyflie_cpp[0m
[9.698s] [ 27%] [32mBuilding CXX object deps/crazyflie_tools/crazyflie_cpp/CMakeFiles/crazyflie_cpp.dir/src/Crazyflie.cpp.o[0m
[9.701s] [ 30%] [32mBuilding CXX object deps/crazyflie_tools/crazyflie_cpp/CMakeFiles/crazyflie_cpp.dir/src/crtp.cpp.o[0m
[14.615s] [ 32%] [32m[1mLinking CXX static library libcrazyflie_cpp.a[0m
[14.744s] [ 32%] Built target crazyflie_cpp
[14.768s] [35m[1mConsolidate compiler generated dependencies of target listParams[0m
[14.776s] [35m[1mConsolidate compiler generated dependencies of target listLogVariables[0m
[14.777s] [35m[1mConsolidate compiler generated dependencies of target listMemories[0m
[14.777s] [35m[1mConsolidate compiler generated dependencies of target crazyflie_server[0m
[14.780s] [35m[1mConsolidate compiler generated dependencies of target comCheck[0m
[14.783s] [35m[1mConsolidate compiler generated dependencies of target version[0m
[14.792s] [35m[1mConsolidate compiler generated dependencies of target log[0m
[14.796s] [35m[1mConsolidate compiler generated dependencies of target scan[0m
[14.798s] [35m[1mConsolidate compiler generated dependencies of target console[0m
[14.808s] [35m[1mConsolidate compiler generated dependencies of target battery[0m
[14.830s] [35m[1mConsolidate compiler generated dependencies of target reboot[0m
[14.839s] [ 35%] [32mBuilding CXX object CMakeFiles/crazyflie_server.dir/src/crazyflie_server.cpp.o[0m
[14.865s] [ 37%] [32mBuilding CXX object deps/crazyflie_tools/CMakeFiles/listParams.dir/src/listParams.cpp.o[0m
[14.872s] [ 40%] [32mBuilding CXX object deps/crazyflie_tools/CMakeFiles/scan.dir/src/scan.cpp.o[0m
[14.887s] [ 42%] [32mBuilding CXX object deps/crazyflie_tools/CMakeFiles/listMemories.dir/src/listMemories.cpp.o[0m
[14.888s] [ 45%] [32mBuilding CXX object deps/crazyflie_tools/CMakeFiles/battery.dir/src/battery.cpp.o[0m
[14.889s] [ 47%] [32mBuilding CXX object deps/crazyflie_tools/CMakeFiles/console.dir/src/console.cpp.o[0m
[14.898s] [ 50%] [32mBuilding CXX object deps/crazyflie_tools/CMakeFiles/listLogVariables.dir/src/listLogVariables.cpp.o[0m
[14.915s] [ 52%] [32mBuilding CXX object deps/crazyflie_tools/CMakeFiles/version.dir/src/version.cpp.o[0m
[14.922s] [ 55%] [32mBuilding CXX object deps/crazyflie_tools/CMakeFiles/comCheck.dir/src/comCheck.cpp.o[0m
[14.947s] [ 57%] [32mBuilding CXX object deps/crazyflie_tools/CMakeFiles/log.dir/src/log.cpp.o[0m
[14.959s] [ 60%] [32mBuilding CXX object deps/crazyflie_tools/CMakeFiles/reboot.dir/src/reboot.cpp.o[0m
[18.872s] [ 62%] [32m[1mLinking CXX executable listParams[0m
[19.183s] [ 65%] [32m[1mLinking CXX executable version[0m
[19.630s] [ 67%] [32m[1mLinking CXX executable scan[0m
[19.632s] [ 70%] [32m[1mLinking CXX executable listLogVariables[0m
[19.684s] [ 72%] [32m[1mLinking CXX executable console[0m
[20.060s] [ 72%] Built target listParams
[20.150s] [35m[1mConsolidate compiler generated dependencies of target downloadUSDLogfile[0m
[20.246s] [ 72%] Built target version
[20.311s] [ 75%] [32mBuilding CXX object deps/crazyflie_tools/CMakeFiles/downloadUSDLogfile.dir/src/downloadUSDLogfile.cpp.o[0m
[20.328s] [35m[1mConsolidate compiler generated dependencies of target setParam[0m
[20.374s] [ 77%] [32m[1mLinking CXX executable battery[0m
[20.401s] [ 77%] Built target listLogVariables
[20.422s] [ 80%] [32m[1mLinking CXX executable reboot[0m
[20.433s] [ 82%] [32mBuilding CXX object deps/crazyflie_tools/CMakeFiles/setParam.dir/src/setParam.cpp.o[0m
[20.455s] [ 82%] Built target console
[20.497s] [ 82%] Built target scan
[20.672s] [ 85%] [32m[1mLinking CXX executable comCheck[0m
[21.087s] [ 85%] Built target battery
[21.149s] [ 85%] Built target reboot
[21.254s] [ 87%] [32m[1mLinking CXX executable listMemories[0m
[21.295s] [ 87%] Built target comCheck
[21.507s] [ 90%] [32m[1mLinking CXX executable log[0m
[21.732s] [ 90%] Built target listMemories
[21.958s] [ 90%] Built target log
[22.948s] [ 92%] [32m[1mLinking CXX executable downloadUSDLogfile[0m
[23.347s] [ 92%] Built target downloadUSDLogfile
[23.621s] [ 95%] [32m[1mLinking CXX executable setParam[0m
[24.024s] [ 95%] Built target setParam
[31.443s] [ 97%] [32m[1mLinking CXX executable teleop[0m
[32.608s] [ 97%] Built target teleop
[49.812s] [100%] [32m[1mLinking CXX executable crazyflie_server[0m
[52.311s] [100%] Built target crazyflie_server
[52.341s] Invoked command in '/home/abd/exp_ws/src/build/crazyflie' returned '0': CMAKE_PREFIX_PATH=/home/abd/exp_ws/src/install/motion_capture_tracking_interfaces:/home/abd/exp_ws/src/install/crazyflie_interfaces:/home/abd/exp_ws/src/install/motion_capture_tracking:/home/abd/exp_ws/src/install/crazyflie:/home/abd/exp_ws/src/install/crazyflie_sim:/home/abd/exp_ws/src/install/crazyflie_examples:/home/abd/exp_ws/src/install/crazyflie_py:/opt/ros/humble /usr/bin/cmake --build /home/abd/exp_ws/src/build/crazyflie -- -j12 -l12
[52.408s] Invoking command in '/home/abd/exp_ws/src/build/crazyflie': CMAKE_PREFIX_PATH=/home/abd/exp_ws/src/install/motion_capture_tracking_interfaces:/home/abd/exp_ws/src/install/crazyflie_interfaces:/home/abd/exp_ws/src/install/motion_capture_tracking:/home/abd/exp_ws/src/install/crazyflie:/home/abd/exp_ws/src/install/crazyflie_sim:/home/abd/exp_ws/src/install/crazyflie_examples:/home/abd/exp_ws/src/install/crazyflie_py:/opt/ros/humble /usr/bin/cmake --install /home/abd/exp_ws/src/build/crazyflie
[52.417s] -- Install configuration: ""
[52.417s] -- Installing: /home/abd/exp_ws/src/install/crazyflie/lib/crazyflie/comCheck
[52.421s] -- Installing: /home/abd/exp_ws/src/install/crazyflie/lib/crazyflie/scan
[52.424s] -- Installing: /home/abd/exp_ws/src/install/crazyflie/lib/crazyflie/listParams
[52.427s] -- Installing: /home/abd/exp_ws/src/install/crazyflie/lib/crazyflie/listLogVariables
[52.431s] -- Installing: /home/abd/exp_ws/src/install/crazyflie/lib/crazyflie/listMemories
[52.433s] -- Installing: /home/abd/exp_ws/src/install/crazyflie/lib/crazyflie/reboot
[52.437s] -- Installing: /home/abd/exp_ws/src/install/crazyflie/lib/crazyflie/battery
[52.441s] -- Installing: /home/abd/exp_ws/src/install/crazyflie/lib/crazyflie/version
[52.445s] -- Installing: /home/abd/exp_ws/src/install/crazyflie/lib/crazyflie/console
[52.448s] -- Installing: /home/abd/exp_ws/src/install/crazyflie/lib/crazyflie/log
[52.451s] -- Installing: /home/abd/exp_ws/src/install/crazyflie/lib/crazyflie/setParam
[52.455s] -- Installing: /home/abd/exp_ws/src/install/crazyflie/lib/crazyflie/downloadUSDLogfile
[52.459s] -- Installing: /home/abd/exp_ws/src/install/crazyflie/lib/crazyflie/teleop
[52.471s] -- Set runtime path of "/home/abd/exp_ws/src/install/crazyflie/lib/crazyflie/teleop" to ""
[52.472s] -- Installing: /home/abd/exp_ws/src/install/crazyflie/lib/crazyflie/crazyflie_server
[52.502s] -- Set runtime path of "/home/abd/exp_ws/src/install/crazyflie/lib/crazyflie/crazyflie_server" to ""
[52.502s] -- Up-to-date: /home/abd/exp_ws/src/install/crazyflie/lib/crazyflie/crazyflie_server.py
[52.502s] -- Up-to-date: /home/abd/exp_ws/src/install/crazyflie/lib/crazyflie/chooser.py
[52.503s] -- Up-to-date: /home/abd/exp_ws/src/install/crazyflie/lib/crazyflie/vel_mux.py
[52.503s] -- Up-to-date: /home/abd/exp_ws/src/install/crazyflie/lib/crazyflie/cfmult.py
[52.503s] -- Up-to-date: /home/abd/exp_ws/src/install/crazyflie/lib/crazyflie/simple_mapper_multiranger.py
[52.503s] -- Up-to-date: /home/abd/exp_ws/src/install/crazyflie/lib/crazyflie/leader_cf.py
[52.503s] -- Up-to-date: /home/abd/exp_ws/src/install/crazyflie/lib/crazyflie/follower_cf.py
[52.503s] -- Up-to-date: /home/abd/exp_ws/src/install/crazyflie/lib/crazyflie/trajectory_publisher.py
[52.504s] -- Installing: /home/abd/exp_ws/src/install/crazyflie/lib/crazyflie/begin_operation.py
[52.504s] -- Up-to-date: /home/abd/exp_ws/src/install/crazyflie/share/crazyflie//launch
[52.504s] -- Up-to-date: /home/abd/exp_ws/src/install/crazyflie/share/crazyflie//launch/launch_teleop2.py
[52.504s] -- Up-to-date: /home/abd/exp_ws/src/install/crazyflie/share/crazyflie//launch/closed_loop_object_transport_launch
[52.504s] -- Up-to-date: /home/abd/exp_ws/src/install/crazyflie/share/crazyflie//launch/launch.py
[52.505s] -- Up-to-date: /home/abd/exp_ws/src/install/crazyflie/share/crazyflie//launch/teleop_launch.py
[52.505s] -- Up-to-date: /home/abd/exp_ws/src/install/crazyflie/share/crazyflie//config
[52.505s] -- Up-to-date: /home/abd/exp_ws/src/install/crazyflie/share/crazyflie//config/crazyflies.yaml
[52.505s] -- Up-to-date: /home/abd/exp_ws/src/install/crazyflie/share/crazyflie//config/config.rviz
[52.505s] -- Up-to-date: /home/abd/exp_ws/src/install/crazyflie/share/crazyflie//config/motion_capture.yaml
[52.505s] -- Up-to-date: /home/abd/exp_ws/src/install/crazyflie/share/crazyflie//config/server.yaml
[52.505s] -- Up-to-date: /home/abd/exp_ws/src/install/crazyflie/share/crazyflie//config/teleop.yaml
[52.506s] -- Up-to-date: /home/abd/exp_ws/src/install/crazyflie/share/ament_index/resource_index/package_run_dependencies/crazyflie
[52.506s] -- Installing: /home/abd/exp_ws/src/install/crazyflie/share/ament_index/resource_index/parent_prefix_path/crazyflie
[52.506s] -- Up-to-date: /home/abd/exp_ws/src/install/crazyflie/share/crazyflie/environment/ament_prefix_path.sh
[52.506s] -- Installing: /home/abd/exp_ws/src/install/crazyflie/share/crazyflie/environment/ament_prefix_path.dsv
[52.506s] -- Up-to-date: /home/abd/exp_ws/src/install/crazyflie/share/crazyflie/environment/path.sh
[52.506s] -- Installing: /home/abd/exp_ws/src/install/crazyflie/share/crazyflie/environment/path.dsv
[52.507s] -- Up-to-date: /home/abd/exp_ws/src/install/crazyflie/share/crazyflie/local_setup.bash
[52.507s] -- Up-to-date: /home/abd/exp_ws/src/install/crazyflie/share/crazyflie/local_setup.sh
[52.507s] -- Up-to-date: /home/abd/exp_ws/src/install/crazyflie/share/crazyflie/local_setup.zsh
[52.507s] -- Installing: /home/abd/exp_ws/src/install/crazyflie/share/crazyflie/local_setup.dsv
[52.508s] -- Installing: /home/abd/exp_ws/src/install/crazyflie/share/crazyflie/package.dsv
[52.508s] -- Up-to-date: /home/abd/exp_ws/src/install/crazyflie/share/ament_index/resource_index/packages/crazyflie
[52.508s] -- Up-to-date: /home/abd/exp_ws/src/install/crazyflie/share/crazyflie/cmake/crazyflieConfig.cmake
[52.509s] -- Up-to-date: /home/abd/exp_ws/src/install/crazyflie/share/crazyflie/cmake/crazyflieConfig-version.cmake
[52.509s] -- Up-to-date: /home/abd/exp_ws/src/install/crazyflie/share/crazyflie/package.xml
[52.510s] Invoked command in '/home/abd/exp_ws/src/build/crazyflie' returned '0': CMAKE_PREFIX_PATH=/home/abd/exp_ws/src/install/motion_capture_tracking_interfaces:/home/abd/exp_ws/src/install/crazyflie_interfaces:/home/abd/exp_ws/src/install/motion_capture_tracking:/home/abd/exp_ws/src/install/crazyflie:/home/abd/exp_ws/src/install/crazyflie_sim:/home/abd/exp_ws/src/install/crazyflie_examples:/home/abd/exp_ws/src/install/crazyflie_py:/opt/ros/humble /usr/bin/cmake --install /home/abd/exp_ws/src/build/crazyflie
