/home/abd/.local/lib/python3.10/site-packages/setuptools/dist.py:717: UserWarning: Usage of dash-separated 'script-dir' will not be supported in future versions. Please use the underscore name 'script_dir' instead
  warnings.warn(
running egg_info
creating ../../build/NEW_description/NEW_description.egg-info
writing ../../build/NEW_description/NEW_description.egg-info/PKG-INFO
writing dependency_links to ../../build/NEW_description/NEW_description.egg-info/dependency_links.txt
writing entry points to ../../build/NEW_description/NEW_description.egg-info/entry_points.txt
writing requirements to ../../build/NEW_description/NEW_description.egg-info/requires.txt
writing top-level names to ../../build/NEW_description/NEW_description.egg-info/top_level.txt
writing manifest file '../../build/NEW_description/NEW_description.egg-info/SOURCES.txt'
reading manifest file '../../build/NEW_description/NEW_description.egg-info/SOURCES.txt'
writing manifest file '../../build/NEW_description/NEW_description.egg-info/SOURCES.txt'
running build
running build_py
creating /home/abd/exp_ws/src/build/NEW_description/build
creating /home/abd/exp_ws/src/build/NEW_description/build/lib
creating /home/abd/exp_ws/src/build/NEW_description/build/lib/NEW_description
copying NEW_description/__init__.py -> /home/abd/exp_ws/src/build/NEW_description/build/lib/NEW_description
running install
running install_lib
creating /home/abd/exp_ws/src/install/NEW_description/lib/python3.10/site-packages/NEW_description
copying /home/abd/exp_ws/src/build/NEW_description/build/lib/NEW_description/__init__.py -> /home/abd/exp_ws/src/install/NEW_description/lib/python3.10/site-packages/NEW_description
byte-compiling /home/abd/exp_ws/src/install/NEW_description/lib/python3.10/site-packages/NEW_description/__init__.py to __init__.cpython-310.pyc
running install_data
creating /home/abd/exp_ws/src/install/NEW_description/share/ament_index
creating /home/abd/exp_ws/src/install/NEW_description/share/ament_index/resource_index
creating /home/abd/exp_ws/src/install/NEW_description/share/ament_index/resource_index/packages
copying resource/NEW_description -> /home/abd/exp_ws/src/install/NEW_description/share/ament_index/resource_index/packages
copying package.xml -> /home/abd/exp_ws/src/install/NEW_description/share/NEW_description
creating /home/abd/exp_ws/src/install/NEW_description/share/NEW_description/launch
copying launch/display.launch.py -> /home/abd/exp_ws/src/install/NEW_description/share/NEW_description/launch
copying launch/gazebo.launch.py -> /home/abd/exp_ws/src/install/NEW_description/share/NEW_description/launch
creating /home/abd/exp_ws/src/install/NEW_description/share/NEW_description/urdf
copying urdf/NEW.trans -> /home/abd/exp_ws/src/install/NEW_description/share/NEW_description/urdf
copying urdf/materials.xacro -> /home/abd/exp_ws/src/install/NEW_description/share/NEW_description/urdf
copying urdf/NEW.xacro -> /home/abd/exp_ws/src/install/NEW_description/share/NEW_description/urdf
copying urdf/NEW.gazebo -> /home/abd/exp_ws/src/install/NEW_description/share/NEW_description/urdf
creating /home/abd/exp_ws/src/install/NEW_description/share/NEW_description/meshes
copying meshes/right_front_wheel__1.stl -> /home/abd/exp_ws/src/install/NEW_description/share/NEW_description/meshes
copying meshes/base_link.stl -> /home/abd/exp_ws/src/install/NEW_description/share/NEW_description/meshes
copying meshes/rfid_holder_1.stl -> /home/abd/exp_ws/src/install/NEW_description/share/NEW_description/meshes
copying meshes/left_front_wheel_1.stl -> /home/abd/exp_ws/src/install/NEW_description/share/NEW_description/meshes
copying meshes/left_back_wheel__1.stl -> /home/abd/exp_ws/src/install/NEW_description/share/NEW_description/meshes
copying meshes/right_back_wheel_1.stl -> /home/abd/exp_ws/src/install/NEW_description/share/NEW_description/meshes
creating /home/abd/exp_ws/src/install/NEW_description/share/NEW_description/config
copying config/display.rviz -> /home/abd/exp_ws/src/install/NEW_description/share/NEW_description/config
running install_egg_info
Copying ../../build/NEW_description/NEW_description.egg-info to /home/abd/exp_ws/src/install/NEW_description/lib/python3.10/site-packages/NEW_description-0.0.0-py3.10.egg-info
running install_scripts
writing list of installed files to '/home/abd/exp_ws/src/build/NEW_description/install.log'
