[0.147s] Invoking command in '/home/abd/exp_ws/src/build/crazyflie_interfaces': CMAKE_PREFIX_PATH=${CMAKE_PREFIX_PATH}:/home/abd/exp_ws/src/install/crazyflie_py:/opt/ros/humble /usr/bin/cmake --build /home/abd/exp_ws/src/build/crazyflie_interfaces -- -j12 -l12
[0.220s] [  0%] Built target crazyflie_interfaces__cpp
[0.227s] [ 12%] Built target crazyflie_interfaces__rosidl_generator_c
[0.253s] [ 12%] Built target ament_cmake_python_copy_crazyflie_interfaces
[0.313s] [ 13%] [32mBuilding CXX object CMakeFiles/crazyflie_interfaces__rosidl_typesupport_introspection_cpp.dir/rosidl_typesupport_introspection_cpp/crazyflie_interfaces/msg/detail/full_state__type_support.cpp.o[0m
[0.314s] [ 15%] [32mBuilding CXX object CMakeFiles/crazyflie_interfaces__rosidl_typesupport_fastrtps_c.dir/rosidl_typesupport_fastrtps_c/crazyflie_interfaces/msg/detail/full_state__type_support_c.cpp.o[0m
[0.317s] [ 14%] [32mBuilding CXX object CMakeFiles/crazyflie_interfaces__rosidl_typesupport_cpp.dir/rosidl_typesupport_cpp/crazyflie_interfaces/msg/log_data_generic__type_support.cpp.o[0m
[0.317s] [ 15%] [32mBuilding CXX object CMakeFiles/crazyflie_interfaces__rosidl_typesupport_introspection_cpp.dir/rosidl_typesupport_introspection_cpp/crazyflie_interfaces/msg/detail/hover__type_support.cpp.o[0m
[0.319s] [ 16%] [32mBuilding CXX object CMakeFiles/crazyflie_interfaces__rosidl_typesupport_fastrtps_cpp.dir/rosidl_typesupport_fastrtps_cpp/crazyflie_interfaces/msg/detail/dds_fastrtps/full_state__type_support.cpp.o[0m
[0.320s] [ 16%] [32mBuilding CXX object CMakeFiles/crazyflie_interfaces__rosidl_typesupport_introspection_cpp.dir/rosidl_typesupport_introspection_cpp/crazyflie_interfaces/msg/detail/log_data_generic__type_support.cpp.o[0m
[0.322s] [ 28%] Built target crazyflie_interfaces__rosidl_typesupport_introspection_c
[0.323s] [ 28%] [32mBuilding CXX object CMakeFiles/crazyflie_interfaces__rosidl_typesupport_cpp.dir/rosidl_typesupport_cpp/crazyflie_interfaces/msg/full_state__type_support.cpp.o[0m
[0.331s] [ 29%] [32mBuilding CXX object CMakeFiles/crazyflie_interfaces__rosidl_typesupport_cpp.dir/rosidl_typesupport_cpp/crazyflie_interfaces/msg/hover__type_support.cpp.o[0m
[0.331s] [ 41%] Built target crazyflie_interfaces__rosidl_typesupport_c
[0.332s] [ 42%] [32mBuilding CXX object CMakeFiles/crazyflie_interfaces__rosidl_typesupport_fastrtps_c.dir/rosidl_typesupport_fastrtps_c/crazyflie_interfaces/msg/detail/log_data_generic__type_support_c.cpp.o[0m
[0.364s] [ 43%] [32mBuilding CXX object CMakeFiles/crazyflie_interfaces__rosidl_typesupport_fastrtps_c.dir/rosidl_typesupport_fastrtps_c/crazyflie_interfaces/msg/detail/hover__type_support_c.cpp.o[0m
[0.421s] [ 44%] [32mBuilding CXX object CMakeFiles/crazyflie_interfaces__rosidl_typesupport_introspection_cpp.dir/rosidl_typesupport_introspection_cpp/crazyflie_interfaces/msg/detail/log_block__type_support.cpp.o[0m
[1.171s] running egg_info
[1.174s] writing crazyflie_interfaces.egg-info/PKG-INFO
[1.176s] writing dependency_links to crazyflie_interfaces.egg-info/dependency_links.txt
[1.178s] writing top-level names to crazyflie_interfaces.egg-info/top_level.txt
[1.185s] reading manifest file 'crazyflie_interfaces.egg-info/SOURCES.txt'
[1.191s] writing manifest file 'crazyflie_interfaces.egg-info/SOURCES.txt'
[1.256s] [ 44%] [32mBuilding CXX object CMakeFiles/crazyflie_interfaces__rosidl_typesupport_cpp.dir/rosidl_typesupport_cpp/crazyflie_interfaces/msg/log_block__type_support.cpp.o[0m
[1.317s] [ 44%] Built target ament_cmake_python_build_crazyflie_interfaces_egg
[1.389s] [ 45%] [32mBuilding CXX object CMakeFiles/crazyflie_interfaces__rosidl_typesupport_cpp.dir/rosidl_typesupport_cpp/crazyflie_interfaces/msg/position__type_support.cpp.o[0m
[1.408s] [ 45%] [32mBuilding CXX object CMakeFiles/crazyflie_interfaces__rosidl_typesupport_cpp.dir/rosidl_typesupport_cpp/crazyflie_interfaces/msg/trajectory_polynomial_piece__type_support.cpp.o[0m
[1.486s] [ 45%] [32mBuilding CXX object CMakeFiles/crazyflie_interfaces__rosidl_typesupport_fastrtps_cpp.dir/rosidl_typesupport_fastrtps_cpp/crazyflie_interfaces/msg/detail/dds_fastrtps/log_data_generic__type_support.cpp.o[0m
[1.495s] [ 46%] [32mBuilding CXX object CMakeFiles/crazyflie_interfaces__rosidl_typesupport_cpp.dir/rosidl_typesupport_cpp/crazyflie_interfaces/msg/velocity_world__type_support.cpp.o[0m
[1.524s] [ 46%] [32mBuilding CXX object CMakeFiles/crazyflie_interfaces__rosidl_typesupport_fastrtps_c.dir/rosidl_typesupport_fastrtps_c/crazyflie_interfaces/msg/detail/log_block__type_support_c.cpp.o[0m
[1.556s] [ 47%] [32mBuilding CXX object CMakeFiles/crazyflie_interfaces__rosidl_typesupport_fastrtps_c.dir/rosidl_typesupport_fastrtps_c/crazyflie_interfaces/msg/detail/position__type_support_c.cpp.o[0m
[1.644s] [ 47%] [32mBuilding CXX object CMakeFiles/crazyflie_interfaces__rosidl_typesupport_fastrtps_c.dir/rosidl_typesupport_fastrtps_c/crazyflie_interfaces/msg/detail/trajectory_polynomial_piece__type_support_c.cpp.o[0m
[1.659s] [ 47%] [32mBuilding CXX object CMakeFiles/crazyflie_interfaces__rosidl_typesupport_introspection_cpp.dir/rosidl_typesupport_introspection_cpp/crazyflie_interfaces/msg/detail/position__type_support.cpp.o[0m
[1.662s] [ 48%] [32mBuilding CXX object CMakeFiles/crazyflie_interfaces__rosidl_typesupport_cpp.dir/rosidl_typesupport_cpp/crazyflie_interfaces/srv/go_to__type_support.cpp.o[0m
[1.870s] [ 49%] [32mBuilding CXX object CMakeFiles/crazyflie_interfaces__rosidl_typesupport_introspection_cpp.dir/rosidl_typesupport_introspection_cpp/crazyflie_interfaces/msg/detail/trajectory_polynomial_piece__type_support.cpp.o[0m
[1.932s] [ 49%] [32mBuilding CXX object CMakeFiles/crazyflie_interfaces__rosidl_typesupport_introspection_cpp.dir/rosidl_typesupport_introspection_cpp/crazyflie_interfaces/msg/detail/velocity_world__type_support.cpp.o[0m
[2.148s] [ 49%] [32mBuilding CXX object CMakeFiles/crazyflie_interfaces__rosidl_typesupport_cpp.dir/rosidl_typesupport_cpp/crazyflie_interfaces/srv/land__type_support.cpp.o[0m
[2.161s] [ 50%] [32mBuilding CXX object CMakeFiles/crazyflie_interfaces__rosidl_typesupport_fastrtps_c.dir/rosidl_typesupport_fastrtps_c/crazyflie_interfaces/msg/detail/velocity_world__type_support_c.cpp.o[0m
[2.257s] [ 51%] [32mBuilding CXX object CMakeFiles/crazyflie_interfaces__rosidl_typesupport_fastrtps_c.dir/rosidl_typesupport_fastrtps_c/crazyflie_interfaces/srv/detail/go_to__type_support_c.cpp.o[0m
[2.274s] [ 52%] [32mBuilding CXX object CMakeFiles/crazyflie_interfaces__rosidl_typesupport_fastrtps_cpp.dir/rosidl_typesupport_fastrtps_cpp/crazyflie_interfaces/msg/detail/dds_fastrtps/hover__type_support.cpp.o[0m
[2.339s] [ 53%] [32mBuilding CXX object CMakeFiles/crazyflie_interfaces__rosidl_typesupport_fastrtps_cpp.dir/rosidl_typesupport_fastrtps_cpp/crazyflie_interfaces/msg/detail/dds_fastrtps/position__type_support.cpp.o[0m
[2.342s] [ 53%] [32mBuilding CXX object CMakeFiles/crazyflie_interfaces__rosidl_typesupport_fastrtps_cpp.dir/rosidl_typesupport_fastrtps_cpp/crazyflie_interfaces/msg/detail/dds_fastrtps/log_block__type_support.cpp.o[0m
[2.439s] [ 53%] [32mBuilding CXX object CMakeFiles/crazyflie_interfaces__rosidl_typesupport_fastrtps_c.dir/rosidl_typesupport_fastrtps_c/crazyflie_interfaces/srv/detail/land__type_support_c.cpp.o[0m
[2.445s] [ 54%] [32mBuilding CXX object CMakeFiles/crazyflie_interfaces__rosidl_typesupport_cpp.dir/rosidl_typesupport_cpp/crazyflie_interfaces/srv/notify_setpoints_stop__type_support.cpp.o[0m
[2.465s] [ 55%] [32mBuilding CXX object CMakeFiles/crazyflie_interfaces__rosidl_typesupport_fastrtps_c.dir/rosidl_typesupport_fastrtps_c/crazyflie_interfaces/srv/detail/notify_setpoints_stop__type_support_c.cpp.o[0m
[2.577s] [ 56%] [32mBuilding CXX object CMakeFiles/crazyflie_interfaces__rosidl_typesupport_introspection_cpp.dir/rosidl_typesupport_introspection_cpp/crazyflie_interfaces/srv/detail/go_to__type_support.cpp.o[0m
[2.683s] [ 56%] [32mBuilding CXX object CMakeFiles/crazyflie_interfaces__rosidl_typesupport_cpp.dir/rosidl_typesupport_cpp/crazyflie_interfaces/srv/set_group_mask__type_support.cpp.o[0m
[2.811s] [ 57%] [32mBuilding CXX object CMakeFiles/crazyflie_interfaces__rosidl_typesupport_introspection_cpp.dir/rosidl_typesupport_introspection_cpp/crazyflie_interfaces/srv/detail/land__type_support.cpp.o[0m
[2.871s] [ 58%] [32mBuilding CXX object CMakeFiles/crazyflie_interfaces__rosidl_typesupport_cpp.dir/rosidl_typesupport_cpp/crazyflie_interfaces/srv/start_trajectory__type_support.cpp.o[0m
[2.881s] [ 59%] [32mBuilding CXX object CMakeFiles/crazyflie_interfaces__rosidl_typesupport_cpp.dir/rosidl_typesupport_cpp/crazyflie_interfaces/srv/stop__type_support.cpp.o[0m
[3.082s] [ 59%] [32mBuilding CXX object CMakeFiles/crazyflie_interfaces__rosidl_typesupport_fastrtps_cpp.dir/rosidl_typesupport_fastrtps_cpp/crazyflie_interfaces/msg/detail/dds_fastrtps/velocity_world__type_support.cpp.o[0m
[3.096s] [ 60%] [32mBuilding CXX object CMakeFiles/crazyflie_interfaces__rosidl_typesupport_fastrtps_cpp.dir/rosidl_typesupport_fastrtps_cpp/crazyflie_interfaces/msg/detail/dds_fastrtps/trajectory_polynomial_piece__type_support.cpp.o[0m
[3.119s] [ 60%] [32mBuilding CXX object CMakeFiles/crazyflie_interfaces__rosidl_typesupport_fastrtps_c.dir/rosidl_typesupport_fastrtps_c/crazyflie_interfaces/srv/detail/set_group_mask__type_support_c.cpp.o[0m
[3.183s] [ 61%] [32mBuilding CXX object CMakeFiles/crazyflie_interfaces__rosidl_typesupport_fastrtps_c.dir/rosidl_typesupport_fastrtps_c/crazyflie_interfaces/srv/detail/start_trajectory__type_support_c.cpp.o[0m
[3.207s] [ 62%] [32mBuilding CXX object CMakeFiles/crazyflie_interfaces__rosidl_typesupport_fastrtps_cpp.dir/rosidl_typesupport_fastrtps_cpp/crazyflie_interfaces/srv/detail/dds_fastrtps/go_to__type_support.cpp.o[0m
[3.288s] [ 62%] [32mBuilding CXX object CMakeFiles/crazyflie_interfaces__rosidl_typesupport_cpp.dir/rosidl_typesupport_cpp/crazyflie_interfaces/srv/takeoff__type_support.cpp.o[0m
[3.399s] [ 62%] [32mBuilding CXX object CMakeFiles/crazyflie_interfaces__rosidl_typesupport_fastrtps_cpp.dir/rosidl_typesupport_fastrtps_cpp/crazyflie_interfaces/srv/detail/dds_fastrtps/land__type_support.cpp.o[0m
[3.418s] [ 62%] [32mBuilding CXX object CMakeFiles/crazyflie_interfaces__rosidl_typesupport_introspection_cpp.dir/rosidl_typesupport_introspection_cpp/crazyflie_interfaces/srv/detail/notify_setpoints_stop__type_support.cpp.o[0m
[3.424s] [ 63%] [32mBuilding CXX object CMakeFiles/crazyflie_interfaces__rosidl_typesupport_fastrtps_c.dir/rosidl_typesupport_fastrtps_c/crazyflie_interfaces/srv/detail/stop__type_support_c.cpp.o[0m
[3.448s] [ 64%] [32mBuilding CXX object CMakeFiles/crazyflie_interfaces__rosidl_typesupport_cpp.dir/rosidl_typesupport_cpp/crazyflie_interfaces/srv/update_params__type_support.cpp.o[0m
[3.543s] [ 64%] [32mBuilding CXX object CMakeFiles/crazyflie_interfaces__rosidl_typesupport_cpp.dir/rosidl_typesupport_cpp/crazyflie_interfaces/srv/upload_trajectory__type_support.cpp.o[0m
[3.754s] [ 65%] [32mBuilding CXX object CMakeFiles/crazyflie_interfaces__rosidl_typesupport_cpp.dir/rosidl_typesupport_cpp/crazyflie_interfaces/srv/remove_logging__type_support.cpp.o[0m
[3.836s] [ 65%] [32mBuilding CXX object CMakeFiles/crazyflie_interfaces__rosidl_typesupport_fastrtps_c.dir/rosidl_typesupport_fastrtps_c/crazyflie_interfaces/srv/detail/takeoff__type_support_c.cpp.o[0m
[3.870s] [ 66%] [32mBuilding CXX object CMakeFiles/crazyflie_interfaces__rosidl_typesupport_cpp.dir/rosidl_typesupport_cpp/crazyflie_interfaces/srv/add_logging__type_support.cpp.o[0m
[3.978s] [ 67%] [32mBuilding CXX object CMakeFiles/crazyflie_interfaces__rosidl_typesupport_fastrtps_cpp.dir/rosidl_typesupport_fastrtps_cpp/crazyflie_interfaces/srv/detail/dds_fastrtps/notify_setpoints_stop__type_support.cpp.o[0m
[4.012s] [ 68%] [32mBuilding CXX object CMakeFiles/crazyflie_interfaces__rosidl_typesupport_fastrtps_c.dir/rosidl_typesupport_fastrtps_c/crazyflie_interfaces/srv/detail/update_params__type_support_c.cpp.o[0m
[4.129s] [ 69%] [32mBuilding CXX object CMakeFiles/crazyflie_interfaces__rosidl_typesupport_fastrtps_cpp.dir/rosidl_typesupport_fastrtps_cpp/crazyflie_interfaces/srv/detail/dds_fastrtps/set_group_mask__type_support.cpp.o[0m
[4.172s] [ 69%] [32mBuilding CXX object CMakeFiles/crazyflie_interfaces__rosidl_typesupport_fastrtps_cpp.dir/rosidl_typesupport_fastrtps_cpp/crazyflie_interfaces/srv/detail/dds_fastrtps/start_trajectory__type_support.cpp.o[0m
[4.191s] [ 70%] [32mBuilding CXX object CMakeFiles/crazyflie_interfaces__rosidl_typesupport_fastrtps_cpp.dir/rosidl_typesupport_fastrtps_cpp/crazyflie_interfaces/srv/detail/dds_fastrtps/stop__type_support.cpp.o[0m
[4.223s] [ 70%] [32mBuilding CXX object CMakeFiles/crazyflie_interfaces__rosidl_typesupport_fastrtps_cpp.dir/rosidl_typesupport_fastrtps_cpp/crazyflie_interfaces/srv/detail/dds_fastrtps/takeoff__type_support.cpp.o[0m
[4.285s] [ 71%] [32mBuilding CXX object CMakeFiles/crazyflie_interfaces__rosidl_typesupport_introspection_cpp.dir/rosidl_typesupport_introspection_cpp/crazyflie_interfaces/srv/detail/set_group_mask__type_support.cpp.o[0m
[4.292s] [ 72%] [32mBuilding CXX object CMakeFiles/crazyflie_interfaces__rosidl_typesupport_fastrtps_cpp.dir/rosidl_typesupport_fastrtps_cpp/crazyflie_interfaces/srv/detail/dds_fastrtps/update_params__type_support.cpp.o[0m
[4.332s] [ 73%] [32mBuilding CXX object CMakeFiles/crazyflie_interfaces__rosidl_typesupport_introspection_cpp.dir/rosidl_typesupport_introspection_cpp/crazyflie_interfaces/srv/detail/stop__type_support.cpp.o[0m
[4.333s] [ 73%] [32mBuilding CXX object CMakeFiles/crazyflie_interfaces__rosidl_typesupport_introspection_cpp.dir/rosidl_typesupport_introspection_cpp/crazyflie_interfaces/srv/detail/start_trajectory__type_support.cpp.o[0m
[4.497s] [ 73%] [32m[1mLinking CXX shared library libcrazyflie_interfaces__rosidl_typesupport_cpp.so[0m
[4.630s] [ 74%] [32mBuilding CXX object CMakeFiles/crazyflie_interfaces__rosidl_typesupport_fastrtps_cpp.dir/rosidl_typesupport_fastrtps_cpp/crazyflie_interfaces/srv/detail/dds_fastrtps/upload_trajectory__type_support.cpp.o[0m
[4.765s] [ 75%] Built target crazyflie_interfaces__rosidl_typesupport_cpp
[4.784s] [ 75%] [32mBuilding CXX object CMakeFiles/crazyflie_interfaces__rosidl_typesupport_fastrtps_cpp.dir/rosidl_typesupport_fastrtps_cpp/crazyflie_interfaces/srv/detail/dds_fastrtps/remove_logging__type_support.cpp.o[0m
[4.852s] [ 75%] [32mBuilding CXX object CMakeFiles/crazyflie_interfaces__rosidl_typesupport_fastrtps_c.dir/rosidl_typesupport_fastrtps_c/crazyflie_interfaces/srv/detail/upload_trajectory__type_support_c.cpp.o[0m
[4.894s] [ 76%] [32mBuilding CXX object CMakeFiles/crazyflie_interfaces__rosidl_typesupport_fastrtps_cpp.dir/rosidl_typesupport_fastrtps_cpp/crazyflie_interfaces/srv/detail/dds_fastrtps/add_logging__type_support.cpp.o[0m
[4.956s] [ 77%] [32mBuilding CXX object CMakeFiles/crazyflie_interfaces__rosidl_typesupport_fastrtps_c.dir/rosidl_typesupport_fastrtps_c/crazyflie_interfaces/srv/detail/remove_logging__type_support_c.cpp.o[0m
[5.049s] [ 78%] [32mBuilding CXX object CMakeFiles/crazyflie_interfaces__rosidl_typesupport_introspection_cpp.dir/rosidl_typesupport_introspection_cpp/crazyflie_interfaces/srv/detail/takeoff__type_support.cpp.o[0m
[5.052s] [ 78%] [32mBuilding CXX object CMakeFiles/crazyflie_interfaces__rosidl_typesupport_introspection_cpp.dir/rosidl_typesupport_introspection_cpp/crazyflie_interfaces/srv/detail/update_params__type_support.cpp.o[0m
[5.053s] [ 79%] [32mBuilding CXX object CMakeFiles/crazyflie_interfaces__rosidl_typesupport_fastrtps_c.dir/rosidl_typesupport_fastrtps_c/crazyflie_interfaces/srv/detail/add_logging__type_support_c.cpp.o[0m
[5.121s] [ 80%] [32mBuilding CXX object CMakeFiles/crazyflie_interfaces__rosidl_typesupport_introspection_cpp.dir/rosidl_typesupport_introspection_cpp/crazyflie_interfaces/srv/detail/upload_trajectory__type_support.cpp.o[0m
[5.211s] [ 80%] [32mBuilding CXX object CMakeFiles/crazyflie_interfaces__rosidl_typesupport_introspection_cpp.dir/rosidl_typesupport_introspection_cpp/crazyflie_interfaces/srv/detail/remove_logging__type_support.cpp.o[0m
[5.239s] [ 81%] [32mBuilding CXX object CMakeFiles/crazyflie_interfaces__rosidl_typesupport_introspection_cpp.dir/rosidl_typesupport_introspection_cpp/crazyflie_interfaces/srv/detail/add_logging__type_support.cpp.o[0m
[5.834s] [ 81%] [32m[1mLinking CXX shared library libcrazyflie_interfaces__rosidl_typesupport_fastrtps_cpp.so[0m
[5.835s] [ 81%] [32m[1mLinking CXX shared library libcrazyflie_interfaces__rosidl_typesupport_fastrtps_c.so[0m
[6.001s] [ 83%] Built target crazyflie_interfaces__rosidl_typesupport_fastrtps_cpp
[6.001s] [ 83%] Built target crazyflie_interfaces__rosidl_typesupport_fastrtps_c
[6.083s] [ 84%] [32m[1mLinking CXX shared library libcrazyflie_interfaces__rosidl_typesupport_introspection_cpp.so[0m
[6.320s] [ 84%] Built target crazyflie_interfaces__rosidl_typesupport_introspection_cpp
[6.453s] [ 84%] Built target crazyflie_interfaces
[6.545s] [ 85%] Built target crazyflie_interfaces__py
[6.636s] [ 86%] [32mBuilding C object CMakeFiles/crazyflie_interfaces__rosidl_generator_py.dir/rosidl_generator_py/crazyflie_interfaces/msg/_log_data_generic_s.c.o[0m
[6.648s] [ 86%] [32mBuilding C object CMakeFiles/crazyflie_interfaces__rosidl_generator_py.dir/rosidl_generator_py/crazyflie_interfaces/msg/_full_state_s.c.o[0m
[6.660s] [ 86%] [32mBuilding C object CMakeFiles/crazyflie_interfaces__rosidl_generator_py.dir/rosidl_generator_py/crazyflie_interfaces/msg/_hover_s.c.o[0m
[6.683s] [ 87%] [32mBuilding C object CMakeFiles/crazyflie_interfaces__rosidl_generator_py.dir/rosidl_generator_py/crazyflie_interfaces/msg/_log_block_s.c.o[0m
[6.752s] [ 87%] [32mBuilding C object CMakeFiles/crazyflie_interfaces__rosidl_generator_py.dir/rosidl_generator_py/crazyflie_interfaces/msg/_trajectory_polynomial_piece_s.c.o[0m
[6.755s] [ 88%] [32mBuilding C object CMakeFiles/crazyflie_interfaces__rosidl_generator_py.dir/rosidl_generator_py/crazyflie_interfaces/msg/_position_s.c.o[0m
[6.765s] [ 89%] [32mBuilding C object CMakeFiles/crazyflie_interfaces__rosidl_generator_py.dir/rosidl_generator_py/crazyflie_interfaces/msg/_velocity_world_s.c.o[0m
[6.815s] [ 89%] [32mBuilding C object CMakeFiles/crazyflie_interfaces__rosidl_generator_py.dir/rosidl_generator_py/crazyflie_interfaces/srv/_go_to_s.c.o[0m
[6.925s] [ 90%] [32mBuilding C object CMakeFiles/crazyflie_interfaces__rosidl_generator_py.dir/rosidl_generator_py/crazyflie_interfaces/srv/_land_s.c.o[0m
[6.928s] [ 91%] [32mBuilding C object CMakeFiles/crazyflie_interfaces__rosidl_generator_py.dir/rosidl_generator_py/crazyflie_interfaces/srv/_notify_setpoints_stop_s.c.o[0m
[6.937s] [ 91%] [32mBuilding C object CMakeFiles/crazyflie_interfaces__rosidl_generator_py.dir/rosidl_generator_py/crazyflie_interfaces/srv/_set_group_mask_s.c.o[0m
[6.945s] [ 92%] [32mBuilding C object CMakeFiles/crazyflie_interfaces__rosidl_generator_py.dir/rosidl_generator_py/crazyflie_interfaces/srv/_start_trajectory_s.c.o[0m
[7.022s] [ 93%] [32mBuilding C object CMakeFiles/crazyflie_interfaces__rosidl_generator_py.dir/rosidl_generator_py/crazyflie_interfaces/srv/_takeoff_s.c.o[0m
[7.027s] [ 93%] [32mBuilding C object CMakeFiles/crazyflie_interfaces__rosidl_generator_py.dir/rosidl_generator_py/crazyflie_interfaces/srv/_stop_s.c.o[0m
[7.121s] [ 94%] [32mBuilding C object CMakeFiles/crazyflie_interfaces__rosidl_generator_py.dir/rosidl_generator_py/crazyflie_interfaces/srv/_update_params_s.c.o[0m
[7.153s] [ 94%] [32mBuilding C object CMakeFiles/crazyflie_interfaces__rosidl_generator_py.dir/rosidl_generator_py/crazyflie_interfaces/srv/_upload_trajectory_s.c.o[0m
[7.183s] [ 95%] [32mBuilding C object CMakeFiles/crazyflie_interfaces__rosidl_generator_py.dir/rosidl_generator_py/crazyflie_interfaces/srv/_remove_logging_s.c.o[0m
[7.264s] [ 95%] [32mBuilding C object CMakeFiles/crazyflie_interfaces__rosidl_generator_py.dir/rosidl_generator_py/crazyflie_interfaces/srv/_add_logging_s.c.o[0m
[7.685s] [ 96%] [32m[1mLinking C shared library rosidl_generator_py/crazyflie_interfaces/libcrazyflie_interfaces__rosidl_generator_py.so[0m
[7.846s] [ 96%] Built target crazyflie_interfaces__rosidl_generator_py
[7.947s] [ 97%] [32mBuilding C object CMakeFiles/crazyflie_interfaces__rosidl_typesupport_introspection_c__pyext.dir/rosidl_generator_py/crazyflie_interfaces/_crazyflie_interfaces_s.ep.rosidl_typesupport_introspection_c.c.o[0m
[7.996s] [ 98%] [32mBuilding C object CMakeFiles/crazyflie_interfaces__rosidl_typesupport_fastrtps_c__pyext.dir/rosidl_generator_py/crazyflie_interfaces/_crazyflie_interfaces_s.ep.rosidl_typesupport_fastrtps_c.c.o[0m
[8.015s] [ 99%] [32mBuilding C object CMakeFiles/crazyflie_interfaces__rosidl_typesupport_c__pyext.dir/rosidl_generator_py/crazyflie_interfaces/_crazyflie_interfaces_s.ep.rosidl_typesupport_c.c.o[0m
[8.664s] [100%] [32m[1mLinking C shared library rosidl_generator_py/crazyflie_interfaces/crazyflie_interfaces_s__rosidl_typesupport_introspection_c.cpython-310-x86_64-linux-gnu.so[0m
[8.692s] [100%] [32m[1mLinking C shared library rosidl_generator_py/crazyflie_interfaces/crazyflie_interfaces_s__rosidl_typesupport_fastrtps_c.cpython-310-x86_64-linux-gnu.so[0m
[8.801s] [100%] [32m[1mLinking C shared library rosidl_generator_py/crazyflie_interfaces/crazyflie_interfaces_s__rosidl_typesupport_c.cpython-310-x86_64-linux-gnu.so[0m
[8.900s] [100%] Built target crazyflie_interfaces__rosidl_typesupport_introspection_c__pyext
[8.960s] [100%] Built target crazyflie_interfaces__rosidl_typesupport_fastrtps_c__pyext
[9.075s] [100%] Built target crazyflie_interfaces__rosidl_typesupport_c__pyext
[9.157s] Invoked command in '/home/abd/exp_ws/src/build/crazyflie_interfaces' returned '0': CMAKE_PREFIX_PATH=${CMAKE_PREFIX_PATH}:/home/abd/exp_ws/src/install/crazyflie_py:/opt/ros/humble /usr/bin/cmake --build /home/abd/exp_ws/src/build/crazyflie_interfaces -- -j12 -l12
[12.381s] Invoking command in '/home/abd/exp_ws/src/build/crazyflie_interfaces': CMAKE_PREFIX_PATH=${CMAKE_PREFIX_PATH}:/home/abd/exp_ws/src/install/crazyflie_py:/opt/ros/humble /usr/bin/cmake --install /home/abd/exp_ws/src/build/crazyflie_interfaces
[12.397s] -- Install configuration: ""
[12.398s] -- Up-to-date: /home/abd/exp_ws/src/install/crazyflie_interfaces/share/ament_index/resource_index/rosidl_interfaces/crazyflie_interfaces
[12.398s] -- Up-to-date: /home/abd/exp_ws/src/install/crazyflie_interfaces/include/crazyflie_interfaces/crazyflie_interfaces
[12.399s] -- Up-to-date: /home/abd/exp_ws/src/install/crazyflie_interfaces/include/crazyflie_interfaces/crazyflie_interfaces/msg
[12.405s] -- Up-to-date: /home/abd/exp_ws/src/install/crazyflie_interfaces/include/crazyflie_interfaces/crazyflie_interfaces/msg/trajectory_polynomial_piece.h
[12.406s] -- Up-to-date: /home/abd/exp_ws/src/install/crazyflie_interfaces/include/crazyflie_interfaces/crazyflie_interfaces/msg/velocity_world.h
[12.406s] -- Up-to-date: /home/abd/exp_ws/src/install/crazyflie_interfaces/include/crazyflie_interfaces/crazyflie_interfaces/msg/position.h
[12.406s] -- Up-to-date: /home/abd/exp_ws/src/install/crazyflie_interfaces/include/crazyflie_interfaces/crazyflie_interfaces/msg/rosidl_generator_c__visibility_control.h
[12.406s] -- Up-to-date: /home/abd/exp_ws/src/install/crazyflie_interfaces/include/crazyflie_interfaces/crazyflie_interfaces/msg/full_state.h
[12.407s] -- Up-to-date: /home/abd/exp_ws/src/install/crazyflie_interfaces/include/crazyflie_interfaces/crazyflie_interfaces/msg/detail
[12.407s] -- Up-to-date: /home/abd/exp_ws/src/install/crazyflie_interfaces/include/crazyflie_interfaces/crazyflie_interfaces/msg/detail/log_data_generic__functions.c
[12.407s] -- Up-to-date: /home/abd/exp_ws/src/install/crazyflie_interfaces/include/crazyflie_interfaces/crazyflie_interfaces/msg/detail/log_data_generic__struct.h
[12.407s] -- Up-to-date: /home/abd/exp_ws/src/install/crazyflie_interfaces/include/crazyflie_interfaces/crazyflie_interfaces/msg/detail/position__type_support.h
[12.407s] -- Up-to-date: /home/abd/exp_ws/src/install/crazyflie_interfaces/include/crazyflie_interfaces/crazyflie_interfaces/msg/detail/full_state__type_support.h
[12.407s] -- Up-to-date: /home/abd/exp_ws/src/install/crazyflie_interfaces/include/crazyflie_interfaces/crazyflie_interfaces/msg/detail/position__functions.c
[12.407s] -- Up-to-date: /home/abd/exp_ws/src/install/crazyflie_interfaces/include/crazyflie_interfaces/crazyflie_interfaces/msg/detail/trajectory_polynomial_piece__functions.c
[12.408s] -- Up-to-date: /home/abd/exp_ws/src/install/crazyflie_interfaces/include/crazyflie_interfaces/crazyflie_interfaces/msg/detail/hover__struct.h
[12.408s] -- Up-to-date: /home/abd/exp_ws/src/install/crazyflie_interfaces/include/crazyflie_interfaces/crazyflie_interfaces/msg/detail/log_block__functions.h
[12.408s] -- Up-to-date: /home/abd/exp_ws/src/install/crazyflie_interfaces/include/crazyflie_interfaces/crazyflie_interfaces/msg/detail/hover__functions.c
[12.408s] -- Up-to-date: /home/abd/exp_ws/src/install/crazyflie_interfaces/include/crazyflie_interfaces/crazyflie_interfaces/msg/detail/full_state__functions.h
[12.408s] -- Up-to-date: /home/abd/exp_ws/src/install/crazyflie_interfaces/include/crazyflie_interfaces/crazyflie_interfaces/msg/detail/full_state__functions.c
[12.408s] -- Up-to-date: /home/abd/exp_ws/src/install/crazyflie_interfaces/include/crazyflie_interfaces/crazyflie_interfaces/msg/detail/log_block__struct.h
[12.408s] -- Up-to-date: /home/abd/exp_ws/src/install/crazyflie_interfaces/include/crazyflie_interfaces/crazyflie_interfaces/msg/detail/log_data_generic__type_support.h
[12.409s] -- Up-to-date: /home/abd/exp_ws/src/install/crazyflie_interfaces/include/crazyflie_interfaces/crazyflie_interfaces/msg/detail/velocity_world__type_support.h
[12.409s] -- Up-to-date: /home/abd/exp_ws/src/install/crazyflie_interfaces/include/crazyflie_interfaces/crazyflie_interfaces/msg/detail/position__struct.h
[12.409s] -- Up-to-date: /home/abd/exp_ws/src/install/crazyflie_interfaces/include/crazyflie_interfaces/crazyflie_interfaces/msg/detail/full_state__struct.h
[12.410s] -- Up-to-date: /home/abd/exp_ws/src/install/crazyflie_interfaces/include/crazyflie_interfaces/crazyflie_interfaces/msg/detail/position__functions.h
[12.410s] -- Up-to-date: /home/abd/exp_ws/src/install/crazyflie_interfaces/include/crazyflie_interfaces/crazyflie_interfaces/msg/detail/log_block__functions.c
[12.410s] -- Up-to-date: /home/abd/exp_ws/src/install/crazyflie_interfaces/include/crazyflie_interfaces/crazyflie_interfaces/msg/detail/trajectory_polynomial_piece__type_support.h
[12.410s] -- Up-to-date: /home/abd/exp_ws/src/install/crazyflie_interfaces/include/crazyflie_interfaces/crazyflie_interfaces/msg/detail/log_data_generic__functions.h
[12.411s] -- Up-to-date: /home/abd/exp_ws/src/install/crazyflie_interfaces/include/crazyflie_interfaces/crazyflie_interfaces/msg/detail/trajectory_polynomial_piece__functions.h
[12.411s] -- Up-to-date: /home/abd/exp_ws/src/install/crazyflie_interfaces/include/crazyflie_interfaces/crazyflie_interfaces/msg/detail/hover__functions.h
[12.411s] -- Up-to-date: /home/abd/exp_ws/src/install/crazyflie_interfaces/include/crazyflie_interfaces/crazyflie_interfaces/msg/detail/log_block__type_support.h
[12.411s] -- Up-to-date: /home/abd/exp_ws/src/install/crazyflie_interfaces/include/crazyflie_interfaces/crazyflie_interfaces/msg/detail/velocity_world__functions.c
[12.411s] -- Up-to-date: /home/abd/exp_ws/src/install/crazyflie_interfaces/include/crazyflie_interfaces/crazyflie_interfaces/msg/detail/velocity_world__functions.h
[12.412s] -- Up-to-date: /home/abd/exp_ws/src/install/crazyflie_interfaces/include/crazyflie_interfaces/crazyflie_interfaces/msg/detail/velocity_world__struct.h
[12.412s] -- Up-to-date: /home/abd/exp_ws/src/install/crazyflie_interfaces/include/crazyflie_interfaces/crazyflie_interfaces/msg/detail/trajectory_polynomial_piece__struct.h
[12.412s] -- Up-to-date: /home/abd/exp_ws/src/install/crazyflie_interfaces/include/crazyflie_interfaces/crazyflie_interfaces/msg/detail/hover__type_support.h
[12.412s] -- Up-to-date: /home/abd/exp_ws/src/install/crazyflie_interfaces/include/crazyflie_interfaces/crazyflie_interfaces/msg/log_block.h
[12.412s] -- Up-to-date: /home/abd/exp_ws/src/install/crazyflie_interfaces/include/crazyflie_interfaces/crazyflie_interfaces/msg/log_data_generic.h
[12.412s] -- Up-to-date: /home/abd/exp_ws/src/install/crazyflie_interfaces/include/crazyflie_interfaces/crazyflie_interfaces/msg/hover.h
[12.412s] -- Up-to-date: /home/abd/exp_ws/src/install/crazyflie_interfaces/include/crazyflie_interfaces/crazyflie_interfaces/srv
[12.413s] -- Up-to-date: /home/abd/exp_ws/src/install/crazyflie_interfaces/include/crazyflie_interfaces/crazyflie_interfaces/srv/set_group_mask.h
[12.413s] -- Up-to-date: /home/abd/exp_ws/src/install/crazyflie_interfaces/include/crazyflie_interfaces/crazyflie_interfaces/srv/remove_logging.h
[12.417s] -- Up-to-date: /home/abd/exp_ws/src/install/crazyflie_interfaces/include/crazyflie_interfaces/crazyflie_interfaces/srv/takeoff.h
[12.417s] -- Up-to-date: /home/abd/exp_ws/src/install/crazyflie_interfaces/include/crazyflie_interfaces/crazyflie_interfaces/srv/detail
[12.418s] -- Up-to-date: /home/abd/exp_ws/src/install/crazyflie_interfaces/include/crazyflie_interfaces/crazyflie_interfaces/srv/detail/update_params__functions.h
[12.418s] -- Up-to-date: /home/abd/exp_ws/src/install/crazyflie_interfaces/include/crazyflie_interfaces/crazyflie_interfaces/srv/detail/upload_trajectory__functions.c
[12.418s] -- Up-to-date: /home/abd/exp_ws/src/install/crazyflie_interfaces/include/crazyflie_interfaces/crazyflie_interfaces/srv/detail/land__functions.h
[12.418s] -- Up-to-date: /home/abd/exp_ws/src/install/crazyflie_interfaces/include/crazyflie_interfaces/crazyflie_interfaces/srv/detail/set_group_mask__type_support.h
[12.418s] -- Up-to-date: /home/abd/exp_ws/src/install/crazyflie_interfaces/include/crazyflie_interfaces/crazyflie_interfaces/srv/detail/upload_trajectory__type_support.h
[12.418s] -- Up-to-date: /home/abd/exp_ws/src/install/crazyflie_interfaces/include/crazyflie_interfaces/crazyflie_interfaces/srv/detail/notify_setpoints_stop__type_support.h
[12.418s] -- Up-to-date: /home/abd/exp_ws/src/install/crazyflie_interfaces/include/crazyflie_interfaces/crazyflie_interfaces/srv/detail/remove_logging__functions.h
[12.419s] -- Up-to-date: /home/abd/exp_ws/src/install/crazyflie_interfaces/include/crazyflie_interfaces/crazyflie_interfaces/srv/detail/set_group_mask__functions.c
[12.419s] -- Up-to-date: /home/abd/exp_ws/src/install/crazyflie_interfaces/include/crazyflie_interfaces/crazyflie_interfaces/srv/detail/land__struct.h
[12.419s] -- Up-to-date: /home/abd/exp_ws/src/install/crazyflie_interfaces/include/crazyflie_interfaces/crazyflie_interfaces/srv/detail/takeoff__functions.c
[12.419s] -- Up-to-date: /home/abd/exp_ws/src/install/crazyflie_interfaces/include/crazyflie_interfaces/crazyflie_interfaces/srv/detail/update_params__functions.c
[12.420s] -- Up-to-date: /home/abd/exp_ws/src/install/crazyflie_interfaces/include/crazyflie_interfaces/crazyflie_interfaces/srv/detail/start_trajectory__type_support.h
[12.420s] -- Up-to-date: /home/abd/exp_ws/src/install/crazyflie_interfaces/include/crazyflie_interfaces/crazyflie_interfaces/srv/detail/notify_setpoints_stop__functions.c
[12.420s] -- Up-to-date: /home/abd/exp_ws/src/install/crazyflie_interfaces/include/crazyflie_interfaces/crazyflie_interfaces/srv/detail/set_group_mask__struct.h
[12.421s] -- Up-to-date: /home/abd/exp_ws/src/install/crazyflie_interfaces/include/crazyflie_interfaces/crazyflie_interfaces/srv/detail/start_trajectory__struct.h
[12.421s] -- Up-to-date: /home/abd/exp_ws/src/install/crazyflie_interfaces/include/crazyflie_interfaces/crazyflie_interfaces/srv/detail/go_to__type_support.h
[12.421s] -- Up-to-date: /home/abd/exp_ws/src/install/crazyflie_interfaces/include/crazyflie_interfaces/crazyflie_interfaces/srv/detail/notify_setpoints_stop__functions.h
[12.422s] -- Up-to-date: /home/abd/exp_ws/src/install/crazyflie_interfaces/include/crazyflie_interfaces/crazyflie_interfaces/srv/detail/add_logging__functions.h
[12.422s] -- Up-to-date: /home/abd/exp_ws/src/install/crazyflie_interfaces/include/crazyflie_interfaces/crazyflie_interfaces/srv/detail/add_logging__functions.c
[12.425s] -- Up-to-date: /home/abd/exp_ws/src/install/crazyflie_interfaces/include/crazyflie_interfaces/crazyflie_interfaces/srv/detail/remove_logging__type_support.h
[12.426s] -- Up-to-date: /home/abd/exp_ws/src/install/crazyflie_interfaces/include/crazyflie_interfaces/crazyflie_interfaces/srv/detail/set_group_mask__functions.h
[12.426s] -- Up-to-date: /home/abd/exp_ws/src/install/crazyflie_interfaces/include/crazyflie_interfaces/crazyflie_interfaces/srv/detail/remove_logging__struct.h
[12.426s] -- Up-to-date: /home/abd/exp_ws/src/install/crazyflie_interfaces/include/crazyflie_interfaces/crazyflie_interfaces/srv/detail/land__functions.c
[12.426s] -- Up-to-date: /home/abd/exp_ws/src/install/crazyflie_interfaces/include/crazyflie_interfaces/crazyflie_interfaces/srv/detail/add_logging__struct.h
[12.427s] -- Up-to-date: /home/abd/exp_ws/src/install/crazyflie_interfaces/include/crazyflie_interfaces/crazyflie_interfaces/srv/detail/add_logging__type_support.h
[12.427s] -- Up-to-date: /home/abd/exp_ws/src/install/crazyflie_interfaces/include/crazyflie_interfaces/crazyflie_interfaces/srv/detail/stop__struct.h
[12.427s] -- Up-to-date: /home/abd/exp_ws/src/install/crazyflie_interfaces/include/crazyflie_interfaces/crazyflie_interfaces/srv/detail/go_to__functions.c
[12.427s] -- Up-to-date: /home/abd/exp_ws/src/install/crazyflie_interfaces/include/crazyflie_interfaces/crazyflie_interfaces/srv/detail/start_trajectory__functions.c
[12.427s] -- Up-to-date: /home/abd/exp_ws/src/install/crazyflie_interfaces/include/crazyflie_interfaces/crazyflie_interfaces/srv/detail/notify_setpoints_stop__struct.h
[12.427s] -- Up-to-date: /home/abd/exp_ws/src/install/crazyflie_interfaces/include/crazyflie_interfaces/crazyflie_interfaces/srv/detail/stop__type_support.h
[12.428s] -- Up-to-date: /home/abd/exp_ws/src/install/crazyflie_interfaces/include/crazyflie_interfaces/crazyflie_interfaces/srv/detail/stop__functions.h
[12.428s] -- Up-to-date: /home/abd/exp_ws/src/install/crazyflie_interfaces/include/crazyflie_interfaces/crazyflie_interfaces/srv/detail/update_params__struct.h
[12.428s] -- Up-to-date: /home/abd/exp_ws/src/install/crazyflie_interfaces/include/crazyflie_interfaces/crazyflie_interfaces/srv/detail/takeoff__functions.h
[12.428s] -- Up-to-date: /home/abd/exp_ws/src/install/crazyflie_interfaces/include/crazyflie_interfaces/crazyflie_interfaces/srv/detail/stop__functions.c
[12.428s] -- Up-to-date: /home/abd/exp_ws/src/install/crazyflie_interfaces/include/crazyflie_interfaces/crazyflie_interfaces/srv/detail/takeoff__type_support.h
[12.428s] -- Up-to-date: /home/abd/exp_ws/src/install/crazyflie_interfaces/include/crazyflie_interfaces/crazyflie_interfaces/srv/detail/go_to__struct.h
[12.428s] -- Up-to-date: /home/abd/exp_ws/src/install/crazyflie_interfaces/include/crazyflie_interfaces/crazyflie_interfaces/srv/detail/update_params__type_support.h
[12.429s] -- Up-to-date: /home/abd/exp_ws/src/install/crazyflie_interfaces/include/crazyflie_interfaces/crazyflie_interfaces/srv/detail/start_trajectory__functions.h
[12.433s] -- Up-to-date: /home/abd/exp_ws/src/install/crazyflie_interfaces/include/crazyflie_interfaces/crazyflie_interfaces/srv/detail/go_to__functions.h
[12.434s] -- Up-to-date: /home/abd/exp_ws/src/install/crazyflie_interfaces/include/crazyflie_interfaces/crazyflie_interfaces/srv/detail/remove_logging__functions.c
[12.434s] -- Up-to-date: /home/abd/exp_ws/src/install/crazyflie_interfaces/include/crazyflie_interfaces/crazyflie_interfaces/srv/detail/upload_trajectory__struct.h
[12.434s] -- Up-to-date: /home/abd/exp_ws/src/install/crazyflie_interfaces/include/crazyflie_interfaces/crazyflie_interfaces/srv/detail/takeoff__struct.h
[12.434s] -- Up-to-date: /home/abd/exp_ws/src/install/crazyflie_interfaces/include/crazyflie_interfaces/crazyflie_interfaces/srv/detail/upload_trajectory__functions.h
[12.434s] -- Up-to-date: /home/abd/exp_ws/src/install/crazyflie_interfaces/include/crazyflie_interfaces/crazyflie_interfaces/srv/detail/land__type_support.h
[12.435s] -- Up-to-date: /home/abd/exp_ws/src/install/crazyflie_interfaces/include/crazyflie_interfaces/crazyflie_interfaces/srv/land.h
[12.435s] -- Up-to-date: /home/abd/exp_ws/src/install/crazyflie_interfaces/include/crazyflie_interfaces/crazyflie_interfaces/srv/add_logging.h
[12.435s] -- Up-to-date: /home/abd/exp_ws/src/install/crazyflie_interfaces/include/crazyflie_interfaces/crazyflie_interfaces/srv/upload_trajectory.h
[12.436s] -- Up-to-date: /home/abd/exp_ws/src/install/crazyflie_interfaces/include/crazyflie_interfaces/crazyflie_interfaces/srv/notify_setpoints_stop.h
[12.436s] -- Up-to-date: /home/abd/exp_ws/src/install/crazyflie_interfaces/include/crazyflie_interfaces/crazyflie_interfaces/srv/stop.h
[12.436s] -- Up-to-date: /home/abd/exp_ws/src/install/crazyflie_interfaces/include/crazyflie_interfaces/crazyflie_interfaces/srv/update_params.h
[12.436s] -- Up-to-date: /home/abd/exp_ws/src/install/crazyflie_interfaces/include/crazyflie_interfaces/crazyflie_interfaces/srv/start_trajectory.h
[12.437s] -- Up-to-date: /home/abd/exp_ws/src/install/crazyflie_interfaces/include/crazyflie_interfaces/crazyflie_interfaces/srv/go_to.h
[12.437s] -- Up-to-date: /home/abd/exp_ws/src/install/crazyflie_interfaces/share/crazyflie_interfaces/environment/library_path.sh
[12.437s] -- Up-to-date: /home/abd/exp_ws/src/install/crazyflie_interfaces/share/crazyflie_interfaces/environment/library_path.dsv
[12.437s] -- Up-to-date: /home/abd/exp_ws/src/install/crazyflie_interfaces/lib/libcrazyflie_interfaces__rosidl_generator_c.so
[12.437s] -- Up-to-date: /home/abd/exp_ws/src/install/crazyflie_interfaces/include/crazyflie_interfaces/crazyflie_interfaces
[12.438s] -- Up-to-date: /home/abd/exp_ws/src/install/crazyflie_interfaces/include/crazyflie_interfaces/crazyflie_interfaces/msg
[12.438s] -- Up-to-date: /home/abd/exp_ws/src/install/crazyflie_interfaces/include/crazyflie_interfaces/crazyflie_interfaces/msg/detail
[12.438s] -- Up-to-date: /home/abd/exp_ws/src/install/crazyflie_interfaces/include/crazyflie_interfaces/crazyflie_interfaces/msg/detail/velocity_world__rosidl_typesupport_fastrtps_c.h
[12.441s] -- Up-to-date: /home/abd/exp_ws/src/install/crazyflie_interfaces/include/crazyflie_interfaces/crazyflie_interfaces/msg/detail/hover__rosidl_typesupport_fastrtps_c.h
[12.441s] -- Up-to-date: /home/abd/exp_ws/src/install/crazyflie_interfaces/include/crazyflie_interfaces/crazyflie_interfaces/msg/detail/position__rosidl_typesupport_fastrtps_c.h
[12.442s] -- Up-to-date: /home/abd/exp_ws/src/install/crazyflie_interfaces/include/crazyflie_interfaces/crazyflie_interfaces/msg/detail/log_block__rosidl_typesupport_fastrtps_c.h
[12.442s] -- Up-to-date: /home/abd/exp_ws/src/install/crazyflie_interfaces/include/crazyflie_interfaces/crazyflie_interfaces/msg/detail/trajectory_polynomial_piece__rosidl_typesupport_fastrtps_c.h
[12.442s] -- Up-to-date: /home/abd/exp_ws/src/install/crazyflie_interfaces/include/crazyflie_interfaces/crazyflie_interfaces/msg/detail/full_state__rosidl_typesupport_fastrtps_c.h
[12.442s] -- Up-to-date: /home/abd/exp_ws/src/install/crazyflie_interfaces/include/crazyflie_interfaces/crazyflie_interfaces/msg/detail/log_data_generic__rosidl_typesupport_fastrtps_c.h
[12.442s] -- Up-to-date: /home/abd/exp_ws/src/install/crazyflie_interfaces/include/crazyflie_interfaces/crazyflie_interfaces/msg/rosidl_typesupport_fastrtps_c__visibility_control.h
[12.443s] -- Up-to-date: /home/abd/exp_ws/src/install/crazyflie_interfaces/include/crazyflie_interfaces/crazyflie_interfaces/srv
[12.443s] -- Up-to-date: /home/abd/exp_ws/src/install/crazyflie_interfaces/include/crazyflie_interfaces/crazyflie_interfaces/srv/detail
[12.443s] -- Up-to-date: /home/abd/exp_ws/src/install/crazyflie_interfaces/include/crazyflie_interfaces/crazyflie_interfaces/srv/detail/remove_logging__rosidl_typesupport_fastrtps_c.h
[12.443s] -- Up-to-date: /home/abd/exp_ws/src/install/crazyflie_interfaces/include/crazyflie_interfaces/crazyflie_interfaces/srv/detail/set_group_mask__rosidl_typesupport_fastrtps_c.h
[12.443s] -- Up-to-date: /home/abd/exp_ws/src/install/crazyflie_interfaces/include/crazyflie_interfaces/crazyflie_interfaces/srv/detail/add_logging__rosidl_typesupport_fastrtps_c.h
[12.444s] -- Up-to-date: /home/abd/exp_ws/src/install/crazyflie_interfaces/include/crazyflie_interfaces/crazyflie_interfaces/srv/detail/notify_setpoints_stop__rosidl_typesupport_fastrtps_c.h
[12.444s] -- Up-to-date: /home/abd/exp_ws/src/install/crazyflie_interfaces/include/crazyflie_interfaces/crazyflie_interfaces/srv/detail/start_trajectory__rosidl_typesupport_fastrtps_c.h
[12.444s] -- Up-to-date: /home/abd/exp_ws/src/install/crazyflie_interfaces/include/crazyflie_interfaces/crazyflie_interfaces/srv/detail/takeoff__rosidl_typesupport_fastrtps_c.h
[12.444s] -- Up-to-date: /home/abd/exp_ws/src/install/crazyflie_interfaces/include/crazyflie_interfaces/crazyflie_interfaces/srv/detail/go_to__rosidl_typesupport_fastrtps_c.h
[12.444s] -- Up-to-date: /home/abd/exp_ws/src/install/crazyflie_interfaces/include/crazyflie_interfaces/crazyflie_interfaces/srv/detail/update_params__rosidl_typesupport_fastrtps_c.h
[12.444s] -- Up-to-date: /home/abd/exp_ws/src/install/crazyflie_interfaces/include/crazyflie_interfaces/crazyflie_interfaces/srv/detail/upload_trajectory__rosidl_typesupport_fastrtps_c.h
[12.445s] -- Up-to-date: /home/abd/exp_ws/src/install/crazyflie_interfaces/include/crazyflie_interfaces/crazyflie_interfaces/srv/detail/stop__rosidl_typesupport_fastrtps_c.h
[12.449s] -- Up-to-date: /home/abd/exp_ws/src/install/crazyflie_interfaces/include/crazyflie_interfaces/crazyflie_interfaces/srv/detail/land__rosidl_typesupport_fastrtps_c.h
[12.450s] -- Installing: /home/abd/exp_ws/src/install/crazyflie_interfaces/lib/libcrazyflie_interfaces__rosidl_typesupport_fastrtps_c.so
[12.450s] -- Set runtime path of "/home/abd/exp_ws/src/install/crazyflie_interfaces/lib/libcrazyflie_interfaces__rosidl_typesupport_fastrtps_c.so" to ""
[12.450s] -- Up-to-date: /home/abd/exp_ws/src/install/crazyflie_interfaces/include/crazyflie_interfaces/crazyflie_interfaces
[12.450s] -- Up-to-date: /home/abd/exp_ws/src/install/crazyflie_interfaces/include/crazyflie_interfaces/crazyflie_interfaces/msg
[12.450s] -- Up-to-date: /home/abd/exp_ws/src/install/crazyflie_interfaces/include/crazyflie_interfaces/crazyflie_interfaces/msg/hover.hpp
[12.450s] -- Up-to-date: /home/abd/exp_ws/src/install/crazyflie_interfaces/include/crazyflie_interfaces/crazyflie_interfaces/msg/trajectory_polynomial_piece.hpp
[12.451s] -- Up-to-date: /home/abd/exp_ws/src/install/crazyflie_interfaces/include/crazyflie_interfaces/crazyflie_interfaces/msg/velocity_world.hpp
[12.451s] -- Up-to-date: /home/abd/exp_ws/src/install/crazyflie_interfaces/include/crazyflie_interfaces/crazyflie_interfaces/msg/log_data_generic.hpp
[12.451s] -- Up-to-date: /home/abd/exp_ws/src/install/crazyflie_interfaces/include/crazyflie_interfaces/crazyflie_interfaces/msg/detail
[12.451s] -- Up-to-date: /home/abd/exp_ws/src/install/crazyflie_interfaces/include/crazyflie_interfaces/crazyflie_interfaces/msg/detail/log_data_generic__traits.hpp
[12.451s] -- Up-to-date: /home/abd/exp_ws/src/install/crazyflie_interfaces/include/crazyflie_interfaces/crazyflie_interfaces/msg/detail/trajectory_polynomial_piece__traits.hpp
[12.451s] -- Up-to-date: /home/abd/exp_ws/src/install/crazyflie_interfaces/include/crazyflie_interfaces/crazyflie_interfaces/msg/detail/log_block__traits.hpp
[12.451s] -- Up-to-date: /home/abd/exp_ws/src/install/crazyflie_interfaces/include/crazyflie_interfaces/crazyflie_interfaces/msg/detail/velocity_world__builder.hpp
[12.452s] -- Up-to-date: /home/abd/exp_ws/src/install/crazyflie_interfaces/include/crazyflie_interfaces/crazyflie_interfaces/msg/detail/trajectory_polynomial_piece__struct.hpp
[12.452s] -- Up-to-date: /home/abd/exp_ws/src/install/crazyflie_interfaces/include/crazyflie_interfaces/crazyflie_interfaces/msg/detail/hover__builder.hpp
[12.452s] -- Up-to-date: /home/abd/exp_ws/src/install/crazyflie_interfaces/include/crazyflie_interfaces/crazyflie_interfaces/msg/detail/position__struct.hpp
[12.452s] -- Up-to-date: /home/abd/exp_ws/src/install/crazyflie_interfaces/include/crazyflie_interfaces/crazyflie_interfaces/msg/detail/velocity_world__struct.hpp
[12.452s] -- Up-to-date: /home/abd/exp_ws/src/install/crazyflie_interfaces/include/crazyflie_interfaces/crazyflie_interfaces/msg/detail/position__traits.hpp
[12.452s] -- Up-to-date: /home/abd/exp_ws/src/install/crazyflie_interfaces/include/crazyflie_interfaces/crazyflie_interfaces/msg/detail/hover__traits.hpp
[12.453s] -- Up-to-date: /home/abd/exp_ws/src/install/crazyflie_interfaces/include/crazyflie_interfaces/crazyflie_interfaces/msg/detail/log_block__builder.hpp
[12.453s] -- Up-to-date: /home/abd/exp_ws/src/install/crazyflie_interfaces/include/crazyflie_interfaces/crazyflie_interfaces/msg/detail/log_data_generic__struct.hpp
[12.453s] -- Up-to-date: /home/abd/exp_ws/src/install/crazyflie_interfaces/include/crazyflie_interfaces/crazyflie_interfaces/msg/detail/hover__struct.hpp
[12.453s] -- Up-to-date: /home/abd/exp_ws/src/install/crazyflie_interfaces/include/crazyflie_interfaces/crazyflie_interfaces/msg/detail/full_state__builder.hpp
[12.453s] -- Up-to-date: /home/abd/exp_ws/src/install/crazyflie_interfaces/include/crazyflie_interfaces/crazyflie_interfaces/msg/detail/full_state__traits.hpp
[12.453s] -- Up-to-date: /home/abd/exp_ws/src/install/crazyflie_interfaces/include/crazyflie_interfaces/crazyflie_interfaces/msg/detail/trajectory_polynomial_piece__builder.hpp
[12.453s] -- Up-to-date: /home/abd/exp_ws/src/install/crazyflie_interfaces/include/crazyflie_interfaces/crazyflie_interfaces/msg/detail/velocity_world__traits.hpp
[12.454s] -- Up-to-date: /home/abd/exp_ws/src/install/crazyflie_interfaces/include/crazyflie_interfaces/crazyflie_interfaces/msg/detail/log_data_generic__builder.hpp
[12.454s] -- Up-to-date: /home/abd/exp_ws/src/install/crazyflie_interfaces/include/crazyflie_interfaces/crazyflie_interfaces/msg/detail/full_state__struct.hpp
[12.454s] -- Up-to-date: /home/abd/exp_ws/src/install/crazyflie_interfaces/include/crazyflie_interfaces/crazyflie_interfaces/msg/detail/log_block__struct.hpp
[12.454s] -- Up-to-date: /home/abd/exp_ws/src/install/crazyflie_interfaces/include/crazyflie_interfaces/crazyflie_interfaces/msg/detail/position__builder.hpp
[12.454s] -- Up-to-date: /home/abd/exp_ws/src/install/crazyflie_interfaces/include/crazyflie_interfaces/crazyflie_interfaces/msg/position.hpp
[12.454s] -- Up-to-date: /home/abd/exp_ws/src/install/crazyflie_interfaces/include/crazyflie_interfaces/crazyflie_interfaces/msg/full_state.hpp
[12.454s] -- Up-to-date: /home/abd/exp_ws/src/install/crazyflie_interfaces/include/crazyflie_interfaces/crazyflie_interfaces/msg/log_block.hpp
[12.455s] -- Up-to-date: /home/abd/exp_ws/src/install/crazyflie_interfaces/include/crazyflie_interfaces/crazyflie_interfaces/srv
[12.455s] -- Up-to-date: /home/abd/exp_ws/src/install/crazyflie_interfaces/include/crazyflie_interfaces/crazyflie_interfaces/srv/add_logging.hpp
[12.455s] -- Up-to-date: /home/abd/exp_ws/src/install/crazyflie_interfaces/include/crazyflie_interfaces/crazyflie_interfaces/srv/go_to.hpp
[12.455s] -- Up-to-date: /home/abd/exp_ws/src/install/crazyflie_interfaces/include/crazyflie_interfaces/crazyflie_interfaces/srv/start_trajectory.hpp
[12.455s] -- Up-to-date: /home/abd/exp_ws/src/install/crazyflie_interfaces/include/crazyflie_interfaces/crazyflie_interfaces/srv/land.hpp
[12.455s] -- Up-to-date: /home/abd/exp_ws/src/install/crazyflie_interfaces/include/crazyflie_interfaces/crazyflie_interfaces/srv/detail
[12.455s] -- Up-to-date: /home/abd/exp_ws/src/install/crazyflie_interfaces/include/crazyflie_interfaces/crazyflie_interfaces/srv/detail/notify_setpoints_stop__builder.hpp
[12.456s] -- Up-to-date: /home/abd/exp_ws/src/install/crazyflie_interfaces/include/crazyflie_interfaces/crazyflie_interfaces/srv/detail/go_to__struct.hpp
[12.456s] -- Up-to-date: /home/abd/exp_ws/src/install/crazyflie_interfaces/include/crazyflie_interfaces/crazyflie_interfaces/srv/detail/remove_logging__builder.hpp
[12.456s] -- Up-to-date: /home/abd/exp_ws/src/install/crazyflie_interfaces/include/crazyflie_interfaces/crazyflie_interfaces/srv/detail/stop__traits.hpp
[12.456s] -- Up-to-date: /home/abd/exp_ws/src/install/crazyflie_interfaces/include/crazyflie_interfaces/crazyflie_interfaces/srv/detail/takeoff__traits.hpp
[12.456s] -- Up-to-date: /home/abd/exp_ws/src/install/crazyflie_interfaces/include/crazyflie_interfaces/crazyflie_interfaces/srv/detail/notify_setpoints_stop__struct.hpp
[12.456s] -- Up-to-date: /home/abd/exp_ws/src/install/crazyflie_interfaces/include/crazyflie_interfaces/crazyflie_interfaces/srv/detail/start_trajectory__builder.hpp
[12.457s] -- Up-to-date: /home/abd/exp_ws/src/install/crazyflie_interfaces/include/crazyflie_interfaces/crazyflie_interfaces/srv/detail/takeoff__builder.hpp
[12.457s] -- Up-to-date: /home/abd/exp_ws/src/install/crazyflie_interfaces/include/crazyflie_interfaces/crazyflie_interfaces/srv/detail/start_trajectory__struct.hpp
[12.457s] -- Up-to-date: /home/abd/exp_ws/src/install/crazyflie_interfaces/include/crazyflie_interfaces/crazyflie_interfaces/srv/detail/go_to__builder.hpp
[12.457s] -- Up-to-date: /home/abd/exp_ws/src/install/crazyflie_interfaces/include/crazyflie_interfaces/crazyflie_interfaces/srv/detail/notify_setpoints_stop__traits.hpp
[12.457s] -- Up-to-date: /home/abd/exp_ws/src/install/crazyflie_interfaces/include/crazyflie_interfaces/crazyflie_interfaces/srv/detail/add_logging__builder.hpp
[12.457s] -- Up-to-date: /home/abd/exp_ws/src/install/crazyflie_interfaces/include/crazyflie_interfaces/crazyflie_interfaces/srv/detail/upload_trajectory__builder.hpp
[12.458s] -- Up-to-date: /home/abd/exp_ws/src/install/crazyflie_interfaces/include/crazyflie_interfaces/crazyflie_interfaces/srv/detail/stop__struct.hpp
[12.458s] -- Up-to-date: /home/abd/exp_ws/src/install/crazyflie_interfaces/include/crazyflie_interfaces/crazyflie_interfaces/srv/detail/add_logging__struct.hpp
[12.458s] -- Up-to-date: /home/abd/exp_ws/src/install/crazyflie_interfaces/include/crazyflie_interfaces/crazyflie_interfaces/srv/detail/takeoff__struct.hpp
[12.458s] -- Up-to-date: /home/abd/exp_ws/src/install/crazyflie_interfaces/include/crazyflie_interfaces/crazyflie_interfaces/srv/detail/remove_logging__traits.hpp
[12.458s] -- Up-to-date: /home/abd/exp_ws/src/install/crazyflie_interfaces/include/crazyflie_interfaces/crazyflie_interfaces/srv/detail/set_group_mask__struct.hpp
[12.458s] -- Up-to-date: /home/abd/exp_ws/src/install/crazyflie_interfaces/include/crazyflie_interfaces/crazyflie_interfaces/srv/detail/set_group_mask__traits.hpp
[12.458s] -- Up-to-date: /home/abd/exp_ws/src/install/crazyflie_interfaces/include/crazyflie_interfaces/crazyflie_interfaces/srv/detail/land__traits.hpp
[12.459s] -- Up-to-date: /home/abd/exp_ws/src/install/crazyflie_interfaces/include/crazyflie_interfaces/crazyflie_interfaces/srv/detail/go_to__traits.hpp
[12.459s] -- Up-to-date: /home/abd/exp_ws/src/install/crazyflie_interfaces/include/crazyflie_interfaces/crazyflie_interfaces/srv/detail/land__struct.hpp
[12.459s] -- Up-to-date: /home/abd/exp_ws/src/install/crazyflie_interfaces/include/crazyflie_interfaces/crazyflie_interfaces/srv/detail/stop__builder.hpp
[12.459s] -- Up-to-date: /home/abd/exp_ws/src/install/crazyflie_interfaces/include/crazyflie_interfaces/crazyflie_interfaces/srv/detail/upload_trajectory__traits.hpp
[12.459s] -- Up-to-date: /home/abd/exp_ws/src/install/crazyflie_interfaces/include/crazyflie_interfaces/crazyflie_interfaces/srv/detail/update_params__struct.hpp
[12.459s] -- Up-to-date: /home/abd/exp_ws/src/install/crazyflie_interfaces/include/crazyflie_interfaces/crazyflie_interfaces/srv/detail/update_params__traits.hpp
[12.459s] -- Up-to-date: /home/abd/exp_ws/src/install/crazyflie_interfaces/include/crazyflie_interfaces/crazyflie_interfaces/srv/detail/land__builder.hpp
[12.459s] -- Up-to-date: /home/abd/exp_ws/src/install/crazyflie_interfaces/include/crazyflie_interfaces/crazyflie_interfaces/srv/detail/add_logging__traits.hpp
[12.460s] -- Up-to-date: /home/abd/exp_ws/src/install/crazyflie_interfaces/include/crazyflie_interfaces/crazyflie_interfaces/srv/detail/remove_logging__struct.hpp
[12.460s] -- Up-to-date: /home/abd/exp_ws/src/install/crazyflie_interfaces/include/crazyflie_interfaces/crazyflie_interfaces/srv/detail/set_group_mask__builder.hpp
[12.460s] -- Up-to-date: /home/abd/exp_ws/src/install/crazyflie_interfaces/include/crazyflie_interfaces/crazyflie_interfaces/srv/detail/update_params__builder.hpp
[12.460s] -- Up-to-date: /home/abd/exp_ws/src/install/crazyflie_interfaces/include/crazyflie_interfaces/crazyflie_interfaces/srv/detail/upload_trajectory__struct.hpp
[12.460s] -- Up-to-date: /home/abd/exp_ws/src/install/crazyflie_interfaces/include/crazyflie_interfaces/crazyflie_interfaces/srv/detail/start_trajectory__traits.hpp
[12.460s] -- Up-to-date: /home/abd/exp_ws/src/install/crazyflie_interfaces/include/crazyflie_interfaces/crazyflie_interfaces/srv/set_group_mask.hpp
[12.461s] -- Up-to-date: /home/abd/exp_ws/src/install/crazyflie_interfaces/include/crazyflie_interfaces/crazyflie_interfaces/srv/update_params.hpp
[12.461s] -- Up-to-date: /home/abd/exp_ws/src/install/crazyflie_interfaces/include/crazyflie_interfaces/crazyflie_interfaces/srv/upload_trajectory.hpp
[12.461s] -- Up-to-date: /home/abd/exp_ws/src/install/crazyflie_interfaces/include/crazyflie_interfaces/crazyflie_interfaces/srv/stop.hpp
[12.461s] -- Up-to-date: /home/abd/exp_ws/src/install/crazyflie_interfaces/include/crazyflie_interfaces/crazyflie_interfaces/srv/remove_logging.hpp
[12.461s] -- Up-to-date: /home/abd/exp_ws/src/install/crazyflie_interfaces/include/crazyflie_interfaces/crazyflie_interfaces/srv/notify_setpoints_stop.hpp
[12.461s] -- Up-to-date: /home/abd/exp_ws/src/install/crazyflie_interfaces/include/crazyflie_interfaces/crazyflie_interfaces/srv/takeoff.hpp
[12.462s] -- Up-to-date: /home/abd/exp_ws/src/install/crazyflie_interfaces/include/crazyflie_interfaces/crazyflie_interfaces
[12.462s] -- Up-to-date: /home/abd/exp_ws/src/install/crazyflie_interfaces/include/crazyflie_interfaces/crazyflie_interfaces/msg
[12.462s] -- Up-to-date: /home/abd/exp_ws/src/install/crazyflie_interfaces/include/crazyflie_interfaces/crazyflie_interfaces/msg/detail
[12.462s] -- Up-to-date: /home/abd/exp_ws/src/install/crazyflie_interfaces/include/crazyflie_interfaces/crazyflie_interfaces/msg/detail/hover__rosidl_typesupport_fastrtps_cpp.hpp
[12.462s] -- Up-to-date: /home/abd/exp_ws/src/install/crazyflie_interfaces/include/crazyflie_interfaces/crazyflie_interfaces/msg/detail/full_state__rosidl_typesupport_fastrtps_cpp.hpp
[12.462s] -- Up-to-date: /home/abd/exp_ws/src/install/crazyflie_interfaces/include/crazyflie_interfaces/crazyflie_interfaces/msg/detail/velocity_world__rosidl_typesupport_fastrtps_cpp.hpp
[12.462s] -- Up-to-date: /home/abd/exp_ws/src/install/crazyflie_interfaces/include/crazyflie_interfaces/crazyflie_interfaces/msg/detail/log_block__rosidl_typesupport_fastrtps_cpp.hpp
[12.463s] -- Up-to-date: /home/abd/exp_ws/src/install/crazyflie_interfaces/include/crazyflie_interfaces/crazyflie_interfaces/msg/detail/trajectory_polynomial_piece__rosidl_typesupport_fastrtps_cpp.hpp
[12.463s] -- Up-to-date: /home/abd/exp_ws/src/install/crazyflie_interfaces/include/crazyflie_interfaces/crazyflie_interfaces/msg/detail/dds_fastrtps
[12.463s] -- Up-to-date: /home/abd/exp_ws/src/install/crazyflie_interfaces/include/crazyflie_interfaces/crazyflie_interfaces/msg/detail/log_data_generic__rosidl_typesupport_fastrtps_cpp.hpp
[12.463s] -- Up-to-date: /home/abd/exp_ws/src/install/crazyflie_interfaces/include/crazyflie_interfaces/crazyflie_interfaces/msg/detail/position__rosidl_typesupport_fastrtps_cpp.hpp
[12.463s] -- Up-to-date: /home/abd/exp_ws/src/install/crazyflie_interfaces/include/crazyflie_interfaces/crazyflie_interfaces/msg/rosidl_typesupport_fastrtps_cpp__visibility_control.h
[12.463s] -- Up-to-date: /home/abd/exp_ws/src/install/crazyflie_interfaces/include/crazyflie_interfaces/crazyflie_interfaces/srv
[12.463s] -- Up-to-date: /home/abd/exp_ws/src/install/crazyflie_interfaces/include/crazyflie_interfaces/crazyflie_interfaces/srv/detail
[12.464s] -- Up-to-date: /home/abd/exp_ws/src/install/crazyflie_interfaces/include/crazyflie_interfaces/crazyflie_interfaces/srv/detail/go_to__rosidl_typesupport_fastrtps_cpp.hpp
[12.464s] -- Up-to-date: /home/abd/exp_ws/src/install/crazyflie_interfaces/include/crazyflie_interfaces/crazyflie_interfaces/srv/detail/land__rosidl_typesupport_fastrtps_cpp.hpp
[12.464s] -- Up-to-date: /home/abd/exp_ws/src/install/crazyflie_interfaces/include/crazyflie_interfaces/crazyflie_interfaces/srv/detail/add_logging__rosidl_typesupport_fastrtps_cpp.hpp
[12.464s] -- Up-to-date: /home/abd/exp_ws/src/install/crazyflie_interfaces/include/crazyflie_interfaces/crazyflie_interfaces/srv/detail/update_params__rosidl_typesupport_fastrtps_cpp.hpp
[12.464s] -- Up-to-date: /home/abd/exp_ws/src/install/crazyflie_interfaces/include/crazyflie_interfaces/crazyflie_interfaces/srv/detail/start_trajectory__rosidl_typesupport_fastrtps_cpp.hpp
[12.464s] -- Up-to-date: /home/abd/exp_ws/src/install/crazyflie_interfaces/include/crazyflie_interfaces/crazyflie_interfaces/srv/detail/set_group_mask__rosidl_typesupport_fastrtps_cpp.hpp
[12.464s] -- Up-to-date: /home/abd/exp_ws/src/install/crazyflie_interfaces/include/crazyflie_interfaces/crazyflie_interfaces/srv/detail/stop__rosidl_typesupport_fastrtps_cpp.hpp
[12.465s] -- Up-to-date: /home/abd/exp_ws/src/install/crazyflie_interfaces/include/crazyflie_interfaces/crazyflie_interfaces/srv/detail/upload_trajectory__rosidl_typesupport_fastrtps_cpp.hpp
[12.465s] -- Up-to-date: /home/abd/exp_ws/src/install/crazyflie_interfaces/include/crazyflie_interfaces/crazyflie_interfaces/srv/detail/dds_fastrtps
[12.465s] -- Up-to-date: /home/abd/exp_ws/src/install/crazyflie_interfaces/include/crazyflie_interfaces/crazyflie_interfaces/srv/detail/notify_setpoints_stop__rosidl_typesupport_fastrtps_cpp.hpp
[12.465s] -- Up-to-date: /home/abd/exp_ws/src/install/crazyflie_interfaces/include/crazyflie_interfaces/crazyflie_interfaces/srv/detail/remove_logging__rosidl_typesupport_fastrtps_cpp.hpp
[12.465s] -- Up-to-date: /home/abd/exp_ws/src/install/crazyflie_interfaces/include/crazyflie_interfaces/crazyflie_interfaces/srv/detail/takeoff__rosidl_typesupport_fastrtps_cpp.hpp
[12.465s] -- Installing: /home/abd/exp_ws/src/install/crazyflie_interfaces/lib/libcrazyflie_interfaces__rosidl_typesupport_fastrtps_cpp.so
[12.466s] -- Set runtime path of "/home/abd/exp_ws/src/install/crazyflie_interfaces/lib/libcrazyflie_interfaces__rosidl_typesupport_fastrtps_cpp.so" to ""
[12.466s] -- Up-to-date: /home/abd/exp_ws/src/install/crazyflie_interfaces/include/crazyflie_interfaces/crazyflie_interfaces
[12.466s] -- Up-to-date: /home/abd/exp_ws/src/install/crazyflie_interfaces/include/crazyflie_interfaces/crazyflie_interfaces/msg
[12.466s] -- Up-to-date: /home/abd/exp_ws/src/install/crazyflie_interfaces/include/crazyflie_interfaces/crazyflie_interfaces/msg/rosidl_typesupport_introspection_c__visibility_control.h
[12.466s] -- Up-to-date: /home/abd/exp_ws/src/install/crazyflie_interfaces/include/crazyflie_interfaces/crazyflie_interfaces/msg/detail
[12.466s] -- Up-to-date: /home/abd/exp_ws/src/install/crazyflie_interfaces/include/crazyflie_interfaces/crazyflie_interfaces/msg/detail/hover__type_support.c
[12.466s] -- Up-to-date: /home/abd/exp_ws/src/install/crazyflie_interfaces/include/crazyflie_interfaces/crazyflie_interfaces/msg/detail/velocity_world__type_support.c
[12.467s] -- Up-to-date: /home/abd/exp_ws/src/install/crazyflie_interfaces/include/crazyflie_interfaces/crazyflie_interfaces/msg/detail/log_data_generic__rosidl_typesupport_introspection_c.h
[12.467s] -- Up-to-date: /home/abd/exp_ws/src/install/crazyflie_interfaces/include/crazyflie_interfaces/crazyflie_interfaces/msg/detail/log_block__rosidl_typesupport_introspection_c.h
[12.467s] -- Up-to-date: /home/abd/exp_ws/src/install/crazyflie_interfaces/include/crazyflie_interfaces/crazyflie_interfaces/msg/detail/trajectory_polynomial_piece__type_support.c
[12.467s] -- Up-to-date: /home/abd/exp_ws/src/install/crazyflie_interfaces/include/crazyflie_interfaces/crazyflie_interfaces/msg/detail/hover__rosidl_typesupport_introspection_c.h
[12.467s] -- Up-to-date: /home/abd/exp_ws/src/install/crazyflie_interfaces/include/crazyflie_interfaces/crazyflie_interfaces/msg/detail/full_state__type_support.c
[12.467s] -- Up-to-date: /home/abd/exp_ws/src/install/crazyflie_interfaces/include/crazyflie_interfaces/crazyflie_interfaces/msg/detail/position__rosidl_typesupport_introspection_c.h
[12.467s] -- Up-to-date: /home/abd/exp_ws/src/install/crazyflie_interfaces/include/crazyflie_interfaces/crazyflie_interfaces/msg/detail/full_state__rosidl_typesupport_introspection_c.h
[12.468s] -- Up-to-date: /home/abd/exp_ws/src/install/crazyflie_interfaces/include/crazyflie_interfaces/crazyflie_interfaces/msg/detail/log_block__type_support.c
[12.468s] -- Up-to-date: /home/abd/exp_ws/src/install/crazyflie_interfaces/include/crazyflie_interfaces/crazyflie_interfaces/msg/detail/trajectory_polynomial_piece__rosidl_typesupport_introspection_c.h
[12.468s] -- Up-to-date: /home/abd/exp_ws/src/install/crazyflie_interfaces/include/crazyflie_interfaces/crazyflie_interfaces/msg/detail/velocity_world__rosidl_typesupport_introspection_c.h
[12.468s] -- Up-to-date: /home/abd/exp_ws/src/install/crazyflie_interfaces/include/crazyflie_interfaces/crazyflie_interfaces/msg/detail/position__type_support.c
[12.468s] -- Up-to-date: /home/abd/exp_ws/src/install/crazyflie_interfaces/include/crazyflie_interfaces/crazyflie_interfaces/msg/detail/log_data_generic__type_support.c
[12.468s] -- Up-to-date: /home/abd/exp_ws/src/install/crazyflie_interfaces/include/crazyflie_interfaces/crazyflie_interfaces/srv
[12.468s] -- Up-to-date: /home/abd/exp_ws/src/install/crazyflie_interfaces/include/crazyflie_interfaces/crazyflie_interfaces/srv/detail
[12.469s] -- Up-to-date: /home/abd/exp_ws/src/install/crazyflie_interfaces/include/crazyflie_interfaces/crazyflie_interfaces/srv/detail/takeoff__type_support.c
[12.469s] -- Up-to-date: /home/abd/exp_ws/src/install/crazyflie_interfaces/include/crazyflie_interfaces/crazyflie_interfaces/srv/detail/start_trajectory__rosidl_typesupport_introspection_c.h
[12.469s] -- Up-to-date: /home/abd/exp_ws/src/install/crazyflie_interfaces/include/crazyflie_interfaces/crazyflie_interfaces/srv/detail/stop__rosidl_typesupport_introspection_c.h
[12.469s] -- Up-to-date: /home/abd/exp_ws/src/install/crazyflie_interfaces/include/crazyflie_interfaces/crazyflie_interfaces/srv/detail/land__rosidl_typesupport_introspection_c.h
[12.469s] -- Up-to-date: /home/abd/exp_ws/src/install/crazyflie_interfaces/include/crazyflie_interfaces/crazyflie_interfaces/srv/detail/upload_trajectory__rosidl_typesupport_introspection_c.h
[12.469s] -- Up-to-date: /home/abd/exp_ws/src/install/crazyflie_interfaces/include/crazyflie_interfaces/crazyflie_interfaces/srv/detail/update_params__rosidl_typesupport_introspection_c.h
[12.470s] -- Up-to-date: /home/abd/exp_ws/src/install/crazyflie_interfaces/include/crazyflie_interfaces/crazyflie_interfaces/srv/detail/set_group_mask__rosidl_typesupport_introspection_c.h
[12.470s] -- Up-to-date: /home/abd/exp_ws/src/install/crazyflie_interfaces/include/crazyflie_interfaces/crazyflie_interfaces/srv/detail/takeoff__rosidl_typesupport_introspection_c.h
[12.470s] -- Up-to-date: /home/abd/exp_ws/src/install/crazyflie_interfaces/include/crazyflie_interfaces/crazyflie_interfaces/srv/detail/notify_setpoints_stop__rosidl_typesupport_introspection_c.h
[12.470s] -- Up-to-date: /home/abd/exp_ws/src/install/crazyflie_interfaces/include/crazyflie_interfaces/crazyflie_interfaces/srv/detail/add_logging__rosidl_typesupport_introspection_c.h
[12.470s] -- Up-to-date: /home/abd/exp_ws/src/install/crazyflie_interfaces/include/crazyflie_interfaces/crazyflie_interfaces/srv/detail/go_to__rosidl_typesupport_introspection_c.h
[12.470s] -- Up-to-date: /home/abd/exp_ws/src/install/crazyflie_interfaces/include/crazyflie_interfaces/crazyflie_interfaces/srv/detail/update_params__type_support.c
[12.470s] -- Up-to-date: /home/abd/exp_ws/src/install/crazyflie_interfaces/include/crazyflie_interfaces/crazyflie_interfaces/srv/detail/stop__type_support.c
[12.471s] -- Up-to-date: /home/abd/exp_ws/src/install/crazyflie_interfaces/include/crazyflie_interfaces/crazyflie_interfaces/srv/detail/upload_trajectory__type_support.c
[12.471s] -- Up-to-date: /home/abd/exp_ws/src/install/crazyflie_interfaces/include/crazyflie_interfaces/crazyflie_interfaces/srv/detail/land__type_support.c
[12.471s] -- Up-to-date: /home/abd/exp_ws/src/install/crazyflie_interfaces/include/crazyflie_interfaces/crazyflie_interfaces/srv/detail/remove_logging__rosidl_typesupport_introspection_c.h
[12.471s] -- Up-to-date: /home/abd/exp_ws/src/install/crazyflie_interfaces/include/crazyflie_interfaces/crazyflie_interfaces/srv/detail/remove_logging__type_support.c
[12.471s] -- Up-to-date: /home/abd/exp_ws/src/install/crazyflie_interfaces/include/crazyflie_interfaces/crazyflie_interfaces/srv/detail/add_logging__type_support.c
[12.471s] -- Up-to-date: /home/abd/exp_ws/src/install/crazyflie_interfaces/include/crazyflie_interfaces/crazyflie_interfaces/srv/detail/go_to__type_support.c
[12.472s] -- Up-to-date: /home/abd/exp_ws/src/install/crazyflie_interfaces/include/crazyflie_interfaces/crazyflie_interfaces/srv/detail/set_group_mask__type_support.c
[12.472s] -- Up-to-date: /home/abd/exp_ws/src/install/crazyflie_interfaces/include/crazyflie_interfaces/crazyflie_interfaces/srv/detail/notify_setpoints_stop__type_support.c
[12.472s] -- Up-to-date: /home/abd/exp_ws/src/install/crazyflie_interfaces/include/crazyflie_interfaces/crazyflie_interfaces/srv/detail/start_trajectory__type_support.c
[12.472s] -- Up-to-date: /home/abd/exp_ws/src/install/crazyflie_interfaces/lib/libcrazyflie_interfaces__rosidl_typesupport_introspection_c.so
[12.472s] -- Up-to-date: /home/abd/exp_ws/src/install/crazyflie_interfaces/lib/libcrazyflie_interfaces__rosidl_typesupport_c.so
[12.472s] -- Up-to-date: /home/abd/exp_ws/src/install/crazyflie_interfaces/include/crazyflie_interfaces/crazyflie_interfaces
[12.472s] -- Up-to-date: /home/abd/exp_ws/src/install/crazyflie_interfaces/include/crazyflie_interfaces/crazyflie_interfaces/msg
[12.473s] -- Up-to-date: /home/abd/exp_ws/src/install/crazyflie_interfaces/include/crazyflie_interfaces/crazyflie_interfaces/msg/detail
[12.473s] -- Up-to-date: /home/abd/exp_ws/src/install/crazyflie_interfaces/include/crazyflie_interfaces/crazyflie_interfaces/msg/detail/trajectory_polynomial_piece__type_support.cpp
[12.473s] -- Up-to-date: /home/abd/exp_ws/src/install/crazyflie_interfaces/include/crazyflie_interfaces/crazyflie_interfaces/msg/detail/trajectory_polynomial_piece__rosidl_typesupport_introspection_cpp.hpp
[12.489s] -- Up-to-date: /home/abd/exp_ws/src/install/crazyflie_interfaces/include/crazyflie_interfaces/crazyflie_interfaces/msg/detail/velocity_world__rosidl_typesupport_introspection_cpp.hpp
[12.497s] -- Up-to-date: /home/abd/exp_ws/src/install/crazyflie_interfaces/include/crazyflie_interfaces/crazyflie_interfaces/msg/detail/velocity_world__type_support.cpp
[12.497s] -- Up-to-date: /home/abd/exp_ws/src/install/crazyflie_interfaces/include/crazyflie_interfaces/crazyflie_interfaces/msg/detail/log_block__rosidl_typesupport_introspection_cpp.hpp
[12.498s] -- Up-to-date: /home/abd/exp_ws/src/install/crazyflie_interfaces/include/crazyflie_interfaces/crazyflie_interfaces/msg/detail/hover__type_support.cpp
[12.498s] -- Up-to-date: /home/abd/exp_ws/src/install/crazyflie_interfaces/include/crazyflie_interfaces/crazyflie_interfaces/msg/detail/hover__rosidl_typesupport_introspection_cpp.hpp
[12.498s] -- Up-to-date: /home/abd/exp_ws/src/install/crazyflie_interfaces/include/crazyflie_interfaces/crazyflie_interfaces/msg/detail/log_data_generic__rosidl_typesupport_introspection_cpp.hpp
[12.498s] -- Up-to-date: /home/abd/exp_ws/src/install/crazyflie_interfaces/include/crazyflie_interfaces/crazyflie_interfaces/msg/detail/position__type_support.cpp
[12.498s] -- Up-to-date: /home/abd/exp_ws/src/install/crazyflie_interfaces/include/crazyflie_interfaces/crazyflie_interfaces/msg/detail/log_data_generic__type_support.cpp
[12.498s] -- Up-to-date: /home/abd/exp_ws/src/install/crazyflie_interfaces/include/crazyflie_interfaces/crazyflie_interfaces/msg/detail/position__rosidl_typesupport_introspection_cpp.hpp
[12.498s] -- Up-to-date: /home/abd/exp_ws/src/install/crazyflie_interfaces/include/crazyflie_interfaces/crazyflie_interfaces/msg/detail/log_block__type_support.cpp
[12.499s] -- Up-to-date: /home/abd/exp_ws/src/install/crazyflie_interfaces/include/crazyflie_interfaces/crazyflie_interfaces/msg/detail/full_state__type_support.cpp
[12.499s] -- Up-to-date: /home/abd/exp_ws/src/install/crazyflie_interfaces/include/crazyflie_interfaces/crazyflie_interfaces/msg/detail/full_state__rosidl_typesupport_introspection_cpp.hpp
[12.499s] -- Up-to-date: /home/abd/exp_ws/src/install/crazyflie_interfaces/include/crazyflie_interfaces/crazyflie_interfaces/srv
[12.499s] -- Up-to-date: /home/abd/exp_ws/src/install/crazyflie_interfaces/include/crazyflie_interfaces/crazyflie_interfaces/srv/detail
[12.499s] -- Up-to-date: /home/abd/exp_ws/src/install/crazyflie_interfaces/include/crazyflie_interfaces/crazyflie_interfaces/srv/detail/add_logging__rosidl_typesupport_introspection_cpp.hpp
[12.499s] -- Up-to-date: /home/abd/exp_ws/src/install/crazyflie_interfaces/include/crazyflie_interfaces/crazyflie_interfaces/srv/detail/notify_setpoints_stop__rosidl_typesupport_introspection_cpp.hpp
[12.499s] -- Up-to-date: /home/abd/exp_ws/src/install/crazyflie_interfaces/include/crazyflie_interfaces/crazyflie_interfaces/srv/detail/stop__type_support.cpp
[12.500s] -- Up-to-date: /home/abd/exp_ws/src/install/crazyflie_interfaces/include/crazyflie_interfaces/crazyflie_interfaces/srv/detail/set_group_mask__rosidl_typesupport_introspection_cpp.hpp
[12.500s] -- Up-to-date: /home/abd/exp_ws/src/install/crazyflie_interfaces/include/crazyflie_interfaces/crazyflie_interfaces/srv/detail/land__type_support.cpp
[12.500s] -- Up-to-date: /home/abd/exp_ws/src/install/crazyflie_interfaces/include/crazyflie_interfaces/crazyflie_interfaces/srv/detail/land__rosidl_typesupport_introspection_cpp.hpp
[12.500s] -- Up-to-date: /home/abd/exp_ws/src/install/crazyflie_interfaces/include/crazyflie_interfaces/crazyflie_interfaces/srv/detail/takeoff__rosidl_typesupport_introspection_cpp.hpp
[12.500s] -- Up-to-date: /home/abd/exp_ws/src/install/crazyflie_interfaces/include/crazyflie_interfaces/crazyflie_interfaces/srv/detail/remove_logging__rosidl_typesupport_introspection_cpp.hpp
[12.500s] -- Up-to-date: /home/abd/exp_ws/src/install/crazyflie_interfaces/include/crazyflie_interfaces/crazyflie_interfaces/srv/detail/go_to__rosidl_typesupport_introspection_cpp.hpp
[12.500s] -- Up-to-date: /home/abd/exp_ws/src/install/crazyflie_interfaces/include/crazyflie_interfaces/crazyflie_interfaces/srv/detail/start_trajectory__type_support.cpp
[12.500s] -- Up-to-date: /home/abd/exp_ws/src/install/crazyflie_interfaces/include/crazyflie_interfaces/crazyflie_interfaces/srv/detail/set_group_mask__type_support.cpp
[12.501s] -- Up-to-date: /home/abd/exp_ws/src/install/crazyflie_interfaces/include/crazyflie_interfaces/crazyflie_interfaces/srv/detail/upload_trajectory__rosidl_typesupport_introspection_cpp.hpp
[12.501s] -- Up-to-date: /home/abd/exp_ws/src/install/crazyflie_interfaces/include/crazyflie_interfaces/crazyflie_interfaces/srv/detail/add_logging__type_support.cpp
[12.501s] -- Up-to-date: /home/abd/exp_ws/src/install/crazyflie_interfaces/include/crazyflie_interfaces/crazyflie_interfaces/srv/detail/remove_logging__type_support.cpp
[12.502s] -- Up-to-date: /home/abd/exp_ws/src/install/crazyflie_interfaces/include/crazyflie_interfaces/crazyflie_interfaces/srv/detail/start_trajectory__rosidl_typesupport_introspection_cpp.hpp
[12.502s] -- Up-to-date: /home/abd/exp_ws/src/install/crazyflie_interfaces/include/crazyflie_interfaces/crazyflie_interfaces/srv/detail/update_params__rosidl_typesupport_introspection_cpp.hpp
[12.502s] -- Up-to-date: /home/abd/exp_ws/src/install/crazyflie_interfaces/include/crazyflie_interfaces/crazyflie_interfaces/srv/detail/stop__rosidl_typesupport_introspection_cpp.hpp
[12.502s] -- Up-to-date: /home/abd/exp_ws/src/install/crazyflie_interfaces/include/crazyflie_interfaces/crazyflie_interfaces/srv/detail/go_to__type_support.cpp
[12.502s] -- Up-to-date: /home/abd/exp_ws/src/install/crazyflie_interfaces/include/crazyflie_interfaces/crazyflie_interfaces/srv/detail/notify_setpoints_stop__type_support.cpp
[12.503s] -- Up-to-date: /home/abd/exp_ws/src/install/crazyflie_interfaces/include/crazyflie_interfaces/crazyflie_interfaces/srv/detail/upload_trajectory__type_support.cpp
[12.503s] -- Up-to-date: /home/abd/exp_ws/src/install/crazyflie_interfaces/include/crazyflie_interfaces/crazyflie_interfaces/srv/detail/update_params__type_support.cpp
[12.503s] -- Up-to-date: /home/abd/exp_ws/src/install/crazyflie_interfaces/include/crazyflie_interfaces/crazyflie_interfaces/srv/detail/takeoff__type_support.cpp
[12.503s] -- Installing: /home/abd/exp_ws/src/install/crazyflie_interfaces/lib/libcrazyflie_interfaces__rosidl_typesupport_introspection_cpp.so
[12.503s] -- Set runtime path of "/home/abd/exp_ws/src/install/crazyflie_interfaces/lib/libcrazyflie_interfaces__rosidl_typesupport_introspection_cpp.so" to ""
[12.503s] -- Installing: /home/abd/exp_ws/src/install/crazyflie_interfaces/lib/libcrazyflie_interfaces__rosidl_typesupport_cpp.so
[12.503s] -- Set runtime path of "/home/abd/exp_ws/src/install/crazyflie_interfaces/lib/libcrazyflie_interfaces__rosidl_typesupport_cpp.so" to ""
[12.503s] -- Up-to-date: /home/abd/exp_ws/src/install/crazyflie_interfaces/share/crazyflie_interfaces/environment/pythonpath.sh
[12.504s] -- Up-to-date: /home/abd/exp_ws/src/install/crazyflie_interfaces/share/crazyflie_interfaces/environment/pythonpath.dsv
[12.504s] -- Up-to-date: /home/abd/exp_ws/src/install/crazyflie_interfaces/local/lib/python3.10/dist-packages/crazyflie_interfaces-2.0.0-py3.10.egg-info
[12.504s] -- Installing: /home/abd/exp_ws/src/install/crazyflie_interfaces/local/lib/python3.10/dist-packages/crazyflie_interfaces-2.0.0-py3.10.egg-info/SOURCES.txt
[12.504s] -- Installing: /home/abd/exp_ws/src/install/crazyflie_interfaces/local/lib/python3.10/dist-packages/crazyflie_interfaces-2.0.0-py3.10.egg-info/dependency_links.txt
[12.504s] -- Installing: /home/abd/exp_ws/src/install/crazyflie_interfaces/local/lib/python3.10/dist-packages/crazyflie_interfaces-2.0.0-py3.10.egg-info/PKG-INFO
[12.504s] -- Installing: /home/abd/exp_ws/src/install/crazyflie_interfaces/local/lib/python3.10/dist-packages/crazyflie_interfaces-2.0.0-py3.10.egg-info/top_level.txt
[12.504s] -- Up-to-date: /home/abd/exp_ws/src/install/crazyflie_interfaces/local/lib/python3.10/dist-packages/crazyflie_interfaces
[12.504s] -- Installing: /home/abd/exp_ws/src/install/crazyflie_interfaces/local/lib/python3.10/dist-packages/crazyflie_interfaces/crazyflie_interfaces_s__rosidl_typesupport_fastrtps_c.cpython-310-x86_64-linux-gnu.so
[12.505s] -- Up-to-date: /home/abd/exp_ws/src/install/crazyflie_interfaces/local/lib/python3.10/dist-packages/crazyflie_interfaces/_crazyflie_interfaces_s.ep.rosidl_typesupport_fastrtps_c.c
[12.505s] -- Up-to-date: /home/abd/exp_ws/src/install/crazyflie_interfaces/local/lib/python3.10/dist-packages/crazyflie_interfaces/_crazyflie_interfaces_s.ep.rosidl_typesupport_introspection_c.c
[12.505s] -- Up-to-date: /home/abd/exp_ws/src/install/crazyflie_interfaces/local/lib/python3.10/dist-packages/crazyflie_interfaces/__init__.py
[12.505s] -- Installing: /home/abd/exp_ws/src/install/crazyflie_interfaces/local/lib/python3.10/dist-packages/crazyflie_interfaces/crazyflie_interfaces_s__rosidl_typesupport_introspection_c.cpython-310-x86_64-linux-gnu.so
[12.505s] -- Up-to-date: /home/abd/exp_ws/src/install/crazyflie_interfaces/local/lib/python3.10/dist-packages/crazyflie_interfaces/msg
[12.505s] -- Up-to-date: /home/abd/exp_ws/src/install/crazyflie_interfaces/local/lib/python3.10/dist-packages/crazyflie_interfaces/msg/__init__.py
[12.505s] -- Up-to-date: /home/abd/exp_ws/src/install/crazyflie_interfaces/local/lib/python3.10/dist-packages/crazyflie_interfaces/msg/_full_state.py
[12.506s] -- Up-to-date: /home/abd/exp_ws/src/install/crazyflie_interfaces/local/lib/python3.10/dist-packages/crazyflie_interfaces/msg/_position_s.c
[12.506s] -- Up-to-date: /home/abd/exp_ws/src/install/crazyflie_interfaces/local/lib/python3.10/dist-packages/crazyflie_interfaces/msg/_log_data_generic_s.c
[12.506s] -- Up-to-date: /home/abd/exp_ws/src/install/crazyflie_interfaces/local/lib/python3.10/dist-packages/crazyflie_interfaces/msg/_trajectory_polynomial_piece.py
[12.506s] -- Up-to-date: /home/abd/exp_ws/src/install/crazyflie_interfaces/local/lib/python3.10/dist-packages/crazyflie_interfaces/msg/_log_data_generic.py
[12.506s] -- Up-to-date: /home/abd/exp_ws/src/install/crazyflie_interfaces/local/lib/python3.10/dist-packages/crazyflie_interfaces/msg/_trajectory_polynomial_piece_s.c
[12.506s] -- Up-to-date: /home/abd/exp_ws/src/install/crazyflie_interfaces/local/lib/python3.10/dist-packages/crazyflie_interfaces/msg/_velocity_world_s.c
[12.506s] -- Up-to-date: /home/abd/exp_ws/src/install/crazyflie_interfaces/local/lib/python3.10/dist-packages/crazyflie_interfaces/msg/_log_block.py
[12.507s] -- Up-to-date: /home/abd/exp_ws/src/install/crazyflie_interfaces/local/lib/python3.10/dist-packages/crazyflie_interfaces/msg/_log_block_s.c
[12.507s] -- Up-to-date: /home/abd/exp_ws/src/install/crazyflie_interfaces/local/lib/python3.10/dist-packages/crazyflie_interfaces/msg/_position.py
[12.507s] -- Up-to-date: /home/abd/exp_ws/src/install/crazyflie_interfaces/local/lib/python3.10/dist-packages/crazyflie_interfaces/msg/_full_state_s.c
[12.507s] -- Up-to-date: /home/abd/exp_ws/src/install/crazyflie_interfaces/local/lib/python3.10/dist-packages/crazyflie_interfaces/msg/_velocity_world.py
[12.507s] -- Up-to-date: /home/abd/exp_ws/src/install/crazyflie_interfaces/local/lib/python3.10/dist-packages/crazyflie_interfaces/msg/_hover_s.c
[12.507s] -- Up-to-date: /home/abd/exp_ws/src/install/crazyflie_interfaces/local/lib/python3.10/dist-packages/crazyflie_interfaces/msg/_hover.py
[12.507s] -- Installing: /home/abd/exp_ws/src/install/crazyflie_interfaces/local/lib/python3.10/dist-packages/crazyflie_interfaces/libcrazyflie_interfaces__rosidl_generator_py.so
[12.507s] -- Up-to-date: /home/abd/exp_ws/src/install/crazyflie_interfaces/local/lib/python3.10/dist-packages/crazyflie_interfaces/srv
[12.508s] -- Up-to-date: /home/abd/exp_ws/src/install/crazyflie_interfaces/local/lib/python3.10/dist-packages/crazyflie_interfaces/srv/_go_to_s.c
[12.508s] -- Up-to-date: /home/abd/exp_ws/src/install/crazyflie_interfaces/local/lib/python3.10/dist-packages/crazyflie_interfaces/srv/_stop_s.c
[12.508s] -- Up-to-date: /home/abd/exp_ws/src/install/crazyflie_interfaces/local/lib/python3.10/dist-packages/crazyflie_interfaces/srv/_land.py
[12.508s] -- Up-to-date: /home/abd/exp_ws/src/install/crazyflie_interfaces/local/lib/python3.10/dist-packages/crazyflie_interfaces/srv/__init__.py
[12.508s] -- Up-to-date: /home/abd/exp_ws/src/install/crazyflie_interfaces/local/lib/python3.10/dist-packages/crazyflie_interfaces/srv/_upload_trajectory.py
[12.508s] -- Up-to-date: /home/abd/exp_ws/src/install/crazyflie_interfaces/local/lib/python3.10/dist-packages/crazyflie_interfaces/srv/_remove_logging_s.c
[12.508s] -- Up-to-date: /home/abd/exp_ws/src/install/crazyflie_interfaces/local/lib/python3.10/dist-packages/crazyflie_interfaces/srv/_add_logging.py
[12.508s] -- Up-to-date: /home/abd/exp_ws/src/install/crazyflie_interfaces/local/lib/python3.10/dist-packages/crazyflie_interfaces/srv/_land_s.c
[12.508s] -- Up-to-date: /home/abd/exp_ws/src/install/crazyflie_interfaces/local/lib/python3.10/dist-packages/crazyflie_interfaces/srv/_start_trajectory.py
[12.509s] -- Up-to-date: /home/abd/exp_ws/src/install/crazyflie_interfaces/local/lib/python3.10/dist-packages/crazyflie_interfaces/srv/_takeoff_s.c
[12.509s] -- Up-to-date: /home/abd/exp_ws/src/install/crazyflie_interfaces/local/lib/python3.10/dist-packages/crazyflie_interfaces/srv/_add_logging_s.c
[12.509s] -- Up-to-date: /home/abd/exp_ws/src/install/crazyflie_interfaces/local/lib/python3.10/dist-packages/crazyflie_interfaces/srv/_set_group_mask_s.c
[12.509s] -- Up-to-date: /home/abd/exp_ws/src/install/crazyflie_interfaces/local/lib/python3.10/dist-packages/crazyflie_interfaces/srv/_upload_trajectory_s.c
[12.509s] -- Up-to-date: /home/abd/exp_ws/src/install/crazyflie_interfaces/local/lib/python3.10/dist-packages/crazyflie_interfaces/srv/_notify_setpoints_stop_s.c
[12.509s] -- Up-to-date: /home/abd/exp_ws/src/install/crazyflie_interfaces/local/lib/python3.10/dist-packages/crazyflie_interfaces/srv/_start_trajectory_s.c
[12.510s] -- Up-to-date: /home/abd/exp_ws/src/install/crazyflie_interfaces/local/lib/python3.10/dist-packages/crazyflie_interfaces/srv/_go_to.py
[12.510s] -- Up-to-date: /home/abd/exp_ws/src/install/crazyflie_interfaces/local/lib/python3.10/dist-packages/crazyflie_interfaces/srv/_update_params_s.c
[12.510s] -- Up-to-date: /home/abd/exp_ws/src/install/crazyflie_interfaces/local/lib/python3.10/dist-packages/crazyflie_interfaces/srv/_takeoff.py
[12.510s] -- Up-to-date: /home/abd/exp_ws/src/install/crazyflie_interfaces/local/lib/python3.10/dist-packages/crazyflie_interfaces/srv/_notify_setpoints_stop.py
[12.510s] -- Up-to-date: /home/abd/exp_ws/src/install/crazyflie_interfaces/local/lib/python3.10/dist-packages/crazyflie_interfaces/srv/_remove_logging.py
[12.510s] -- Up-to-date: /home/abd/exp_ws/src/install/crazyflie_interfaces/local/lib/python3.10/dist-packages/crazyflie_interfaces/srv/_set_group_mask.py
[12.510s] -- Up-to-date: /home/abd/exp_ws/src/install/crazyflie_interfaces/local/lib/python3.10/dist-packages/crazyflie_interfaces/srv/_stop.py
[12.510s] -- Up-to-date: /home/abd/exp_ws/src/install/crazyflie_interfaces/local/lib/python3.10/dist-packages/crazyflie_interfaces/srv/_update_params.py
[12.511s] -- Installing: /home/abd/exp_ws/src/install/crazyflie_interfaces/local/lib/python3.10/dist-packages/crazyflie_interfaces/crazyflie_interfaces_s__rosidl_typesupport_c.cpython-310-x86_64-linux-gnu.so
[12.511s] -- Up-to-date: /home/abd/exp_ws/src/install/crazyflie_interfaces/local/lib/python3.10/dist-packages/crazyflie_interfaces/_crazyflie_interfaces_s.ep.rosidl_typesupport_c.c
[12.542s] Listing '/home/abd/exp_ws/src/install/crazyflie_interfaces/local/lib/python3.10/dist-packages/crazyflie_interfaces'...
[12.542s] Listing '/home/abd/exp_ws/src/install/crazyflie_interfaces/local/lib/python3.10/dist-packages/crazyflie_interfaces/msg'...
[12.542s] Listing '/home/abd/exp_ws/src/install/crazyflie_interfaces/local/lib/python3.10/dist-packages/crazyflie_interfaces/srv'...
[12.549s] -- Installing: /home/abd/exp_ws/src/install/crazyflie_interfaces/local/lib/python3.10/dist-packages/crazyflie_interfaces/crazyflie_interfaces_s__rosidl_typesupport_fastrtps_c.cpython-310-x86_64-linux-gnu.so
[12.559s] -- Set runtime path of "/home/abd/exp_ws/src/install/crazyflie_interfaces/local/lib/python3.10/dist-packages/crazyflie_interfaces/crazyflie_interfaces_s__rosidl_typesupport_fastrtps_c.cpython-310-x86_64-linux-gnu.so" to ""
[12.559s] -- Installing: /home/abd/exp_ws/src/install/crazyflie_interfaces/local/lib/python3.10/dist-packages/crazyflie_interfaces/crazyflie_interfaces_s__rosidl_typesupport_introspection_c.cpython-310-x86_64-linux-gnu.so
[12.559s] -- Set runtime path of "/home/abd/exp_ws/src/install/crazyflie_interfaces/local/lib/python3.10/dist-packages/crazyflie_interfaces/crazyflie_interfaces_s__rosidl_typesupport_introspection_c.cpython-310-x86_64-linux-gnu.so" to ""
[12.560s] -- Installing: /home/abd/exp_ws/src/install/crazyflie_interfaces/local/lib/python3.10/dist-packages/crazyflie_interfaces/crazyflie_interfaces_s__rosidl_typesupport_c.cpython-310-x86_64-linux-gnu.so
[12.560s] -- Set runtime path of "/home/abd/exp_ws/src/install/crazyflie_interfaces/local/lib/python3.10/dist-packages/crazyflie_interfaces/crazyflie_interfaces_s__rosidl_typesupport_c.cpython-310-x86_64-linux-gnu.so" to ""
[12.560s] -- Installing: /home/abd/exp_ws/src/install/crazyflie_interfaces/lib/libcrazyflie_interfaces__rosidl_generator_py.so
[12.560s] -- Set runtime path of "/home/abd/exp_ws/src/install/crazyflie_interfaces/lib/libcrazyflie_interfaces__rosidl_generator_py.so" to ""
[12.560s] -- Up-to-date: /home/abd/exp_ws/src/install/crazyflie_interfaces/share/crazyflie_interfaces/msg/FullState.idl
[12.560s] -- Up-to-date: /home/abd/exp_ws/src/install/crazyflie_interfaces/share/crazyflie_interfaces/msg/LogDataGeneric.idl
[12.560s] -- Up-to-date: /home/abd/exp_ws/src/install/crazyflie_interfaces/share/crazyflie_interfaces/msg/Hover.idl
[12.560s] -- Up-to-date: /home/abd/exp_ws/src/install/crazyflie_interfaces/share/crazyflie_interfaces/msg/LogBlock.idl
[12.561s] -- Up-to-date: /home/abd/exp_ws/src/install/crazyflie_interfaces/share/crazyflie_interfaces/msg/Position.idl
[12.561s] -- Up-to-date: /home/abd/exp_ws/src/install/crazyflie_interfaces/share/crazyflie_interfaces/msg/TrajectoryPolynomialPiece.idl
[12.564s] -- Up-to-date: /home/abd/exp_ws/src/install/crazyflie_interfaces/share/crazyflie_interfaces/msg/VelocityWorld.idl
[12.564s] -- Up-to-date: /home/abd/exp_ws/src/install/crazyflie_interfaces/share/crazyflie_interfaces/srv/GoTo.idl
[12.564s] -- Up-to-date: /home/abd/exp_ws/src/install/crazyflie_interfaces/share/crazyflie_interfaces/srv/Land.idl
[12.564s] -- Up-to-date: /home/abd/exp_ws/src/install/crazyflie_interfaces/share/crazyflie_interfaces/srv/NotifySetpointsStop.idl
[12.566s] -- Up-to-date: /home/abd/exp_ws/src/install/crazyflie_interfaces/share/crazyflie_interfaces/srv/SetGroupMask.idl
[12.566s] -- Up-to-date: /home/abd/exp_ws/src/install/crazyflie_interfaces/share/crazyflie_interfaces/srv/StartTrajectory.idl
[12.566s] -- Up-to-date: /home/abd/exp_ws/src/install/crazyflie_interfaces/share/crazyflie_interfaces/srv/Stop.idl
[12.567s] -- Up-to-date: /home/abd/exp_ws/src/install/crazyflie_interfaces/share/crazyflie_interfaces/srv/Takeoff.idl
[12.567s] -- Up-to-date: /home/abd/exp_ws/src/install/crazyflie_interfaces/share/crazyflie_interfaces/srv/UpdateParams.idl
[12.567s] -- Up-to-date: /home/abd/exp_ws/src/install/crazyflie_interfaces/share/crazyflie_interfaces/srv/UploadTrajectory.idl
[12.567s] -- Up-to-date: /home/abd/exp_ws/src/install/crazyflie_interfaces/share/crazyflie_interfaces/srv/RemoveLogging.idl
[12.567s] -- Up-to-date: /home/abd/exp_ws/src/install/crazyflie_interfaces/share/crazyflie_interfaces/srv/AddLogging.idl
[12.567s] -- Up-to-date: /home/abd/exp_ws/src/install/crazyflie_interfaces/share/crazyflie_interfaces/msg/FullState.msg
[12.567s] -- Up-to-date: /home/abd/exp_ws/src/install/crazyflie_interfaces/share/crazyflie_interfaces/msg/LogDataGeneric.msg
[12.567s] -- Up-to-date: /home/abd/exp_ws/src/install/crazyflie_interfaces/share/crazyflie_interfaces/msg/Hover.msg
[12.568s] -- Up-to-date: /home/abd/exp_ws/src/install/crazyflie_interfaces/share/crazyflie_interfaces/msg/LogBlock.msg
[12.568s] -- Up-to-date: /home/abd/exp_ws/src/install/crazyflie_interfaces/share/crazyflie_interfaces/msg/Position.msg
[12.571s] -- Up-to-date: /home/abd/exp_ws/src/install/crazyflie_interfaces/share/crazyflie_interfaces/msg/TrajectoryPolynomialPiece.msg
[12.571s] -- Up-to-date: /home/abd/exp_ws/src/install/crazyflie_interfaces/share/crazyflie_interfaces/msg/VelocityWorld.msg
[12.571s] -- Up-to-date: /home/abd/exp_ws/src/install/crazyflie_interfaces/share/crazyflie_interfaces/srv/GoTo.srv
[12.571s] -- Up-to-date: /home/abd/exp_ws/src/install/crazyflie_interfaces/share/crazyflie_interfaces/srv/GoTo_Request.msg
[12.571s] -- Up-to-date: /home/abd/exp_ws/src/install/crazyflie_interfaces/share/crazyflie_interfaces/srv/GoTo_Response.msg
[12.572s] -- Up-to-date: /home/abd/exp_ws/src/install/crazyflie_interfaces/share/crazyflie_interfaces/srv/Land.srv
[12.572s] -- Up-to-date: /home/abd/exp_ws/src/install/crazyflie_interfaces/share/crazyflie_interfaces/srv/Land_Request.msg
[12.572s] -- Up-to-date: /home/abd/exp_ws/src/install/crazyflie_interfaces/share/crazyflie_interfaces/srv/Land_Response.msg
[12.572s] -- Up-to-date: /home/abd/exp_ws/src/install/crazyflie_interfaces/share/crazyflie_interfaces/srv/NotifySetpointsStop.srv
[12.572s] -- Up-to-date: /home/abd/exp_ws/src/install/crazyflie_interfaces/share/crazyflie_interfaces/srv/NotifySetpointsStop_Request.msg
[12.575s] -- Up-to-date: /home/abd/exp_ws/src/install/crazyflie_interfaces/share/crazyflie_interfaces/srv/NotifySetpointsStop_Response.msg
[12.575s] -- Up-to-date: /home/abd/exp_ws/src/install/crazyflie_interfaces/share/crazyflie_interfaces/srv/SetGroupMask.srv
[12.575s] -- Up-to-date: /home/abd/exp_ws/src/install/crazyflie_interfaces/share/crazyflie_interfaces/srv/SetGroupMask_Request.msg
[12.575s] -- Up-to-date: /home/abd/exp_ws/src/install/crazyflie_interfaces/share/crazyflie_interfaces/srv/SetGroupMask_Response.msg
[12.575s] -- Up-to-date: /home/abd/exp_ws/src/install/crazyflie_interfaces/share/crazyflie_interfaces/srv/StartTrajectory.srv
[12.575s] -- Up-to-date: /home/abd/exp_ws/src/install/crazyflie_interfaces/share/crazyflie_interfaces/srv/StartTrajectory_Request.msg
[12.576s] -- Up-to-date: /home/abd/exp_ws/src/install/crazyflie_interfaces/share/crazyflie_interfaces/srv/StartTrajectory_Response.msg
[12.576s] -- Up-to-date: /home/abd/exp_ws/src/install/crazyflie_interfaces/share/crazyflie_interfaces/srv/Stop.srv
[12.576s] -- Up-to-date: /home/abd/exp_ws/src/install/crazyflie_interfaces/share/crazyflie_interfaces/srv/Stop_Request.msg
[12.578s] -- Up-to-date: /home/abd/exp_ws/src/install/crazyflie_interfaces/share/crazyflie_interfaces/srv/Stop_Response.msg
[12.578s] -- Up-to-date: /home/abd/exp_ws/src/install/crazyflie_interfaces/share/crazyflie_interfaces/srv/Takeoff.srv
[12.579s] -- Up-to-date: /home/abd/exp_ws/src/install/crazyflie_interfaces/share/crazyflie_interfaces/srv/Takeoff_Request.msg
[12.579s] -- Up-to-date: /home/abd/exp_ws/src/install/crazyflie_interfaces/share/crazyflie_interfaces/srv/Takeoff_Response.msg
[12.579s] -- Up-to-date: /home/abd/exp_ws/src/install/crazyflie_interfaces/share/crazyflie_interfaces/srv/UpdateParams.srv
[12.579s] -- Up-to-date: /home/abd/exp_ws/src/install/crazyflie_interfaces/share/crazyflie_interfaces/srv/UpdateParams_Request.msg
[12.579s] -- Up-to-date: /home/abd/exp_ws/src/install/crazyflie_interfaces/share/crazyflie_interfaces/srv/UpdateParams_Response.msg
[12.581s] -- Up-to-date: /home/abd/exp_ws/src/install/crazyflie_interfaces/share/crazyflie_interfaces/srv/UploadTrajectory.srv
[12.581s] -- Up-to-date: /home/abd/exp_ws/src/install/crazyflie_interfaces/share/crazyflie_interfaces/srv/UploadTrajectory_Request.msg
[12.581s] -- Up-to-date: /home/abd/exp_ws/src/install/crazyflie_interfaces/share/crazyflie_interfaces/srv/UploadTrajectory_Response.msg
[12.582s] -- Up-to-date: /home/abd/exp_ws/src/install/crazyflie_interfaces/share/crazyflie_interfaces/srv/RemoveLogging.srv
[12.582s] -- Up-to-date: /home/abd/exp_ws/src/install/crazyflie_interfaces/share/crazyflie_interfaces/srv/RemoveLogging_Request.msg
[12.582s] -- Up-to-date: /home/abd/exp_ws/src/install/crazyflie_interfaces/share/crazyflie_interfaces/srv/RemoveLogging_Response.msg
[12.584s] -- Up-to-date: /home/abd/exp_ws/src/install/crazyflie_interfaces/share/crazyflie_interfaces/srv/AddLogging.srv
[12.584s] -- Up-to-date: /home/abd/exp_ws/src/install/crazyflie_interfaces/share/crazyflie_interfaces/srv/AddLogging_Request.msg
[12.584s] -- Up-to-date: /home/abd/exp_ws/src/install/crazyflie_interfaces/share/crazyflie_interfaces/srv/AddLogging_Response.msg
[12.584s] -- Up-to-date: /home/abd/exp_ws/src/install/crazyflie_interfaces/share/ament_index/resource_index/package_run_dependencies/crazyflie_interfaces
[12.584s] -- Up-to-date: /home/abd/exp_ws/src/install/crazyflie_interfaces/share/ament_index/resource_index/parent_prefix_path/crazyflie_interfaces
[12.584s] -- Up-to-date: /home/abd/exp_ws/src/install/crazyflie_interfaces/share/crazyflie_interfaces/environment/ament_prefix_path.sh
[12.586s] -- Up-to-date: /home/abd/exp_ws/src/install/crazyflie_interfaces/share/crazyflie_interfaces/environment/ament_prefix_path.dsv
[12.586s] -- Up-to-date: /home/abd/exp_ws/src/install/crazyflie_interfaces/share/crazyflie_interfaces/environment/path.sh
[12.587s] -- Up-to-date: /home/abd/exp_ws/src/install/crazyflie_interfaces/share/crazyflie_interfaces/environment/path.dsv
[12.587s] -- Up-to-date: /home/abd/exp_ws/src/install/crazyflie_interfaces/share/crazyflie_interfaces/local_setup.bash
[12.587s] -- Up-to-date: /home/abd/exp_ws/src/install/crazyflie_interfaces/share/crazyflie_interfaces/local_setup.sh
[12.588s] -- Up-to-date: /home/abd/exp_ws/src/install/crazyflie_interfaces/share/crazyflie_interfaces/local_setup.zsh
[12.589s] -- Up-to-date: /home/abd/exp_ws/src/install/crazyflie_interfaces/share/crazyflie_interfaces/local_setup.dsv
[12.589s] -- Installing: /home/abd/exp_ws/src/install/crazyflie_interfaces/share/crazyflie_interfaces/package.dsv
[12.590s] -- Up-to-date: /home/abd/exp_ws/src/install/crazyflie_interfaces/share/ament_index/resource_index/packages/crazyflie_interfaces
[12.593s] -- Up-to-date: /home/abd/exp_ws/src/install/crazyflie_interfaces/share/crazyflie_interfaces/cmake/export_crazyflie_interfaces__rosidl_generator_cExport.cmake
[12.593s] -- Up-to-date: /home/abd/exp_ws/src/install/crazyflie_interfaces/share/crazyflie_interfaces/cmake/export_crazyflie_interfaces__rosidl_generator_cExport-noconfig.cmake
[12.594s] -- Up-to-date: /home/abd/exp_ws/src/install/crazyflie_interfaces/share/crazyflie_interfaces/cmake/export_crazyflie_interfaces__rosidl_typesupport_fastrtps_cExport.cmake
[12.595s] -- Up-to-date: /home/abd/exp_ws/src/install/crazyflie_interfaces/share/crazyflie_interfaces/cmake/export_crazyflie_interfaces__rosidl_typesupport_fastrtps_cExport-noconfig.cmake
[12.596s] -- Up-to-date: /home/abd/exp_ws/src/install/crazyflie_interfaces/share/crazyflie_interfaces/cmake/export_crazyflie_interfaces__rosidl_generator_cppExport.cmake
[12.597s] -- Up-to-date: /home/abd/exp_ws/src/install/crazyflie_interfaces/share/crazyflie_interfaces/cmake/export_crazyflie_interfaces__rosidl_typesupport_fastrtps_cppExport.cmake
[12.597s] -- Up-to-date: /home/abd/exp_ws/src/install/crazyflie_interfaces/share/crazyflie_interfaces/cmake/export_crazyflie_interfaces__rosidl_typesupport_fastrtps_cppExport-noconfig.cmake
[12.598s] -- Up-to-date: /home/abd/exp_ws/src/install/crazyflie_interfaces/share/crazyflie_interfaces/cmake/crazyflie_interfaces__rosidl_typesupport_introspection_cExport.cmake
[12.599s] -- Up-to-date: /home/abd/exp_ws/src/install/crazyflie_interfaces/share/crazyflie_interfaces/cmake/crazyflie_interfaces__rosidl_typesupport_introspection_cExport-noconfig.cmake
[12.600s] -- Up-to-date: /home/abd/exp_ws/src/install/crazyflie_interfaces/share/crazyflie_interfaces/cmake/crazyflie_interfaces__rosidl_typesupport_cExport.cmake
[12.600s] -- Up-to-date: /home/abd/exp_ws/src/install/crazyflie_interfaces/share/crazyflie_interfaces/cmake/crazyflie_interfaces__rosidl_typesupport_cExport-noconfig.cmake
[12.601s] -- Up-to-date: /home/abd/exp_ws/src/install/crazyflie_interfaces/share/crazyflie_interfaces/cmake/crazyflie_interfaces__rosidl_typesupport_introspection_cppExport.cmake
[12.602s] -- Up-to-date: /home/abd/exp_ws/src/install/crazyflie_interfaces/share/crazyflie_interfaces/cmake/crazyflie_interfaces__rosidl_typesupport_introspection_cppExport-noconfig.cmake
[12.603s] -- Up-to-date: /home/abd/exp_ws/src/install/crazyflie_interfaces/share/crazyflie_interfaces/cmake/crazyflie_interfaces__rosidl_typesupport_cppExport.cmake
[12.604s] -- Up-to-date: /home/abd/exp_ws/src/install/crazyflie_interfaces/share/crazyflie_interfaces/cmake/crazyflie_interfaces__rosidl_typesupport_cppExport-noconfig.cmake
[12.604s] -- Up-to-date: /home/abd/exp_ws/src/install/crazyflie_interfaces/share/crazyflie_interfaces/cmake/export_crazyflie_interfaces__rosidl_generator_pyExport.cmake
[12.605s] -- Up-to-date: /home/abd/exp_ws/src/install/crazyflie_interfaces/share/crazyflie_interfaces/cmake/export_crazyflie_interfaces__rosidl_generator_pyExport-noconfig.cmake
[12.606s] -- Up-to-date: /home/abd/exp_ws/src/install/crazyflie_interfaces/share/crazyflie_interfaces/cmake/rosidl_cmake-extras.cmake
[12.607s] -- Up-to-date: /home/abd/exp_ws/src/install/crazyflie_interfaces/share/crazyflie_interfaces/cmake/ament_cmake_export_dependencies-extras.cmake
[12.607s] -- Up-to-date: /home/abd/exp_ws/src/install/crazyflie_interfaces/share/crazyflie_interfaces/cmake/ament_cmake_export_include_directories-extras.cmake
[12.608s] -- Up-to-date: /home/abd/exp_ws/src/install/crazyflie_interfaces/share/crazyflie_interfaces/cmake/ament_cmake_export_libraries-extras.cmake
[12.608s] -- Up-to-date: /home/abd/exp_ws/src/install/crazyflie_interfaces/share/crazyflie_interfaces/cmake/ament_cmake_export_targets-extras.cmake
[12.609s] -- Up-to-date: /home/abd/exp_ws/src/install/crazyflie_interfaces/share/crazyflie_interfaces/cmake/rosidl_cmake_export_typesupport_targets-extras.cmake
[12.609s] -- Up-to-date: /home/abd/exp_ws/src/install/crazyflie_interfaces/share/crazyflie_interfaces/cmake/rosidl_cmake_export_typesupport_libraries-extras.cmake
[12.611s] -- Up-to-date: /home/abd/exp_ws/src/install/crazyflie_interfaces/share/crazyflie_interfaces/cmake/crazyflie_interfacesConfig.cmake
[12.611s] -- Up-to-date: /home/abd/exp_ws/src/install/crazyflie_interfaces/share/crazyflie_interfaces/cmake/crazyflie_interfacesConfig-version.cmake
[12.612s] -- Up-to-date: /home/abd/exp_ws/src/install/crazyflie_interfaces/share/crazyflie_interfaces/package.xml
[12.633s] Invoked command in '/home/abd/exp_ws/src/build/crazyflie_interfaces' returned '0': CMAKE_PREFIX_PATH=${CMAKE_PREFIX_PATH}:/home/abd/exp_ws/src/install/crazyflie_py:/opt/ros/humble /usr/bin/cmake --install /home/abd/exp_ws/src/build/crazyflie_interfaces
