[0.197s] Invoking command in '/home/abd/exp_ws/src/build/crazyflie_interfaces': CMAKE_PREFIX_PATH=${CMAKE_PREFIX_PATH}:/home/abd/exp_ws/src/install/crazyflie_py:/opt/ros/humble /usr/bin/cmake --build /home/abd/exp_ws/src/build/crazyflie_interfaces -- -j12 -l12
[0.324s] [  0%] Built target crazyflie_interfaces__cpp
[0.328s] [ 12%] Built target crazyflie_interfaces__rosidl_generator_c
[0.357s] [ 12%] Built target ament_cmake_python_copy_crazyflie_interfaces
[0.408s] [ 29%] Built target crazyflie_interfaces__rosidl_typesupport_cpp
[0.408s] [ 36%] Built target crazyflie_interfaces__rosidl_typesupport_introspection_cpp
[0.411s] [ 48%] Built target crazyflie_interfaces__rosidl_typesupport_fastrtps_cpp
[0.412s] [ 60%] Built target crazyflie_interfaces__rosidl_typesupport_introspection_c
[0.416s] [ 72%] Built target crazyflie_interfaces__rosidl_typesupport_c
[0.419s] [ 84%] Built target crazyflie_interfaces__rosidl_typesupport_fastrtps_c
[0.460s] [ 84%] Built target crazyflie_interfaces
[0.502s] [ 85%] Built target crazyflie_interfaces__py
[0.562s] [ 96%] Built target crazyflie_interfaces__rosidl_generator_py
[0.609s] [ 99%] Built target crazyflie_interfaces__rosidl_typesupport_c__pyext
[0.609s] [ 99%] Built target crazyflie_interfaces__rosidl_typesupport_introspection_c__pyext
[0.610s] [100%] Built target crazyflie_interfaces__rosidl_typesupport_fastrtps_c__pyext
[0.798s] running egg_info
[0.799s] writing crazyflie_interfaces.egg-info/PKG-INFO
[0.799s] writing dependency_links to crazyflie_interfaces.egg-info/dependency_links.txt
[0.800s] writing top-level names to crazyflie_interfaces.egg-info/top_level.txt
[0.804s] reading manifest file 'crazyflie_interfaces.egg-info/SOURCES.txt'
[0.806s] writing manifest file 'crazyflie_interfaces.egg-info/SOURCES.txt'
[0.847s] [100%] Built target ament_cmake_python_build_crazyflie_interfaces_egg
[0.873s] Invoked command in '/home/abd/exp_ws/src/build/crazyflie_interfaces' returned '0': CMAKE_PREFIX_PATH=${CMAKE_PREFIX_PATH}:/home/abd/exp_ws/src/install/crazyflie_py:/opt/ros/humble /usr/bin/cmake --build /home/abd/exp_ws/src/build/crazyflie_interfaces -- -j12 -l12
[1.602s] Invoking command in '/home/abd/exp_ws/src/build/crazyflie_interfaces': CMAKE_PREFIX_PATH=${CMAKE_PREFIX_PATH}:/home/abd/exp_ws/src/install/crazyflie_py:/opt/ros/humble /usr/bin/cmake --install /home/abd/exp_ws/src/build/crazyflie_interfaces
[1.615s] -- Install configuration: ""
[1.616s] -- Up-to-date: /home/abd/exp_ws/src/install/crazyflie_interfaces/share/ament_index/resource_index/rosidl_interfaces/crazyflie_interfaces
[1.616s] -- Up-to-date: /home/abd/exp_ws/src/install/crazyflie_interfaces/include/crazyflie_interfaces/crazyflie_interfaces
[1.616s] -- Up-to-date: /home/abd/exp_ws/src/install/crazyflie_interfaces/include/crazyflie_interfaces/crazyflie_interfaces/msg
[1.616s] -- Up-to-date: /home/abd/exp_ws/src/install/crazyflie_interfaces/include/crazyflie_interfaces/crazyflie_interfaces/msg/trajectory_polynomial_piece.h
[1.617s] -- Up-to-date: /home/abd/exp_ws/src/install/crazyflie_interfaces/include/crazyflie_interfaces/crazyflie_interfaces/msg/velocity_world.h
[1.617s] -- Up-to-date: /home/abd/exp_ws/src/install/crazyflie_interfaces/include/crazyflie_interfaces/crazyflie_interfaces/msg/position.h
[1.617s] -- Up-to-date: /home/abd/exp_ws/src/install/crazyflie_interfaces/include/crazyflie_interfaces/crazyflie_interfaces/msg/rosidl_generator_c__visibility_control.h
[1.617s] -- Up-to-date: /home/abd/exp_ws/src/install/crazyflie_interfaces/include/crazyflie_interfaces/crazyflie_interfaces/msg/full_state.h
[1.617s] -- Up-to-date: /home/abd/exp_ws/src/install/crazyflie_interfaces/include/crazyflie_interfaces/crazyflie_interfaces/msg/detail
[1.618s] -- Up-to-date: /home/abd/exp_ws/src/install/crazyflie_interfaces/include/crazyflie_interfaces/crazyflie_interfaces/msg/detail/log_data_generic__functions.c
[1.618s] -- Up-to-date: /home/abd/exp_ws/src/install/crazyflie_interfaces/include/crazyflie_interfaces/crazyflie_interfaces/msg/detail/log_data_generic__struct.h
[1.618s] -- Up-to-date: /home/abd/exp_ws/src/install/crazyflie_interfaces/include/crazyflie_interfaces/crazyflie_interfaces/msg/detail/position__type_support.h
[1.618s] -- Up-to-date: /home/abd/exp_ws/src/install/crazyflie_interfaces/include/crazyflie_interfaces/crazyflie_interfaces/msg/detail/full_state__type_support.h
[1.619s] -- Up-to-date: /home/abd/exp_ws/src/install/crazyflie_interfaces/include/crazyflie_interfaces/crazyflie_interfaces/msg/detail/position__functions.c
[1.619s] -- Up-to-date: /home/abd/exp_ws/src/install/crazyflie_interfaces/include/crazyflie_interfaces/crazyflie_interfaces/msg/detail/trajectory_polynomial_piece__functions.c
[1.619s] -- Up-to-date: /home/abd/exp_ws/src/install/crazyflie_interfaces/include/crazyflie_interfaces/crazyflie_interfaces/msg/detail/hover__struct.h
[1.620s] -- Up-to-date: /home/abd/exp_ws/src/install/crazyflie_interfaces/include/crazyflie_interfaces/crazyflie_interfaces/msg/detail/log_block__functions.h
[1.620s] -- Up-to-date: /home/abd/exp_ws/src/install/crazyflie_interfaces/include/crazyflie_interfaces/crazyflie_interfaces/msg/detail/hover__functions.c
[1.620s] -- Up-to-date: /home/abd/exp_ws/src/install/crazyflie_interfaces/include/crazyflie_interfaces/crazyflie_interfaces/msg/detail/full_state__functions.h
[1.620s] -- Up-to-date: /home/abd/exp_ws/src/install/crazyflie_interfaces/include/crazyflie_interfaces/crazyflie_interfaces/msg/detail/full_state__functions.c
[1.621s] -- Up-to-date: /home/abd/exp_ws/src/install/crazyflie_interfaces/include/crazyflie_interfaces/crazyflie_interfaces/msg/detail/log_block__struct.h
[1.621s] -- Up-to-date: /home/abd/exp_ws/src/install/crazyflie_interfaces/include/crazyflie_interfaces/crazyflie_interfaces/msg/detail/log_data_generic__type_support.h
[1.621s] -- Up-to-date: /home/abd/exp_ws/src/install/crazyflie_interfaces/include/crazyflie_interfaces/crazyflie_interfaces/msg/detail/velocity_world__type_support.h
[1.621s] -- Up-to-date: /home/abd/exp_ws/src/install/crazyflie_interfaces/include/crazyflie_interfaces/crazyflie_interfaces/msg/detail/position__struct.h
[1.621s] -- Up-to-date: /home/abd/exp_ws/src/install/crazyflie_interfaces/include/crazyflie_interfaces/crazyflie_interfaces/msg/detail/full_state__struct.h
[1.622s] -- Up-to-date: /home/abd/exp_ws/src/install/crazyflie_interfaces/include/crazyflie_interfaces/crazyflie_interfaces/msg/detail/position__functions.h
[1.622s] -- Up-to-date: /home/abd/exp_ws/src/install/crazyflie_interfaces/include/crazyflie_interfaces/crazyflie_interfaces/msg/detail/log_block__functions.c
[1.622s] -- Up-to-date: /home/abd/exp_ws/src/install/crazyflie_interfaces/include/crazyflie_interfaces/crazyflie_interfaces/msg/detail/trajectory_polynomial_piece__type_support.h
[1.622s] -- Up-to-date: /home/abd/exp_ws/src/install/crazyflie_interfaces/include/crazyflie_interfaces/crazyflie_interfaces/msg/detail/log_data_generic__functions.h
[1.622s] -- Up-to-date: /home/abd/exp_ws/src/install/crazyflie_interfaces/include/crazyflie_interfaces/crazyflie_interfaces/msg/detail/trajectory_polynomial_piece__functions.h
[1.623s] -- Up-to-date: /home/abd/exp_ws/src/install/crazyflie_interfaces/include/crazyflie_interfaces/crazyflie_interfaces/msg/detail/hover__functions.h
[1.623s] -- Up-to-date: /home/abd/exp_ws/src/install/crazyflie_interfaces/include/crazyflie_interfaces/crazyflie_interfaces/msg/detail/log_block__type_support.h
[1.623s] -- Up-to-date: /home/abd/exp_ws/src/install/crazyflie_interfaces/include/crazyflie_interfaces/crazyflie_interfaces/msg/detail/velocity_world__functions.c
[1.623s] -- Up-to-date: /home/abd/exp_ws/src/install/crazyflie_interfaces/include/crazyflie_interfaces/crazyflie_interfaces/msg/detail/velocity_world__functions.h
[1.623s] -- Up-to-date: /home/abd/exp_ws/src/install/crazyflie_interfaces/include/crazyflie_interfaces/crazyflie_interfaces/msg/detail/velocity_world__struct.h
[1.624s] -- Up-to-date: /home/abd/exp_ws/src/install/crazyflie_interfaces/include/crazyflie_interfaces/crazyflie_interfaces/msg/detail/trajectory_polynomial_piece__struct.h
[1.624s] -- Up-to-date: /home/abd/exp_ws/src/install/crazyflie_interfaces/include/crazyflie_interfaces/crazyflie_interfaces/msg/detail/hover__type_support.h
[1.624s] -- Up-to-date: /home/abd/exp_ws/src/install/crazyflie_interfaces/include/crazyflie_interfaces/crazyflie_interfaces/msg/log_block.h
[1.624s] -- Up-to-date: /home/abd/exp_ws/src/install/crazyflie_interfaces/include/crazyflie_interfaces/crazyflie_interfaces/msg/log_data_generic.h
[1.624s] -- Up-to-date: /home/abd/exp_ws/src/install/crazyflie_interfaces/include/crazyflie_interfaces/crazyflie_interfaces/msg/hover.h
[1.624s] -- Up-to-date: /home/abd/exp_ws/src/install/crazyflie_interfaces/include/crazyflie_interfaces/crazyflie_interfaces/srv
[1.625s] -- Up-to-date: /home/abd/exp_ws/src/install/crazyflie_interfaces/include/crazyflie_interfaces/crazyflie_interfaces/srv/set_group_mask.h
[1.625s] -- Up-to-date: /home/abd/exp_ws/src/install/crazyflie_interfaces/include/crazyflie_interfaces/crazyflie_interfaces/srv/remove_logging.h
[1.625s] -- Up-to-date: /home/abd/exp_ws/src/install/crazyflie_interfaces/include/crazyflie_interfaces/crazyflie_interfaces/srv/takeoff.h
[1.625s] -- Up-to-date: /home/abd/exp_ws/src/install/crazyflie_interfaces/include/crazyflie_interfaces/crazyflie_interfaces/srv/detail
[1.626s] -- Up-to-date: /home/abd/exp_ws/src/install/crazyflie_interfaces/include/crazyflie_interfaces/crazyflie_interfaces/srv/detail/update_params__functions.h
[1.626s] -- Up-to-date: /home/abd/exp_ws/src/install/crazyflie_interfaces/include/crazyflie_interfaces/crazyflie_interfaces/srv/detail/upload_trajectory__functions.c
[1.626s] -- Up-to-date: /home/abd/exp_ws/src/install/crazyflie_interfaces/include/crazyflie_interfaces/crazyflie_interfaces/srv/detail/land__functions.h
[1.626s] -- Up-to-date: /home/abd/exp_ws/src/install/crazyflie_interfaces/include/crazyflie_interfaces/crazyflie_interfaces/srv/detail/set_group_mask__type_support.h
[1.626s] -- Up-to-date: /home/abd/exp_ws/src/install/crazyflie_interfaces/include/crazyflie_interfaces/crazyflie_interfaces/srv/detail/upload_trajectory__type_support.h
[1.627s] -- Up-to-date: /home/abd/exp_ws/src/install/crazyflie_interfaces/include/crazyflie_interfaces/crazyflie_interfaces/srv/detail/notify_setpoints_stop__type_support.h
[1.627s] -- Up-to-date: /home/abd/exp_ws/src/install/crazyflie_interfaces/include/crazyflie_interfaces/crazyflie_interfaces/srv/detail/remove_logging__functions.h
[1.627s] -- Up-to-date: /home/abd/exp_ws/src/install/crazyflie_interfaces/include/crazyflie_interfaces/crazyflie_interfaces/srv/detail/set_group_mask__functions.c
[1.627s] -- Up-to-date: /home/abd/exp_ws/src/install/crazyflie_interfaces/include/crazyflie_interfaces/crazyflie_interfaces/srv/detail/land__struct.h
[1.627s] -- Up-to-date: /home/abd/exp_ws/src/install/crazyflie_interfaces/include/crazyflie_interfaces/crazyflie_interfaces/srv/detail/takeoff__functions.c
[1.628s] -- Up-to-date: /home/abd/exp_ws/src/install/crazyflie_interfaces/include/crazyflie_interfaces/crazyflie_interfaces/srv/detail/update_params__functions.c
[1.628s] -- Up-to-date: /home/abd/exp_ws/src/install/crazyflie_interfaces/include/crazyflie_interfaces/crazyflie_interfaces/srv/detail/start_trajectory__type_support.h
[1.628s] -- Up-to-date: /home/abd/exp_ws/src/install/crazyflie_interfaces/include/crazyflie_interfaces/crazyflie_interfaces/srv/detail/notify_setpoints_stop__functions.c
[1.628s] -- Up-to-date: /home/abd/exp_ws/src/install/crazyflie_interfaces/include/crazyflie_interfaces/crazyflie_interfaces/srv/detail/set_group_mask__struct.h
[1.628s] -- Up-to-date: /home/abd/exp_ws/src/install/crazyflie_interfaces/include/crazyflie_interfaces/crazyflie_interfaces/srv/detail/start_trajectory__struct.h
[1.629s] -- Up-to-date: /home/abd/exp_ws/src/install/crazyflie_interfaces/include/crazyflie_interfaces/crazyflie_interfaces/srv/detail/go_to__type_support.h
[1.629s] -- Up-to-date: /home/abd/exp_ws/src/install/crazyflie_interfaces/include/crazyflie_interfaces/crazyflie_interfaces/srv/detail/notify_setpoints_stop__functions.h
[1.629s] -- Up-to-date: /home/abd/exp_ws/src/install/crazyflie_interfaces/include/crazyflie_interfaces/crazyflie_interfaces/srv/detail/add_logging__functions.h
[1.629s] -- Up-to-date: /home/abd/exp_ws/src/install/crazyflie_interfaces/include/crazyflie_interfaces/crazyflie_interfaces/srv/detail/add_logging__functions.c
[1.629s] -- Up-to-date: /home/abd/exp_ws/src/install/crazyflie_interfaces/include/crazyflie_interfaces/crazyflie_interfaces/srv/detail/remove_logging__type_support.h
[1.630s] -- Up-to-date: /home/abd/exp_ws/src/install/crazyflie_interfaces/include/crazyflie_interfaces/crazyflie_interfaces/srv/detail/set_group_mask__functions.h
[1.630s] -- Up-to-date: /home/abd/exp_ws/src/install/crazyflie_interfaces/include/crazyflie_interfaces/crazyflie_interfaces/srv/detail/remove_logging__struct.h
[1.630s] -- Up-to-date: /home/abd/exp_ws/src/install/crazyflie_interfaces/include/crazyflie_interfaces/crazyflie_interfaces/srv/detail/land__functions.c
[1.630s] -- Up-to-date: /home/abd/exp_ws/src/install/crazyflie_interfaces/include/crazyflie_interfaces/crazyflie_interfaces/srv/detail/add_logging__struct.h
[1.631s] -- Up-to-date: /home/abd/exp_ws/src/install/crazyflie_interfaces/include/crazyflie_interfaces/crazyflie_interfaces/srv/detail/add_logging__type_support.h
[1.631s] -- Up-to-date: /home/abd/exp_ws/src/install/crazyflie_interfaces/include/crazyflie_interfaces/crazyflie_interfaces/srv/detail/stop__struct.h
[1.631s] -- Up-to-date: /home/abd/exp_ws/src/install/crazyflie_interfaces/include/crazyflie_interfaces/crazyflie_interfaces/srv/detail/go_to__functions.c
[1.631s] -- Up-to-date: /home/abd/exp_ws/src/install/crazyflie_interfaces/include/crazyflie_interfaces/crazyflie_interfaces/srv/detail/start_trajectory__functions.c
[1.632s] -- Up-to-date: /home/abd/exp_ws/src/install/crazyflie_interfaces/include/crazyflie_interfaces/crazyflie_interfaces/srv/detail/notify_setpoints_stop__struct.h
[1.632s] -- Up-to-date: /home/abd/exp_ws/src/install/crazyflie_interfaces/include/crazyflie_interfaces/crazyflie_interfaces/srv/detail/stop__type_support.h
[1.632s] -- Up-to-date: /home/abd/exp_ws/src/install/crazyflie_interfaces/include/crazyflie_interfaces/crazyflie_interfaces/srv/detail/stop__functions.h
[1.632s] -- Up-to-date: /home/abd/exp_ws/src/install/crazyflie_interfaces/include/crazyflie_interfaces/crazyflie_interfaces/srv/detail/update_params__struct.h
[1.633s] -- Up-to-date: /home/abd/exp_ws/src/install/crazyflie_interfaces/include/crazyflie_interfaces/crazyflie_interfaces/srv/detail/takeoff__functions.h
[1.633s] -- Up-to-date: /home/abd/exp_ws/src/install/crazyflie_interfaces/include/crazyflie_interfaces/crazyflie_interfaces/srv/detail/stop__functions.c
[1.633s] -- Up-to-date: /home/abd/exp_ws/src/install/crazyflie_interfaces/include/crazyflie_interfaces/crazyflie_interfaces/srv/detail/takeoff__type_support.h
[1.633s] -- Up-to-date: /home/abd/exp_ws/src/install/crazyflie_interfaces/include/crazyflie_interfaces/crazyflie_interfaces/srv/detail/go_to__struct.h
[1.634s] -- Up-to-date: /home/abd/exp_ws/src/install/crazyflie_interfaces/include/crazyflie_interfaces/crazyflie_interfaces/srv/detail/update_params__type_support.h
[1.634s] -- Up-to-date: /home/abd/exp_ws/src/install/crazyflie_interfaces/include/crazyflie_interfaces/crazyflie_interfaces/srv/detail/start_trajectory__functions.h
[1.634s] -- Up-to-date: /home/abd/exp_ws/src/install/crazyflie_interfaces/include/crazyflie_interfaces/crazyflie_interfaces/srv/detail/go_to__functions.h
[1.634s] -- Up-to-date: /home/abd/exp_ws/src/install/crazyflie_interfaces/include/crazyflie_interfaces/crazyflie_interfaces/srv/detail/remove_logging__functions.c
[1.634s] -- Up-to-date: /home/abd/exp_ws/src/install/crazyflie_interfaces/include/crazyflie_interfaces/crazyflie_interfaces/srv/detail/upload_trajectory__struct.h
[1.635s] -- Up-to-date: /home/abd/exp_ws/src/install/crazyflie_interfaces/include/crazyflie_interfaces/crazyflie_interfaces/srv/detail/takeoff__struct.h
[1.635s] -- Up-to-date: /home/abd/exp_ws/src/install/crazyflie_interfaces/include/crazyflie_interfaces/crazyflie_interfaces/srv/detail/upload_trajectory__functions.h
[1.635s] -- Up-to-date: /home/abd/exp_ws/src/install/crazyflie_interfaces/include/crazyflie_interfaces/crazyflie_interfaces/srv/detail/land__type_support.h
[1.635s] -- Up-to-date: /home/abd/exp_ws/src/install/crazyflie_interfaces/include/crazyflie_interfaces/crazyflie_interfaces/srv/land.h
[1.635s] -- Up-to-date: /home/abd/exp_ws/src/install/crazyflie_interfaces/include/crazyflie_interfaces/crazyflie_interfaces/srv/add_logging.h
[1.636s] -- Up-to-date: /home/abd/exp_ws/src/install/crazyflie_interfaces/include/crazyflie_interfaces/crazyflie_interfaces/srv/upload_trajectory.h
[1.636s] -- Up-to-date: /home/abd/exp_ws/src/install/crazyflie_interfaces/include/crazyflie_interfaces/crazyflie_interfaces/srv/notify_setpoints_stop.h
[1.636s] -- Up-to-date: /home/abd/exp_ws/src/install/crazyflie_interfaces/include/crazyflie_interfaces/crazyflie_interfaces/srv/stop.h
[1.636s] -- Up-to-date: /home/abd/exp_ws/src/install/crazyflie_interfaces/include/crazyflie_interfaces/crazyflie_interfaces/srv/update_params.h
[1.636s] -- Up-to-date: /home/abd/exp_ws/src/install/crazyflie_interfaces/include/crazyflie_interfaces/crazyflie_interfaces/srv/start_trajectory.h
[1.637s] -- Up-to-date: /home/abd/exp_ws/src/install/crazyflie_interfaces/include/crazyflie_interfaces/crazyflie_interfaces/srv/go_to.h
[1.638s] -- Up-to-date: /home/abd/exp_ws/src/install/crazyflie_interfaces/share/crazyflie_interfaces/environment/library_path.sh
[1.638s] -- Up-to-date: /home/abd/exp_ws/src/install/crazyflie_interfaces/share/crazyflie_interfaces/environment/library_path.dsv
[1.638s] -- Up-to-date: /home/abd/exp_ws/src/install/crazyflie_interfaces/lib/libcrazyflie_interfaces__rosidl_generator_c.so
[1.638s] -- Up-to-date: /home/abd/exp_ws/src/install/crazyflie_interfaces/include/crazyflie_interfaces/crazyflie_interfaces
[1.638s] -- Up-to-date: /home/abd/exp_ws/src/install/crazyflie_interfaces/include/crazyflie_interfaces/crazyflie_interfaces/msg
[1.638s] -- Up-to-date: /home/abd/exp_ws/src/install/crazyflie_interfaces/include/crazyflie_interfaces/crazyflie_interfaces/msg/detail
[1.639s] -- Up-to-date: /home/abd/exp_ws/src/install/crazyflie_interfaces/include/crazyflie_interfaces/crazyflie_interfaces/msg/detail/velocity_world__rosidl_typesupport_fastrtps_c.h
[1.639s] -- Up-to-date: /home/abd/exp_ws/src/install/crazyflie_interfaces/include/crazyflie_interfaces/crazyflie_interfaces/msg/detail/hover__rosidl_typesupport_fastrtps_c.h
[1.639s] -- Up-to-date: /home/abd/exp_ws/src/install/crazyflie_interfaces/include/crazyflie_interfaces/crazyflie_interfaces/msg/detail/position__rosidl_typesupport_fastrtps_c.h
[1.639s] -- Up-to-date: /home/abd/exp_ws/src/install/crazyflie_interfaces/include/crazyflie_interfaces/crazyflie_interfaces/msg/detail/log_block__rosidl_typesupport_fastrtps_c.h
[1.639s] -- Up-to-date: /home/abd/exp_ws/src/install/crazyflie_interfaces/include/crazyflie_interfaces/crazyflie_interfaces/msg/detail/trajectory_polynomial_piece__rosidl_typesupport_fastrtps_c.h
[1.639s] -- Up-to-date: /home/abd/exp_ws/src/install/crazyflie_interfaces/include/crazyflie_interfaces/crazyflie_interfaces/msg/detail/full_state__rosidl_typesupport_fastrtps_c.h
[1.639s] -- Up-to-date: /home/abd/exp_ws/src/install/crazyflie_interfaces/include/crazyflie_interfaces/crazyflie_interfaces/msg/detail/log_data_generic__rosidl_typesupport_fastrtps_c.h
[1.639s] -- Up-to-date: /home/abd/exp_ws/src/install/crazyflie_interfaces/include/crazyflie_interfaces/crazyflie_interfaces/msg/rosidl_typesupport_fastrtps_c__visibility_control.h
[1.639s] -- Up-to-date: /home/abd/exp_ws/src/install/crazyflie_interfaces/include/crazyflie_interfaces/crazyflie_interfaces/srv
[1.640s] -- Up-to-date: /home/abd/exp_ws/src/install/crazyflie_interfaces/include/crazyflie_interfaces/crazyflie_interfaces/srv/detail
[1.640s] -- Up-to-date: /home/abd/exp_ws/src/install/crazyflie_interfaces/include/crazyflie_interfaces/crazyflie_interfaces/srv/detail/remove_logging__rosidl_typesupport_fastrtps_c.h
[1.640s] -- Up-to-date: /home/abd/exp_ws/src/install/crazyflie_interfaces/include/crazyflie_interfaces/crazyflie_interfaces/srv/detail/set_group_mask__rosidl_typesupport_fastrtps_c.h
[1.640s] -- Up-to-date: /home/abd/exp_ws/src/install/crazyflie_interfaces/include/crazyflie_interfaces/crazyflie_interfaces/srv/detail/add_logging__rosidl_typesupport_fastrtps_c.h
[1.640s] -- Up-to-date: /home/abd/exp_ws/src/install/crazyflie_interfaces/include/crazyflie_interfaces/crazyflie_interfaces/srv/detail/notify_setpoints_stop__rosidl_typesupport_fastrtps_c.h
[1.640s] -- Up-to-date: /home/abd/exp_ws/src/install/crazyflie_interfaces/include/crazyflie_interfaces/crazyflie_interfaces/srv/detail/start_trajectory__rosidl_typesupport_fastrtps_c.h
[1.640s] -- Up-to-date: /home/abd/exp_ws/src/install/crazyflie_interfaces/include/crazyflie_interfaces/crazyflie_interfaces/srv/detail/takeoff__rosidl_typesupport_fastrtps_c.h
[1.640s] -- Up-to-date: /home/abd/exp_ws/src/install/crazyflie_interfaces/include/crazyflie_interfaces/crazyflie_interfaces/srv/detail/go_to__rosidl_typesupport_fastrtps_c.h
[1.641s] -- Up-to-date: /home/abd/exp_ws/src/install/crazyflie_interfaces/include/crazyflie_interfaces/crazyflie_interfaces/srv/detail/update_params__rosidl_typesupport_fastrtps_c.h
[1.641s] -- Up-to-date: /home/abd/exp_ws/src/install/crazyflie_interfaces/include/crazyflie_interfaces/crazyflie_interfaces/srv/detail/upload_trajectory__rosidl_typesupport_fastrtps_c.h
[1.641s] -- Up-to-date: /home/abd/exp_ws/src/install/crazyflie_interfaces/include/crazyflie_interfaces/crazyflie_interfaces/srv/detail/stop__rosidl_typesupport_fastrtps_c.h
[1.641s] -- Up-to-date: /home/abd/exp_ws/src/install/crazyflie_interfaces/include/crazyflie_interfaces/crazyflie_interfaces/srv/detail/land__rosidl_typesupport_fastrtps_c.h
[1.641s] -- Up-to-date: /home/abd/exp_ws/src/install/crazyflie_interfaces/lib/libcrazyflie_interfaces__rosidl_typesupport_fastrtps_c.so
[1.641s] -- Up-to-date: /home/abd/exp_ws/src/install/crazyflie_interfaces/include/crazyflie_interfaces/crazyflie_interfaces
[1.641s] -- Up-to-date: /home/abd/exp_ws/src/install/crazyflie_interfaces/include/crazyflie_interfaces/crazyflie_interfaces/msg
[1.641s] -- Up-to-date: /home/abd/exp_ws/src/install/crazyflie_interfaces/include/crazyflie_interfaces/crazyflie_interfaces/msg/hover.hpp
[1.642s] -- Up-to-date: /home/abd/exp_ws/src/install/crazyflie_interfaces/include/crazyflie_interfaces/crazyflie_interfaces/msg/trajectory_polynomial_piece.hpp
[1.642s] -- Up-to-date: /home/abd/exp_ws/src/install/crazyflie_interfaces/include/crazyflie_interfaces/crazyflie_interfaces/msg/velocity_world.hpp
[1.642s] -- Up-to-date: /home/abd/exp_ws/src/install/crazyflie_interfaces/include/crazyflie_interfaces/crazyflie_interfaces/msg/log_data_generic.hpp
[1.642s] -- Up-to-date: /home/abd/exp_ws/src/install/crazyflie_interfaces/include/crazyflie_interfaces/crazyflie_interfaces/msg/detail
[1.642s] -- Up-to-date: /home/abd/exp_ws/src/install/crazyflie_interfaces/include/crazyflie_interfaces/crazyflie_interfaces/msg/detail/log_data_generic__traits.hpp
[1.642s] -- Up-to-date: /home/abd/exp_ws/src/install/crazyflie_interfaces/include/crazyflie_interfaces/crazyflie_interfaces/msg/detail/trajectory_polynomial_piece__traits.hpp
[1.642s] -- Up-to-date: /home/abd/exp_ws/src/install/crazyflie_interfaces/include/crazyflie_interfaces/crazyflie_interfaces/msg/detail/log_block__traits.hpp
[1.643s] -- Up-to-date: /home/abd/exp_ws/src/install/crazyflie_interfaces/include/crazyflie_interfaces/crazyflie_interfaces/msg/detail/velocity_world__builder.hpp
[1.643s] -- Up-to-date: /home/abd/exp_ws/src/install/crazyflie_interfaces/include/crazyflie_interfaces/crazyflie_interfaces/msg/detail/trajectory_polynomial_piece__struct.hpp
[1.643s] -- Up-to-date: /home/abd/exp_ws/src/install/crazyflie_interfaces/include/crazyflie_interfaces/crazyflie_interfaces/msg/detail/hover__builder.hpp
[1.643s] -- Up-to-date: /home/abd/exp_ws/src/install/crazyflie_interfaces/include/crazyflie_interfaces/crazyflie_interfaces/msg/detail/position__struct.hpp
[1.643s] -- Up-to-date: /home/abd/exp_ws/src/install/crazyflie_interfaces/include/crazyflie_interfaces/crazyflie_interfaces/msg/detail/velocity_world__struct.hpp
[1.643s] -- Up-to-date: /home/abd/exp_ws/src/install/crazyflie_interfaces/include/crazyflie_interfaces/crazyflie_interfaces/msg/detail/position__traits.hpp
[1.644s] -- Up-to-date: /home/abd/exp_ws/src/install/crazyflie_interfaces/include/crazyflie_interfaces/crazyflie_interfaces/msg/detail/hover__traits.hpp
[1.644s] -- Up-to-date: /home/abd/exp_ws/src/install/crazyflie_interfaces/include/crazyflie_interfaces/crazyflie_interfaces/msg/detail/log_block__builder.hpp
[1.644s] -- Up-to-date: /home/abd/exp_ws/src/install/crazyflie_interfaces/include/crazyflie_interfaces/crazyflie_interfaces/msg/detail/log_data_generic__struct.hpp
[1.644s] -- Up-to-date: /home/abd/exp_ws/src/install/crazyflie_interfaces/include/crazyflie_interfaces/crazyflie_interfaces/msg/detail/hover__struct.hpp
[1.644s] -- Up-to-date: /home/abd/exp_ws/src/install/crazyflie_interfaces/include/crazyflie_interfaces/crazyflie_interfaces/msg/detail/full_state__builder.hpp
[1.644s] -- Up-to-date: /home/abd/exp_ws/src/install/crazyflie_interfaces/include/crazyflie_interfaces/crazyflie_interfaces/msg/detail/full_state__traits.hpp
[1.644s] -- Up-to-date: /home/abd/exp_ws/src/install/crazyflie_interfaces/include/crazyflie_interfaces/crazyflie_interfaces/msg/detail/trajectory_polynomial_piece__builder.hpp
[1.645s] -- Up-to-date: /home/abd/exp_ws/src/install/crazyflie_interfaces/include/crazyflie_interfaces/crazyflie_interfaces/msg/detail/velocity_world__traits.hpp
[1.645s] -- Up-to-date: /home/abd/exp_ws/src/install/crazyflie_interfaces/include/crazyflie_interfaces/crazyflie_interfaces/msg/detail/log_data_generic__builder.hpp
[1.645s] -- Up-to-date: /home/abd/exp_ws/src/install/crazyflie_interfaces/include/crazyflie_interfaces/crazyflie_interfaces/msg/detail/full_state__struct.hpp
[1.645s] -- Up-to-date: /home/abd/exp_ws/src/install/crazyflie_interfaces/include/crazyflie_interfaces/crazyflie_interfaces/msg/detail/log_block__struct.hpp
[1.645s] -- Up-to-date: /home/abd/exp_ws/src/install/crazyflie_interfaces/include/crazyflie_interfaces/crazyflie_interfaces/msg/detail/position__builder.hpp
[1.645s] -- Up-to-date: /home/abd/exp_ws/src/install/crazyflie_interfaces/include/crazyflie_interfaces/crazyflie_interfaces/msg/position.hpp
[1.645s] -- Up-to-date: /home/abd/exp_ws/src/install/crazyflie_interfaces/include/crazyflie_interfaces/crazyflie_interfaces/msg/full_state.hpp
[1.645s] -- Up-to-date: /home/abd/exp_ws/src/install/crazyflie_interfaces/include/crazyflie_interfaces/crazyflie_interfaces/msg/log_block.hpp
[1.646s] -- Up-to-date: /home/abd/exp_ws/src/install/crazyflie_interfaces/include/crazyflie_interfaces/crazyflie_interfaces/srv
[1.646s] -- Up-to-date: /home/abd/exp_ws/src/install/crazyflie_interfaces/include/crazyflie_interfaces/crazyflie_interfaces/srv/add_logging.hpp
[1.646s] -- Up-to-date: /home/abd/exp_ws/src/install/crazyflie_interfaces/include/crazyflie_interfaces/crazyflie_interfaces/srv/go_to.hpp
[1.646s] -- Up-to-date: /home/abd/exp_ws/src/install/crazyflie_interfaces/include/crazyflie_interfaces/crazyflie_interfaces/srv/start_trajectory.hpp
[1.646s] -- Up-to-date: /home/abd/exp_ws/src/install/crazyflie_interfaces/include/crazyflie_interfaces/crazyflie_interfaces/srv/land.hpp
[1.646s] -- Up-to-date: /home/abd/exp_ws/src/install/crazyflie_interfaces/include/crazyflie_interfaces/crazyflie_interfaces/srv/detail
[1.646s] -- Up-to-date: /home/abd/exp_ws/src/install/crazyflie_interfaces/include/crazyflie_interfaces/crazyflie_interfaces/srv/detail/notify_setpoints_stop__builder.hpp
[1.646s] -- Up-to-date: /home/abd/exp_ws/src/install/crazyflie_interfaces/include/crazyflie_interfaces/crazyflie_interfaces/srv/detail/go_to__struct.hpp
[1.647s] -- Up-to-date: /home/abd/exp_ws/src/install/crazyflie_interfaces/include/crazyflie_interfaces/crazyflie_interfaces/srv/detail/remove_logging__builder.hpp
[1.647s] -- Up-to-date: /home/abd/exp_ws/src/install/crazyflie_interfaces/include/crazyflie_interfaces/crazyflie_interfaces/srv/detail/stop__traits.hpp
[1.647s] -- Up-to-date: /home/abd/exp_ws/src/install/crazyflie_interfaces/include/crazyflie_interfaces/crazyflie_interfaces/srv/detail/takeoff__traits.hpp
[1.647s] -- Up-to-date: /home/abd/exp_ws/src/install/crazyflie_interfaces/include/crazyflie_interfaces/crazyflie_interfaces/srv/detail/notify_setpoints_stop__struct.hpp
[1.647s] -- Up-to-date: /home/abd/exp_ws/src/install/crazyflie_interfaces/include/crazyflie_interfaces/crazyflie_interfaces/srv/detail/start_trajectory__builder.hpp
[1.647s] -- Up-to-date: /home/abd/exp_ws/src/install/crazyflie_interfaces/include/crazyflie_interfaces/crazyflie_interfaces/srv/detail/takeoff__builder.hpp
[1.647s] -- Up-to-date: /home/abd/exp_ws/src/install/crazyflie_interfaces/include/crazyflie_interfaces/crazyflie_interfaces/srv/detail/start_trajectory__struct.hpp
[1.647s] -- Up-to-date: /home/abd/exp_ws/src/install/crazyflie_interfaces/include/crazyflie_interfaces/crazyflie_interfaces/srv/detail/go_to__builder.hpp
[1.648s] -- Up-to-date: /home/abd/exp_ws/src/install/crazyflie_interfaces/include/crazyflie_interfaces/crazyflie_interfaces/srv/detail/notify_setpoints_stop__traits.hpp
[1.648s] -- Up-to-date: /home/abd/exp_ws/src/install/crazyflie_interfaces/include/crazyflie_interfaces/crazyflie_interfaces/srv/detail/add_logging__builder.hpp
[1.648s] -- Up-to-date: /home/abd/exp_ws/src/install/crazyflie_interfaces/include/crazyflie_interfaces/crazyflie_interfaces/srv/detail/upload_trajectory__builder.hpp
[1.648s] -- Up-to-date: /home/abd/exp_ws/src/install/crazyflie_interfaces/include/crazyflie_interfaces/crazyflie_interfaces/srv/detail/stop__struct.hpp
[1.648s] -- Up-to-date: /home/abd/exp_ws/src/install/crazyflie_interfaces/include/crazyflie_interfaces/crazyflie_interfaces/srv/detail/add_logging__struct.hpp
[1.648s] -- Up-to-date: /home/abd/exp_ws/src/install/crazyflie_interfaces/include/crazyflie_interfaces/crazyflie_interfaces/srv/detail/takeoff__struct.hpp
[1.648s] -- Up-to-date: /home/abd/exp_ws/src/install/crazyflie_interfaces/include/crazyflie_interfaces/crazyflie_interfaces/srv/detail/remove_logging__traits.hpp
[1.648s] -- Up-to-date: /home/abd/exp_ws/src/install/crazyflie_interfaces/include/crazyflie_interfaces/crazyflie_interfaces/srv/detail/set_group_mask__struct.hpp
[1.648s] -- Up-to-date: /home/abd/exp_ws/src/install/crazyflie_interfaces/include/crazyflie_interfaces/crazyflie_interfaces/srv/detail/set_group_mask__traits.hpp
[1.648s] -- Up-to-date: /home/abd/exp_ws/src/install/crazyflie_interfaces/include/crazyflie_interfaces/crazyflie_interfaces/srv/detail/land__traits.hpp
[1.649s] -- Up-to-date: /home/abd/exp_ws/src/install/crazyflie_interfaces/include/crazyflie_interfaces/crazyflie_interfaces/srv/detail/go_to__traits.hpp
[1.649s] -- Up-to-date: /home/abd/exp_ws/src/install/crazyflie_interfaces/include/crazyflie_interfaces/crazyflie_interfaces/srv/detail/land__struct.hpp
[1.649s] -- Up-to-date: /home/abd/exp_ws/src/install/crazyflie_interfaces/include/crazyflie_interfaces/crazyflie_interfaces/srv/detail/stop__builder.hpp
[1.649s] -- Up-to-date: /home/abd/exp_ws/src/install/crazyflie_interfaces/include/crazyflie_interfaces/crazyflie_interfaces/srv/detail/upload_trajectory__traits.hpp
[1.649s] -- Up-to-date: /home/abd/exp_ws/src/install/crazyflie_interfaces/include/crazyflie_interfaces/crazyflie_interfaces/srv/detail/update_params__struct.hpp
[1.649s] -- Up-to-date: /home/abd/exp_ws/src/install/crazyflie_interfaces/include/crazyflie_interfaces/crazyflie_interfaces/srv/detail/update_params__traits.hpp
[1.649s] -- Up-to-date: /home/abd/exp_ws/src/install/crazyflie_interfaces/include/crazyflie_interfaces/crazyflie_interfaces/srv/detail/land__builder.hpp
[1.649s] -- Up-to-date: /home/abd/exp_ws/src/install/crazyflie_interfaces/include/crazyflie_interfaces/crazyflie_interfaces/srv/detail/add_logging__traits.hpp
[1.649s] -- Up-to-date: /home/abd/exp_ws/src/install/crazyflie_interfaces/include/crazyflie_interfaces/crazyflie_interfaces/srv/detail/remove_logging__struct.hpp
[1.649s] -- Up-to-date: /home/abd/exp_ws/src/install/crazyflie_interfaces/include/crazyflie_interfaces/crazyflie_interfaces/srv/detail/set_group_mask__builder.hpp
[1.650s] -- Up-to-date: /home/abd/exp_ws/src/install/crazyflie_interfaces/include/crazyflie_interfaces/crazyflie_interfaces/srv/detail/update_params__builder.hpp
[1.650s] -- Up-to-date: /home/abd/exp_ws/src/install/crazyflie_interfaces/include/crazyflie_interfaces/crazyflie_interfaces/srv/detail/upload_trajectory__struct.hpp
[1.650s] -- Up-to-date: /home/abd/exp_ws/src/install/crazyflie_interfaces/include/crazyflie_interfaces/crazyflie_interfaces/srv/detail/start_trajectory__traits.hpp
[1.650s] -- Up-to-date: /home/abd/exp_ws/src/install/crazyflie_interfaces/include/crazyflie_interfaces/crazyflie_interfaces/srv/set_group_mask.hpp
[1.650s] -- Up-to-date: /home/abd/exp_ws/src/install/crazyflie_interfaces/include/crazyflie_interfaces/crazyflie_interfaces/srv/update_params.hpp
[1.650s] -- Up-to-date: /home/abd/exp_ws/src/install/crazyflie_interfaces/include/crazyflie_interfaces/crazyflie_interfaces/srv/upload_trajectory.hpp
[1.650s] -- Up-to-date: /home/abd/exp_ws/src/install/crazyflie_interfaces/include/crazyflie_interfaces/crazyflie_interfaces/srv/stop.hpp
[1.650s] -- Up-to-date: /home/abd/exp_ws/src/install/crazyflie_interfaces/include/crazyflie_interfaces/crazyflie_interfaces/srv/remove_logging.hpp
[1.650s] -- Up-to-date: /home/abd/exp_ws/src/install/crazyflie_interfaces/include/crazyflie_interfaces/crazyflie_interfaces/srv/notify_setpoints_stop.hpp
[1.650s] -- Up-to-date: /home/abd/exp_ws/src/install/crazyflie_interfaces/include/crazyflie_interfaces/crazyflie_interfaces/srv/takeoff.hpp
[1.651s] -- Up-to-date: /home/abd/exp_ws/src/install/crazyflie_interfaces/include/crazyflie_interfaces/crazyflie_interfaces
[1.651s] -- Up-to-date: /home/abd/exp_ws/src/install/crazyflie_interfaces/include/crazyflie_interfaces/crazyflie_interfaces/msg
[1.651s] -- Up-to-date: /home/abd/exp_ws/src/install/crazyflie_interfaces/include/crazyflie_interfaces/crazyflie_interfaces/msg/detail
[1.651s] -- Up-to-date: /home/abd/exp_ws/src/install/crazyflie_interfaces/include/crazyflie_interfaces/crazyflie_interfaces/msg/detail/hover__rosidl_typesupport_fastrtps_cpp.hpp
[1.651s] -- Up-to-date: /home/abd/exp_ws/src/install/crazyflie_interfaces/include/crazyflie_interfaces/crazyflie_interfaces/msg/detail/full_state__rosidl_typesupport_fastrtps_cpp.hpp
[1.651s] -- Up-to-date: /home/abd/exp_ws/src/install/crazyflie_interfaces/include/crazyflie_interfaces/crazyflie_interfaces/msg/detail/velocity_world__rosidl_typesupport_fastrtps_cpp.hpp
[1.651s] -- Up-to-date: /home/abd/exp_ws/src/install/crazyflie_interfaces/include/crazyflie_interfaces/crazyflie_interfaces/msg/detail/log_block__rosidl_typesupport_fastrtps_cpp.hpp
[1.651s] -- Up-to-date: /home/abd/exp_ws/src/install/crazyflie_interfaces/include/crazyflie_interfaces/crazyflie_interfaces/msg/detail/trajectory_polynomial_piece__rosidl_typesupport_fastrtps_cpp.hpp
[1.651s] -- Up-to-date: /home/abd/exp_ws/src/install/crazyflie_interfaces/include/crazyflie_interfaces/crazyflie_interfaces/msg/detail/dds_fastrtps
[1.651s] -- Up-to-date: /home/abd/exp_ws/src/install/crazyflie_interfaces/include/crazyflie_interfaces/crazyflie_interfaces/msg/detail/log_data_generic__rosidl_typesupport_fastrtps_cpp.hpp
[1.652s] -- Up-to-date: /home/abd/exp_ws/src/install/crazyflie_interfaces/include/crazyflie_interfaces/crazyflie_interfaces/msg/detail/position__rosidl_typesupport_fastrtps_cpp.hpp
[1.652s] -- Up-to-date: /home/abd/exp_ws/src/install/crazyflie_interfaces/include/crazyflie_interfaces/crazyflie_interfaces/msg/rosidl_typesupport_fastrtps_cpp__visibility_control.h
[1.652s] -- Up-to-date: /home/abd/exp_ws/src/install/crazyflie_interfaces/include/crazyflie_interfaces/crazyflie_interfaces/srv
[1.652s] -- Up-to-date: /home/abd/exp_ws/src/install/crazyflie_interfaces/include/crazyflie_interfaces/crazyflie_interfaces/srv/detail
[1.652s] -- Up-to-date: /home/abd/exp_ws/src/install/crazyflie_interfaces/include/crazyflie_interfaces/crazyflie_interfaces/srv/detail/go_to__rosidl_typesupport_fastrtps_cpp.hpp
[1.652s] -- Up-to-date: /home/abd/exp_ws/src/install/crazyflie_interfaces/include/crazyflie_interfaces/crazyflie_interfaces/srv/detail/land__rosidl_typesupport_fastrtps_cpp.hpp
[1.652s] -- Up-to-date: /home/abd/exp_ws/src/install/crazyflie_interfaces/include/crazyflie_interfaces/crazyflie_interfaces/srv/detail/add_logging__rosidl_typesupport_fastrtps_cpp.hpp
[1.652s] -- Up-to-date: /home/abd/exp_ws/src/install/crazyflie_interfaces/include/crazyflie_interfaces/crazyflie_interfaces/srv/detail/update_params__rosidl_typesupport_fastrtps_cpp.hpp
[1.652s] -- Up-to-date: /home/abd/exp_ws/src/install/crazyflie_interfaces/include/crazyflie_interfaces/crazyflie_interfaces/srv/detail/start_trajectory__rosidl_typesupport_fastrtps_cpp.hpp
[1.652s] -- Up-to-date: /home/abd/exp_ws/src/install/crazyflie_interfaces/include/crazyflie_interfaces/crazyflie_interfaces/srv/detail/set_group_mask__rosidl_typesupport_fastrtps_cpp.hpp
[1.652s] -- Up-to-date: /home/abd/exp_ws/src/install/crazyflie_interfaces/include/crazyflie_interfaces/crazyflie_interfaces/srv/detail/stop__rosidl_typesupport_fastrtps_cpp.hpp
[1.653s] -- Up-to-date: /home/abd/exp_ws/src/install/crazyflie_interfaces/include/crazyflie_interfaces/crazyflie_interfaces/srv/detail/upload_trajectory__rosidl_typesupport_fastrtps_cpp.hpp
[1.653s] -- Up-to-date: /home/abd/exp_ws/src/install/crazyflie_interfaces/include/crazyflie_interfaces/crazyflie_interfaces/srv/detail/dds_fastrtps
[1.653s] -- Up-to-date: /home/abd/exp_ws/src/install/crazyflie_interfaces/include/crazyflie_interfaces/crazyflie_interfaces/srv/detail/notify_setpoints_stop__rosidl_typesupport_fastrtps_cpp.hpp
[1.653s] -- Up-to-date: /home/abd/exp_ws/src/install/crazyflie_interfaces/include/crazyflie_interfaces/crazyflie_interfaces/srv/detail/remove_logging__rosidl_typesupport_fastrtps_cpp.hpp
[1.653s] -- Up-to-date: /home/abd/exp_ws/src/install/crazyflie_interfaces/include/crazyflie_interfaces/crazyflie_interfaces/srv/detail/takeoff__rosidl_typesupport_fastrtps_cpp.hpp
[1.653s] -- Up-to-date: /home/abd/exp_ws/src/install/crazyflie_interfaces/lib/libcrazyflie_interfaces__rosidl_typesupport_fastrtps_cpp.so
[1.653s] -- Up-to-date: /home/abd/exp_ws/src/install/crazyflie_interfaces/include/crazyflie_interfaces/crazyflie_interfaces
[1.653s] -- Up-to-date: /home/abd/exp_ws/src/install/crazyflie_interfaces/include/crazyflie_interfaces/crazyflie_interfaces/msg
[1.653s] -- Up-to-date: /home/abd/exp_ws/src/install/crazyflie_interfaces/include/crazyflie_interfaces/crazyflie_interfaces/msg/rosidl_typesupport_introspection_c__visibility_control.h
[1.653s] -- Up-to-date: /home/abd/exp_ws/src/install/crazyflie_interfaces/include/crazyflie_interfaces/crazyflie_interfaces/msg/detail
[1.654s] -- Up-to-date: /home/abd/exp_ws/src/install/crazyflie_interfaces/include/crazyflie_interfaces/crazyflie_interfaces/msg/detail/hover__type_support.c
[1.654s] -- Up-to-date: /home/abd/exp_ws/src/install/crazyflie_interfaces/include/crazyflie_interfaces/crazyflie_interfaces/msg/detail/velocity_world__type_support.c
[1.654s] -- Up-to-date: /home/abd/exp_ws/src/install/crazyflie_interfaces/include/crazyflie_interfaces/crazyflie_interfaces/msg/detail/log_data_generic__rosidl_typesupport_introspection_c.h
[1.654s] -- Up-to-date: /home/abd/exp_ws/src/install/crazyflie_interfaces/include/crazyflie_interfaces/crazyflie_interfaces/msg/detail/log_block__rosidl_typesupport_introspection_c.h
[1.654s] -- Up-to-date: /home/abd/exp_ws/src/install/crazyflie_interfaces/include/crazyflie_interfaces/crazyflie_interfaces/msg/detail/trajectory_polynomial_piece__type_support.c
[1.654s] -- Up-to-date: /home/abd/exp_ws/src/install/crazyflie_interfaces/include/crazyflie_interfaces/crazyflie_interfaces/msg/detail/hover__rosidl_typesupport_introspection_c.h
[1.654s] -- Up-to-date: /home/abd/exp_ws/src/install/crazyflie_interfaces/include/crazyflie_interfaces/crazyflie_interfaces/msg/detail/full_state__type_support.c
[1.654s] -- Up-to-date: /home/abd/exp_ws/src/install/crazyflie_interfaces/include/crazyflie_interfaces/crazyflie_interfaces/msg/detail/position__rosidl_typesupport_introspection_c.h
[1.654s] -- Up-to-date: /home/abd/exp_ws/src/install/crazyflie_interfaces/include/crazyflie_interfaces/crazyflie_interfaces/msg/detail/full_state__rosidl_typesupport_introspection_c.h
[1.654s] -- Up-to-date: /home/abd/exp_ws/src/install/crazyflie_interfaces/include/crazyflie_interfaces/crazyflie_interfaces/msg/detail/log_block__type_support.c
[1.655s] -- Up-to-date: /home/abd/exp_ws/src/install/crazyflie_interfaces/include/crazyflie_interfaces/crazyflie_interfaces/msg/detail/trajectory_polynomial_piece__rosidl_typesupport_introspection_c.h
[1.655s] -- Up-to-date: /home/abd/exp_ws/src/install/crazyflie_interfaces/include/crazyflie_interfaces/crazyflie_interfaces/msg/detail/velocity_world__rosidl_typesupport_introspection_c.h
[1.655s] -- Up-to-date: /home/abd/exp_ws/src/install/crazyflie_interfaces/include/crazyflie_interfaces/crazyflie_interfaces/msg/detail/position__type_support.c
[1.655s] -- Up-to-date: /home/abd/exp_ws/src/install/crazyflie_interfaces/include/crazyflie_interfaces/crazyflie_interfaces/msg/detail/log_data_generic__type_support.c
[1.655s] -- Up-to-date: /home/abd/exp_ws/src/install/crazyflie_interfaces/include/crazyflie_interfaces/crazyflie_interfaces/srv
[1.655s] -- Up-to-date: /home/abd/exp_ws/src/install/crazyflie_interfaces/include/crazyflie_interfaces/crazyflie_interfaces/srv/detail
[1.655s] -- Up-to-date: /home/abd/exp_ws/src/install/crazyflie_interfaces/include/crazyflie_interfaces/crazyflie_interfaces/srv/detail/takeoff__type_support.c
[1.655s] -- Up-to-date: /home/abd/exp_ws/src/install/crazyflie_interfaces/include/crazyflie_interfaces/crazyflie_interfaces/srv/detail/start_trajectory__rosidl_typesupport_introspection_c.h
[1.655s] -- Up-to-date: /home/abd/exp_ws/src/install/crazyflie_interfaces/include/crazyflie_interfaces/crazyflie_interfaces/srv/detail/stop__rosidl_typesupport_introspection_c.h
[1.655s] -- Up-to-date: /home/abd/exp_ws/src/install/crazyflie_interfaces/include/crazyflie_interfaces/crazyflie_interfaces/srv/detail/land__rosidl_typesupport_introspection_c.h
[1.656s] -- Up-to-date: /home/abd/exp_ws/src/install/crazyflie_interfaces/include/crazyflie_interfaces/crazyflie_interfaces/srv/detail/upload_trajectory__rosidl_typesupport_introspection_c.h
[1.656s] -- Up-to-date: /home/abd/exp_ws/src/install/crazyflie_interfaces/include/crazyflie_interfaces/crazyflie_interfaces/srv/detail/update_params__rosidl_typesupport_introspection_c.h
[1.656s] -- Up-to-date: /home/abd/exp_ws/src/install/crazyflie_interfaces/include/crazyflie_interfaces/crazyflie_interfaces/srv/detail/set_group_mask__rosidl_typesupport_introspection_c.h
[1.656s] -- Up-to-date: /home/abd/exp_ws/src/install/crazyflie_interfaces/include/crazyflie_interfaces/crazyflie_interfaces/srv/detail/takeoff__rosidl_typesupport_introspection_c.h
[1.656s] -- Up-to-date: /home/abd/exp_ws/src/install/crazyflie_interfaces/include/crazyflie_interfaces/crazyflie_interfaces/srv/detail/notify_setpoints_stop__rosidl_typesupport_introspection_c.h
[1.656s] -- Up-to-date: /home/abd/exp_ws/src/install/crazyflie_interfaces/include/crazyflie_interfaces/crazyflie_interfaces/srv/detail/add_logging__rosidl_typesupport_introspection_c.h
[1.656s] -- Up-to-date: /home/abd/exp_ws/src/install/crazyflie_interfaces/include/crazyflie_interfaces/crazyflie_interfaces/srv/detail/go_to__rosidl_typesupport_introspection_c.h
[1.656s] -- Up-to-date: /home/abd/exp_ws/src/install/crazyflie_interfaces/include/crazyflie_interfaces/crazyflie_interfaces/srv/detail/update_params__type_support.c
[1.657s] -- Up-to-date: /home/abd/exp_ws/src/install/crazyflie_interfaces/include/crazyflie_interfaces/crazyflie_interfaces/srv/detail/stop__type_support.c
[1.657s] -- Up-to-date: /home/abd/exp_ws/src/install/crazyflie_interfaces/include/crazyflie_interfaces/crazyflie_interfaces/srv/detail/upload_trajectory__type_support.c
[1.657s] -- Up-to-date: /home/abd/exp_ws/src/install/crazyflie_interfaces/include/crazyflie_interfaces/crazyflie_interfaces/srv/detail/land__type_support.c
[1.657s] -- Up-to-date: /home/abd/exp_ws/src/install/crazyflie_interfaces/include/crazyflie_interfaces/crazyflie_interfaces/srv/detail/remove_logging__rosidl_typesupport_introspection_c.h
[1.657s] -- Up-to-date: /home/abd/exp_ws/src/install/crazyflie_interfaces/include/crazyflie_interfaces/crazyflie_interfaces/srv/detail/remove_logging__type_support.c
[1.657s] -- Up-to-date: /home/abd/exp_ws/src/install/crazyflie_interfaces/include/crazyflie_interfaces/crazyflie_interfaces/srv/detail/add_logging__type_support.c
[1.657s] -- Up-to-date: /home/abd/exp_ws/src/install/crazyflie_interfaces/include/crazyflie_interfaces/crazyflie_interfaces/srv/detail/go_to__type_support.c
[1.657s] -- Up-to-date: /home/abd/exp_ws/src/install/crazyflie_interfaces/include/crazyflie_interfaces/crazyflie_interfaces/srv/detail/set_group_mask__type_support.c
[1.658s] -- Up-to-date: /home/abd/exp_ws/src/install/crazyflie_interfaces/include/crazyflie_interfaces/crazyflie_interfaces/srv/detail/notify_setpoints_stop__type_support.c
[1.658s] -- Up-to-date: /home/abd/exp_ws/src/install/crazyflie_interfaces/include/crazyflie_interfaces/crazyflie_interfaces/srv/detail/start_trajectory__type_support.c
[1.658s] -- Up-to-date: /home/abd/exp_ws/src/install/crazyflie_interfaces/lib/libcrazyflie_interfaces__rosidl_typesupport_introspection_c.so
[1.658s] -- Up-to-date: /home/abd/exp_ws/src/install/crazyflie_interfaces/lib/libcrazyflie_interfaces__rosidl_typesupport_c.so
[1.658s] -- Up-to-date: /home/abd/exp_ws/src/install/crazyflie_interfaces/include/crazyflie_interfaces/crazyflie_interfaces
[1.658s] -- Up-to-date: /home/abd/exp_ws/src/install/crazyflie_interfaces/include/crazyflie_interfaces/crazyflie_interfaces/msg
[1.658s] -- Up-to-date: /home/abd/exp_ws/src/install/crazyflie_interfaces/include/crazyflie_interfaces/crazyflie_interfaces/msg/detail
[1.658s] -- Up-to-date: /home/abd/exp_ws/src/install/crazyflie_interfaces/include/crazyflie_interfaces/crazyflie_interfaces/msg/detail/trajectory_polynomial_piece__type_support.cpp
[1.659s] -- Up-to-date: /home/abd/exp_ws/src/install/crazyflie_interfaces/include/crazyflie_interfaces/crazyflie_interfaces/msg/detail/trajectory_polynomial_piece__rosidl_typesupport_introspection_cpp.hpp
[1.659s] -- Up-to-date: /home/abd/exp_ws/src/install/crazyflie_interfaces/include/crazyflie_interfaces/crazyflie_interfaces/msg/detail/velocity_world__rosidl_typesupport_introspection_cpp.hpp
[1.659s] -- Up-to-date: /home/abd/exp_ws/src/install/crazyflie_interfaces/include/crazyflie_interfaces/crazyflie_interfaces/msg/detail/velocity_world__type_support.cpp
[1.659s] -- Up-to-date: /home/abd/exp_ws/src/install/crazyflie_interfaces/include/crazyflie_interfaces/crazyflie_interfaces/msg/detail/log_block__rosidl_typesupport_introspection_cpp.hpp
[1.659s] -- Up-to-date: /home/abd/exp_ws/src/install/crazyflie_interfaces/include/crazyflie_interfaces/crazyflie_interfaces/msg/detail/hover__type_support.cpp
[1.659s] -- Up-to-date: /home/abd/exp_ws/src/install/crazyflie_interfaces/include/crazyflie_interfaces/crazyflie_interfaces/msg/detail/hover__rosidl_typesupport_introspection_cpp.hpp
[1.659s] -- Up-to-date: /home/abd/exp_ws/src/install/crazyflie_interfaces/include/crazyflie_interfaces/crazyflie_interfaces/msg/detail/log_data_generic__rosidl_typesupport_introspection_cpp.hpp
[1.659s] -- Up-to-date: /home/abd/exp_ws/src/install/crazyflie_interfaces/include/crazyflie_interfaces/crazyflie_interfaces/msg/detail/position__type_support.cpp
[1.659s] -- Up-to-date: /home/abd/exp_ws/src/install/crazyflie_interfaces/include/crazyflie_interfaces/crazyflie_interfaces/msg/detail/log_data_generic__type_support.cpp
[1.660s] -- Up-to-date: /home/abd/exp_ws/src/install/crazyflie_interfaces/include/crazyflie_interfaces/crazyflie_interfaces/msg/detail/position__rosidl_typesupport_introspection_cpp.hpp
[1.660s] -- Up-to-date: /home/abd/exp_ws/src/install/crazyflie_interfaces/include/crazyflie_interfaces/crazyflie_interfaces/msg/detail/log_block__type_support.cpp
[1.660s] -- Up-to-date: /home/abd/exp_ws/src/install/crazyflie_interfaces/include/crazyflie_interfaces/crazyflie_interfaces/msg/detail/full_state__type_support.cpp
[1.660s] -- Up-to-date: /home/abd/exp_ws/src/install/crazyflie_interfaces/include/crazyflie_interfaces/crazyflie_interfaces/msg/detail/full_state__rosidl_typesupport_introspection_cpp.hpp
[1.660s] -- Up-to-date: /home/abd/exp_ws/src/install/crazyflie_interfaces/include/crazyflie_interfaces/crazyflie_interfaces/srv
[1.660s] -- Up-to-date: /home/abd/exp_ws/src/install/crazyflie_interfaces/include/crazyflie_interfaces/crazyflie_interfaces/srv/detail
[1.660s] -- Up-to-date: /home/abd/exp_ws/src/install/crazyflie_interfaces/include/crazyflie_interfaces/crazyflie_interfaces/srv/detail/add_logging__rosidl_typesupport_introspection_cpp.hpp
[1.660s] -- Up-to-date: /home/abd/exp_ws/src/install/crazyflie_interfaces/include/crazyflie_interfaces/crazyflie_interfaces/srv/detail/notify_setpoints_stop__rosidl_typesupport_introspection_cpp.hpp
[1.661s] -- Up-to-date: /home/abd/exp_ws/src/install/crazyflie_interfaces/include/crazyflie_interfaces/crazyflie_interfaces/srv/detail/stop__type_support.cpp
[1.661s] -- Up-to-date: /home/abd/exp_ws/src/install/crazyflie_interfaces/include/crazyflie_interfaces/crazyflie_interfaces/srv/detail/set_group_mask__rosidl_typesupport_introspection_cpp.hpp
[1.661s] -- Up-to-date: /home/abd/exp_ws/src/install/crazyflie_interfaces/include/crazyflie_interfaces/crazyflie_interfaces/srv/detail/land__type_support.cpp
[1.661s] -- Up-to-date: /home/abd/exp_ws/src/install/crazyflie_interfaces/include/crazyflie_interfaces/crazyflie_interfaces/srv/detail/land__rosidl_typesupport_introspection_cpp.hpp
[1.661s] -- Up-to-date: /home/abd/exp_ws/src/install/crazyflie_interfaces/include/crazyflie_interfaces/crazyflie_interfaces/srv/detail/takeoff__rosidl_typesupport_introspection_cpp.hpp
[1.661s] -- Up-to-date: /home/abd/exp_ws/src/install/crazyflie_interfaces/include/crazyflie_interfaces/crazyflie_interfaces/srv/detail/remove_logging__rosidl_typesupport_introspection_cpp.hpp
[1.661s] -- Up-to-date: /home/abd/exp_ws/src/install/crazyflie_interfaces/include/crazyflie_interfaces/crazyflie_interfaces/srv/detail/go_to__rosidl_typesupport_introspection_cpp.hpp
[1.661s] -- Up-to-date: /home/abd/exp_ws/src/install/crazyflie_interfaces/include/crazyflie_interfaces/crazyflie_interfaces/srv/detail/start_trajectory__type_support.cpp
[1.662s] -- Up-to-date: /home/abd/exp_ws/src/install/crazyflie_interfaces/include/crazyflie_interfaces/crazyflie_interfaces/srv/detail/set_group_mask__type_support.cpp
[1.662s] -- Up-to-date: /home/abd/exp_ws/src/install/crazyflie_interfaces/include/crazyflie_interfaces/crazyflie_interfaces/srv/detail/upload_trajectory__rosidl_typesupport_introspection_cpp.hpp
[1.662s] -- Up-to-date: /home/abd/exp_ws/src/install/crazyflie_interfaces/include/crazyflie_interfaces/crazyflie_interfaces/srv/detail/add_logging__type_support.cpp
[1.662s] -- Up-to-date: /home/abd/exp_ws/src/install/crazyflie_interfaces/include/crazyflie_interfaces/crazyflie_interfaces/srv/detail/remove_logging__type_support.cpp
[1.662s] -- Up-to-date: /home/abd/exp_ws/src/install/crazyflie_interfaces/include/crazyflie_interfaces/crazyflie_interfaces/srv/detail/start_trajectory__rosidl_typesupport_introspection_cpp.hpp
[1.662s] -- Up-to-date: /home/abd/exp_ws/src/install/crazyflie_interfaces/include/crazyflie_interfaces/crazyflie_interfaces/srv/detail/update_params__rosidl_typesupport_introspection_cpp.hpp
[1.662s] -- Up-to-date: /home/abd/exp_ws/src/install/crazyflie_interfaces/include/crazyflie_interfaces/crazyflie_interfaces/srv/detail/stop__rosidl_typesupport_introspection_cpp.hpp
[1.662s] -- Up-to-date: /home/abd/exp_ws/src/install/crazyflie_interfaces/include/crazyflie_interfaces/crazyflie_interfaces/srv/detail/go_to__type_support.cpp
[1.663s] -- Up-to-date: /home/abd/exp_ws/src/install/crazyflie_interfaces/include/crazyflie_interfaces/crazyflie_interfaces/srv/detail/notify_setpoints_stop__type_support.cpp
[1.663s] -- Up-to-date: /home/abd/exp_ws/src/install/crazyflie_interfaces/include/crazyflie_interfaces/crazyflie_interfaces/srv/detail/upload_trajectory__type_support.cpp
[1.663s] -- Up-to-date: /home/abd/exp_ws/src/install/crazyflie_interfaces/include/crazyflie_interfaces/crazyflie_interfaces/srv/detail/update_params__type_support.cpp
[1.663s] -- Up-to-date: /home/abd/exp_ws/src/install/crazyflie_interfaces/include/crazyflie_interfaces/crazyflie_interfaces/srv/detail/takeoff__type_support.cpp
[1.663s] -- Up-to-date: /home/abd/exp_ws/src/install/crazyflie_interfaces/lib/libcrazyflie_interfaces__rosidl_typesupport_introspection_cpp.so
[1.663s] -- Up-to-date: /home/abd/exp_ws/src/install/crazyflie_interfaces/lib/libcrazyflie_interfaces__rosidl_typesupport_cpp.so
[1.663s] -- Up-to-date: /home/abd/exp_ws/src/install/crazyflie_interfaces/share/crazyflie_interfaces/environment/pythonpath.sh
[1.663s] -- Up-to-date: /home/abd/exp_ws/src/install/crazyflie_interfaces/share/crazyflie_interfaces/environment/pythonpath.dsv
[1.663s] -- Up-to-date: /home/abd/exp_ws/src/install/crazyflie_interfaces/local/lib/python3.10/dist-packages/crazyflie_interfaces-2.0.0-py3.10.egg-info
[1.663s] -- Installing: /home/abd/exp_ws/src/install/crazyflie_interfaces/local/lib/python3.10/dist-packages/crazyflie_interfaces-2.0.0-py3.10.egg-info/SOURCES.txt
[1.664s] -- Installing: /home/abd/exp_ws/src/install/crazyflie_interfaces/local/lib/python3.10/dist-packages/crazyflie_interfaces-2.0.0-py3.10.egg-info/dependency_links.txt
[1.664s] -- Installing: /home/abd/exp_ws/src/install/crazyflie_interfaces/local/lib/python3.10/dist-packages/crazyflie_interfaces-2.0.0-py3.10.egg-info/PKG-INFO
[1.664s] -- Installing: /home/abd/exp_ws/src/install/crazyflie_interfaces/local/lib/python3.10/dist-packages/crazyflie_interfaces-2.0.0-py3.10.egg-info/top_level.txt
[1.664s] -- Up-to-date: /home/abd/exp_ws/src/install/crazyflie_interfaces/local/lib/python3.10/dist-packages/crazyflie_interfaces
[1.664s] -- Up-to-date: /home/abd/exp_ws/src/install/crazyflie_interfaces/local/lib/python3.10/dist-packages/crazyflie_interfaces/crazyflie_interfaces_s__rosidl_typesupport_fastrtps_c.cpython-310-x86_64-linux-gnu.so
[1.664s] -- Up-to-date: /home/abd/exp_ws/src/install/crazyflie_interfaces/local/lib/python3.10/dist-packages/crazyflie_interfaces/_crazyflie_interfaces_s.ep.rosidl_typesupport_fastrtps_c.c
[1.664s] -- Up-to-date: /home/abd/exp_ws/src/install/crazyflie_interfaces/local/lib/python3.10/dist-packages/crazyflie_interfaces/_crazyflie_interfaces_s.ep.rosidl_typesupport_introspection_c.c
[1.664s] -- Up-to-date: /home/abd/exp_ws/src/install/crazyflie_interfaces/local/lib/python3.10/dist-packages/crazyflie_interfaces/__init__.py
[1.664s] -- Up-to-date: /home/abd/exp_ws/src/install/crazyflie_interfaces/local/lib/python3.10/dist-packages/crazyflie_interfaces/crazyflie_interfaces_s__rosidl_typesupport_introspection_c.cpython-310-x86_64-linux-gnu.so
[1.664s] -- Up-to-date: /home/abd/exp_ws/src/install/crazyflie_interfaces/local/lib/python3.10/dist-packages/crazyflie_interfaces/msg
[1.665s] -- Up-to-date: /home/abd/exp_ws/src/install/crazyflie_interfaces/local/lib/python3.10/dist-packages/crazyflie_interfaces/msg/__init__.py
[1.665s] -- Up-to-date: /home/abd/exp_ws/src/install/crazyflie_interfaces/local/lib/python3.10/dist-packages/crazyflie_interfaces/msg/_full_state.py
[1.665s] -- Up-to-date: /home/abd/exp_ws/src/install/crazyflie_interfaces/local/lib/python3.10/dist-packages/crazyflie_interfaces/msg/_position_s.c
[1.665s] -- Up-to-date: /home/abd/exp_ws/src/install/crazyflie_interfaces/local/lib/python3.10/dist-packages/crazyflie_interfaces/msg/_log_data_generic_s.c
[1.665s] -- Up-to-date: /home/abd/exp_ws/src/install/crazyflie_interfaces/local/lib/python3.10/dist-packages/crazyflie_interfaces/msg/_trajectory_polynomial_piece.py
[1.665s] -- Up-to-date: /home/abd/exp_ws/src/install/crazyflie_interfaces/local/lib/python3.10/dist-packages/crazyflie_interfaces/msg/_log_data_generic.py
[1.665s] -- Up-to-date: /home/abd/exp_ws/src/install/crazyflie_interfaces/local/lib/python3.10/dist-packages/crazyflie_interfaces/msg/_trajectory_polynomial_piece_s.c
[1.665s] -- Up-to-date: /home/abd/exp_ws/src/install/crazyflie_interfaces/local/lib/python3.10/dist-packages/crazyflie_interfaces/msg/_velocity_world_s.c
[1.665s] -- Up-to-date: /home/abd/exp_ws/src/install/crazyflie_interfaces/local/lib/python3.10/dist-packages/crazyflie_interfaces/msg/_log_block.py
[1.665s] -- Up-to-date: /home/abd/exp_ws/src/install/crazyflie_interfaces/local/lib/python3.10/dist-packages/crazyflie_interfaces/msg/_log_block_s.c
[1.666s] -- Up-to-date: /home/abd/exp_ws/src/install/crazyflie_interfaces/local/lib/python3.10/dist-packages/crazyflie_interfaces/msg/_position.py
[1.666s] -- Up-to-date: /home/abd/exp_ws/src/install/crazyflie_interfaces/local/lib/python3.10/dist-packages/crazyflie_interfaces/msg/_full_state_s.c
[1.666s] -- Up-to-date: /home/abd/exp_ws/src/install/crazyflie_interfaces/local/lib/python3.10/dist-packages/crazyflie_interfaces/msg/_velocity_world.py
[1.666s] -- Up-to-date: /home/abd/exp_ws/src/install/crazyflie_interfaces/local/lib/python3.10/dist-packages/crazyflie_interfaces/msg/_hover_s.c
[1.666s] -- Up-to-date: /home/abd/exp_ws/src/install/crazyflie_interfaces/local/lib/python3.10/dist-packages/crazyflie_interfaces/msg/_hover.py
[1.666s] -- Up-to-date: /home/abd/exp_ws/src/install/crazyflie_interfaces/local/lib/python3.10/dist-packages/crazyflie_interfaces/libcrazyflie_interfaces__rosidl_generator_py.so
[1.666s] -- Up-to-date: /home/abd/exp_ws/src/install/crazyflie_interfaces/local/lib/python3.10/dist-packages/crazyflie_interfaces/srv
[1.666s] -- Up-to-date: /home/abd/exp_ws/src/install/crazyflie_interfaces/local/lib/python3.10/dist-packages/crazyflie_interfaces/srv/_go_to_s.c
[1.666s] -- Up-to-date: /home/abd/exp_ws/src/install/crazyflie_interfaces/local/lib/python3.10/dist-packages/crazyflie_interfaces/srv/_stop_s.c
[1.666s] -- Up-to-date: /home/abd/exp_ws/src/install/crazyflie_interfaces/local/lib/python3.10/dist-packages/crazyflie_interfaces/srv/_land.py
[1.666s] -- Up-to-date: /home/abd/exp_ws/src/install/crazyflie_interfaces/local/lib/python3.10/dist-packages/crazyflie_interfaces/srv/__init__.py
[1.667s] -- Up-to-date: /home/abd/exp_ws/src/install/crazyflie_interfaces/local/lib/python3.10/dist-packages/crazyflie_interfaces/srv/_upload_trajectory.py
[1.667s] -- Up-to-date: /home/abd/exp_ws/src/install/crazyflie_interfaces/local/lib/python3.10/dist-packages/crazyflie_interfaces/srv/_remove_logging_s.c
[1.667s] -- Up-to-date: /home/abd/exp_ws/src/install/crazyflie_interfaces/local/lib/python3.10/dist-packages/crazyflie_interfaces/srv/_add_logging.py
[1.667s] -- Up-to-date: /home/abd/exp_ws/src/install/crazyflie_interfaces/local/lib/python3.10/dist-packages/crazyflie_interfaces/srv/_land_s.c
[1.667s] -- Up-to-date: /home/abd/exp_ws/src/install/crazyflie_interfaces/local/lib/python3.10/dist-packages/crazyflie_interfaces/srv/_start_trajectory.py
[1.667s] -- Up-to-date: /home/abd/exp_ws/src/install/crazyflie_interfaces/local/lib/python3.10/dist-packages/crazyflie_interfaces/srv/_takeoff_s.c
[1.667s] -- Up-to-date: /home/abd/exp_ws/src/install/crazyflie_interfaces/local/lib/python3.10/dist-packages/crazyflie_interfaces/srv/_add_logging_s.c
[1.667s] -- Up-to-date: /home/abd/exp_ws/src/install/crazyflie_interfaces/local/lib/python3.10/dist-packages/crazyflie_interfaces/srv/_set_group_mask_s.c
[1.667s] -- Up-to-date: /home/abd/exp_ws/src/install/crazyflie_interfaces/local/lib/python3.10/dist-packages/crazyflie_interfaces/srv/_upload_trajectory_s.c
[1.667s] -- Up-to-date: /home/abd/exp_ws/src/install/crazyflie_interfaces/local/lib/python3.10/dist-packages/crazyflie_interfaces/srv/_notify_setpoints_stop_s.c
[1.668s] -- Up-to-date: /home/abd/exp_ws/src/install/crazyflie_interfaces/local/lib/python3.10/dist-packages/crazyflie_interfaces/srv/_start_trajectory_s.c
[1.668s] -- Up-to-date: /home/abd/exp_ws/src/install/crazyflie_interfaces/local/lib/python3.10/dist-packages/crazyflie_interfaces/srv/_go_to.py
[1.668s] -- Up-to-date: /home/abd/exp_ws/src/install/crazyflie_interfaces/local/lib/python3.10/dist-packages/crazyflie_interfaces/srv/_update_params_s.c
[1.668s] -- Up-to-date: /home/abd/exp_ws/src/install/crazyflie_interfaces/local/lib/python3.10/dist-packages/crazyflie_interfaces/srv/_takeoff.py
[1.668s] -- Up-to-date: /home/abd/exp_ws/src/install/crazyflie_interfaces/local/lib/python3.10/dist-packages/crazyflie_interfaces/srv/_notify_setpoints_stop.py
[1.668s] -- Up-to-date: /home/abd/exp_ws/src/install/crazyflie_interfaces/local/lib/python3.10/dist-packages/crazyflie_interfaces/srv/_remove_logging.py
[1.668s] -- Up-to-date: /home/abd/exp_ws/src/install/crazyflie_interfaces/local/lib/python3.10/dist-packages/crazyflie_interfaces/srv/_set_group_mask.py
[1.668s] -- Up-to-date: /home/abd/exp_ws/src/install/crazyflie_interfaces/local/lib/python3.10/dist-packages/crazyflie_interfaces/srv/_stop.py
[1.668s] -- Up-to-date: /home/abd/exp_ws/src/install/crazyflie_interfaces/local/lib/python3.10/dist-packages/crazyflie_interfaces/srv/_update_params.py
[1.668s] -- Up-to-date: /home/abd/exp_ws/src/install/crazyflie_interfaces/local/lib/python3.10/dist-packages/crazyflie_interfaces/crazyflie_interfaces_s__rosidl_typesupport_c.cpython-310-x86_64-linux-gnu.so
[1.669s] -- Up-to-date: /home/abd/exp_ws/src/install/crazyflie_interfaces/local/lib/python3.10/dist-packages/crazyflie_interfaces/_crazyflie_interfaces_s.ep.rosidl_typesupport_c.c
[1.709s] Listing '/home/abd/exp_ws/src/install/crazyflie_interfaces/local/lib/python3.10/dist-packages/crazyflie_interfaces'...
[1.710s] Listing '/home/abd/exp_ws/src/install/crazyflie_interfaces/local/lib/python3.10/dist-packages/crazyflie_interfaces/msg'...
[1.710s] Listing '/home/abd/exp_ws/src/install/crazyflie_interfaces/local/lib/python3.10/dist-packages/crazyflie_interfaces/srv'...
[1.718s] -- Up-to-date: /home/abd/exp_ws/src/install/crazyflie_interfaces/local/lib/python3.10/dist-packages/crazyflie_interfaces/crazyflie_interfaces_s__rosidl_typesupport_fastrtps_c.cpython-310-x86_64-linux-gnu.so
[1.719s] -- Up-to-date: /home/abd/exp_ws/src/install/crazyflie_interfaces/local/lib/python3.10/dist-packages/crazyflie_interfaces/crazyflie_interfaces_s__rosidl_typesupport_introspection_c.cpython-310-x86_64-linux-gnu.so
[1.720s] -- Up-to-date: /home/abd/exp_ws/src/install/crazyflie_interfaces/local/lib/python3.10/dist-packages/crazyflie_interfaces/crazyflie_interfaces_s__rosidl_typesupport_c.cpython-310-x86_64-linux-gnu.so
[1.721s] -- Up-to-date: /home/abd/exp_ws/src/install/crazyflie_interfaces/lib/libcrazyflie_interfaces__rosidl_generator_py.so
[1.721s] -- Up-to-date: /home/abd/exp_ws/src/install/crazyflie_interfaces/share/crazyflie_interfaces/msg/FullState.idl
[1.721s] -- Up-to-date: /home/abd/exp_ws/src/install/crazyflie_interfaces/share/crazyflie_interfaces/msg/LogDataGeneric.idl
[1.721s] -- Up-to-date: /home/abd/exp_ws/src/install/crazyflie_interfaces/share/crazyflie_interfaces/msg/Hover.idl
[1.722s] -- Up-to-date: /home/abd/exp_ws/src/install/crazyflie_interfaces/share/crazyflie_interfaces/msg/LogBlock.idl
[1.722s] -- Up-to-date: /home/abd/exp_ws/src/install/crazyflie_interfaces/share/crazyflie_interfaces/msg/Position.idl
[1.722s] -- Up-to-date: /home/abd/exp_ws/src/install/crazyflie_interfaces/share/crazyflie_interfaces/msg/TrajectoryPolynomialPiece.idl
[1.722s] -- Up-to-date: /home/abd/exp_ws/src/install/crazyflie_interfaces/share/crazyflie_interfaces/msg/VelocityWorld.idl
[1.722s] -- Up-to-date: /home/abd/exp_ws/src/install/crazyflie_interfaces/share/crazyflie_interfaces/srv/GoTo.idl
[1.722s] -- Up-to-date: /home/abd/exp_ws/src/install/crazyflie_interfaces/share/crazyflie_interfaces/srv/Land.idl
[1.723s] -- Up-to-date: /home/abd/exp_ws/src/install/crazyflie_interfaces/share/crazyflie_interfaces/srv/NotifySetpointsStop.idl
[1.723s] -- Up-to-date: /home/abd/exp_ws/src/install/crazyflie_interfaces/share/crazyflie_interfaces/srv/SetGroupMask.idl
[1.723s] -- Up-to-date: /home/abd/exp_ws/src/install/crazyflie_interfaces/share/crazyflie_interfaces/srv/StartTrajectory.idl
[1.723s] -- Up-to-date: /home/abd/exp_ws/src/install/crazyflie_interfaces/share/crazyflie_interfaces/srv/Stop.idl
[1.723s] -- Up-to-date: /home/abd/exp_ws/src/install/crazyflie_interfaces/share/crazyflie_interfaces/srv/Takeoff.idl
[1.723s] -- Up-to-date: /home/abd/exp_ws/src/install/crazyflie_interfaces/share/crazyflie_interfaces/srv/UpdateParams.idl
[1.724s] -- Up-to-date: /home/abd/exp_ws/src/install/crazyflie_interfaces/share/crazyflie_interfaces/srv/UploadTrajectory.idl
[1.724s] -- Up-to-date: /home/abd/exp_ws/src/install/crazyflie_interfaces/share/crazyflie_interfaces/srv/RemoveLogging.idl
[1.724s] -- Up-to-date: /home/abd/exp_ws/src/install/crazyflie_interfaces/share/crazyflie_interfaces/srv/AddLogging.idl
[1.724s] -- Up-to-date: /home/abd/exp_ws/src/install/crazyflie_interfaces/share/crazyflie_interfaces/msg/FullState.msg
[1.724s] -- Up-to-date: /home/abd/exp_ws/src/install/crazyflie_interfaces/share/crazyflie_interfaces/msg/LogDataGeneric.msg
[1.725s] -- Up-to-date: /home/abd/exp_ws/src/install/crazyflie_interfaces/share/crazyflie_interfaces/msg/Hover.msg
[1.725s] -- Up-to-date: /home/abd/exp_ws/src/install/crazyflie_interfaces/share/crazyflie_interfaces/msg/LogBlock.msg
[1.725s] -- Up-to-date: /home/abd/exp_ws/src/install/crazyflie_interfaces/share/crazyflie_interfaces/msg/Position.msg
[1.725s] -- Up-to-date: /home/abd/exp_ws/src/install/crazyflie_interfaces/share/crazyflie_interfaces/msg/TrajectoryPolynomialPiece.msg
[1.725s] -- Up-to-date: /home/abd/exp_ws/src/install/crazyflie_interfaces/share/crazyflie_interfaces/msg/VelocityWorld.msg
[1.725s] -- Up-to-date: /home/abd/exp_ws/src/install/crazyflie_interfaces/share/crazyflie_interfaces/srv/GoTo.srv
[1.726s] -- Up-to-date: /home/abd/exp_ws/src/install/crazyflie_interfaces/share/crazyflie_interfaces/srv/GoTo_Request.msg
[1.726s] -- Up-to-date: /home/abd/exp_ws/src/install/crazyflie_interfaces/share/crazyflie_interfaces/srv/GoTo_Response.msg
[1.726s] -- Up-to-date: /home/abd/exp_ws/src/install/crazyflie_interfaces/share/crazyflie_interfaces/srv/Land.srv
[1.726s] -- Up-to-date: /home/abd/exp_ws/src/install/crazyflie_interfaces/share/crazyflie_interfaces/srv/Land_Request.msg
[1.726s] -- Up-to-date: /home/abd/exp_ws/src/install/crazyflie_interfaces/share/crazyflie_interfaces/srv/Land_Response.msg
[1.726s] -- Up-to-date: /home/abd/exp_ws/src/install/crazyflie_interfaces/share/crazyflie_interfaces/srv/NotifySetpointsStop.srv
[1.726s] -- Up-to-date: /home/abd/exp_ws/src/install/crazyflie_interfaces/share/crazyflie_interfaces/srv/NotifySetpointsStop_Request.msg
[1.727s] -- Up-to-date: /home/abd/exp_ws/src/install/crazyflie_interfaces/share/crazyflie_interfaces/srv/NotifySetpointsStop_Response.msg
[1.727s] -- Up-to-date: /home/abd/exp_ws/src/install/crazyflie_interfaces/share/crazyflie_interfaces/srv/SetGroupMask.srv
[1.727s] -- Up-to-date: /home/abd/exp_ws/src/install/crazyflie_interfaces/share/crazyflie_interfaces/srv/SetGroupMask_Request.msg
[1.727s] -- Up-to-date: /home/abd/exp_ws/src/install/crazyflie_interfaces/share/crazyflie_interfaces/srv/SetGroupMask_Response.msg
[1.727s] -- Up-to-date: /home/abd/exp_ws/src/install/crazyflie_interfaces/share/crazyflie_interfaces/srv/StartTrajectory.srv
[1.727s] -- Up-to-date: /home/abd/exp_ws/src/install/crazyflie_interfaces/share/crazyflie_interfaces/srv/StartTrajectory_Request.msg
[1.728s] -- Up-to-date: /home/abd/exp_ws/src/install/crazyflie_interfaces/share/crazyflie_interfaces/srv/StartTrajectory_Response.msg
[1.728s] -- Up-to-date: /home/abd/exp_ws/src/install/crazyflie_interfaces/share/crazyflie_interfaces/srv/Stop.srv
[1.728s] -- Up-to-date: /home/abd/exp_ws/src/install/crazyflie_interfaces/share/crazyflie_interfaces/srv/Stop_Request.msg
[1.728s] -- Up-to-date: /home/abd/exp_ws/src/install/crazyflie_interfaces/share/crazyflie_interfaces/srv/Stop_Response.msg
[1.728s] -- Up-to-date: /home/abd/exp_ws/src/install/crazyflie_interfaces/share/crazyflie_interfaces/srv/Takeoff.srv
[1.728s] -- Up-to-date: /home/abd/exp_ws/src/install/crazyflie_interfaces/share/crazyflie_interfaces/srv/Takeoff_Request.msg
[1.728s] -- Up-to-date: /home/abd/exp_ws/src/install/crazyflie_interfaces/share/crazyflie_interfaces/srv/Takeoff_Response.msg
[1.728s] -- Up-to-date: /home/abd/exp_ws/src/install/crazyflie_interfaces/share/crazyflie_interfaces/srv/UpdateParams.srv
[1.729s] -- Up-to-date: /home/abd/exp_ws/src/install/crazyflie_interfaces/share/crazyflie_interfaces/srv/UpdateParams_Request.msg
[1.729s] -- Up-to-date: /home/abd/exp_ws/src/install/crazyflie_interfaces/share/crazyflie_interfaces/srv/UpdateParams_Response.msg
[1.729s] -- Up-to-date: /home/abd/exp_ws/src/install/crazyflie_interfaces/share/crazyflie_interfaces/srv/UploadTrajectory.srv
[1.729s] -- Up-to-date: /home/abd/exp_ws/src/install/crazyflie_interfaces/share/crazyflie_interfaces/srv/UploadTrajectory_Request.msg
[1.729s] -- Up-to-date: /home/abd/exp_ws/src/install/crazyflie_interfaces/share/crazyflie_interfaces/srv/UploadTrajectory_Response.msg
[1.730s] -- Up-to-date: /home/abd/exp_ws/src/install/crazyflie_interfaces/share/crazyflie_interfaces/srv/RemoveLogging.srv
[1.730s] -- Up-to-date: /home/abd/exp_ws/src/install/crazyflie_interfaces/share/crazyflie_interfaces/srv/RemoveLogging_Request.msg
[1.730s] -- Up-to-date: /home/abd/exp_ws/src/install/crazyflie_interfaces/share/crazyflie_interfaces/srv/RemoveLogging_Response.msg
[1.730s] -- Up-to-date: /home/abd/exp_ws/src/install/crazyflie_interfaces/share/crazyflie_interfaces/srv/AddLogging.srv
[1.730s] -- Up-to-date: /home/abd/exp_ws/src/install/crazyflie_interfaces/share/crazyflie_interfaces/srv/AddLogging_Request.msg
[1.730s] -- Up-to-date: /home/abd/exp_ws/src/install/crazyflie_interfaces/share/crazyflie_interfaces/srv/AddLogging_Response.msg
[1.730s] -- Up-to-date: /home/abd/exp_ws/src/install/crazyflie_interfaces/share/ament_index/resource_index/package_run_dependencies/crazyflie_interfaces
[1.731s] -- Up-to-date: /home/abd/exp_ws/src/install/crazyflie_interfaces/share/ament_index/resource_index/parent_prefix_path/crazyflie_interfaces
[1.731s] -- Up-to-date: /home/abd/exp_ws/src/install/crazyflie_interfaces/share/crazyflie_interfaces/environment/ament_prefix_path.sh
[1.731s] -- Up-to-date: /home/abd/exp_ws/src/install/crazyflie_interfaces/share/crazyflie_interfaces/environment/ament_prefix_path.dsv
[1.731s] -- Up-to-date: /home/abd/exp_ws/src/install/crazyflie_interfaces/share/crazyflie_interfaces/environment/path.sh
[1.731s] -- Up-to-date: /home/abd/exp_ws/src/install/crazyflie_interfaces/share/crazyflie_interfaces/environment/path.dsv
[1.731s] -- Up-to-date: /home/abd/exp_ws/src/install/crazyflie_interfaces/share/crazyflie_interfaces/local_setup.bash
[1.732s] -- Up-to-date: /home/abd/exp_ws/src/install/crazyflie_interfaces/share/crazyflie_interfaces/local_setup.sh
[1.732s] -- Up-to-date: /home/abd/exp_ws/src/install/crazyflie_interfaces/share/crazyflie_interfaces/local_setup.zsh
[1.732s] -- Up-to-date: /home/abd/exp_ws/src/install/crazyflie_interfaces/share/crazyflie_interfaces/local_setup.dsv
[1.733s] -- Installing: /home/abd/exp_ws/src/install/crazyflie_interfaces/share/crazyflie_interfaces/package.dsv
[1.733s] -- Up-to-date: /home/abd/exp_ws/src/install/crazyflie_interfaces/share/ament_index/resource_index/packages/crazyflie_interfaces
[1.733s] -- Up-to-date: /home/abd/exp_ws/src/install/crazyflie_interfaces/share/crazyflie_interfaces/cmake/export_crazyflie_interfaces__rosidl_generator_cExport.cmake
[1.733s] -- Up-to-date: /home/abd/exp_ws/src/install/crazyflie_interfaces/share/crazyflie_interfaces/cmake/export_crazyflie_interfaces__rosidl_generator_cExport-noconfig.cmake
[1.735s] -- Up-to-date: /home/abd/exp_ws/src/install/crazyflie_interfaces/share/crazyflie_interfaces/cmake/export_crazyflie_interfaces__rosidl_typesupport_fastrtps_cExport.cmake
[1.735s] -- Up-to-date: /home/abd/exp_ws/src/install/crazyflie_interfaces/share/crazyflie_interfaces/cmake/export_crazyflie_interfaces__rosidl_typesupport_fastrtps_cExport-noconfig.cmake
[1.736s] -- Up-to-date: /home/abd/exp_ws/src/install/crazyflie_interfaces/share/crazyflie_interfaces/cmake/export_crazyflie_interfaces__rosidl_generator_cppExport.cmake
[1.736s] -- Up-to-date: /home/abd/exp_ws/src/install/crazyflie_interfaces/share/crazyflie_interfaces/cmake/export_crazyflie_interfaces__rosidl_typesupport_fastrtps_cppExport.cmake
[1.736s] -- Up-to-date: /home/abd/exp_ws/src/install/crazyflie_interfaces/share/crazyflie_interfaces/cmake/export_crazyflie_interfaces__rosidl_typesupport_fastrtps_cppExport-noconfig.cmake
[1.736s] -- Up-to-date: /home/abd/exp_ws/src/install/crazyflie_interfaces/share/crazyflie_interfaces/cmake/crazyflie_interfaces__rosidl_typesupport_introspection_cExport.cmake
[1.736s] -- Up-to-date: /home/abd/exp_ws/src/install/crazyflie_interfaces/share/crazyflie_interfaces/cmake/crazyflie_interfaces__rosidl_typesupport_introspection_cExport-noconfig.cmake
[1.736s] -- Up-to-date: /home/abd/exp_ws/src/install/crazyflie_interfaces/share/crazyflie_interfaces/cmake/crazyflie_interfaces__rosidl_typesupport_cExport.cmake
[1.737s] -- Up-to-date: /home/abd/exp_ws/src/install/crazyflie_interfaces/share/crazyflie_interfaces/cmake/crazyflie_interfaces__rosidl_typesupport_cExport-noconfig.cmake
[1.737s] -- Up-to-date: /home/abd/exp_ws/src/install/crazyflie_interfaces/share/crazyflie_interfaces/cmake/crazyflie_interfaces__rosidl_typesupport_introspection_cppExport.cmake
[1.737s] -- Up-to-date: /home/abd/exp_ws/src/install/crazyflie_interfaces/share/crazyflie_interfaces/cmake/crazyflie_interfaces__rosidl_typesupport_introspection_cppExport-noconfig.cmake
[1.737s] -- Up-to-date: /home/abd/exp_ws/src/install/crazyflie_interfaces/share/crazyflie_interfaces/cmake/crazyflie_interfaces__rosidl_typesupport_cppExport.cmake
[1.738s] -- Up-to-date: /home/abd/exp_ws/src/install/crazyflie_interfaces/share/crazyflie_interfaces/cmake/crazyflie_interfaces__rosidl_typesupport_cppExport-noconfig.cmake
[1.738s] -- Up-to-date: /home/abd/exp_ws/src/install/crazyflie_interfaces/share/crazyflie_interfaces/cmake/export_crazyflie_interfaces__rosidl_generator_pyExport.cmake
[1.738s] -- Up-to-date: /home/abd/exp_ws/src/install/crazyflie_interfaces/share/crazyflie_interfaces/cmake/export_crazyflie_interfaces__rosidl_generator_pyExport-noconfig.cmake
[1.738s] -- Up-to-date: /home/abd/exp_ws/src/install/crazyflie_interfaces/share/crazyflie_interfaces/cmake/rosidl_cmake-extras.cmake
[1.738s] -- Up-to-date: /home/abd/exp_ws/src/install/crazyflie_interfaces/share/crazyflie_interfaces/cmake/ament_cmake_export_dependencies-extras.cmake
[1.738s] -- Up-to-date: /home/abd/exp_ws/src/install/crazyflie_interfaces/share/crazyflie_interfaces/cmake/ament_cmake_export_include_directories-extras.cmake
[1.738s] -- Up-to-date: /home/abd/exp_ws/src/install/crazyflie_interfaces/share/crazyflie_interfaces/cmake/ament_cmake_export_libraries-extras.cmake
[1.739s] -- Up-to-date: /home/abd/exp_ws/src/install/crazyflie_interfaces/share/crazyflie_interfaces/cmake/ament_cmake_export_targets-extras.cmake
[1.739s] -- Up-to-date: /home/abd/exp_ws/src/install/crazyflie_interfaces/share/crazyflie_interfaces/cmake/rosidl_cmake_export_typesupport_targets-extras.cmake
[1.739s] -- Up-to-date: /home/abd/exp_ws/src/install/crazyflie_interfaces/share/crazyflie_interfaces/cmake/rosidl_cmake_export_typesupport_libraries-extras.cmake
[1.739s] -- Up-to-date: /home/abd/exp_ws/src/install/crazyflie_interfaces/share/crazyflie_interfaces/cmake/crazyflie_interfacesConfig.cmake
[1.739s] -- Up-to-date: /home/abd/exp_ws/src/install/crazyflie_interfaces/share/crazyflie_interfaces/cmake/crazyflie_interfacesConfig-version.cmake
[1.739s] -- Up-to-date: /home/abd/exp_ws/src/install/crazyflie_interfaces/share/crazyflie_interfaces/package.xml
[1.744s] Invoked command in '/home/abd/exp_ws/src/build/crazyflie_interfaces' returned '0': CMAKE_PREFIX_PATH=${CMAKE_PREFIX_PATH}:/home/abd/exp_ws/src/install/crazyflie_py:/opt/ros/humble /usr/bin/cmake --install /home/abd/exp_ws/src/build/crazyflie_interfaces
