[0.174s] Invoking command in '/home/abd/exp_ws/src/build/crazyflie_interfaces': CMAKE_PREFIX_PATH=/opt/ros/humble /usr/bin/cmake --build /home/abd/exp_ws/src/build/crazyflie_interfaces -- -j12 -l12
[0.298s] [  0%] Built target crazyflie_interfaces__cpp
[0.314s] [ 12%] Built target crazyflie_interfaces__rosidl_generator_c
[0.337s] [ 12%] Built target ament_cmake_python_copy_crazyflie_interfaces
[0.368s] [ 13%] [32mBuilding CXX object CMakeFiles/crazyflie_interfaces__rosidl_typesupport_cpp.dir/rosidl_typesupport_cpp/crazyflie_interfaces/msg/full_state__type_support.cpp.o[0m
[0.369s] [ 13%] [32mBuilding CXX object CMakeFiles/crazyflie_interfaces__rosidl_typesupport_introspection_cpp.dir/rosidl_typesupport_introspection_cpp/crazyflie_interfaces/msg/detail/full_state__type_support.cpp.o[0m
[0.374s] [ 14%] [32mBuilding CXX object CMakeFiles/crazyflie_interfaces__rosidl_typesupport_introspection_cpp.dir/rosidl_typesupport_introspection_cpp/crazyflie_interfaces/msg/detail/log_data_generic__type_support.cpp.o[0m
[0.374s] [ 14%] [32mBuilding CXX object CMakeFiles/crazyflie_interfaces__rosidl_typesupport_cpp.dir/rosidl_typesupport_cpp/crazyflie_interfaces/msg/hover__type_support.cpp.o[0m
[0.375s] [ 15%] [32mBuilding CXX object CMakeFiles/crazyflie_interfaces__rosidl_typesupport_fastrtps_cpp.dir/rosidl_typesupport_fastrtps_cpp/crazyflie_interfaces/msg/detail/dds_fastrtps/full_state__type_support.cpp.o[0m
[0.377s] [ 16%] [32mBuilding CXX object CMakeFiles/crazyflie_interfaces__rosidl_typesupport_fastrtps_cpp.dir/rosidl_typesupport_fastrtps_cpp/crazyflie_interfaces/msg/detail/dds_fastrtps/hover__type_support.cpp.o[0m
[0.380s] [ 16%] [32mBuilding CXX object CMakeFiles/crazyflie_interfaces__rosidl_typesupport_fastrtps_cpp.dir/rosidl_typesupport_fastrtps_cpp/crazyflie_interfaces/msg/detail/dds_fastrtps/log_data_generic__type_support.cpp.o[0m
[0.381s] [ 17%] [32mBuilding CXX object CMakeFiles/crazyflie_interfaces__rosidl_typesupport_cpp.dir/rosidl_typesupport_cpp/crazyflie_interfaces/msg/log_data_generic__type_support.cpp.o[0m
[0.403s] [ 29%] Built target crazyflie_interfaces__rosidl_typesupport_introspection_c
[0.421s] [ 41%] Built target crazyflie_interfaces__rosidl_typesupport_c
[0.452s] [ 41%] [32mBuilding CXX object CMakeFiles/crazyflie_interfaces__rosidl_typesupport_cpp.dir/rosidl_typesupport_cpp/crazyflie_interfaces/msg/log_block__type_support.cpp.o[0m
[0.454s] [ 41%] [32mBuilding CXX object CMakeFiles/crazyflie_interfaces__rosidl_typesupport_fastrtps_c.dir/rosidl_typesupport_fastrtps_c/crazyflie_interfaces/msg/detail/full_state__type_support_c.cpp.o[0m
[0.487s] [ 42%] [32mBuilding CXX object CMakeFiles/crazyflie_interfaces__rosidl_typesupport_introspection_cpp.dir/rosidl_typesupport_introspection_cpp/crazyflie_interfaces/msg/detail/hover__type_support.cpp.o[0m
[1.341s] [ 43%] [32mBuilding CXX object CMakeFiles/crazyflie_interfaces__rosidl_typesupport_cpp.dir/rosidl_typesupport_cpp/crazyflie_interfaces/msg/position__type_support.cpp.o[0m
[1.425s] [ 43%] [32mBuilding CXX object CMakeFiles/crazyflie_interfaces__rosidl_typesupport_cpp.dir/rosidl_typesupport_cpp/crazyflie_interfaces/msg/trajectory_polynomial_piece__type_support.cpp.o[0m
[1.455s] [ 44%] [32mBuilding CXX object CMakeFiles/crazyflie_interfaces__rosidl_typesupport_cpp.dir/rosidl_typesupport_cpp/crazyflie_interfaces/msg/velocity_world__type_support.cpp.o[0m
[1.471s] running egg_info
[1.472s] writing crazyflie_interfaces.egg-info/PKG-INFO
[1.474s] writing dependency_links to crazyflie_interfaces.egg-info/dependency_links.txt
[1.475s] writing top-level names to crazyflie_interfaces.egg-info/top_level.txt
[1.482s] reading manifest file 'crazyflie_interfaces.egg-info/SOURCES.txt'
[1.485s] writing manifest file 'crazyflie_interfaces.egg-info/SOURCES.txt'
[1.511s] [ 45%] [32mBuilding CXX object CMakeFiles/crazyflie_interfaces__rosidl_typesupport_cpp.dir/rosidl_typesupport_cpp/crazyflie_interfaces/srv/go_to__type_support.cpp.o[0m
[1.609s] [ 45%] Built target ament_cmake_python_build_crazyflie_interfaces_egg
[1.627s] [ 46%] [32mBuilding CXX object CMakeFiles/crazyflie_interfaces__rosidl_typesupport_introspection_cpp.dir/rosidl_typesupport_introspection_cpp/crazyflie_interfaces/msg/detail/log_block__type_support.cpp.o[0m
[1.634s] [ 47%] [32mBuilding CXX object CMakeFiles/crazyflie_interfaces__rosidl_typesupport_fastrtps_c.dir/rosidl_typesupport_fastrtps_c/crazyflie_interfaces/msg/detail/log_data_generic__type_support_c.cpp.o[0m
[1.634s] [ 47%] [32mBuilding CXX object CMakeFiles/crazyflie_interfaces__rosidl_typesupport_fastrtps_cpp.dir/rosidl_typesupport_fastrtps_cpp/crazyflie_interfaces/msg/detail/dds_fastrtps/log_block__type_support.cpp.o[0m
[1.651s] [ 47%] [32mBuilding CXX object CMakeFiles/crazyflie_interfaces__rosidl_typesupport_introspection_cpp.dir/rosidl_typesupport_introspection_cpp/crazyflie_interfaces/msg/detail/position__type_support.cpp.o[0m
[1.700s] [ 48%] [32mBuilding CXX object CMakeFiles/crazyflie_interfaces__rosidl_typesupport_fastrtps_cpp.dir/rosidl_typesupport_fastrtps_cpp/crazyflie_interfaces/msg/detail/dds_fastrtps/position__type_support.cpp.o[0m
[1.758s] [ 49%] [32mBuilding CXX object CMakeFiles/crazyflie_interfaces__rosidl_typesupport_introspection_cpp.dir/rosidl_typesupport_introspection_cpp/crazyflie_interfaces/msg/detail/trajectory_polynomial_piece__type_support.cpp.o[0m
[1.781s] [ 50%] [32mBuilding CXX object CMakeFiles/crazyflie_interfaces__rosidl_typesupport_fastrtps_cpp.dir/rosidl_typesupport_fastrtps_cpp/crazyflie_interfaces/msg/detail/dds_fastrtps/trajectory_polynomial_piece__type_support.cpp.o[0m
[1.917s] [ 51%] [32mBuilding CXX object CMakeFiles/crazyflie_interfaces__rosidl_typesupport_fastrtps_c.dir/rosidl_typesupport_fastrtps_c/crazyflie_interfaces/msg/detail/hover__type_support_c.cpp.o[0m
[2.073s] [ 51%] [32mBuilding CXX object CMakeFiles/crazyflie_interfaces__rosidl_typesupport_cpp.dir/rosidl_typesupport_cpp/crazyflie_interfaces/srv/land__type_support.cpp.o[0m
[2.105s] [ 51%] [32mBuilding CXX object CMakeFiles/crazyflie_interfaces__rosidl_typesupport_introspection_cpp.dir/rosidl_typesupport_introspection_cpp/crazyflie_interfaces/msg/detail/velocity_world__type_support.cpp.o[0m
[2.159s] [ 52%] [32mBuilding CXX object CMakeFiles/crazyflie_interfaces__rosidl_typesupport_cpp.dir/rosidl_typesupport_cpp/crazyflie_interfaces/srv/notify_setpoints_stop__type_support.cpp.o[0m
[2.226s] [ 52%] [32mBuilding CXX object CMakeFiles/crazyflie_interfaces__rosidl_typesupport_cpp.dir/rosidl_typesupport_cpp/crazyflie_interfaces/srv/set_group_mask__type_support.cpp.o[0m
[2.414s] [ 52%] [32mBuilding CXX object CMakeFiles/crazyflie_interfaces__rosidl_typesupport_fastrtps_c.dir/rosidl_typesupport_fastrtps_c/crazyflie_interfaces/msg/detail/log_block__type_support_c.cpp.o[0m
[2.522s] [ 53%] [32mBuilding CXX object CMakeFiles/crazyflie_interfaces__rosidl_typesupport_introspection_cpp.dir/rosidl_typesupport_introspection_cpp/crazyflie_interfaces/srv/detail/go_to__type_support.cpp.o[0m
[2.561s] [ 54%] [32mBuilding CXX object CMakeFiles/crazyflie_interfaces__rosidl_typesupport_introspection_cpp.dir/rosidl_typesupport_introspection_cpp/crazyflie_interfaces/srv/detail/land__type_support.cpp.o[0m
[2.606s] [ 54%] [32mBuilding CXX object CMakeFiles/crazyflie_interfaces__rosidl_typesupport_fastrtps_cpp.dir/rosidl_typesupport_fastrtps_cpp/crazyflie_interfaces/msg/detail/dds_fastrtps/velocity_world__type_support.cpp.o[0m
[2.656s] [ 55%] [32mBuilding CXX object CMakeFiles/crazyflie_interfaces__rosidl_typesupport_fastrtps_cpp.dir/rosidl_typesupport_fastrtps_cpp/crazyflie_interfaces/srv/detail/dds_fastrtps/go_to__type_support.cpp.o[0m
[2.680s] [ 55%] [32mBuilding CXX object CMakeFiles/crazyflie_interfaces__rosidl_typesupport_introspection_cpp.dir/rosidl_typesupport_introspection_cpp/crazyflie_interfaces/srv/detail/notify_setpoints_stop__type_support.cpp.o[0m
[2.683s] [ 56%] [32mBuilding CXX object CMakeFiles/crazyflie_interfaces__rosidl_typesupport_cpp.dir/rosidl_typesupport_cpp/crazyflie_interfaces/srv/start_trajectory__type_support.cpp.o[0m
[2.704s] [ 57%] [32mBuilding CXX object CMakeFiles/crazyflie_interfaces__rosidl_typesupport_fastrtps_c.dir/rosidl_typesupport_fastrtps_c/crazyflie_interfaces/msg/detail/position__type_support_c.cpp.o[0m
[2.758s] [ 57%] [32mBuilding CXX object CMakeFiles/crazyflie_interfaces__rosidl_typesupport_fastrtps_cpp.dir/rosidl_typesupport_fastrtps_cpp/crazyflie_interfaces/srv/detail/dds_fastrtps/land__type_support.cpp.o[0m
[2.794s] [ 58%] [32mBuilding CXX object CMakeFiles/crazyflie_interfaces__rosidl_typesupport_fastrtps_cpp.dir/rosidl_typesupport_fastrtps_cpp/crazyflie_interfaces/srv/detail/dds_fastrtps/notify_setpoints_stop__type_support.cpp.o[0m
[2.813s] [ 59%] [32mBuilding CXX object CMakeFiles/crazyflie_interfaces__rosidl_typesupport_cpp.dir/rosidl_typesupport_cpp/crazyflie_interfaces/srv/stop__type_support.cpp.o[0m
[2.973s] [ 60%] [32mBuilding CXX object CMakeFiles/crazyflie_interfaces__rosidl_typesupport_introspection_cpp.dir/rosidl_typesupport_introspection_cpp/crazyflie_interfaces/srv/detail/set_group_mask__type_support.cpp.o[0m
[3.165s] [ 60%] [32mBuilding CXX object CMakeFiles/crazyflie_interfaces__rosidl_typesupport_fastrtps_c.dir/rosidl_typesupport_fastrtps_c/crazyflie_interfaces/msg/detail/trajectory_polynomial_piece__type_support_c.cpp.o[0m
[3.296s] [ 60%] [32mBuilding CXX object CMakeFiles/crazyflie_interfaces__rosidl_typesupport_introspection_cpp.dir/rosidl_typesupport_introspection_cpp/crazyflie_interfaces/srv/detail/start_trajectory__type_support.cpp.o[0m
[3.351s] [ 61%] [32mBuilding CXX object CMakeFiles/crazyflie_interfaces__rosidl_typesupport_introspection_cpp.dir/rosidl_typesupport_introspection_cpp/crazyflie_interfaces/srv/detail/stop__type_support.cpp.o[0m
[3.404s] [ 62%] [32mBuilding CXX object CMakeFiles/crazyflie_interfaces__rosidl_typesupport_introspection_cpp.dir/rosidl_typesupport_introspection_cpp/crazyflie_interfaces/srv/detail/takeoff__type_support.cpp.o[0m
[3.421s] [ 62%] [32mBuilding CXX object CMakeFiles/crazyflie_interfaces__rosidl_typesupport_cpp.dir/rosidl_typesupport_cpp/crazyflie_interfaces/srv/takeoff__type_support.cpp.o[0m
[3.424s] [ 63%] [32mBuilding CXX object CMakeFiles/crazyflie_interfaces__rosidl_typesupport_fastrtps_cpp.dir/rosidl_typesupport_fastrtps_cpp/crazyflie_interfaces/srv/detail/dds_fastrtps/set_group_mask__type_support.cpp.o[0m
[3.438s] [ 64%] [32mBuilding CXX object CMakeFiles/crazyflie_interfaces__rosidl_typesupport_fastrtps_c.dir/rosidl_typesupport_fastrtps_c/crazyflie_interfaces/msg/detail/velocity_world__type_support_c.cpp.o[0m
[3.470s] [ 65%] [32mBuilding CXX object CMakeFiles/crazyflie_interfaces__rosidl_typesupport_cpp.dir/rosidl_typesupport_cpp/crazyflie_interfaces/srv/update_params__type_support.cpp.o[0m
[3.625s] [ 65%] [32mBuilding CXX object CMakeFiles/crazyflie_interfaces__rosidl_typesupport_fastrtps_cpp.dir/rosidl_typesupport_fastrtps_cpp/crazyflie_interfaces/srv/detail/dds_fastrtps/start_trajectory__type_support.cpp.o[0m
[3.770s] [ 66%] [32mBuilding CXX object CMakeFiles/crazyflie_interfaces__rosidl_typesupport_fastrtps_cpp.dir/rosidl_typesupport_fastrtps_cpp/crazyflie_interfaces/srv/detail/dds_fastrtps/stop__type_support.cpp.o[0m
[3.787s] [ 66%] [32mBuilding CXX object CMakeFiles/crazyflie_interfaces__rosidl_typesupport_fastrtps_cpp.dir/rosidl_typesupport_fastrtps_cpp/crazyflie_interfaces/srv/detail/dds_fastrtps/takeoff__type_support.cpp.o[0m
[3.841s] [ 66%] [32mBuilding CXX object CMakeFiles/crazyflie_interfaces__rosidl_typesupport_introspection_cpp.dir/rosidl_typesupport_introspection_cpp/crazyflie_interfaces/srv/detail/update_params__type_support.cpp.o[0m
[4.057s] [ 67%] [32mBuilding CXX object CMakeFiles/crazyflie_interfaces__rosidl_typesupport_introspection_cpp.dir/rosidl_typesupport_introspection_cpp/crazyflie_interfaces/srv/detail/upload_trajectory__type_support.cpp.o[0m
[4.078s] [ 67%] [32mBuilding CXX object CMakeFiles/crazyflie_interfaces__rosidl_typesupport_introspection_cpp.dir/rosidl_typesupport_introspection_cpp/crazyflie_interfaces/srv/detail/remove_logging__type_support.cpp.o[0m
[4.173s] [ 67%] [32mBuilding CXX object CMakeFiles/crazyflie_interfaces__rosidl_typesupport_cpp.dir/rosidl_typesupport_cpp/crazyflie_interfaces/srv/upload_trajectory__type_support.cpp.o[0m
[4.185s] [ 68%] [32mBuilding CXX object CMakeFiles/crazyflie_interfaces__rosidl_typesupport_introspection_cpp.dir/rosidl_typesupport_introspection_cpp/crazyflie_interfaces/srv/detail/add_logging__type_support.cpp.o[0m
[4.258s] [ 69%] [32mBuilding CXX object CMakeFiles/crazyflie_interfaces__rosidl_typesupport_cpp.dir/rosidl_typesupport_cpp/crazyflie_interfaces/srv/remove_logging__type_support.cpp.o[0m
[4.268s] [ 70%] [32mBuilding CXX object CMakeFiles/crazyflie_interfaces__rosidl_typesupport_cpp.dir/rosidl_typesupport_cpp/crazyflie_interfaces/srv/add_logging__type_support.cpp.o[0m
[4.330s] [ 71%] [32mBuilding CXX object CMakeFiles/crazyflie_interfaces__rosidl_typesupport_fastrtps_c.dir/rosidl_typesupport_fastrtps_c/crazyflie_interfaces/srv/detail/go_to__type_support_c.cpp.o[0m
[4.374s] [ 72%] [32mBuilding CXX object CMakeFiles/crazyflie_interfaces__rosidl_typesupport_fastrtps_cpp.dir/rosidl_typesupport_fastrtps_cpp/crazyflie_interfaces/srv/detail/dds_fastrtps/update_params__type_support.cpp.o[0m
[4.563s] [ 73%] [32mBuilding CXX object CMakeFiles/crazyflie_interfaces__rosidl_typesupport_fastrtps_cpp.dir/rosidl_typesupport_fastrtps_cpp/crazyflie_interfaces/srv/detail/dds_fastrtps/upload_trajectory__type_support.cpp.o[0m
[4.577s] [ 73%] [32mBuilding CXX object CMakeFiles/crazyflie_interfaces__rosidl_typesupport_fastrtps_c.dir/rosidl_typesupport_fastrtps_c/crazyflie_interfaces/srv/detail/land__type_support_c.cpp.o[0m
[4.670s] [ 73%] [32mBuilding CXX object CMakeFiles/crazyflie_interfaces__rosidl_typesupport_fastrtps_cpp.dir/rosidl_typesupport_fastrtps_cpp/crazyflie_interfaces/srv/detail/dds_fastrtps/remove_logging__type_support.cpp.o[0m
[4.787s] [ 74%] [32mBuilding CXX object CMakeFiles/crazyflie_interfaces__rosidl_typesupport_fastrtps_cpp.dir/rosidl_typesupport_fastrtps_cpp/crazyflie_interfaces/srv/detail/dds_fastrtps/add_logging__type_support.cpp.o[0m
[4.827s] [ 75%] [32mBuilding CXX object CMakeFiles/crazyflie_interfaces__rosidl_typesupport_fastrtps_c.dir/rosidl_typesupport_fastrtps_c/crazyflie_interfaces/srv/detail/notify_setpoints_stop__type_support_c.cpp.o[0m
[4.839s] [ 75%] [32mBuilding CXX object CMakeFiles/crazyflie_interfaces__rosidl_typesupport_fastrtps_c.dir/rosidl_typesupport_fastrtps_c/crazyflie_interfaces/srv/detail/set_group_mask__type_support_c.cpp.o[0m
[4.873s] [ 75%] [32m[1mLinking CXX shared library libcrazyflie_interfaces__rosidl_typesupport_cpp.so[0m
[4.988s] [ 76%] [32mBuilding CXX object CMakeFiles/crazyflie_interfaces__rosidl_typesupport_fastrtps_c.dir/rosidl_typesupport_fastrtps_c/crazyflie_interfaces/srv/detail/start_trajectory__type_support_c.cpp.o[0m
[5.014s] [ 77%] Built target crazyflie_interfaces__rosidl_typesupport_cpp
[5.031s] [ 78%] [32mBuilding CXX object CMakeFiles/crazyflie_interfaces__rosidl_typesupport_fastrtps_c.dir/rosidl_typesupport_fastrtps_c/crazyflie_interfaces/srv/detail/stop__type_support_c.cpp.o[0m
[5.068s] [ 78%] [32mBuilding CXX object CMakeFiles/crazyflie_interfaces__rosidl_typesupport_fastrtps_c.dir/rosidl_typesupport_fastrtps_c/crazyflie_interfaces/srv/detail/takeoff__type_support_c.cpp.o[0m
[5.097s] [ 79%] [32m[1mLinking CXX shared library libcrazyflie_interfaces__rosidl_typesupport_introspection_cpp.so[0m
[5.160s] [ 80%] [32mBuilding CXX object CMakeFiles/crazyflie_interfaces__rosidl_typesupport_fastrtps_c.dir/rosidl_typesupport_fastrtps_c/crazyflie_interfaces/srv/detail/update_params__type_support_c.cpp.o[0m
[5.337s] [ 80%] [32mBuilding CXX object CMakeFiles/crazyflie_interfaces__rosidl_typesupport_fastrtps_c.dir/rosidl_typesupport_fastrtps_c/crazyflie_interfaces/srv/detail/upload_trajectory__type_support_c.cpp.o[0m
[5.360s] [ 80%] Built target crazyflie_interfaces__rosidl_typesupport_introspection_cpp
[5.398s] [ 81%] [32mBuilding CXX object CMakeFiles/crazyflie_interfaces__rosidl_typesupport_fastrtps_c.dir/rosidl_typesupport_fastrtps_c/crazyflie_interfaces/srv/detail/remove_logging__type_support_c.cpp.o[0m
[5.407s] [ 82%] [32mBuilding CXX object CMakeFiles/crazyflie_interfaces__rosidl_typesupport_fastrtps_c.dir/rosidl_typesupport_fastrtps_c/crazyflie_interfaces/srv/detail/add_logging__type_support_c.cpp.o[0m
[5.756s] [ 82%] [32m[1mLinking CXX shared library libcrazyflie_interfaces__rosidl_typesupport_fastrtps_cpp.so[0m
[5.911s] [ 83%] Built target crazyflie_interfaces__rosidl_typesupport_fastrtps_cpp
[5.982s] [ 83%] [32m[1mLinking CXX shared library libcrazyflie_interfaces__rosidl_typesupport_fastrtps_c.so[0m
[6.161s] [ 84%] Built target crazyflie_interfaces__rosidl_typesupport_fastrtps_c
[6.209s] [ 84%] Built target crazyflie_interfaces
[6.260s] [ 85%] Built target crazyflie_interfaces__py
[6.332s] [ 85%] [32mBuilding C object CMakeFiles/crazyflie_interfaces__rosidl_generator_py.dir/rosidl_generator_py/crazyflie_interfaces/msg/_full_state_s.c.o[0m
[6.362s] [ 86%] [32mBuilding C object CMakeFiles/crazyflie_interfaces__rosidl_generator_py.dir/rosidl_generator_py/crazyflie_interfaces/msg/_log_data_generic_s.c.o[0m
[6.364s] [ 86%] [32mBuilding C object CMakeFiles/crazyflie_interfaces__rosidl_generator_py.dir/rosidl_generator_py/crazyflie_interfaces/msg/_trajectory_polynomial_piece_s.c.o[0m
[6.377s] [ 86%] [32mBuilding C object CMakeFiles/crazyflie_interfaces__rosidl_generator_py.dir/rosidl_generator_py/crazyflie_interfaces/msg/_hover_s.c.o[0m
[6.382s] [ 87%] [32mBuilding C object CMakeFiles/crazyflie_interfaces__rosidl_generator_py.dir/rosidl_generator_py/crazyflie_interfaces/msg/_log_block_s.c.o[0m
[6.385s] [ 88%] [32mBuilding C object CMakeFiles/crazyflie_interfaces__rosidl_generator_py.dir/rosidl_generator_py/crazyflie_interfaces/msg/_position_s.c.o[0m
[6.393s] [ 88%] [32mBuilding C object CMakeFiles/crazyflie_interfaces__rosidl_generator_py.dir/rosidl_generator_py/crazyflie_interfaces/srv/_go_to_s.c.o[0m
[6.394s] [ 89%] [32mBuilding C object CMakeFiles/crazyflie_interfaces__rosidl_generator_py.dir/rosidl_generator_py/crazyflie_interfaces/msg/_velocity_world_s.c.o[0m
[6.423s] [ 90%] [32mBuilding C object CMakeFiles/crazyflie_interfaces__rosidl_generator_py.dir/rosidl_generator_py/crazyflie_interfaces/srv/_land_s.c.o[0m
[6.520s] [ 91%] [32mBuilding C object CMakeFiles/crazyflie_interfaces__rosidl_generator_py.dir/rosidl_generator_py/crazyflie_interfaces/srv/_notify_setpoints_stop_s.c.o[0m
[6.545s] [ 91%] [32mBuilding C object CMakeFiles/crazyflie_interfaces__rosidl_generator_py.dir/rosidl_generator_py/crazyflie_interfaces/srv/_set_group_mask_s.c.o[0m
[6.557s] [ 92%] [32mBuilding C object CMakeFiles/crazyflie_interfaces__rosidl_generator_py.dir/rosidl_generator_py/crazyflie_interfaces/srv/_start_trajectory_s.c.o[0m
[6.796s] [ 92%] [32mBuilding C object CMakeFiles/crazyflie_interfaces__rosidl_generator_py.dir/rosidl_generator_py/crazyflie_interfaces/srv/_stop_s.c.o[0m
[6.826s] [ 93%] [32mBuilding C object CMakeFiles/crazyflie_interfaces__rosidl_generator_py.dir/rosidl_generator_py/crazyflie_interfaces/srv/_takeoff_s.c.o[0m
[6.844s] [ 93%] [32mBuilding C object CMakeFiles/crazyflie_interfaces__rosidl_generator_py.dir/rosidl_generator_py/crazyflie_interfaces/srv/_upload_trajectory_s.c.o[0m
[6.867s] [ 94%] [32mBuilding C object CMakeFiles/crazyflie_interfaces__rosidl_generator_py.dir/rosidl_generator_py/crazyflie_interfaces/srv/_remove_logging_s.c.o[0m
[6.876s] [ 95%] [32mBuilding C object CMakeFiles/crazyflie_interfaces__rosidl_generator_py.dir/rosidl_generator_py/crazyflie_interfaces/srv/_update_params_s.c.o[0m
[6.917s] [ 95%] [32mBuilding C object CMakeFiles/crazyflie_interfaces__rosidl_generator_py.dir/rosidl_generator_py/crazyflie_interfaces/srv/_add_logging_s.c.o[0m
[7.284s] [ 96%] [32m[1mLinking C shared library rosidl_generator_py/crazyflie_interfaces/libcrazyflie_interfaces__rosidl_generator_py.so[0m
[7.416s] [ 96%] Built target crazyflie_interfaces__rosidl_generator_py
[7.525s] [ 97%] [32mBuilding C object CMakeFiles/crazyflie_interfaces__rosidl_typesupport_c__pyext.dir/rosidl_generator_py/crazyflie_interfaces/_crazyflie_interfaces_s.ep.rosidl_typesupport_c.c.o[0m
[7.564s] [ 98%] [32mBuilding C object CMakeFiles/crazyflie_interfaces__rosidl_typesupport_introspection_c__pyext.dir/rosidl_generator_py/crazyflie_interfaces/_crazyflie_interfaces_s.ep.rosidl_typesupport_introspection_c.c.o[0m
[7.575s] [ 99%] [32mBuilding C object CMakeFiles/crazyflie_interfaces__rosidl_typesupport_fastrtps_c__pyext.dir/rosidl_generator_py/crazyflie_interfaces/_crazyflie_interfaces_s.ep.rosidl_typesupport_fastrtps_c.c.o[0m
[8.000s] [100%] [32m[1mLinking C shared library rosidl_generator_py/crazyflie_interfaces/crazyflie_interfaces_s__rosidl_typesupport_introspection_c.cpython-310-x86_64-linux-gnu.so[0m
[8.004s] [100%] [32m[1mLinking C shared library rosidl_generator_py/crazyflie_interfaces/crazyflie_interfaces_s__rosidl_typesupport_fastrtps_c.cpython-310-x86_64-linux-gnu.so[0m
[8.045s] [100%] [32m[1mLinking C shared library rosidl_generator_py/crazyflie_interfaces/crazyflie_interfaces_s__rosidl_typesupport_c.cpython-310-x86_64-linux-gnu.so[0m
[8.148s] [100%] Built target crazyflie_interfaces__rosidl_typesupport_introspection_c__pyext
[8.195s] [100%] Built target crazyflie_interfaces__rosidl_typesupport_fastrtps_c__pyext
[8.205s] [100%] Built target crazyflie_interfaces__rosidl_typesupport_c__pyext
[8.232s] Invoked command in '/home/abd/exp_ws/src/build/crazyflie_interfaces' returned '0': CMAKE_PREFIX_PATH=/opt/ros/humble /usr/bin/cmake --build /home/abd/exp_ws/src/build/crazyflie_interfaces -- -j12 -l12
[9.117s] Invoking command in '/home/abd/exp_ws/src/build/crazyflie_interfaces': CMAKE_PREFIX_PATH=/opt/ros/humble /usr/bin/cmake --install /home/abd/exp_ws/src/build/crazyflie_interfaces
[9.130s] -- Install configuration: ""
[9.131s] -- Up-to-date: /home/abd/exp_ws/src/install/crazyflie_interfaces/share/ament_index/resource_index/rosidl_interfaces/crazyflie_interfaces
[9.131s] -- Up-to-date: /home/abd/exp_ws/src/install/crazyflie_interfaces/include/crazyflie_interfaces/crazyflie_interfaces
[9.131s] -- Up-to-date: /home/abd/exp_ws/src/install/crazyflie_interfaces/include/crazyflie_interfaces/crazyflie_interfaces/msg
[9.131s] -- Up-to-date: /home/abd/exp_ws/src/install/crazyflie_interfaces/include/crazyflie_interfaces/crazyflie_interfaces/msg/trajectory_polynomial_piece.h
[9.132s] -- Up-to-date: /home/abd/exp_ws/src/install/crazyflie_interfaces/include/crazyflie_interfaces/crazyflie_interfaces/msg/velocity_world.h
[9.132s] -- Up-to-date: /home/abd/exp_ws/src/install/crazyflie_interfaces/include/crazyflie_interfaces/crazyflie_interfaces/msg/position.h
[9.132s] -- Up-to-date: /home/abd/exp_ws/src/install/crazyflie_interfaces/include/crazyflie_interfaces/crazyflie_interfaces/msg/rosidl_generator_c__visibility_control.h
[9.132s] -- Up-to-date: /home/abd/exp_ws/src/install/crazyflie_interfaces/include/crazyflie_interfaces/crazyflie_interfaces/msg/full_state.h
[9.133s] -- Up-to-date: /home/abd/exp_ws/src/install/crazyflie_interfaces/include/crazyflie_interfaces/crazyflie_interfaces/msg/detail
[9.133s] -- Up-to-date: /home/abd/exp_ws/src/install/crazyflie_interfaces/include/crazyflie_interfaces/crazyflie_interfaces/msg/detail/log_data_generic__functions.c
[9.133s] -- Up-to-date: /home/abd/exp_ws/src/install/crazyflie_interfaces/include/crazyflie_interfaces/crazyflie_interfaces/msg/detail/log_data_generic__struct.h
[9.134s] -- Up-to-date: /home/abd/exp_ws/src/install/crazyflie_interfaces/include/crazyflie_interfaces/crazyflie_interfaces/msg/detail/position__type_support.h
[9.134s] -- Up-to-date: /home/abd/exp_ws/src/install/crazyflie_interfaces/include/crazyflie_interfaces/crazyflie_interfaces/msg/detail/full_state__type_support.h
[9.134s] -- Up-to-date: /home/abd/exp_ws/src/install/crazyflie_interfaces/include/crazyflie_interfaces/crazyflie_interfaces/msg/detail/position__functions.c
[9.134s] -- Up-to-date: /home/abd/exp_ws/src/install/crazyflie_interfaces/include/crazyflie_interfaces/crazyflie_interfaces/msg/detail/trajectory_polynomial_piece__functions.c
[9.134s] -- Up-to-date: /home/abd/exp_ws/src/install/crazyflie_interfaces/include/crazyflie_interfaces/crazyflie_interfaces/msg/detail/hover__struct.h
[9.135s] -- Up-to-date: /home/abd/exp_ws/src/install/crazyflie_interfaces/include/crazyflie_interfaces/crazyflie_interfaces/msg/detail/log_block__functions.h
[9.135s] -- Up-to-date: /home/abd/exp_ws/src/install/crazyflie_interfaces/include/crazyflie_interfaces/crazyflie_interfaces/msg/detail/hover__functions.c
[9.135s] -- Up-to-date: /home/abd/exp_ws/src/install/crazyflie_interfaces/include/crazyflie_interfaces/crazyflie_interfaces/msg/detail/full_state__functions.h
[9.135s] -- Up-to-date: /home/abd/exp_ws/src/install/crazyflie_interfaces/include/crazyflie_interfaces/crazyflie_interfaces/msg/detail/full_state__functions.c
[9.136s] -- Up-to-date: /home/abd/exp_ws/src/install/crazyflie_interfaces/include/crazyflie_interfaces/crazyflie_interfaces/msg/detail/log_block__struct.h
[9.137s] -- Up-to-date: /home/abd/exp_ws/src/install/crazyflie_interfaces/include/crazyflie_interfaces/crazyflie_interfaces/msg/detail/log_data_generic__type_support.h
[9.137s] -- Up-to-date: /home/abd/exp_ws/src/install/crazyflie_interfaces/include/crazyflie_interfaces/crazyflie_interfaces/msg/detail/velocity_world__type_support.h
[9.137s] -- Up-to-date: /home/abd/exp_ws/src/install/crazyflie_interfaces/include/crazyflie_interfaces/crazyflie_interfaces/msg/detail/position__struct.h
[9.138s] -- Up-to-date: /home/abd/exp_ws/src/install/crazyflie_interfaces/include/crazyflie_interfaces/crazyflie_interfaces/msg/detail/full_state__struct.h
[9.138s] -- Up-to-date: /home/abd/exp_ws/src/install/crazyflie_interfaces/include/crazyflie_interfaces/crazyflie_interfaces/msg/detail/position__functions.h
[9.138s] -- Up-to-date: /home/abd/exp_ws/src/install/crazyflie_interfaces/include/crazyflie_interfaces/crazyflie_interfaces/msg/detail/log_block__functions.c
[9.138s] -- Up-to-date: /home/abd/exp_ws/src/install/crazyflie_interfaces/include/crazyflie_interfaces/crazyflie_interfaces/msg/detail/trajectory_polynomial_piece__type_support.h
[9.139s] -- Up-to-date: /home/abd/exp_ws/src/install/crazyflie_interfaces/include/crazyflie_interfaces/crazyflie_interfaces/msg/detail/log_data_generic__functions.h
[9.139s] -- Up-to-date: /home/abd/exp_ws/src/install/crazyflie_interfaces/include/crazyflie_interfaces/crazyflie_interfaces/msg/detail/trajectory_polynomial_piece__functions.h
[9.139s] -- Up-to-date: /home/abd/exp_ws/src/install/crazyflie_interfaces/include/crazyflie_interfaces/crazyflie_interfaces/msg/detail/hover__functions.h
[9.139s] -- Up-to-date: /home/abd/exp_ws/src/install/crazyflie_interfaces/include/crazyflie_interfaces/crazyflie_interfaces/msg/detail/log_block__type_support.h
[9.139s] -- Up-to-date: /home/abd/exp_ws/src/install/crazyflie_interfaces/include/crazyflie_interfaces/crazyflie_interfaces/msg/detail/velocity_world__functions.c
[9.139s] -- Up-to-date: /home/abd/exp_ws/src/install/crazyflie_interfaces/include/crazyflie_interfaces/crazyflie_interfaces/msg/detail/velocity_world__functions.h
[9.140s] -- Up-to-date: /home/abd/exp_ws/src/install/crazyflie_interfaces/include/crazyflie_interfaces/crazyflie_interfaces/msg/detail/velocity_world__struct.h
[9.140s] -- Up-to-date: /home/abd/exp_ws/src/install/crazyflie_interfaces/include/crazyflie_interfaces/crazyflie_interfaces/msg/detail/trajectory_polynomial_piece__struct.h
[9.140s] -- Up-to-date: /home/abd/exp_ws/src/install/crazyflie_interfaces/include/crazyflie_interfaces/crazyflie_interfaces/msg/detail/hover__type_support.h
[9.140s] -- Up-to-date: /home/abd/exp_ws/src/install/crazyflie_interfaces/include/crazyflie_interfaces/crazyflie_interfaces/msg/log_block.h
[9.140s] -- Up-to-date: /home/abd/exp_ws/src/install/crazyflie_interfaces/include/crazyflie_interfaces/crazyflie_interfaces/msg/log_data_generic.h
[9.140s] -- Up-to-date: /home/abd/exp_ws/src/install/crazyflie_interfaces/include/crazyflie_interfaces/crazyflie_interfaces/msg/hover.h
[9.140s] -- Up-to-date: /home/abd/exp_ws/src/install/crazyflie_interfaces/include/crazyflie_interfaces/crazyflie_interfaces/srv
[9.140s] -- Up-to-date: /home/abd/exp_ws/src/install/crazyflie_interfaces/include/crazyflie_interfaces/crazyflie_interfaces/srv/set_group_mask.h
[9.140s] -- Up-to-date: /home/abd/exp_ws/src/install/crazyflie_interfaces/include/crazyflie_interfaces/crazyflie_interfaces/srv/remove_logging.h
[9.141s] -- Up-to-date: /home/abd/exp_ws/src/install/crazyflie_interfaces/include/crazyflie_interfaces/crazyflie_interfaces/srv/takeoff.h
[9.141s] -- Up-to-date: /home/abd/exp_ws/src/install/crazyflie_interfaces/include/crazyflie_interfaces/crazyflie_interfaces/srv/detail
[9.141s] -- Up-to-date: /home/abd/exp_ws/src/install/crazyflie_interfaces/include/crazyflie_interfaces/crazyflie_interfaces/srv/detail/update_params__functions.h
[9.141s] -- Up-to-date: /home/abd/exp_ws/src/install/crazyflie_interfaces/include/crazyflie_interfaces/crazyflie_interfaces/srv/detail/upload_trajectory__functions.c
[9.142s] -- Up-to-date: /home/abd/exp_ws/src/install/crazyflie_interfaces/include/crazyflie_interfaces/crazyflie_interfaces/srv/detail/land__functions.h
[9.142s] -- Up-to-date: /home/abd/exp_ws/src/install/crazyflie_interfaces/include/crazyflie_interfaces/crazyflie_interfaces/srv/detail/set_group_mask__type_support.h
[9.143s] -- Up-to-date: /home/abd/exp_ws/src/install/crazyflie_interfaces/include/crazyflie_interfaces/crazyflie_interfaces/srv/detail/upload_trajectory__type_support.h
[9.143s] -- Up-to-date: /home/abd/exp_ws/src/install/crazyflie_interfaces/include/crazyflie_interfaces/crazyflie_interfaces/srv/detail/notify_setpoints_stop__type_support.h
[9.143s] -- Up-to-date: /home/abd/exp_ws/src/install/crazyflie_interfaces/include/crazyflie_interfaces/crazyflie_interfaces/srv/detail/remove_logging__functions.h
[9.143s] -- Up-to-date: /home/abd/exp_ws/src/install/crazyflie_interfaces/include/crazyflie_interfaces/crazyflie_interfaces/srv/detail/set_group_mask__functions.c
[9.144s] -- Up-to-date: /home/abd/exp_ws/src/install/crazyflie_interfaces/include/crazyflie_interfaces/crazyflie_interfaces/srv/detail/land__struct.h
[9.144s] -- Up-to-date: /home/abd/exp_ws/src/install/crazyflie_interfaces/include/crazyflie_interfaces/crazyflie_interfaces/srv/detail/takeoff__functions.c
[9.144s] -- Up-to-date: /home/abd/exp_ws/src/install/crazyflie_interfaces/include/crazyflie_interfaces/crazyflie_interfaces/srv/detail/update_params__functions.c
[9.144s] -- Up-to-date: /home/abd/exp_ws/src/install/crazyflie_interfaces/include/crazyflie_interfaces/crazyflie_interfaces/srv/detail/start_trajectory__type_support.h
[9.144s] -- Up-to-date: /home/abd/exp_ws/src/install/crazyflie_interfaces/include/crazyflie_interfaces/crazyflie_interfaces/srv/detail/notify_setpoints_stop__functions.c
[9.144s] -- Up-to-date: /home/abd/exp_ws/src/install/crazyflie_interfaces/include/crazyflie_interfaces/crazyflie_interfaces/srv/detail/set_group_mask__struct.h
[9.144s] -- Up-to-date: /home/abd/exp_ws/src/install/crazyflie_interfaces/include/crazyflie_interfaces/crazyflie_interfaces/srv/detail/start_trajectory__struct.h
[9.144s] -- Up-to-date: /home/abd/exp_ws/src/install/crazyflie_interfaces/include/crazyflie_interfaces/crazyflie_interfaces/srv/detail/go_to__type_support.h
[9.145s] -- Up-to-date: /home/abd/exp_ws/src/install/crazyflie_interfaces/include/crazyflie_interfaces/crazyflie_interfaces/srv/detail/notify_setpoints_stop__functions.h
[9.145s] -- Up-to-date: /home/abd/exp_ws/src/install/crazyflie_interfaces/include/crazyflie_interfaces/crazyflie_interfaces/srv/detail/add_logging__functions.h
[9.145s] -- Up-to-date: /home/abd/exp_ws/src/install/crazyflie_interfaces/include/crazyflie_interfaces/crazyflie_interfaces/srv/detail/add_logging__functions.c
[9.145s] -- Up-to-date: /home/abd/exp_ws/src/install/crazyflie_interfaces/include/crazyflie_interfaces/crazyflie_interfaces/srv/detail/remove_logging__type_support.h
[9.145s] -- Up-to-date: /home/abd/exp_ws/src/install/crazyflie_interfaces/include/crazyflie_interfaces/crazyflie_interfaces/srv/detail/set_group_mask__functions.h
[9.145s] -- Up-to-date: /home/abd/exp_ws/src/install/crazyflie_interfaces/include/crazyflie_interfaces/crazyflie_interfaces/srv/detail/remove_logging__struct.h
[9.145s] -- Up-to-date: /home/abd/exp_ws/src/install/crazyflie_interfaces/include/crazyflie_interfaces/crazyflie_interfaces/srv/detail/land__functions.c
[9.145s] -- Up-to-date: /home/abd/exp_ws/src/install/crazyflie_interfaces/include/crazyflie_interfaces/crazyflie_interfaces/srv/detail/add_logging__struct.h
[9.146s] -- Up-to-date: /home/abd/exp_ws/src/install/crazyflie_interfaces/include/crazyflie_interfaces/crazyflie_interfaces/srv/detail/add_logging__type_support.h
[9.146s] -- Up-to-date: /home/abd/exp_ws/src/install/crazyflie_interfaces/include/crazyflie_interfaces/crazyflie_interfaces/srv/detail/stop__struct.h
[9.146s] -- Up-to-date: /home/abd/exp_ws/src/install/crazyflie_interfaces/include/crazyflie_interfaces/crazyflie_interfaces/srv/detail/go_to__functions.c
[9.146s] -- Up-to-date: /home/abd/exp_ws/src/install/crazyflie_interfaces/include/crazyflie_interfaces/crazyflie_interfaces/srv/detail/start_trajectory__functions.c
[9.146s] -- Up-to-date: /home/abd/exp_ws/src/install/crazyflie_interfaces/include/crazyflie_interfaces/crazyflie_interfaces/srv/detail/notify_setpoints_stop__struct.h
[9.146s] -- Up-to-date: /home/abd/exp_ws/src/install/crazyflie_interfaces/include/crazyflie_interfaces/crazyflie_interfaces/srv/detail/stop__type_support.h
[9.146s] -- Up-to-date: /home/abd/exp_ws/src/install/crazyflie_interfaces/include/crazyflie_interfaces/crazyflie_interfaces/srv/detail/stop__functions.h
[9.147s] -- Up-to-date: /home/abd/exp_ws/src/install/crazyflie_interfaces/include/crazyflie_interfaces/crazyflie_interfaces/srv/detail/update_params__struct.h
[9.147s] -- Up-to-date: /home/abd/exp_ws/src/install/crazyflie_interfaces/include/crazyflie_interfaces/crazyflie_interfaces/srv/detail/takeoff__functions.h
[9.147s] -- Up-to-date: /home/abd/exp_ws/src/install/crazyflie_interfaces/include/crazyflie_interfaces/crazyflie_interfaces/srv/detail/stop__functions.c
[9.148s] -- Up-to-date: /home/abd/exp_ws/src/install/crazyflie_interfaces/include/crazyflie_interfaces/crazyflie_interfaces/srv/detail/takeoff__type_support.h
[9.148s] -- Up-to-date: /home/abd/exp_ws/src/install/crazyflie_interfaces/include/crazyflie_interfaces/crazyflie_interfaces/srv/detail/go_to__struct.h
[9.148s] -- Up-to-date: /home/abd/exp_ws/src/install/crazyflie_interfaces/include/crazyflie_interfaces/crazyflie_interfaces/srv/detail/update_params__type_support.h
[9.148s] -- Up-to-date: /home/abd/exp_ws/src/install/crazyflie_interfaces/include/crazyflie_interfaces/crazyflie_interfaces/srv/detail/start_trajectory__functions.h
[9.149s] -- Up-to-date: /home/abd/exp_ws/src/install/crazyflie_interfaces/include/crazyflie_interfaces/crazyflie_interfaces/srv/detail/go_to__functions.h
[9.149s] -- Up-to-date: /home/abd/exp_ws/src/install/crazyflie_interfaces/include/crazyflie_interfaces/crazyflie_interfaces/srv/detail/remove_logging__functions.c
[9.149s] -- Up-to-date: /home/abd/exp_ws/src/install/crazyflie_interfaces/include/crazyflie_interfaces/crazyflie_interfaces/srv/detail/upload_trajectory__struct.h
[9.149s] -- Up-to-date: /home/abd/exp_ws/src/install/crazyflie_interfaces/include/crazyflie_interfaces/crazyflie_interfaces/srv/detail/takeoff__struct.h
[9.150s] -- Up-to-date: /home/abd/exp_ws/src/install/crazyflie_interfaces/include/crazyflie_interfaces/crazyflie_interfaces/srv/detail/upload_trajectory__functions.h
[9.150s] -- Up-to-date: /home/abd/exp_ws/src/install/crazyflie_interfaces/include/crazyflie_interfaces/crazyflie_interfaces/srv/detail/land__type_support.h
[9.150s] -- Up-to-date: /home/abd/exp_ws/src/install/crazyflie_interfaces/include/crazyflie_interfaces/crazyflie_interfaces/srv/land.h
[9.151s] -- Up-to-date: /home/abd/exp_ws/src/install/crazyflie_interfaces/include/crazyflie_interfaces/crazyflie_interfaces/srv/add_logging.h
[9.151s] -- Up-to-date: /home/abd/exp_ws/src/install/crazyflie_interfaces/include/crazyflie_interfaces/crazyflie_interfaces/srv/upload_trajectory.h
[9.151s] -- Up-to-date: /home/abd/exp_ws/src/install/crazyflie_interfaces/include/crazyflie_interfaces/crazyflie_interfaces/srv/notify_setpoints_stop.h
[9.151s] -- Up-to-date: /home/abd/exp_ws/src/install/crazyflie_interfaces/include/crazyflie_interfaces/crazyflie_interfaces/srv/stop.h
[9.151s] -- Up-to-date: /home/abd/exp_ws/src/install/crazyflie_interfaces/include/crazyflie_interfaces/crazyflie_interfaces/srv/update_params.h
[9.151s] -- Up-to-date: /home/abd/exp_ws/src/install/crazyflie_interfaces/include/crazyflie_interfaces/crazyflie_interfaces/srv/start_trajectory.h
[9.151s] -- Up-to-date: /home/abd/exp_ws/src/install/crazyflie_interfaces/include/crazyflie_interfaces/crazyflie_interfaces/srv/go_to.h
[9.152s] -- Up-to-date: /home/abd/exp_ws/src/install/crazyflie_interfaces/share/crazyflie_interfaces/environment/library_path.sh
[9.159s] -- Up-to-date: /home/abd/exp_ws/src/install/crazyflie_interfaces/share/crazyflie_interfaces/environment/library_path.dsv
[9.159s] -- Up-to-date: /home/abd/exp_ws/src/install/crazyflie_interfaces/lib/libcrazyflie_interfaces__rosidl_generator_c.so
[9.159s] -- Up-to-date: /home/abd/exp_ws/src/install/crazyflie_interfaces/include/crazyflie_interfaces/crazyflie_interfaces
[9.159s] -- Up-to-date: /home/abd/exp_ws/src/install/crazyflie_interfaces/include/crazyflie_interfaces/crazyflie_interfaces/msg
[9.159s] -- Up-to-date: /home/abd/exp_ws/src/install/crazyflie_interfaces/include/crazyflie_interfaces/crazyflie_interfaces/msg/detail
[9.159s] -- Up-to-date: /home/abd/exp_ws/src/install/crazyflie_interfaces/include/crazyflie_interfaces/crazyflie_interfaces/msg/detail/velocity_world__rosidl_typesupport_fastrtps_c.h
[9.159s] -- Up-to-date: /home/abd/exp_ws/src/install/crazyflie_interfaces/include/crazyflie_interfaces/crazyflie_interfaces/msg/detail/hover__rosidl_typesupport_fastrtps_c.h
[9.160s] -- Up-to-date: /home/abd/exp_ws/src/install/crazyflie_interfaces/include/crazyflie_interfaces/crazyflie_interfaces/msg/detail/position__rosidl_typesupport_fastrtps_c.h
[9.160s] -- Up-to-date: /home/abd/exp_ws/src/install/crazyflie_interfaces/include/crazyflie_interfaces/crazyflie_interfaces/msg/detail/log_block__rosidl_typesupport_fastrtps_c.h
[9.160s] -- Up-to-date: /home/abd/exp_ws/src/install/crazyflie_interfaces/include/crazyflie_interfaces/crazyflie_interfaces/msg/detail/trajectory_polynomial_piece__rosidl_typesupport_fastrtps_c.h
[9.160s] -- Up-to-date: /home/abd/exp_ws/src/install/crazyflie_interfaces/include/crazyflie_interfaces/crazyflie_interfaces/msg/detail/full_state__rosidl_typesupport_fastrtps_c.h
[9.160s] -- Up-to-date: /home/abd/exp_ws/src/install/crazyflie_interfaces/include/crazyflie_interfaces/crazyflie_interfaces/msg/detail/log_data_generic__rosidl_typesupport_fastrtps_c.h
[9.160s] -- Up-to-date: /home/abd/exp_ws/src/install/crazyflie_interfaces/include/crazyflie_interfaces/crazyflie_interfaces/msg/rosidl_typesupport_fastrtps_c__visibility_control.h
[9.160s] -- Up-to-date: /home/abd/exp_ws/src/install/crazyflie_interfaces/include/crazyflie_interfaces/crazyflie_interfaces/srv
[9.161s] -- Up-to-date: /home/abd/exp_ws/src/install/crazyflie_interfaces/include/crazyflie_interfaces/crazyflie_interfaces/srv/detail
[9.161s] -- Up-to-date: /home/abd/exp_ws/src/install/crazyflie_interfaces/include/crazyflie_interfaces/crazyflie_interfaces/srv/detail/remove_logging__rosidl_typesupport_fastrtps_c.h
[9.161s] -- Up-to-date: /home/abd/exp_ws/src/install/crazyflie_interfaces/include/crazyflie_interfaces/crazyflie_interfaces/srv/detail/set_group_mask__rosidl_typesupport_fastrtps_c.h
[9.161s] -- Up-to-date: /home/abd/exp_ws/src/install/crazyflie_interfaces/include/crazyflie_interfaces/crazyflie_interfaces/srv/detail/add_logging__rosidl_typesupport_fastrtps_c.h
[9.161s] -- Up-to-date: /home/abd/exp_ws/src/install/crazyflie_interfaces/include/crazyflie_interfaces/crazyflie_interfaces/srv/detail/notify_setpoints_stop__rosidl_typesupport_fastrtps_c.h
[9.162s] -- Up-to-date: /home/abd/exp_ws/src/install/crazyflie_interfaces/include/crazyflie_interfaces/crazyflie_interfaces/srv/detail/start_trajectory__rosidl_typesupport_fastrtps_c.h
[9.162s] -- Up-to-date: /home/abd/exp_ws/src/install/crazyflie_interfaces/include/crazyflie_interfaces/crazyflie_interfaces/srv/detail/takeoff__rosidl_typesupport_fastrtps_c.h
[9.162s] -- Up-to-date: /home/abd/exp_ws/src/install/crazyflie_interfaces/include/crazyflie_interfaces/crazyflie_interfaces/srv/detail/go_to__rosidl_typesupport_fastrtps_c.h
[9.163s] -- Up-to-date: /home/abd/exp_ws/src/install/crazyflie_interfaces/include/crazyflie_interfaces/crazyflie_interfaces/srv/detail/update_params__rosidl_typesupport_fastrtps_c.h
[9.163s] -- Up-to-date: /home/abd/exp_ws/src/install/crazyflie_interfaces/include/crazyflie_interfaces/crazyflie_interfaces/srv/detail/upload_trajectory__rosidl_typesupport_fastrtps_c.h
[9.163s] -- Up-to-date: /home/abd/exp_ws/src/install/crazyflie_interfaces/include/crazyflie_interfaces/crazyflie_interfaces/srv/detail/stop__rosidl_typesupport_fastrtps_c.h
[9.163s] -- Up-to-date: /home/abd/exp_ws/src/install/crazyflie_interfaces/include/crazyflie_interfaces/crazyflie_interfaces/srv/detail/land__rosidl_typesupport_fastrtps_c.h
[9.164s] -- Installing: /home/abd/exp_ws/src/install/crazyflie_interfaces/lib/libcrazyflie_interfaces__rosidl_typesupport_fastrtps_c.so
[9.164s] -- Set runtime path of "/home/abd/exp_ws/src/install/crazyflie_interfaces/lib/libcrazyflie_interfaces__rosidl_typesupport_fastrtps_c.so" to ""
[9.164s] -- Up-to-date: /home/abd/exp_ws/src/install/crazyflie_interfaces/include/crazyflie_interfaces/crazyflie_interfaces
[9.164s] -- Up-to-date: /home/abd/exp_ws/src/install/crazyflie_interfaces/include/crazyflie_interfaces/crazyflie_interfaces/msg
[9.164s] -- Up-to-date: /home/abd/exp_ws/src/install/crazyflie_interfaces/include/crazyflie_interfaces/crazyflie_interfaces/msg/hover.hpp
[9.164s] -- Up-to-date: /home/abd/exp_ws/src/install/crazyflie_interfaces/include/crazyflie_interfaces/crazyflie_interfaces/msg/trajectory_polynomial_piece.hpp
[9.164s] -- Up-to-date: /home/abd/exp_ws/src/install/crazyflie_interfaces/include/crazyflie_interfaces/crazyflie_interfaces/msg/velocity_world.hpp
[9.165s] -- Up-to-date: /home/abd/exp_ws/src/install/crazyflie_interfaces/include/crazyflie_interfaces/crazyflie_interfaces/msg/log_data_generic.hpp
[9.165s] -- Up-to-date: /home/abd/exp_ws/src/install/crazyflie_interfaces/include/crazyflie_interfaces/crazyflie_interfaces/msg/detail
[9.165s] -- Up-to-date: /home/abd/exp_ws/src/install/crazyflie_interfaces/include/crazyflie_interfaces/crazyflie_interfaces/msg/detail/log_data_generic__traits.hpp
[9.165s] -- Up-to-date: /home/abd/exp_ws/src/install/crazyflie_interfaces/include/crazyflie_interfaces/crazyflie_interfaces/msg/detail/trajectory_polynomial_piece__traits.hpp
[9.165s] -- Up-to-date: /home/abd/exp_ws/src/install/crazyflie_interfaces/include/crazyflie_interfaces/crazyflie_interfaces/msg/detail/log_block__traits.hpp
[9.165s] -- Up-to-date: /home/abd/exp_ws/src/install/crazyflie_interfaces/include/crazyflie_interfaces/crazyflie_interfaces/msg/detail/velocity_world__builder.hpp
[9.165s] -- Up-to-date: /home/abd/exp_ws/src/install/crazyflie_interfaces/include/crazyflie_interfaces/crazyflie_interfaces/msg/detail/trajectory_polynomial_piece__struct.hpp
[9.166s] -- Up-to-date: /home/abd/exp_ws/src/install/crazyflie_interfaces/include/crazyflie_interfaces/crazyflie_interfaces/msg/detail/hover__builder.hpp
[9.166s] -- Up-to-date: /home/abd/exp_ws/src/install/crazyflie_interfaces/include/crazyflie_interfaces/crazyflie_interfaces/msg/detail/position__struct.hpp
[9.167s] -- Up-to-date: /home/abd/exp_ws/src/install/crazyflie_interfaces/include/crazyflie_interfaces/crazyflie_interfaces/msg/detail/velocity_world__struct.hpp
[9.167s] -- Up-to-date: /home/abd/exp_ws/src/install/crazyflie_interfaces/include/crazyflie_interfaces/crazyflie_interfaces/msg/detail/position__traits.hpp
[9.167s] -- Up-to-date: /home/abd/exp_ws/src/install/crazyflie_interfaces/include/crazyflie_interfaces/crazyflie_interfaces/msg/detail/hover__traits.hpp
[9.167s] -- Up-to-date: /home/abd/exp_ws/src/install/crazyflie_interfaces/include/crazyflie_interfaces/crazyflie_interfaces/msg/detail/log_block__builder.hpp
[9.168s] -- Up-to-date: /home/abd/exp_ws/src/install/crazyflie_interfaces/include/crazyflie_interfaces/crazyflie_interfaces/msg/detail/log_data_generic__struct.hpp
[9.168s] -- Up-to-date: /home/abd/exp_ws/src/install/crazyflie_interfaces/include/crazyflie_interfaces/crazyflie_interfaces/msg/detail/hover__struct.hpp
[9.168s] -- Up-to-date: /home/abd/exp_ws/src/install/crazyflie_interfaces/include/crazyflie_interfaces/crazyflie_interfaces/msg/detail/full_state__builder.hpp
[9.168s] -- Up-to-date: /home/abd/exp_ws/src/install/crazyflie_interfaces/include/crazyflie_interfaces/crazyflie_interfaces/msg/detail/full_state__traits.hpp
[9.168s] -- Up-to-date: /home/abd/exp_ws/src/install/crazyflie_interfaces/include/crazyflie_interfaces/crazyflie_interfaces/msg/detail/trajectory_polynomial_piece__builder.hpp
[9.168s] -- Up-to-date: /home/abd/exp_ws/src/install/crazyflie_interfaces/include/crazyflie_interfaces/crazyflie_interfaces/msg/detail/velocity_world__traits.hpp
[9.169s] -- Up-to-date: /home/abd/exp_ws/src/install/crazyflie_interfaces/include/crazyflie_interfaces/crazyflie_interfaces/msg/detail/log_data_generic__builder.hpp
[9.169s] -- Up-to-date: /home/abd/exp_ws/src/install/crazyflie_interfaces/include/crazyflie_interfaces/crazyflie_interfaces/msg/detail/full_state__struct.hpp
[9.169s] -- Up-to-date: /home/abd/exp_ws/src/install/crazyflie_interfaces/include/crazyflie_interfaces/crazyflie_interfaces/msg/detail/log_block__struct.hpp
[9.169s] -- Up-to-date: /home/abd/exp_ws/src/install/crazyflie_interfaces/include/crazyflie_interfaces/crazyflie_interfaces/msg/detail/position__builder.hpp
[9.169s] -- Up-to-date: /home/abd/exp_ws/src/install/crazyflie_interfaces/include/crazyflie_interfaces/crazyflie_interfaces/msg/position.hpp
[9.169s] -- Up-to-date: /home/abd/exp_ws/src/install/crazyflie_interfaces/include/crazyflie_interfaces/crazyflie_interfaces/msg/full_state.hpp
[9.169s] -- Up-to-date: /home/abd/exp_ws/src/install/crazyflie_interfaces/include/crazyflie_interfaces/crazyflie_interfaces/msg/log_block.hpp
[9.169s] -- Up-to-date: /home/abd/exp_ws/src/install/crazyflie_interfaces/include/crazyflie_interfaces/crazyflie_interfaces/srv
[9.170s] -- Up-to-date: /home/abd/exp_ws/src/install/crazyflie_interfaces/include/crazyflie_interfaces/crazyflie_interfaces/srv/add_logging.hpp
[9.170s] -- Up-to-date: /home/abd/exp_ws/src/install/crazyflie_interfaces/include/crazyflie_interfaces/crazyflie_interfaces/srv/go_to.hpp
[9.170s] -- Up-to-date: /home/abd/exp_ws/src/install/crazyflie_interfaces/include/crazyflie_interfaces/crazyflie_interfaces/srv/start_trajectory.hpp
[9.170s] -- Up-to-date: /home/abd/exp_ws/src/install/crazyflie_interfaces/include/crazyflie_interfaces/crazyflie_interfaces/srv/land.hpp
[9.170s] -- Up-to-date: /home/abd/exp_ws/src/install/crazyflie_interfaces/include/crazyflie_interfaces/crazyflie_interfaces/srv/detail
[9.170s] -- Up-to-date: /home/abd/exp_ws/src/install/crazyflie_interfaces/include/crazyflie_interfaces/crazyflie_interfaces/srv/detail/notify_setpoints_stop__builder.hpp
[9.170s] -- Up-to-date: /home/abd/exp_ws/src/install/crazyflie_interfaces/include/crazyflie_interfaces/crazyflie_interfaces/srv/detail/go_to__struct.hpp
[9.171s] -- Up-to-date: /home/abd/exp_ws/src/install/crazyflie_interfaces/include/crazyflie_interfaces/crazyflie_interfaces/srv/detail/remove_logging__builder.hpp
[9.171s] -- Up-to-date: /home/abd/exp_ws/src/install/crazyflie_interfaces/include/crazyflie_interfaces/crazyflie_interfaces/srv/detail/stop__traits.hpp
[9.171s] -- Up-to-date: /home/abd/exp_ws/src/install/crazyflie_interfaces/include/crazyflie_interfaces/crazyflie_interfaces/srv/detail/takeoff__traits.hpp
[9.171s] -- Up-to-date: /home/abd/exp_ws/src/install/crazyflie_interfaces/include/crazyflie_interfaces/crazyflie_interfaces/srv/detail/notify_setpoints_stop__struct.hpp
[9.171s] -- Up-to-date: /home/abd/exp_ws/src/install/crazyflie_interfaces/include/crazyflie_interfaces/crazyflie_interfaces/srv/detail/start_trajectory__builder.hpp
[9.171s] -- Up-to-date: /home/abd/exp_ws/src/install/crazyflie_interfaces/include/crazyflie_interfaces/crazyflie_interfaces/srv/detail/takeoff__builder.hpp
[9.171s] -- Up-to-date: /home/abd/exp_ws/src/install/crazyflie_interfaces/include/crazyflie_interfaces/crazyflie_interfaces/srv/detail/start_trajectory__struct.hpp
[9.172s] -- Up-to-date: /home/abd/exp_ws/src/install/crazyflie_interfaces/include/crazyflie_interfaces/crazyflie_interfaces/srv/detail/go_to__builder.hpp
[9.172s] -- Up-to-date: /home/abd/exp_ws/src/install/crazyflie_interfaces/include/crazyflie_interfaces/crazyflie_interfaces/srv/detail/notify_setpoints_stop__traits.hpp
[9.172s] -- Up-to-date: /home/abd/exp_ws/src/install/crazyflie_interfaces/include/crazyflie_interfaces/crazyflie_interfaces/srv/detail/add_logging__builder.hpp
[9.172s] -- Up-to-date: /home/abd/exp_ws/src/install/crazyflie_interfaces/include/crazyflie_interfaces/crazyflie_interfaces/srv/detail/upload_trajectory__builder.hpp
[9.172s] -- Up-to-date: /home/abd/exp_ws/src/install/crazyflie_interfaces/include/crazyflie_interfaces/crazyflie_interfaces/srv/detail/stop__struct.hpp
[9.172s] -- Up-to-date: /home/abd/exp_ws/src/install/crazyflie_interfaces/include/crazyflie_interfaces/crazyflie_interfaces/srv/detail/add_logging__struct.hpp
[9.173s] -- Up-to-date: /home/abd/exp_ws/src/install/crazyflie_interfaces/include/crazyflie_interfaces/crazyflie_interfaces/srv/detail/takeoff__struct.hpp
[9.173s] -- Up-to-date: /home/abd/exp_ws/src/install/crazyflie_interfaces/include/crazyflie_interfaces/crazyflie_interfaces/srv/detail/remove_logging__traits.hpp
[9.173s] -- Up-to-date: /home/abd/exp_ws/src/install/crazyflie_interfaces/include/crazyflie_interfaces/crazyflie_interfaces/srv/detail/set_group_mask__struct.hpp
[9.173s] -- Up-to-date: /home/abd/exp_ws/src/install/crazyflie_interfaces/include/crazyflie_interfaces/crazyflie_interfaces/srv/detail/set_group_mask__traits.hpp
[9.173s] -- Up-to-date: /home/abd/exp_ws/src/install/crazyflie_interfaces/include/crazyflie_interfaces/crazyflie_interfaces/srv/detail/land__traits.hpp
[9.173s] -- Up-to-date: /home/abd/exp_ws/src/install/crazyflie_interfaces/include/crazyflie_interfaces/crazyflie_interfaces/srv/detail/go_to__traits.hpp
[9.174s] -- Up-to-date: /home/abd/exp_ws/src/install/crazyflie_interfaces/include/crazyflie_interfaces/crazyflie_interfaces/srv/detail/land__struct.hpp
[9.174s] -- Up-to-date: /home/abd/exp_ws/src/install/crazyflie_interfaces/include/crazyflie_interfaces/crazyflie_interfaces/srv/detail/stop__builder.hpp
[9.174s] -- Up-to-date: /home/abd/exp_ws/src/install/crazyflie_interfaces/include/crazyflie_interfaces/crazyflie_interfaces/srv/detail/upload_trajectory__traits.hpp
[9.174s] -- Up-to-date: /home/abd/exp_ws/src/install/crazyflie_interfaces/include/crazyflie_interfaces/crazyflie_interfaces/srv/detail/update_params__struct.hpp
[9.174s] -- Up-to-date: /home/abd/exp_ws/src/install/crazyflie_interfaces/include/crazyflie_interfaces/crazyflie_interfaces/srv/detail/update_params__traits.hpp
[9.174s] -- Up-to-date: /home/abd/exp_ws/src/install/crazyflie_interfaces/include/crazyflie_interfaces/crazyflie_interfaces/srv/detail/land__builder.hpp
[9.174s] -- Up-to-date: /home/abd/exp_ws/src/install/crazyflie_interfaces/include/crazyflie_interfaces/crazyflie_interfaces/srv/detail/add_logging__traits.hpp
[9.175s] -- Up-to-date: /home/abd/exp_ws/src/install/crazyflie_interfaces/include/crazyflie_interfaces/crazyflie_interfaces/srv/detail/remove_logging__struct.hpp
[9.175s] -- Up-to-date: /home/abd/exp_ws/src/install/crazyflie_interfaces/include/crazyflie_interfaces/crazyflie_interfaces/srv/detail/set_group_mask__builder.hpp
[9.175s] -- Up-to-date: /home/abd/exp_ws/src/install/crazyflie_interfaces/include/crazyflie_interfaces/crazyflie_interfaces/srv/detail/update_params__builder.hpp
[9.176s] -- Up-to-date: /home/abd/exp_ws/src/install/crazyflie_interfaces/include/crazyflie_interfaces/crazyflie_interfaces/srv/detail/upload_trajectory__struct.hpp
[9.176s] -- Up-to-date: /home/abd/exp_ws/src/install/crazyflie_interfaces/include/crazyflie_interfaces/crazyflie_interfaces/srv/detail/start_trajectory__traits.hpp
[9.176s] -- Up-to-date: /home/abd/exp_ws/src/install/crazyflie_interfaces/include/crazyflie_interfaces/crazyflie_interfaces/srv/set_group_mask.hpp
[9.176s] -- Up-to-date: /home/abd/exp_ws/src/install/crazyflie_interfaces/include/crazyflie_interfaces/crazyflie_interfaces/srv/update_params.hpp
[9.176s] -- Up-to-date: /home/abd/exp_ws/src/install/crazyflie_interfaces/include/crazyflie_interfaces/crazyflie_interfaces/srv/upload_trajectory.hpp
[9.176s] -- Up-to-date: /home/abd/exp_ws/src/install/crazyflie_interfaces/include/crazyflie_interfaces/crazyflie_interfaces/srv/stop.hpp
[9.177s] -- Up-to-date: /home/abd/exp_ws/src/install/crazyflie_interfaces/include/crazyflie_interfaces/crazyflie_interfaces/srv/remove_logging.hpp
[9.177s] -- Up-to-date: /home/abd/exp_ws/src/install/crazyflie_interfaces/include/crazyflie_interfaces/crazyflie_interfaces/srv/notify_setpoints_stop.hpp
[9.178s] -- Up-to-date: /home/abd/exp_ws/src/install/crazyflie_interfaces/include/crazyflie_interfaces/crazyflie_interfaces/srv/takeoff.hpp
[9.178s] -- Up-to-date: /home/abd/exp_ws/src/install/crazyflie_interfaces/include/crazyflie_interfaces/crazyflie_interfaces
[9.178s] -- Up-to-date: /home/abd/exp_ws/src/install/crazyflie_interfaces/include/crazyflie_interfaces/crazyflie_interfaces/msg
[9.178s] -- Up-to-date: /home/abd/exp_ws/src/install/crazyflie_interfaces/include/crazyflie_interfaces/crazyflie_interfaces/msg/detail
[9.178s] -- Up-to-date: /home/abd/exp_ws/src/install/crazyflie_interfaces/include/crazyflie_interfaces/crazyflie_interfaces/msg/detail/hover__rosidl_typesupport_fastrtps_cpp.hpp
[9.178s] -- Up-to-date: /home/abd/exp_ws/src/install/crazyflie_interfaces/include/crazyflie_interfaces/crazyflie_interfaces/msg/detail/full_state__rosidl_typesupport_fastrtps_cpp.hpp
[9.178s] -- Up-to-date: /home/abd/exp_ws/src/install/crazyflie_interfaces/include/crazyflie_interfaces/crazyflie_interfaces/msg/detail/velocity_world__rosidl_typesupport_fastrtps_cpp.hpp
[9.178s] -- Up-to-date: /home/abd/exp_ws/src/install/crazyflie_interfaces/include/crazyflie_interfaces/crazyflie_interfaces/msg/detail/log_block__rosidl_typesupport_fastrtps_cpp.hpp
[9.179s] -- Up-to-date: /home/abd/exp_ws/src/install/crazyflie_interfaces/include/crazyflie_interfaces/crazyflie_interfaces/msg/detail/trajectory_polynomial_piece__rosidl_typesupport_fastrtps_cpp.hpp
[9.179s] -- Up-to-date: /home/abd/exp_ws/src/install/crazyflie_interfaces/include/crazyflie_interfaces/crazyflie_interfaces/msg/detail/dds_fastrtps
[9.179s] -- Up-to-date: /home/abd/exp_ws/src/install/crazyflie_interfaces/include/crazyflie_interfaces/crazyflie_interfaces/msg/detail/log_data_generic__rosidl_typesupport_fastrtps_cpp.hpp
[9.179s] -- Up-to-date: /home/abd/exp_ws/src/install/crazyflie_interfaces/include/crazyflie_interfaces/crazyflie_interfaces/msg/detail/position__rosidl_typesupport_fastrtps_cpp.hpp
[9.179s] -- Up-to-date: /home/abd/exp_ws/src/install/crazyflie_interfaces/include/crazyflie_interfaces/crazyflie_interfaces/msg/rosidl_typesupport_fastrtps_cpp__visibility_control.h
[9.179s] -- Up-to-date: /home/abd/exp_ws/src/install/crazyflie_interfaces/include/crazyflie_interfaces/crazyflie_interfaces/srv
[9.179s] -- Up-to-date: /home/abd/exp_ws/src/install/crazyflie_interfaces/include/crazyflie_interfaces/crazyflie_interfaces/srv/detail
[9.179s] -- Up-to-date: /home/abd/exp_ws/src/install/crazyflie_interfaces/include/crazyflie_interfaces/crazyflie_interfaces/srv/detail/go_to__rosidl_typesupport_fastrtps_cpp.hpp
[9.180s] -- Up-to-date: /home/abd/exp_ws/src/install/crazyflie_interfaces/include/crazyflie_interfaces/crazyflie_interfaces/srv/detail/land__rosidl_typesupport_fastrtps_cpp.hpp
[9.180s] -- Up-to-date: /home/abd/exp_ws/src/install/crazyflie_interfaces/include/crazyflie_interfaces/crazyflie_interfaces/srv/detail/add_logging__rosidl_typesupport_fastrtps_cpp.hpp
[9.180s] -- Up-to-date: /home/abd/exp_ws/src/install/crazyflie_interfaces/include/crazyflie_interfaces/crazyflie_interfaces/srv/detail/update_params__rosidl_typesupport_fastrtps_cpp.hpp
[9.180s] -- Up-to-date: /home/abd/exp_ws/src/install/crazyflie_interfaces/include/crazyflie_interfaces/crazyflie_interfaces/srv/detail/start_trajectory__rosidl_typesupport_fastrtps_cpp.hpp
[9.180s] -- Up-to-date: /home/abd/exp_ws/src/install/crazyflie_interfaces/include/crazyflie_interfaces/crazyflie_interfaces/srv/detail/set_group_mask__rosidl_typesupport_fastrtps_cpp.hpp
[9.180s] -- Up-to-date: /home/abd/exp_ws/src/install/crazyflie_interfaces/include/crazyflie_interfaces/crazyflie_interfaces/srv/detail/stop__rosidl_typesupport_fastrtps_cpp.hpp
[9.180s] -- Up-to-date: /home/abd/exp_ws/src/install/crazyflie_interfaces/include/crazyflie_interfaces/crazyflie_interfaces/srv/detail/upload_trajectory__rosidl_typesupport_fastrtps_cpp.hpp
[9.180s] -- Up-to-date: /home/abd/exp_ws/src/install/crazyflie_interfaces/include/crazyflie_interfaces/crazyflie_interfaces/srv/detail/dds_fastrtps
[9.181s] -- Up-to-date: /home/abd/exp_ws/src/install/crazyflie_interfaces/include/crazyflie_interfaces/crazyflie_interfaces/srv/detail/notify_setpoints_stop__rosidl_typesupport_fastrtps_cpp.hpp
[9.181s] -- Up-to-date: /home/abd/exp_ws/src/install/crazyflie_interfaces/include/crazyflie_interfaces/crazyflie_interfaces/srv/detail/remove_logging__rosidl_typesupport_fastrtps_cpp.hpp
[9.181s] -- Up-to-date: /home/abd/exp_ws/src/install/crazyflie_interfaces/include/crazyflie_interfaces/crazyflie_interfaces/srv/detail/takeoff__rosidl_typesupport_fastrtps_cpp.hpp
[9.181s] -- Installing: /home/abd/exp_ws/src/install/crazyflie_interfaces/lib/libcrazyflie_interfaces__rosidl_typesupport_fastrtps_cpp.so
[9.181s] -- Set runtime path of "/home/abd/exp_ws/src/install/crazyflie_interfaces/lib/libcrazyflie_interfaces__rosidl_typesupport_fastrtps_cpp.so" to ""
[9.181s] -- Up-to-date: /home/abd/exp_ws/src/install/crazyflie_interfaces/include/crazyflie_interfaces/crazyflie_interfaces
[9.181s] -- Up-to-date: /home/abd/exp_ws/src/install/crazyflie_interfaces/include/crazyflie_interfaces/crazyflie_interfaces/msg
[9.181s] -- Up-to-date: /home/abd/exp_ws/src/install/crazyflie_interfaces/include/crazyflie_interfaces/crazyflie_interfaces/msg/rosidl_typesupport_introspection_c__visibility_control.h
[9.182s] -- Up-to-date: /home/abd/exp_ws/src/install/crazyflie_interfaces/include/crazyflie_interfaces/crazyflie_interfaces/msg/detail
[9.182s] -- Up-to-date: /home/abd/exp_ws/src/install/crazyflie_interfaces/include/crazyflie_interfaces/crazyflie_interfaces/msg/detail/hover__type_support.c
[9.182s] -- Up-to-date: /home/abd/exp_ws/src/install/crazyflie_interfaces/include/crazyflie_interfaces/crazyflie_interfaces/msg/detail/velocity_world__type_support.c
[9.182s] -- Up-to-date: /home/abd/exp_ws/src/install/crazyflie_interfaces/include/crazyflie_interfaces/crazyflie_interfaces/msg/detail/log_data_generic__rosidl_typesupport_introspection_c.h
[9.182s] -- Up-to-date: /home/abd/exp_ws/src/install/crazyflie_interfaces/include/crazyflie_interfaces/crazyflie_interfaces/msg/detail/log_block__rosidl_typesupport_introspection_c.h
[9.182s] -- Up-to-date: /home/abd/exp_ws/src/install/crazyflie_interfaces/include/crazyflie_interfaces/crazyflie_interfaces/msg/detail/trajectory_polynomial_piece__type_support.c
[9.182s] -- Up-to-date: /home/abd/exp_ws/src/install/crazyflie_interfaces/include/crazyflie_interfaces/crazyflie_interfaces/msg/detail/hover__rosidl_typesupport_introspection_c.h
[9.182s] -- Up-to-date: /home/abd/exp_ws/src/install/crazyflie_interfaces/include/crazyflie_interfaces/crazyflie_interfaces/msg/detail/full_state__type_support.c
[9.182s] -- Up-to-date: /home/abd/exp_ws/src/install/crazyflie_interfaces/include/crazyflie_interfaces/crazyflie_interfaces/msg/detail/position__rosidl_typesupport_introspection_c.h
[9.183s] -- Up-to-date: /home/abd/exp_ws/src/install/crazyflie_interfaces/include/crazyflie_interfaces/crazyflie_interfaces/msg/detail/full_state__rosidl_typesupport_introspection_c.h
[9.183s] -- Up-to-date: /home/abd/exp_ws/src/install/crazyflie_interfaces/include/crazyflie_interfaces/crazyflie_interfaces/msg/detail/log_block__type_support.c
[9.183s] -- Up-to-date: /home/abd/exp_ws/src/install/crazyflie_interfaces/include/crazyflie_interfaces/crazyflie_interfaces/msg/detail/trajectory_polynomial_piece__rosidl_typesupport_introspection_c.h
[9.183s] -- Up-to-date: /home/abd/exp_ws/src/install/crazyflie_interfaces/include/crazyflie_interfaces/crazyflie_interfaces/msg/detail/velocity_world__rosidl_typesupport_introspection_c.h
[9.183s] -- Up-to-date: /home/abd/exp_ws/src/install/crazyflie_interfaces/include/crazyflie_interfaces/crazyflie_interfaces/msg/detail/position__type_support.c
[9.183s] -- Up-to-date: /home/abd/exp_ws/src/install/crazyflie_interfaces/include/crazyflie_interfaces/crazyflie_interfaces/msg/detail/log_data_generic__type_support.c
[9.183s] -- Up-to-date: /home/abd/exp_ws/src/install/crazyflie_interfaces/include/crazyflie_interfaces/crazyflie_interfaces/srv
[9.183s] -- Up-to-date: /home/abd/exp_ws/src/install/crazyflie_interfaces/include/crazyflie_interfaces/crazyflie_interfaces/srv/detail
[9.184s] -- Up-to-date: /home/abd/exp_ws/src/install/crazyflie_interfaces/include/crazyflie_interfaces/crazyflie_interfaces/srv/detail/takeoff__type_support.c
[9.184s] -- Up-to-date: /home/abd/exp_ws/src/install/crazyflie_interfaces/include/crazyflie_interfaces/crazyflie_interfaces/srv/detail/start_trajectory__rosidl_typesupport_introspection_c.h
[9.184s] -- Up-to-date: /home/abd/exp_ws/src/install/crazyflie_interfaces/include/crazyflie_interfaces/crazyflie_interfaces/srv/detail/stop__rosidl_typesupport_introspection_c.h
[9.184s] -- Up-to-date: /home/abd/exp_ws/src/install/crazyflie_interfaces/include/crazyflie_interfaces/crazyflie_interfaces/srv/detail/land__rosidl_typesupport_introspection_c.h
[9.184s] -- Up-to-date: /home/abd/exp_ws/src/install/crazyflie_interfaces/include/crazyflie_interfaces/crazyflie_interfaces/srv/detail/upload_trajectory__rosidl_typesupport_introspection_c.h
[9.184s] -- Up-to-date: /home/abd/exp_ws/src/install/crazyflie_interfaces/include/crazyflie_interfaces/crazyflie_interfaces/srv/detail/update_params__rosidl_typesupport_introspection_c.h
[9.184s] -- Up-to-date: /home/abd/exp_ws/src/install/crazyflie_interfaces/include/crazyflie_interfaces/crazyflie_interfaces/srv/detail/set_group_mask__rosidl_typesupport_introspection_c.h
[9.184s] -- Up-to-date: /home/abd/exp_ws/src/install/crazyflie_interfaces/include/crazyflie_interfaces/crazyflie_interfaces/srv/detail/takeoff__rosidl_typesupport_introspection_c.h
[9.184s] -- Up-to-date: /home/abd/exp_ws/src/install/crazyflie_interfaces/include/crazyflie_interfaces/crazyflie_interfaces/srv/detail/notify_setpoints_stop__rosidl_typesupport_introspection_c.h
[9.185s] -- Up-to-date: /home/abd/exp_ws/src/install/crazyflie_interfaces/include/crazyflie_interfaces/crazyflie_interfaces/srv/detail/add_logging__rosidl_typesupport_introspection_c.h
[9.185s] -- Up-to-date: /home/abd/exp_ws/src/install/crazyflie_interfaces/include/crazyflie_interfaces/crazyflie_interfaces/srv/detail/go_to__rosidl_typesupport_introspection_c.h
[9.185s] -- Up-to-date: /home/abd/exp_ws/src/install/crazyflie_interfaces/include/crazyflie_interfaces/crazyflie_interfaces/srv/detail/update_params__type_support.c
[9.185s] -- Up-to-date: /home/abd/exp_ws/src/install/crazyflie_interfaces/include/crazyflie_interfaces/crazyflie_interfaces/srv/detail/stop__type_support.c
[9.185s] -- Up-to-date: /home/abd/exp_ws/src/install/crazyflie_interfaces/include/crazyflie_interfaces/crazyflie_interfaces/srv/detail/upload_trajectory__type_support.c
[9.185s] -- Up-to-date: /home/abd/exp_ws/src/install/crazyflie_interfaces/include/crazyflie_interfaces/crazyflie_interfaces/srv/detail/land__type_support.c
[9.185s] -- Up-to-date: /home/abd/exp_ws/src/install/crazyflie_interfaces/include/crazyflie_interfaces/crazyflie_interfaces/srv/detail/remove_logging__rosidl_typesupport_introspection_c.h
[9.185s] -- Up-to-date: /home/abd/exp_ws/src/install/crazyflie_interfaces/include/crazyflie_interfaces/crazyflie_interfaces/srv/detail/remove_logging__type_support.c
[9.186s] -- Up-to-date: /home/abd/exp_ws/src/install/crazyflie_interfaces/include/crazyflie_interfaces/crazyflie_interfaces/srv/detail/add_logging__type_support.c
[9.186s] -- Up-to-date: /home/abd/exp_ws/src/install/crazyflie_interfaces/include/crazyflie_interfaces/crazyflie_interfaces/srv/detail/go_to__type_support.c
[9.186s] -- Up-to-date: /home/abd/exp_ws/src/install/crazyflie_interfaces/include/crazyflie_interfaces/crazyflie_interfaces/srv/detail/set_group_mask__type_support.c
[9.186s] -- Up-to-date: /home/abd/exp_ws/src/install/crazyflie_interfaces/include/crazyflie_interfaces/crazyflie_interfaces/srv/detail/notify_setpoints_stop__type_support.c
[9.186s] -- Up-to-date: /home/abd/exp_ws/src/install/crazyflie_interfaces/include/crazyflie_interfaces/crazyflie_interfaces/srv/detail/start_trajectory__type_support.c
[9.186s] -- Up-to-date: /home/abd/exp_ws/src/install/crazyflie_interfaces/lib/libcrazyflie_interfaces__rosidl_typesupport_introspection_c.so
[9.186s] -- Up-to-date: /home/abd/exp_ws/src/install/crazyflie_interfaces/lib/libcrazyflie_interfaces__rosidl_typesupport_c.so
[9.186s] -- Up-to-date: /home/abd/exp_ws/src/install/crazyflie_interfaces/include/crazyflie_interfaces/crazyflie_interfaces
[9.186s] -- Up-to-date: /home/abd/exp_ws/src/install/crazyflie_interfaces/include/crazyflie_interfaces/crazyflie_interfaces/msg
[9.187s] -- Up-to-date: /home/abd/exp_ws/src/install/crazyflie_interfaces/include/crazyflie_interfaces/crazyflie_interfaces/msg/detail
[9.187s] -- Up-to-date: /home/abd/exp_ws/src/install/crazyflie_interfaces/include/crazyflie_interfaces/crazyflie_interfaces/msg/detail/trajectory_polynomial_piece__type_support.cpp
[9.187s] -- Up-to-date: /home/abd/exp_ws/src/install/crazyflie_interfaces/include/crazyflie_interfaces/crazyflie_interfaces/msg/detail/trajectory_polynomial_piece__rosidl_typesupport_introspection_cpp.hpp
[9.187s] -- Up-to-date: /home/abd/exp_ws/src/install/crazyflie_interfaces/include/crazyflie_interfaces/crazyflie_interfaces/msg/detail/velocity_world__rosidl_typesupport_introspection_cpp.hpp
[9.187s] -- Up-to-date: /home/abd/exp_ws/src/install/crazyflie_interfaces/include/crazyflie_interfaces/crazyflie_interfaces/msg/detail/velocity_world__type_support.cpp
[9.187s] -- Up-to-date: /home/abd/exp_ws/src/install/crazyflie_interfaces/include/crazyflie_interfaces/crazyflie_interfaces/msg/detail/log_block__rosidl_typesupport_introspection_cpp.hpp
[9.187s] -- Up-to-date: /home/abd/exp_ws/src/install/crazyflie_interfaces/include/crazyflie_interfaces/crazyflie_interfaces/msg/detail/hover__type_support.cpp
[9.187s] -- Up-to-date: /home/abd/exp_ws/src/install/crazyflie_interfaces/include/crazyflie_interfaces/crazyflie_interfaces/msg/detail/hover__rosidl_typesupport_introspection_cpp.hpp
[9.187s] -- Up-to-date: /home/abd/exp_ws/src/install/crazyflie_interfaces/include/crazyflie_interfaces/crazyflie_interfaces/msg/detail/log_data_generic__rosidl_typesupport_introspection_cpp.hpp
[9.188s] -- Up-to-date: /home/abd/exp_ws/src/install/crazyflie_interfaces/include/crazyflie_interfaces/crazyflie_interfaces/msg/detail/position__type_support.cpp
[9.188s] -- Up-to-date: /home/abd/exp_ws/src/install/crazyflie_interfaces/include/crazyflie_interfaces/crazyflie_interfaces/msg/detail/log_data_generic__type_support.cpp
[9.188s] -- Up-to-date: /home/abd/exp_ws/src/install/crazyflie_interfaces/include/crazyflie_interfaces/crazyflie_interfaces/msg/detail/position__rosidl_typesupport_introspection_cpp.hpp
[9.188s] -- Up-to-date: /home/abd/exp_ws/src/install/crazyflie_interfaces/include/crazyflie_interfaces/crazyflie_interfaces/msg/detail/log_block__type_support.cpp
[9.188s] -- Up-to-date: /home/abd/exp_ws/src/install/crazyflie_interfaces/include/crazyflie_interfaces/crazyflie_interfaces/msg/detail/full_state__type_support.cpp
[9.188s] -- Up-to-date: /home/abd/exp_ws/src/install/crazyflie_interfaces/include/crazyflie_interfaces/crazyflie_interfaces/msg/detail/full_state__rosidl_typesupport_introspection_cpp.hpp
[9.188s] -- Up-to-date: /home/abd/exp_ws/src/install/crazyflie_interfaces/include/crazyflie_interfaces/crazyflie_interfaces/srv
[9.188s] -- Up-to-date: /home/abd/exp_ws/src/install/crazyflie_interfaces/include/crazyflie_interfaces/crazyflie_interfaces/srv/detail
[9.189s] -- Up-to-date: /home/abd/exp_ws/src/install/crazyflie_interfaces/include/crazyflie_interfaces/crazyflie_interfaces/srv/detail/add_logging__rosidl_typesupport_introspection_cpp.hpp
[9.189s] -- Up-to-date: /home/abd/exp_ws/src/install/crazyflie_interfaces/include/crazyflie_interfaces/crazyflie_interfaces/srv/detail/notify_setpoints_stop__rosidl_typesupport_introspection_cpp.hpp
[9.189s] -- Up-to-date: /home/abd/exp_ws/src/install/crazyflie_interfaces/include/crazyflie_interfaces/crazyflie_interfaces/srv/detail/stop__type_support.cpp
[9.189s] -- Up-to-date: /home/abd/exp_ws/src/install/crazyflie_interfaces/include/crazyflie_interfaces/crazyflie_interfaces/srv/detail/set_group_mask__rosidl_typesupport_introspection_cpp.hpp
[9.189s] -- Up-to-date: /home/abd/exp_ws/src/install/crazyflie_interfaces/include/crazyflie_interfaces/crazyflie_interfaces/srv/detail/land__type_support.cpp
[9.189s] -- Up-to-date: /home/abd/exp_ws/src/install/crazyflie_interfaces/include/crazyflie_interfaces/crazyflie_interfaces/srv/detail/land__rosidl_typesupport_introspection_cpp.hpp
[9.189s] -- Up-to-date: /home/abd/exp_ws/src/install/crazyflie_interfaces/include/crazyflie_interfaces/crazyflie_interfaces/srv/detail/takeoff__rosidl_typesupport_introspection_cpp.hpp
[9.189s] -- Up-to-date: /home/abd/exp_ws/src/install/crazyflie_interfaces/include/crazyflie_interfaces/crazyflie_interfaces/srv/detail/remove_logging__rosidl_typesupport_introspection_cpp.hpp
[9.190s] -- Up-to-date: /home/abd/exp_ws/src/install/crazyflie_interfaces/include/crazyflie_interfaces/crazyflie_interfaces/srv/detail/go_to__rosidl_typesupport_introspection_cpp.hpp
[9.190s] -- Up-to-date: /home/abd/exp_ws/src/install/crazyflie_interfaces/include/crazyflie_interfaces/crazyflie_interfaces/srv/detail/start_trajectory__type_support.cpp
[9.190s] -- Up-to-date: /home/abd/exp_ws/src/install/crazyflie_interfaces/include/crazyflie_interfaces/crazyflie_interfaces/srv/detail/set_group_mask__type_support.cpp
[9.190s] -- Up-to-date: /home/abd/exp_ws/src/install/crazyflie_interfaces/include/crazyflie_interfaces/crazyflie_interfaces/srv/detail/upload_trajectory__rosidl_typesupport_introspection_cpp.hpp
[9.190s] -- Up-to-date: /home/abd/exp_ws/src/install/crazyflie_interfaces/include/crazyflie_interfaces/crazyflie_interfaces/srv/detail/add_logging__type_support.cpp
[9.190s] -- Up-to-date: /home/abd/exp_ws/src/install/crazyflie_interfaces/include/crazyflie_interfaces/crazyflie_interfaces/srv/detail/remove_logging__type_support.cpp
[9.190s] -- Up-to-date: /home/abd/exp_ws/src/install/crazyflie_interfaces/include/crazyflie_interfaces/crazyflie_interfaces/srv/detail/start_trajectory__rosidl_typesupport_introspection_cpp.hpp
[9.190s] -- Up-to-date: /home/abd/exp_ws/src/install/crazyflie_interfaces/include/crazyflie_interfaces/crazyflie_interfaces/srv/detail/update_params__rosidl_typesupport_introspection_cpp.hpp
[9.190s] -- Up-to-date: /home/abd/exp_ws/src/install/crazyflie_interfaces/include/crazyflie_interfaces/crazyflie_interfaces/srv/detail/stop__rosidl_typesupport_introspection_cpp.hpp
[9.191s] -- Up-to-date: /home/abd/exp_ws/src/install/crazyflie_interfaces/include/crazyflie_interfaces/crazyflie_interfaces/srv/detail/go_to__type_support.cpp
[9.191s] -- Up-to-date: /home/abd/exp_ws/src/install/crazyflie_interfaces/include/crazyflie_interfaces/crazyflie_interfaces/srv/detail/notify_setpoints_stop__type_support.cpp
[9.191s] -- Up-to-date: /home/abd/exp_ws/src/install/crazyflie_interfaces/include/crazyflie_interfaces/crazyflie_interfaces/srv/detail/upload_trajectory__type_support.cpp
[9.191s] -- Up-to-date: /home/abd/exp_ws/src/install/crazyflie_interfaces/include/crazyflie_interfaces/crazyflie_interfaces/srv/detail/update_params__type_support.cpp
[9.191s] -- Up-to-date: /home/abd/exp_ws/src/install/crazyflie_interfaces/include/crazyflie_interfaces/crazyflie_interfaces/srv/detail/takeoff__type_support.cpp
[9.191s] -- Installing: /home/abd/exp_ws/src/install/crazyflie_interfaces/lib/libcrazyflie_interfaces__rosidl_typesupport_introspection_cpp.so
[9.191s] -- Set runtime path of "/home/abd/exp_ws/src/install/crazyflie_interfaces/lib/libcrazyflie_interfaces__rosidl_typesupport_introspection_cpp.so" to ""
[9.191s] -- Installing: /home/abd/exp_ws/src/install/crazyflie_interfaces/lib/libcrazyflie_interfaces__rosidl_typesupport_cpp.so
[9.191s] -- Set runtime path of "/home/abd/exp_ws/src/install/crazyflie_interfaces/lib/libcrazyflie_interfaces__rosidl_typesupport_cpp.so" to ""
[9.192s] -- Up-to-date: /home/abd/exp_ws/src/install/crazyflie_interfaces/share/crazyflie_interfaces/environment/pythonpath.sh
[9.192s] -- Up-to-date: /home/abd/exp_ws/src/install/crazyflie_interfaces/share/crazyflie_interfaces/environment/pythonpath.dsv
[9.192s] -- Up-to-date: /home/abd/exp_ws/src/install/crazyflie_interfaces/local/lib/python3.10/dist-packages/crazyflie_interfaces-2.0.0-py3.10.egg-info
[9.192s] -- Installing: /home/abd/exp_ws/src/install/crazyflie_interfaces/local/lib/python3.10/dist-packages/crazyflie_interfaces-2.0.0-py3.10.egg-info/SOURCES.txt
[9.192s] -- Installing: /home/abd/exp_ws/src/install/crazyflie_interfaces/local/lib/python3.10/dist-packages/crazyflie_interfaces-2.0.0-py3.10.egg-info/dependency_links.txt
[9.192s] -- Installing: /home/abd/exp_ws/src/install/crazyflie_interfaces/local/lib/python3.10/dist-packages/crazyflie_interfaces-2.0.0-py3.10.egg-info/PKG-INFO
[9.192s] -- Installing: /home/abd/exp_ws/src/install/crazyflie_interfaces/local/lib/python3.10/dist-packages/crazyflie_interfaces-2.0.0-py3.10.egg-info/top_level.txt
[9.192s] -- Up-to-date: /home/abd/exp_ws/src/install/crazyflie_interfaces/local/lib/python3.10/dist-packages/crazyflie_interfaces
[9.193s] -- Installing: /home/abd/exp_ws/src/install/crazyflie_interfaces/local/lib/python3.10/dist-packages/crazyflie_interfaces/crazyflie_interfaces_s__rosidl_typesupport_fastrtps_c.cpython-310-x86_64-linux-gnu.so
[9.193s] -- Up-to-date: /home/abd/exp_ws/src/install/crazyflie_interfaces/local/lib/python3.10/dist-packages/crazyflie_interfaces/_crazyflie_interfaces_s.ep.rosidl_typesupport_fastrtps_c.c
[9.193s] -- Up-to-date: /home/abd/exp_ws/src/install/crazyflie_interfaces/local/lib/python3.10/dist-packages/crazyflie_interfaces/_crazyflie_interfaces_s.ep.rosidl_typesupport_introspection_c.c
[9.193s] -- Up-to-date: /home/abd/exp_ws/src/install/crazyflie_interfaces/local/lib/python3.10/dist-packages/crazyflie_interfaces/__init__.py
[9.193s] -- Installing: /home/abd/exp_ws/src/install/crazyflie_interfaces/local/lib/python3.10/dist-packages/crazyflie_interfaces/crazyflie_interfaces_s__rosidl_typesupport_introspection_c.cpython-310-x86_64-linux-gnu.so
[9.193s] -- Up-to-date: /home/abd/exp_ws/src/install/crazyflie_interfaces/local/lib/python3.10/dist-packages/crazyflie_interfaces/msg
[9.193s] -- Up-to-date: /home/abd/exp_ws/src/install/crazyflie_interfaces/local/lib/python3.10/dist-packages/crazyflie_interfaces/msg/__init__.py
[9.193s] -- Up-to-date: /home/abd/exp_ws/src/install/crazyflie_interfaces/local/lib/python3.10/dist-packages/crazyflie_interfaces/msg/_full_state.py
[9.194s] -- Up-to-date: /home/abd/exp_ws/src/install/crazyflie_interfaces/local/lib/python3.10/dist-packages/crazyflie_interfaces/msg/_position_s.c
[9.194s] -- Up-to-date: /home/abd/exp_ws/src/install/crazyflie_interfaces/local/lib/python3.10/dist-packages/crazyflie_interfaces/msg/_log_data_generic_s.c
[9.194s] -- Up-to-date: /home/abd/exp_ws/src/install/crazyflie_interfaces/local/lib/python3.10/dist-packages/crazyflie_interfaces/msg/_trajectory_polynomial_piece.py
[9.194s] -- Up-to-date: /home/abd/exp_ws/src/install/crazyflie_interfaces/local/lib/python3.10/dist-packages/crazyflie_interfaces/msg/_log_data_generic.py
[9.194s] -- Up-to-date: /home/abd/exp_ws/src/install/crazyflie_interfaces/local/lib/python3.10/dist-packages/crazyflie_interfaces/msg/_trajectory_polynomial_piece_s.c
[9.194s] -- Up-to-date: /home/abd/exp_ws/src/install/crazyflie_interfaces/local/lib/python3.10/dist-packages/crazyflie_interfaces/msg/_velocity_world_s.c
[9.194s] -- Up-to-date: /home/abd/exp_ws/src/install/crazyflie_interfaces/local/lib/python3.10/dist-packages/crazyflie_interfaces/msg/_log_block.py
[9.194s] -- Up-to-date: /home/abd/exp_ws/src/install/crazyflie_interfaces/local/lib/python3.10/dist-packages/crazyflie_interfaces/msg/_log_block_s.c
[9.194s] -- Up-to-date: /home/abd/exp_ws/src/install/crazyflie_interfaces/local/lib/python3.10/dist-packages/crazyflie_interfaces/msg/_position.py
[9.195s] -- Up-to-date: /home/abd/exp_ws/src/install/crazyflie_interfaces/local/lib/python3.10/dist-packages/crazyflie_interfaces/msg/_full_state_s.c
[9.195s] -- Up-to-date: /home/abd/exp_ws/src/install/crazyflie_interfaces/local/lib/python3.10/dist-packages/crazyflie_interfaces/msg/_velocity_world.py
[9.195s] -- Up-to-date: /home/abd/exp_ws/src/install/crazyflie_interfaces/local/lib/python3.10/dist-packages/crazyflie_interfaces/msg/_hover_s.c
[9.195s] -- Up-to-date: /home/abd/exp_ws/src/install/crazyflie_interfaces/local/lib/python3.10/dist-packages/crazyflie_interfaces/msg/_hover.py
[9.195s] -- Installing: /home/abd/exp_ws/src/install/crazyflie_interfaces/local/lib/python3.10/dist-packages/crazyflie_interfaces/libcrazyflie_interfaces__rosidl_generator_py.so
[9.195s] -- Up-to-date: /home/abd/exp_ws/src/install/crazyflie_interfaces/local/lib/python3.10/dist-packages/crazyflie_interfaces/srv
[9.195s] -- Up-to-date: /home/abd/exp_ws/src/install/crazyflie_interfaces/local/lib/python3.10/dist-packages/crazyflie_interfaces/srv/_go_to_s.c
[9.195s] -- Up-to-date: /home/abd/exp_ws/src/install/crazyflie_interfaces/local/lib/python3.10/dist-packages/crazyflie_interfaces/srv/_stop_s.c
[9.195s] -- Up-to-date: /home/abd/exp_ws/src/install/crazyflie_interfaces/local/lib/python3.10/dist-packages/crazyflie_interfaces/srv/_land.py
[9.196s] -- Up-to-date: /home/abd/exp_ws/src/install/crazyflie_interfaces/local/lib/python3.10/dist-packages/crazyflie_interfaces/srv/__init__.py
[9.196s] -- Up-to-date: /home/abd/exp_ws/src/install/crazyflie_interfaces/local/lib/python3.10/dist-packages/crazyflie_interfaces/srv/_upload_trajectory.py
[9.196s] -- Up-to-date: /home/abd/exp_ws/src/install/crazyflie_interfaces/local/lib/python3.10/dist-packages/crazyflie_interfaces/srv/_remove_logging_s.c
[9.196s] -- Up-to-date: /home/abd/exp_ws/src/install/crazyflie_interfaces/local/lib/python3.10/dist-packages/crazyflie_interfaces/srv/_add_logging.py
[9.196s] -- Up-to-date: /home/abd/exp_ws/src/install/crazyflie_interfaces/local/lib/python3.10/dist-packages/crazyflie_interfaces/srv/_land_s.c
[9.196s] -- Up-to-date: /home/abd/exp_ws/src/install/crazyflie_interfaces/local/lib/python3.10/dist-packages/crazyflie_interfaces/srv/_start_trajectory.py
[9.196s] -- Up-to-date: /home/abd/exp_ws/src/install/crazyflie_interfaces/local/lib/python3.10/dist-packages/crazyflie_interfaces/srv/_takeoff_s.c
[9.196s] -- Up-to-date: /home/abd/exp_ws/src/install/crazyflie_interfaces/local/lib/python3.10/dist-packages/crazyflie_interfaces/srv/_add_logging_s.c
[9.196s] -- Up-to-date: /home/abd/exp_ws/src/install/crazyflie_interfaces/local/lib/python3.10/dist-packages/crazyflie_interfaces/srv/_set_group_mask_s.c
[9.197s] -- Up-to-date: /home/abd/exp_ws/src/install/crazyflie_interfaces/local/lib/python3.10/dist-packages/crazyflie_interfaces/srv/_upload_trajectory_s.c
[9.197s] -- Up-to-date: /home/abd/exp_ws/src/install/crazyflie_interfaces/local/lib/python3.10/dist-packages/crazyflie_interfaces/srv/_notify_setpoints_stop_s.c
[9.197s] -- Up-to-date: /home/abd/exp_ws/src/install/crazyflie_interfaces/local/lib/python3.10/dist-packages/crazyflie_interfaces/srv/_start_trajectory_s.c
[9.197s] -- Up-to-date: /home/abd/exp_ws/src/install/crazyflie_interfaces/local/lib/python3.10/dist-packages/crazyflie_interfaces/srv/_go_to.py
[9.197s] -- Up-to-date: /home/abd/exp_ws/src/install/crazyflie_interfaces/local/lib/python3.10/dist-packages/crazyflie_interfaces/srv/_update_params_s.c
[9.197s] -- Up-to-date: /home/abd/exp_ws/src/install/crazyflie_interfaces/local/lib/python3.10/dist-packages/crazyflie_interfaces/srv/_takeoff.py
[9.197s] -- Up-to-date: /home/abd/exp_ws/src/install/crazyflie_interfaces/local/lib/python3.10/dist-packages/crazyflie_interfaces/srv/_notify_setpoints_stop.py
[9.197s] -- Up-to-date: /home/abd/exp_ws/src/install/crazyflie_interfaces/local/lib/python3.10/dist-packages/crazyflie_interfaces/srv/_remove_logging.py
[9.197s] -- Up-to-date: /home/abd/exp_ws/src/install/crazyflie_interfaces/local/lib/python3.10/dist-packages/crazyflie_interfaces/srv/_set_group_mask.py
[9.198s] -- Up-to-date: /home/abd/exp_ws/src/install/crazyflie_interfaces/local/lib/python3.10/dist-packages/crazyflie_interfaces/srv/_stop.py
[9.198s] -- Up-to-date: /home/abd/exp_ws/src/install/crazyflie_interfaces/local/lib/python3.10/dist-packages/crazyflie_interfaces/srv/_update_params.py
[9.198s] -- Installing: /home/abd/exp_ws/src/install/crazyflie_interfaces/local/lib/python3.10/dist-packages/crazyflie_interfaces/crazyflie_interfaces_s__rosidl_typesupport_c.cpython-310-x86_64-linux-gnu.so
[9.198s] -- Up-to-date: /home/abd/exp_ws/src/install/crazyflie_interfaces/local/lib/python3.10/dist-packages/crazyflie_interfaces/_crazyflie_interfaces_s.ep.rosidl_typesupport_c.c
[9.226s] Listing '/home/abd/exp_ws/src/install/crazyflie_interfaces/local/lib/python3.10/dist-packages/crazyflie_interfaces'...
[9.226s] Listing '/home/abd/exp_ws/src/install/crazyflie_interfaces/local/lib/python3.10/dist-packages/crazyflie_interfaces/msg'...
[9.227s] Listing '/home/abd/exp_ws/src/install/crazyflie_interfaces/local/lib/python3.10/dist-packages/crazyflie_interfaces/srv'...
[9.234s] -- Installing: /home/abd/exp_ws/src/install/crazyflie_interfaces/local/lib/python3.10/dist-packages/crazyflie_interfaces/crazyflie_interfaces_s__rosidl_typesupport_fastrtps_c.cpython-310-x86_64-linux-gnu.so
[9.235s] -- Set runtime path of "/home/abd/exp_ws/src/install/crazyflie_interfaces/local/lib/python3.10/dist-packages/crazyflie_interfaces/crazyflie_interfaces_s__rosidl_typesupport_fastrtps_c.cpython-310-x86_64-linux-gnu.so" to ""
[9.235s] -- Installing: /home/abd/exp_ws/src/install/crazyflie_interfaces/local/lib/python3.10/dist-packages/crazyflie_interfaces/crazyflie_interfaces_s__rosidl_typesupport_introspection_c.cpython-310-x86_64-linux-gnu.so
[9.236s] -- Set runtime path of "/home/abd/exp_ws/src/install/crazyflie_interfaces/local/lib/python3.10/dist-packages/crazyflie_interfaces/crazyflie_interfaces_s__rosidl_typesupport_introspection_c.cpython-310-x86_64-linux-gnu.so" to ""
[9.236s] -- Installing: /home/abd/exp_ws/src/install/crazyflie_interfaces/local/lib/python3.10/dist-packages/crazyflie_interfaces/crazyflie_interfaces_s__rosidl_typesupport_c.cpython-310-x86_64-linux-gnu.so
[9.237s] -- Set runtime path of "/home/abd/exp_ws/src/install/crazyflie_interfaces/local/lib/python3.10/dist-packages/crazyflie_interfaces/crazyflie_interfaces_s__rosidl_typesupport_c.cpython-310-x86_64-linux-gnu.so" to ""
[9.238s] -- Installing: /home/abd/exp_ws/src/install/crazyflie_interfaces/lib/libcrazyflie_interfaces__rosidl_generator_py.so
[9.239s] -- Set runtime path of "/home/abd/exp_ws/src/install/crazyflie_interfaces/lib/libcrazyflie_interfaces__rosidl_generator_py.so" to ""
[9.239s] -- Up-to-date: /home/abd/exp_ws/src/install/crazyflie_interfaces/share/crazyflie_interfaces/msg/FullState.idl
[9.239s] -- Up-to-date: /home/abd/exp_ws/src/install/crazyflie_interfaces/share/crazyflie_interfaces/msg/LogDataGeneric.idl
[9.240s] -- Up-to-date: /home/abd/exp_ws/src/install/crazyflie_interfaces/share/crazyflie_interfaces/msg/Hover.idl
[9.240s] -- Up-to-date: /home/abd/exp_ws/src/install/crazyflie_interfaces/share/crazyflie_interfaces/msg/LogBlock.idl
[9.240s] -- Up-to-date: /home/abd/exp_ws/src/install/crazyflie_interfaces/share/crazyflie_interfaces/msg/Position.idl
[9.240s] -- Up-to-date: /home/abd/exp_ws/src/install/crazyflie_interfaces/share/crazyflie_interfaces/msg/TrajectoryPolynomialPiece.idl
[9.240s] -- Up-to-date: /home/abd/exp_ws/src/install/crazyflie_interfaces/share/crazyflie_interfaces/msg/VelocityWorld.idl
[9.240s] -- Up-to-date: /home/abd/exp_ws/src/install/crazyflie_interfaces/share/crazyflie_interfaces/srv/GoTo.idl
[9.241s] -- Up-to-date: /home/abd/exp_ws/src/install/crazyflie_interfaces/share/crazyflie_interfaces/srv/Land.idl
[9.241s] -- Up-to-date: /home/abd/exp_ws/src/install/crazyflie_interfaces/share/crazyflie_interfaces/srv/NotifySetpointsStop.idl
[9.241s] -- Up-to-date: /home/abd/exp_ws/src/install/crazyflie_interfaces/share/crazyflie_interfaces/srv/SetGroupMask.idl
[9.242s] -- Up-to-date: /home/abd/exp_ws/src/install/crazyflie_interfaces/share/crazyflie_interfaces/srv/StartTrajectory.idl
[9.242s] -- Up-to-date: /home/abd/exp_ws/src/install/crazyflie_interfaces/share/crazyflie_interfaces/srv/Stop.idl
[9.242s] -- Up-to-date: /home/abd/exp_ws/src/install/crazyflie_interfaces/share/crazyflie_interfaces/srv/Takeoff.idl
[9.242s] -- Up-to-date: /home/abd/exp_ws/src/install/crazyflie_interfaces/share/crazyflie_interfaces/srv/UpdateParams.idl
[9.242s] -- Up-to-date: /home/abd/exp_ws/src/install/crazyflie_interfaces/share/crazyflie_interfaces/srv/UploadTrajectory.idl
[9.243s] -- Up-to-date: /home/abd/exp_ws/src/install/crazyflie_interfaces/share/crazyflie_interfaces/srv/RemoveLogging.idl
[9.243s] -- Up-to-date: /home/abd/exp_ws/src/install/crazyflie_interfaces/share/crazyflie_interfaces/srv/AddLogging.idl
[9.243s] -- Up-to-date: /home/abd/exp_ws/src/install/crazyflie_interfaces/share/crazyflie_interfaces/msg/FullState.msg
[9.243s] -- Up-to-date: /home/abd/exp_ws/src/install/crazyflie_interfaces/share/crazyflie_interfaces/msg/LogDataGeneric.msg
[9.244s] -- Up-to-date: /home/abd/exp_ws/src/install/crazyflie_interfaces/share/crazyflie_interfaces/msg/Hover.msg
[9.244s] -- Up-to-date: /home/abd/exp_ws/src/install/crazyflie_interfaces/share/crazyflie_interfaces/msg/LogBlock.msg
[9.244s] -- Up-to-date: /home/abd/exp_ws/src/install/crazyflie_interfaces/share/crazyflie_interfaces/msg/Position.msg
[9.244s] -- Up-to-date: /home/abd/exp_ws/src/install/crazyflie_interfaces/share/crazyflie_interfaces/msg/TrajectoryPolynomialPiece.msg
[9.244s] -- Up-to-date: /home/abd/exp_ws/src/install/crazyflie_interfaces/share/crazyflie_interfaces/msg/VelocityWorld.msg
[9.245s] -- Up-to-date: /home/abd/exp_ws/src/install/crazyflie_interfaces/share/crazyflie_interfaces/srv/GoTo.srv
[9.245s] -- Up-to-date: /home/abd/exp_ws/src/install/crazyflie_interfaces/share/crazyflie_interfaces/srv/GoTo_Request.msg
[9.245s] -- Up-to-date: /home/abd/exp_ws/src/install/crazyflie_interfaces/share/crazyflie_interfaces/srv/GoTo_Response.msg
[9.245s] -- Up-to-date: /home/abd/exp_ws/src/install/crazyflie_interfaces/share/crazyflie_interfaces/srv/Land.srv
[9.245s] -- Up-to-date: /home/abd/exp_ws/src/install/crazyflie_interfaces/share/crazyflie_interfaces/srv/Land_Request.msg
[9.246s] -- Up-to-date: /home/abd/exp_ws/src/install/crazyflie_interfaces/share/crazyflie_interfaces/srv/Land_Response.msg
[9.246s] -- Up-to-date: /home/abd/exp_ws/src/install/crazyflie_interfaces/share/crazyflie_interfaces/srv/NotifySetpointsStop.srv
[9.246s] -- Up-to-date: /home/abd/exp_ws/src/install/crazyflie_interfaces/share/crazyflie_interfaces/srv/NotifySetpointsStop_Request.msg
[9.246s] -- Up-to-date: /home/abd/exp_ws/src/install/crazyflie_interfaces/share/crazyflie_interfaces/srv/NotifySetpointsStop_Response.msg
[9.246s] -- Up-to-date: /home/abd/exp_ws/src/install/crazyflie_interfaces/share/crazyflie_interfaces/srv/SetGroupMask.srv
[9.247s] -- Up-to-date: /home/abd/exp_ws/src/install/crazyflie_interfaces/share/crazyflie_interfaces/srv/SetGroupMask_Request.msg
[9.247s] -- Up-to-date: /home/abd/exp_ws/src/install/crazyflie_interfaces/share/crazyflie_interfaces/srv/SetGroupMask_Response.msg
[9.247s] -- Up-to-date: /home/abd/exp_ws/src/install/crazyflie_interfaces/share/crazyflie_interfaces/srv/StartTrajectory.srv
[9.247s] -- Up-to-date: /home/abd/exp_ws/src/install/crazyflie_interfaces/share/crazyflie_interfaces/srv/StartTrajectory_Request.msg
[9.248s] -- Up-to-date: /home/abd/exp_ws/src/install/crazyflie_interfaces/share/crazyflie_interfaces/srv/StartTrajectory_Response.msg
[9.248s] -- Up-to-date: /home/abd/exp_ws/src/install/crazyflie_interfaces/share/crazyflie_interfaces/srv/Stop.srv
[9.248s] -- Up-to-date: /home/abd/exp_ws/src/install/crazyflie_interfaces/share/crazyflie_interfaces/srv/Stop_Request.msg
[9.248s] -- Up-to-date: /home/abd/exp_ws/src/install/crazyflie_interfaces/share/crazyflie_interfaces/srv/Stop_Response.msg
[9.248s] -- Up-to-date: /home/abd/exp_ws/src/install/crazyflie_interfaces/share/crazyflie_interfaces/srv/Takeoff.srv
[9.249s] -- Up-to-date: /home/abd/exp_ws/src/install/crazyflie_interfaces/share/crazyflie_interfaces/srv/Takeoff_Request.msg
[9.249s] -- Up-to-date: /home/abd/exp_ws/src/install/crazyflie_interfaces/share/crazyflie_interfaces/srv/Takeoff_Response.msg
[9.249s] -- Up-to-date: /home/abd/exp_ws/src/install/crazyflie_interfaces/share/crazyflie_interfaces/srv/UpdateParams.srv
[9.249s] -- Up-to-date: /home/abd/exp_ws/src/install/crazyflie_interfaces/share/crazyflie_interfaces/srv/UpdateParams_Request.msg
[9.250s] -- Up-to-date: /home/abd/exp_ws/src/install/crazyflie_interfaces/share/crazyflie_interfaces/srv/UpdateParams_Response.msg
[9.250s] -- Up-to-date: /home/abd/exp_ws/src/install/crazyflie_interfaces/share/crazyflie_interfaces/srv/UploadTrajectory.srv
[9.250s] -- Up-to-date: /home/abd/exp_ws/src/install/crazyflie_interfaces/share/crazyflie_interfaces/srv/UploadTrajectory_Request.msg
[9.250s] -- Up-to-date: /home/abd/exp_ws/src/install/crazyflie_interfaces/share/crazyflie_interfaces/srv/UploadTrajectory_Response.msg
[9.250s] -- Up-to-date: /home/abd/exp_ws/src/install/crazyflie_interfaces/share/crazyflie_interfaces/srv/RemoveLogging.srv
[9.251s] -- Up-to-date: /home/abd/exp_ws/src/install/crazyflie_interfaces/share/crazyflie_interfaces/srv/RemoveLogging_Request.msg
[9.251s] -- Up-to-date: /home/abd/exp_ws/src/install/crazyflie_interfaces/share/crazyflie_interfaces/srv/RemoveLogging_Response.msg
[9.251s] -- Up-to-date: /home/abd/exp_ws/src/install/crazyflie_interfaces/share/crazyflie_interfaces/srv/AddLogging.srv
[9.251s] -- Up-to-date: /home/abd/exp_ws/src/install/crazyflie_interfaces/share/crazyflie_interfaces/srv/AddLogging_Request.msg
[9.251s] -- Up-to-date: /home/abd/exp_ws/src/install/crazyflie_interfaces/share/crazyflie_interfaces/srv/AddLogging_Response.msg
[9.251s] -- Up-to-date: /home/abd/exp_ws/src/install/crazyflie_interfaces/share/ament_index/resource_index/package_run_dependencies/crazyflie_interfaces
[9.252s] -- Up-to-date: /home/abd/exp_ws/src/install/crazyflie_interfaces/share/ament_index/resource_index/parent_prefix_path/crazyflie_interfaces
[9.252s] -- Up-to-date: /home/abd/exp_ws/src/install/crazyflie_interfaces/share/crazyflie_interfaces/environment/ament_prefix_path.sh
[9.252s] -- Up-to-date: /home/abd/exp_ws/src/install/crazyflie_interfaces/share/crazyflie_interfaces/environment/ament_prefix_path.dsv
[9.252s] -- Up-to-date: /home/abd/exp_ws/src/install/crazyflie_interfaces/share/crazyflie_interfaces/environment/path.sh
[9.252s] -- Up-to-date: /home/abd/exp_ws/src/install/crazyflie_interfaces/share/crazyflie_interfaces/environment/path.dsv
[9.252s] -- Up-to-date: /home/abd/exp_ws/src/install/crazyflie_interfaces/share/crazyflie_interfaces/local_setup.bash
[9.252s] -- Up-to-date: /home/abd/exp_ws/src/install/crazyflie_interfaces/share/crazyflie_interfaces/local_setup.sh
[9.252s] -- Up-to-date: /home/abd/exp_ws/src/install/crazyflie_interfaces/share/crazyflie_interfaces/local_setup.zsh
[9.252s] -- Up-to-date: /home/abd/exp_ws/src/install/crazyflie_interfaces/share/crazyflie_interfaces/local_setup.dsv
[9.253s] -- Installing: /home/abd/exp_ws/src/install/crazyflie_interfaces/share/crazyflie_interfaces/package.dsv
[9.253s] -- Up-to-date: /home/abd/exp_ws/src/install/crazyflie_interfaces/share/ament_index/resource_index/packages/crazyflie_interfaces
[9.253s] -- Up-to-date: /home/abd/exp_ws/src/install/crazyflie_interfaces/share/crazyflie_interfaces/cmake/export_crazyflie_interfaces__rosidl_generator_cExport.cmake
[9.253s] -- Up-to-date: /home/abd/exp_ws/src/install/crazyflie_interfaces/share/crazyflie_interfaces/cmake/export_crazyflie_interfaces__rosidl_generator_cExport-noconfig.cmake
[9.254s] -- Up-to-date: /home/abd/exp_ws/src/install/crazyflie_interfaces/share/crazyflie_interfaces/cmake/export_crazyflie_interfaces__rosidl_typesupport_fastrtps_cExport.cmake
[9.254s] -- Up-to-date: /home/abd/exp_ws/src/install/crazyflie_interfaces/share/crazyflie_interfaces/cmake/export_crazyflie_interfaces__rosidl_typesupport_fastrtps_cExport-noconfig.cmake
[9.255s] -- Up-to-date: /home/abd/exp_ws/src/install/crazyflie_interfaces/share/crazyflie_interfaces/cmake/export_crazyflie_interfaces__rosidl_generator_cppExport.cmake
[9.256s] -- Up-to-date: /home/abd/exp_ws/src/install/crazyflie_interfaces/share/crazyflie_interfaces/cmake/export_crazyflie_interfaces__rosidl_typesupport_fastrtps_cppExport.cmake
[9.257s] -- Up-to-date: /home/abd/exp_ws/src/install/crazyflie_interfaces/share/crazyflie_interfaces/cmake/export_crazyflie_interfaces__rosidl_typesupport_fastrtps_cppExport-noconfig.cmake
[9.260s] -- Up-to-date: /home/abd/exp_ws/src/install/crazyflie_interfaces/share/crazyflie_interfaces/cmake/crazyflie_interfaces__rosidl_typesupport_introspection_cExport.cmake
[9.261s] -- Up-to-date: /home/abd/exp_ws/src/install/crazyflie_interfaces/share/crazyflie_interfaces/cmake/crazyflie_interfaces__rosidl_typesupport_introspection_cExport-noconfig.cmake
[9.262s] -- Up-to-date: /home/abd/exp_ws/src/install/crazyflie_interfaces/share/crazyflie_interfaces/cmake/crazyflie_interfaces__rosidl_typesupport_cExport.cmake
[9.262s] -- Up-to-date: /home/abd/exp_ws/src/install/crazyflie_interfaces/share/crazyflie_interfaces/cmake/crazyflie_interfaces__rosidl_typesupport_cExport-noconfig.cmake
[9.263s] -- Up-to-date: /home/abd/exp_ws/src/install/crazyflie_interfaces/share/crazyflie_interfaces/cmake/crazyflie_interfaces__rosidl_typesupport_introspection_cppExport.cmake
[9.263s] -- Up-to-date: /home/abd/exp_ws/src/install/crazyflie_interfaces/share/crazyflie_interfaces/cmake/crazyflie_interfaces__rosidl_typesupport_introspection_cppExport-noconfig.cmake
[9.264s] -- Up-to-date: /home/abd/exp_ws/src/install/crazyflie_interfaces/share/crazyflie_interfaces/cmake/crazyflie_interfaces__rosidl_typesupport_cppExport.cmake
[9.264s] -- Up-to-date: /home/abd/exp_ws/src/install/crazyflie_interfaces/share/crazyflie_interfaces/cmake/crazyflie_interfaces__rosidl_typesupport_cppExport-noconfig.cmake
[9.264s] -- Up-to-date: /home/abd/exp_ws/src/install/crazyflie_interfaces/share/crazyflie_interfaces/cmake/export_crazyflie_interfaces__rosidl_generator_pyExport.cmake
[9.265s] -- Up-to-date: /home/abd/exp_ws/src/install/crazyflie_interfaces/share/crazyflie_interfaces/cmake/export_crazyflie_interfaces__rosidl_generator_pyExport-noconfig.cmake
[9.265s] -- Up-to-date: /home/abd/exp_ws/src/install/crazyflie_interfaces/share/crazyflie_interfaces/cmake/rosidl_cmake-extras.cmake
[9.265s] -- Up-to-date: /home/abd/exp_ws/src/install/crazyflie_interfaces/share/crazyflie_interfaces/cmake/ament_cmake_export_dependencies-extras.cmake
[9.266s] -- Up-to-date: /home/abd/exp_ws/src/install/crazyflie_interfaces/share/crazyflie_interfaces/cmake/ament_cmake_export_include_directories-extras.cmake
[9.266s] -- Up-to-date: /home/abd/exp_ws/src/install/crazyflie_interfaces/share/crazyflie_interfaces/cmake/ament_cmake_export_libraries-extras.cmake
[9.266s] -- Up-to-date: /home/abd/exp_ws/src/install/crazyflie_interfaces/share/crazyflie_interfaces/cmake/ament_cmake_export_targets-extras.cmake
[9.266s] -- Up-to-date: /home/abd/exp_ws/src/install/crazyflie_interfaces/share/crazyflie_interfaces/cmake/rosidl_cmake_export_typesupport_targets-extras.cmake
[9.266s] -- Up-to-date: /home/abd/exp_ws/src/install/crazyflie_interfaces/share/crazyflie_interfaces/cmake/rosidl_cmake_export_typesupport_libraries-extras.cmake
[9.266s] -- Up-to-date: /home/abd/exp_ws/src/install/crazyflie_interfaces/share/crazyflie_interfaces/cmake/crazyflie_interfacesConfig.cmake
[9.267s] -- Up-to-date: /home/abd/exp_ws/src/install/crazyflie_interfaces/share/crazyflie_interfaces/cmake/crazyflie_interfacesConfig-version.cmake
[9.267s] -- Up-to-date: /home/abd/exp_ws/src/install/crazyflie_interfaces/share/crazyflie_interfaces/package.xml
[9.270s] Invoked command in '/home/abd/exp_ws/src/build/crazyflie_interfaces' returned '0': CMAKE_PREFIX_PATH=/opt/ros/humble /usr/bin/cmake --install /home/abd/exp_ws/src/build/crazyflie_interfaces
