[0.083s] Invoking command in '/home/abd/exp_ws/src/build/motion_capture_tracking': AMENT_PREFIX_PATH=/home/abd/exp_ws/src/install/motion_capture_tracking_interfaces:${AMENT_PREFIX_PATH} CMAKE_PREFIX_PATH=/home/abd/exp_ws/src/install/motion_capture_tracking_interfaces:/opt/ros/humble LD_LIBRARY_PATH=/home/abd/exp_ws/src/install/motion_capture_tracking_interfaces/lib:${LD_LIBRARY_PATH} PYTHONPATH=/home/abd/exp_ws/src/install/motion_capture_tracking_interfaces/local/lib/python3.10/dist-packages:${PYTHONPATH} /usr/bin/cmake --build /home/abd/exp_ws/src/build/motion_capture_tracking -- -j12 -l12
[0.169s] [35m[1mConsolidate compiler generated dependencies of target qualisys_cpp_sdk[0m
[0.169s] [35m[1mConsolidate compiler generated dependencies of target quat[0m
[0.169s] [35m[1mConsolidate compiler generated dependencies of target librigidbodytracker[0m
[0.184s] [35m[1mConsolidate compiler generated dependencies of target ViconDataStreamSDK_CPP[0m
[0.189s] [  8%] Built target quat
[0.195s] [ 16%] Built target qualisys_cpp_sdk
[0.214s] [35m[1mConsolidate compiler generated dependencies of target vrpn[0m
[0.227s] [ 19%] Built target librigidbodytracker
[0.268s] [ 66%] Built target vrpn
[0.298s] [ 83%] Built target ViconDataStreamSDK_CPP
[0.327s] [35m[1mConsolidate compiler generated dependencies of target libmotioncapture[0m
[0.391s] [ 96%] Built target libmotioncapture
[0.410s] [35m[1mConsolidate compiler generated dependencies of target motion_capture_tracking_node[0m
[0.461s] [100%] Built target motion_capture_tracking_node
[0.485s] Invoked command in '/home/abd/exp_ws/src/build/motion_capture_tracking' returned '0': AMENT_PREFIX_PATH=/home/abd/exp_ws/src/install/motion_capture_tracking_interfaces:${AMENT_PREFIX_PATH} CMAKE_PREFIX_PATH=/home/abd/exp_ws/src/install/motion_capture_tracking_interfaces:/opt/ros/humble LD_LIBRARY_PATH=/home/abd/exp_ws/src/install/motion_capture_tracking_interfaces/lib:${LD_LIBRARY_PATH} PYTHONPATH=/home/abd/exp_ws/src/install/motion_capture_tracking_interfaces/local/lib/python3.10/dist-packages:${PYTHONPATH} /usr/bin/cmake --build /home/abd/exp_ws/src/build/motion_capture_tracking -- -j12 -l12
[0.606s] Invoking command in '/home/abd/exp_ws/src/build/motion_capture_tracking': AMENT_PREFIX_PATH=/home/abd/exp_ws/src/install/motion_capture_tracking_interfaces:${AMENT_PREFIX_PATH} CMAKE_PREFIX_PATH=/home/abd/exp_ws/src/install/motion_capture_tracking_interfaces:/opt/ros/humble LD_LIBRARY_PATH=/home/abd/exp_ws/src/install/motion_capture_tracking_interfaces/lib:${LD_LIBRARY_PATH} PYTHONPATH=/home/abd/exp_ws/src/install/motion_capture_tracking_interfaces/local/lib/python3.10/dist-packages:${PYTHONPATH} /usr/bin/cmake --install /home/abd/exp_ws/src/build/motion_capture_tracking
[0.617s] -- Install configuration: ""
[0.617s] -- Up-to-date: /home/abd/exp_ws/src/install/motion_capture_tracking/lib/motion_capture_tracking/motion_capture_tracking_node
[0.618s] -- Up-to-date: /home/abd/exp_ws/src/install/motion_capture_tracking/share/motion_capture_tracking//launch
[0.618s] -- Up-to-date: /home/abd/exp_ws/src/install/motion_capture_tracking/share/motion_capture_tracking//launch/launch.py
[0.618s] -- Up-to-date: /home/abd/exp_ws/src/install/motion_capture_tracking/share/motion_capture_tracking//launch/node.launch
[0.618s] -- Up-to-date: /home/abd/exp_ws/src/install/motion_capture_tracking/share/motion_capture_tracking//config
[0.618s] -- Up-to-date: /home/abd/exp_ws/src/install/motion_capture_tracking/share/motion_capture_tracking//config/rviz.rviz
[0.619s] -- Up-to-date: /home/abd/exp_ws/src/install/motion_capture_tracking/share/motion_capture_tracking//config/cfg.yaml
[0.619s] -- Up-to-date: /home/abd/exp_ws/src/install/motion_capture_tracking/share/ament_index/resource_index/package_run_dependencies/motion_capture_tracking
[0.619s] -- Up-to-date: /home/abd/exp_ws/src/install/motion_capture_tracking/share/ament_index/resource_index/parent_prefix_path/motion_capture_tracking
[0.620s] -- Up-to-date: /home/abd/exp_ws/src/install/motion_capture_tracking/share/motion_capture_tracking/environment/ament_prefix_path.sh
[0.620s] -- Up-to-date: /home/abd/exp_ws/src/install/motion_capture_tracking/share/motion_capture_tracking/environment/ament_prefix_path.dsv
[0.620s] -- Up-to-date: /home/abd/exp_ws/src/install/motion_capture_tracking/share/motion_capture_tracking/environment/path.sh
[0.620s] -- Up-to-date: /home/abd/exp_ws/src/install/motion_capture_tracking/share/motion_capture_tracking/environment/path.dsv
[0.621s] -- Up-to-date: /home/abd/exp_ws/src/install/motion_capture_tracking/share/motion_capture_tracking/local_setup.bash
[0.621s] -- Up-to-date: /home/abd/exp_ws/src/install/motion_capture_tracking/share/motion_capture_tracking/local_setup.sh
[0.621s] -- Up-to-date: /home/abd/exp_ws/src/install/motion_capture_tracking/share/motion_capture_tracking/local_setup.zsh
[0.621s] -- Up-to-date: /home/abd/exp_ws/src/install/motion_capture_tracking/share/motion_capture_tracking/local_setup.dsv
[0.622s] -- Installing: /home/abd/exp_ws/src/install/motion_capture_tracking/share/motion_capture_tracking/package.dsv
[0.622s] -- Up-to-date: /home/abd/exp_ws/src/install/motion_capture_tracking/share/ament_index/resource_index/packages/motion_capture_tracking
[0.622s] -- Up-to-date: /home/abd/exp_ws/src/install/motion_capture_tracking/share/motion_capture_tracking/cmake/motion_capture_trackingConfig.cmake
[0.622s] -- Up-to-date: /home/abd/exp_ws/src/install/motion_capture_tracking/share/motion_capture_tracking/cmake/motion_capture_trackingConfig-version.cmake
[0.623s] -- Up-to-date: /home/abd/exp_ws/src/install/motion_capture_tracking/share/motion_capture_tracking/package.xml
[0.625s] Invoked command in '/home/abd/exp_ws/src/build/motion_capture_tracking' returned '0': AMENT_PREFIX_PATH=/home/abd/exp_ws/src/install/motion_capture_tracking_interfaces:${AMENT_PREFIX_PATH} CMAKE_PREFIX_PATH=/home/abd/exp_ws/src/install/motion_capture_tracking_interfaces:/opt/ros/humble LD_LIBRARY_PATH=/home/abd/exp_ws/src/install/motion_capture_tracking_interfaces/lib:${LD_LIBRARY_PATH} PYTHONPATH=/home/abd/exp_ws/src/install/motion_capture_tracking_interfaces/local/lib/python3.10/dist-packages:${PYTHONPATH} /usr/bin/cmake --install /home/abd/exp_ws/src/build/motion_capture_tracking
