[0.152s] Invoking command in '/home/abd/exp_ws/src/build/motion_capture_tracking': CMAKE_PREFIX_PATH=/home/abd/exp_ws/src/install/motion_capture_tracking_interfaces:/home/abd/exp_ws/src/install/motion_capture_tracking:/home/abd/exp_ws/src/install/crazyflie:/home/abd/exp_ws/src/install/crazyflie_sim:/home/abd/exp_ws/src/install/crazyflie_examples:/home/abd/exp_ws/src/install/crazyflie_interfaces:/home/abd/exp_ws/install/motion_capture_tracking:/home/abd/exp_ws/install/crazyflie:/home/abd/exp_ws/install/motion_capture_tracking_interfaces:/home/abd/exp_ws/install/crazyflie_sim:/home/abd/exp_ws/install/crazyflie_examples:/home/abd/exp_ws/install/crazyflie_interfaces:/home/abd/exp_ws/src/install/new_description:/home/abd/exp_ws/src/install/crazyflie_py:/home/abd/exp_ws/src/install/NEW_description:/home/abd/exp_ws/install/crazyflie_py:/opt/ros/humble /usr/bin/cmake --build /home/abd/exp_ws/src/build/motion_capture_tracking -- -j12 -l12
[0.216s] -- Found ament_cmake: 1.3.5 (/opt/ros/humble/share/ament_cmake/cmake)
[0.361s] -- Found Python3: /usr/bin/python3.10 (found version "3.10.12") found components: Interpreter 
[0.458s] -- Found rclcpp: 16.0.6 (/opt/ros/humble/share/rclcpp/cmake)
[0.508s] -- Found rosidl_generator_c: 3.1.5 (/opt/ros/humble/share/rosidl_generator_c/cmake)
[0.512s] -- Found rosidl_adapter: 3.1.5 (/opt/ros/humble/share/rosidl_adapter/cmake)
[0.521s] -- Found rosidl_generator_cpp: 3.1.5 (/opt/ros/humble/share/rosidl_generator_cpp/cmake)
[0.538s] -- Using all available rosidl_typesupport_c: rosidl_typesupport_fastrtps_c;rosidl_typesupport_introspection_c
[0.562s] -- Using all available rosidl_typesupport_cpp: rosidl_typesupport_fastrtps_cpp;rosidl_typesupport_introspection_cpp
[0.661s] -- Found rmw_implementation_cmake: 6.1.1 (/opt/ros/humble/share/rmw_implementation_cmake/cmake)
[0.665s] -- Found rmw_fastrtps_cpp: 6.2.4 (/opt/ros/humble/share/rmw_fastrtps_cpp/cmake)
[0.904s] -- Using RMW implementation 'rmw_fastrtps_cpp' as default
[1.160s] -- Found tf2_ros: 0.25.4 (/opt/ros/humble/share/tf2_ros/cmake)
[1.766s] -- Found sensor_msgs: 4.2.3 (/opt/ros/humble/share/sensor_msgs/cmake)
[1.904s] -- Found motion_capture_tracking_interfaces: 1.0.0 (/home/abd/exp_ws/src/install/motion_capture_tracking_interfaces/share/motion_capture_tracking_interfaces/cmake)
[2.057s] -- Eigen found (include: /usr/include/eigen3, version: 3.4.0)
[2.073s] -- Found Boost: /usr/lib/x86_64-linux-gnu/cmake/Boost-1.74.0/BoostConfig.cmake (found suitable version "1.74.0", minimum required is "1.65.0") found components: system filesystem date_time iostreams serialization 
[2.075s] -- looking for PCL_COMMON
[2.076s] -- Found PCL: pcl_common;Boost::system;Boost::filesystem;Boost::date_time;Boost::iostreams;Boost::serialization  
[2.078s] [33mCMake Warning (dev) at deps/librigidbodytracker/CMakeLists.txt:7 (find_package):
[2.078s]   Policy CMP0074 is not set: find_package uses <PackageName>_ROOT variables.
[2.078s]   Run "cmake --help-policy CMP0074" for policy details.  Use the cmake_policy
[2.079s]   command to set the policy and suppress this warning.
[2.079s] 
[2.079s]   CMake variable PCL_ROOT is set to:
[2.079s] 
[2.079s]     /usr
[2.079s] 
[2.079s]   For compatibility, CMake is ignoring the variable.
[2.079s] This warning is for project developers.  Use -Wno-dev to suppress it.
[2.079s] [0m
[2.135s] -- FLANN found (include: /usr/include, lib: /usr/lib/x86_64-linux-gnu/libflann_cpp.so)
[2.692s] -- OpenNI found (version: 1.5.4.0, include: /usr/include/ni, lib: /usr/lib/libOpenNI.so;libusb::libusb)
[2.705s] -- OpenNI2 found (version: 2.2.0.33, include: /usr/include/openni2, lib: /usr/lib/x86_64-linux-gnu/libOpenNI2.so;libusb::libusb)
[2.705s] [0m** WARNING ** io features related to pcap will be disabled[0m
[3.007s] -- Eigen found (include: /usr/include/eigen3, version: 3.4.0)
[3.018s] -- OpenNI found (version: 1.5.4.0, include: /usr/include/ni, lib: /usr/lib/libOpenNI.so;libusb::libusb)
[3.032s] -- OpenNI2 found (version: 2.2.0.33, include: /usr/include/openni2, lib: /usr/lib/x86_64-linux-gnu/libOpenNI2.so;libusb::libusb)
[3.262s] -- Found Qhull version 8.0.2
[3.463s] -- OpenNI found (version: 1.5.4.0, include: /usr/include/ni, lib: /usr/lib/libOpenNI.so;libusb::libusb)
[3.671s] -- looking for PCL_KDTREE
[3.675s] -- looking for PCL_OCTREE
[3.676s] -- looking for PCL_SEARCH
[3.677s] -- looking for PCL_SAMPLE_CONSENSUS
[3.678s] -- looking for PCL_FILTERS
[3.680s] -- looking for PCL_2D
[3.680s] -- looking for PCL_GEOMETRY
[3.680s] -- looking for PCL_IO
[3.681s] -- looking for PCL_FEATURES
[3.683s] -- looking for PCL_ML
[3.684s] -- looking for PCL_SEGMENTATION
[3.684s] -- looking for PCL_VISUALIZATION
[3.685s] -- looking for PCL_SURFACE
[3.686s] -- looking for PCL_REGISTRATION
[3.686s] -- looking for PCL_KEYPOINTS
[3.687s] -- looking for PCL_TRACKING
[3.687s] -- looking for PCL_RECOGNITION
[3.687s] -- looking for PCL_STEREO
[3.687s] -- looking for PCL_APPS
[3.688s] -- looking for PCL_IN_HAND_SCANNER
[3.688s] -- looking for PCL_MODELER
[3.689s] -- looking for PCL_POINT_CLOUD_EDITOR
[3.690s] -- looking for PCL_OUTOFCORE
[3.690s] -- looking for PCL_PEOPLE
[3.691s] -- Found PCL: pcl_common;pcl_kdtree;pcl_octree;pcl_search;pcl_sample_consensus;pcl_filters;pcl_io;pcl_features;pcl_ml;pcl_segmentation;pcl_visualization;pcl_surface;pcl_registration;pcl_keypoints;pcl_tracking;pcl_recognition;pcl_stereo;pcl_apps;pcl_outofcore;pcl_people;Boost::system;Boost::filesystem;Boost::date_time;Boost::iostreams;Boost::serialization;/usr/lib/libOpenNI.so;libusb::libusb;/usr/lib/x86_64-linux-gnu/libOpenNI2.so;libusb::libusb;VTK::ChartsCore;VTK::CommonColor;VTK::CommonComputationalGeometry;VTK::CommonCore;VTK::CommonDataModel;VTK::CommonExecutionModel;VTK::CommonMath;VTK::CommonMisc;VTK::CommonTransforms;VTK::FiltersCore;VTK::FiltersExtraction;VTK::FiltersGeneral;VTK::FiltersGeometry;VTK::FiltersModeling;VTK::FiltersSources;VTK::ImagingCore;VTK::ImagingSources;VTK::InteractionImage;VTK::InteractionStyle;VTK::InteractionWidgets;VTK::IOCore;VTK::IOGeometry;VTK::IOImage;VTK::IOLegacy;VTK::IOPLY;VTK::RenderingAnnotation;VTK::RenderingCore;VTK::RenderingContext2D;VTK::RenderingLOD;VTK::RenderingFreeType;VTK::ViewsCore;VTK::ViewsContext2D;VTK::RenderingOpenGL2;VTK::GUISupportQt;FLANN::FLANN;QHULL::QHULL  
[3.703s] -- Found Boost: /usr/lib/x86_64-linux-gnu/cmake/Boost-1.74.0/BoostConfig.cmake (found suitable version "1.74.0", minimum required is "1.5") found components: system 
[3.717s] -- Found Boost: /usr/lib/x86_64-linux-gnu/cmake/Boost-1.74.0/BoostConfig.cmake (found suitable version "1.74.0", minimum required is "1.5") found components: system thread 
[3.725s] [0mCMake Deprecation Warning at deps/libmotioncapture/deps/vrpn/CMakeLists.txt:1 (cmake_minimum_required):
[3.725s]   Compatibility with CMake < 2.8.12 will be removed from a future version of
[3.726s]   CMake.
[3.726s] 
[3.726s]   Update the VERSION argument <min> value or use a ...<max> suffix to tell
[3.726s]   CMake that the project does not need compatibility with older versions.
[3.726s] 
[3.726s] [0m
[3.848s] [0mCMake Deprecation Warning at deps/libmotioncapture/deps/vrpn/quat/CMakeLists.txt:1 (cmake_minimum_required):
[3.848s]   Compatibility with CMake < 2.8.12 will be removed from a future version of
[3.848s]   CMake.
[3.849s] 
[3.849s]   Update the VERSION argument <min> value or use a ...<max> suffix to tell
[3.849s]   CMake that the project does not need compatibility with older versions.
[3.849s] 
[3.849s] [0m
[5.833s] -- NOTE: You have VRPN_USE_LOCAL_HIDAPI enabled, but VRPN_USE_HID disabled: HIDAPI will only be built if you enable HID support for VRPN
[5.833s] [0mCMake Deprecation Warning at deps/libmotioncapture/deps/vrpn/cmake/FindOpenHaptics.cmake:56 (cmake_minimum_required):
[5.833s]   Compatibility with CMake < 2.8.12 will be removed from a future version of
[5.833s]   CMake.
[5.834s] 
[5.834s]   Update the VERSION argument <min> value or use a ...<max> suffix to tell
[5.834s]   CMake that the project does not need compatibility with older versions.
[5.834s] Call Stack (most recent call first):
[5.834s]   deps/libmotioncapture/deps/vrpn/CMakeLists.txt:468 (find_package)
[5.834s] 
[5.834s] [0m
[5.880s] [33mCMake Warning (dev) at /usr/share/cmake-3.22/Modules/FindPackageHandleStandardArgs.cmake:438 (message):
[5.880s]   The package name passed to `find_package_handle_standard_args` (I2CDEV)
[5.880s]   does not match the name of the calling package (libi2c-dev).  This can lead
[5.880s]   to problems in calling code that expects `find_package` result variables
[5.880s]   (e.g., `_FOUND`) to follow a certain pattern.
[5.880s] Call Stack (most recent call first):
[5.881s]   deps/libmotioncapture/deps/vrpn/cmake/Findlibi2c-dev.cmake:43 (find_package_handle_standard_args)
[5.881s]   deps/libmotioncapture/deps/vrpn/CMakeLists.txt:518 (find_package)
[5.881s] This warning is for project developers.  Use -Wno-dev to suppress it.
[5.881s] [0m
[5.963s] [0mCMake Deprecation Warning at deps/libmotioncapture/deps/vrpn/client_src/CMakeLists.txt:1 (cmake_minimum_required):
[5.963s]   Compatibility with CMake < 2.8.12 will be removed from a future version of
[5.963s]   CMake.
[5.963s] 
[5.964s]   Update the VERSION argument <min> value or use a ...<max> suffix to tell
[5.964s]   CMake that the project does not need compatibility with older versions.
[5.964s] 
[5.964s] [0m
[6.068s] -- Configuring done
[6.265s] -- Generating done
[6.279s] -- Build files have been written to: /home/abd/exp_ws/src/build/motion_capture_tracking
[6.345s] [35m[1mConsolidate compiler generated dependencies of target quat[0m
[6.351s] [35m[1mConsolidate compiler generated dependencies of target qualisys_cpp_sdk[0m
[6.358s] [35m[1mConsolidate compiler generated dependencies of target librigidbodytracker[0m
[6.366s] [35m[1mConsolidate compiler generated dependencies of target ViconDataStreamSDK_CPP[0m
[6.367s] [  8%] Built target quat
[6.373s] [ 16%] Built target qualisys_cpp_sdk
[6.391s] [35m[1mConsolidate compiler generated dependencies of target vrpn[0m
[6.414s] [ 19%] Built target librigidbodytracker
[6.435s] [ 66%] Built target vrpn
[6.484s] [ 83%] Built target ViconDataStreamSDK_CPP
[6.507s] [35m[1mConsolidate compiler generated dependencies of target libmotioncapture[0m
[6.567s] [ 96%] Built target libmotioncapture
[6.593s] [35m[1mConsolidate compiler generated dependencies of target motion_capture_tracking_node[0m
[6.637s] [100%] Built target motion_capture_tracking_node
[6.658s] Invoked command in '/home/abd/exp_ws/src/build/motion_capture_tracking' returned '0': CMAKE_PREFIX_PATH=/home/abd/exp_ws/src/install/motion_capture_tracking_interfaces:/home/abd/exp_ws/src/install/motion_capture_tracking:/home/abd/exp_ws/src/install/crazyflie:/home/abd/exp_ws/src/install/crazyflie_sim:/home/abd/exp_ws/src/install/crazyflie_examples:/home/abd/exp_ws/src/install/crazyflie_interfaces:/home/abd/exp_ws/install/motion_capture_tracking:/home/abd/exp_ws/install/crazyflie:/home/abd/exp_ws/install/motion_capture_tracking_interfaces:/home/abd/exp_ws/install/crazyflie_sim:/home/abd/exp_ws/install/crazyflie_examples:/home/abd/exp_ws/install/crazyflie_interfaces:/home/abd/exp_ws/src/install/new_description:/home/abd/exp_ws/src/install/crazyflie_py:/home/abd/exp_ws/src/install/NEW_description:/home/abd/exp_ws/install/crazyflie_py:/opt/ros/humble /usr/bin/cmake --build /home/abd/exp_ws/src/build/motion_capture_tracking -- -j12 -l12
[6.771s] Invoking command in '/home/abd/exp_ws/src/build/motion_capture_tracking': CMAKE_PREFIX_PATH=/home/abd/exp_ws/src/install/motion_capture_tracking_interfaces:/home/abd/exp_ws/src/install/motion_capture_tracking:/home/abd/exp_ws/src/install/crazyflie:/home/abd/exp_ws/src/install/crazyflie_sim:/home/abd/exp_ws/src/install/crazyflie_examples:/home/abd/exp_ws/src/install/crazyflie_interfaces:/home/abd/exp_ws/install/motion_capture_tracking:/home/abd/exp_ws/install/crazyflie:/home/abd/exp_ws/install/motion_capture_tracking_interfaces:/home/abd/exp_ws/install/crazyflie_sim:/home/abd/exp_ws/install/crazyflie_examples:/home/abd/exp_ws/install/crazyflie_interfaces:/home/abd/exp_ws/src/install/new_description:/home/abd/exp_ws/src/install/crazyflie_py:/home/abd/exp_ws/src/install/NEW_description:/home/abd/exp_ws/install/crazyflie_py:/opt/ros/humble /usr/bin/cmake --install /home/abd/exp_ws/src/build/motion_capture_tracking
[6.783s] -- Install configuration: ""
[6.783s] -- Up-to-date: /home/abd/exp_ws/src/install/motion_capture_tracking/lib/motion_capture_tracking/motion_capture_tracking_node
[6.784s] -- Up-to-date: /home/abd/exp_ws/src/install/motion_capture_tracking/share/motion_capture_tracking//launch
[6.784s] -- Up-to-date: /home/abd/exp_ws/src/install/motion_capture_tracking/share/motion_capture_tracking//launch/launch.py
[6.784s] -- Up-to-date: /home/abd/exp_ws/src/install/motion_capture_tracking/share/motion_capture_tracking//launch/node.launch
[6.785s] -- Up-to-date: /home/abd/exp_ws/src/install/motion_capture_tracking/share/motion_capture_tracking//config
[6.785s] -- Up-to-date: /home/abd/exp_ws/src/install/motion_capture_tracking/share/motion_capture_tracking//config/rviz.rviz
[6.785s] -- Up-to-date: /home/abd/exp_ws/src/install/motion_capture_tracking/share/motion_capture_tracking//config/cfg.yaml
[6.785s] -- Up-to-date: /home/abd/exp_ws/src/install/motion_capture_tracking/share/ament_index/resource_index/package_run_dependencies/motion_capture_tracking
[6.785s] -- Installing: /home/abd/exp_ws/src/install/motion_capture_tracking/share/ament_index/resource_index/parent_prefix_path/motion_capture_tracking
[6.785s] -- Up-to-date: /home/abd/exp_ws/src/install/motion_capture_tracking/share/motion_capture_tracking/environment/ament_prefix_path.sh
[6.785s] -- Installing: /home/abd/exp_ws/src/install/motion_capture_tracking/share/motion_capture_tracking/environment/ament_prefix_path.dsv
[6.786s] -- Up-to-date: /home/abd/exp_ws/src/install/motion_capture_tracking/share/motion_capture_tracking/environment/path.sh
[6.786s] -- Installing: /home/abd/exp_ws/src/install/motion_capture_tracking/share/motion_capture_tracking/environment/path.dsv
[6.786s] -- Up-to-date: /home/abd/exp_ws/src/install/motion_capture_tracking/share/motion_capture_tracking/local_setup.bash
[6.786s] -- Up-to-date: /home/abd/exp_ws/src/install/motion_capture_tracking/share/motion_capture_tracking/local_setup.sh
[6.786s] -- Up-to-date: /home/abd/exp_ws/src/install/motion_capture_tracking/share/motion_capture_tracking/local_setup.zsh
[6.787s] -- Installing: /home/abd/exp_ws/src/install/motion_capture_tracking/share/motion_capture_tracking/local_setup.dsv
[6.787s] -- Installing: /home/abd/exp_ws/src/install/motion_capture_tracking/share/motion_capture_tracking/package.dsv
[6.789s] -- Up-to-date: /home/abd/exp_ws/src/install/motion_capture_tracking/share/ament_index/resource_index/packages/motion_capture_tracking
[6.789s] -- Up-to-date: /home/abd/exp_ws/src/install/motion_capture_tracking/share/motion_capture_tracking/cmake/motion_capture_trackingConfig.cmake
[6.789s] -- Up-to-date: /home/abd/exp_ws/src/install/motion_capture_tracking/share/motion_capture_tracking/cmake/motion_capture_trackingConfig-version.cmake
[6.789s] -- Up-to-date: /home/abd/exp_ws/src/install/motion_capture_tracking/share/motion_capture_tracking/package.xml
[6.793s] Invoked command in '/home/abd/exp_ws/src/build/motion_capture_tracking' returned '0': CMAKE_PREFIX_PATH=/home/abd/exp_ws/src/install/motion_capture_tracking_interfaces:/home/abd/exp_ws/src/install/motion_capture_tracking:/home/abd/exp_ws/src/install/crazyflie:/home/abd/exp_ws/src/install/crazyflie_sim:/home/abd/exp_ws/src/install/crazyflie_examples:/home/abd/exp_ws/src/install/crazyflie_interfaces:/home/abd/exp_ws/install/motion_capture_tracking:/home/abd/exp_ws/install/crazyflie:/home/abd/exp_ws/install/motion_capture_tracking_interfaces:/home/abd/exp_ws/install/crazyflie_sim:/home/abd/exp_ws/install/crazyflie_examples:/home/abd/exp_ws/install/crazyflie_interfaces:/home/abd/exp_ws/src/install/new_description:/home/abd/exp_ws/src/install/crazyflie_py:/home/abd/exp_ws/src/install/NEW_description:/home/abd/exp_ws/install/crazyflie_py:/opt/ros/humble /usr/bin/cmake --install /home/abd/exp_ws/src/build/motion_capture_tracking
