[0.135s] Invoking command in '/home/abd/exp_ws/src/build/crazyflie_examples': AMENT_PREFIX_PATH=/home/abd/exp_ws/src/install/crazyflie_py:/home/abd/exp_ws/src/install/new_description:/home/abd/exp_ws/src/install/motion_capture_tracking:/home/abd/exp_ws/src/install/crazyflie:/home/abd/exp_ws/src/install/motion_capture_tracking_interfaces:/home/abd/exp_ws/src/install/crazyflie_sim:/home/abd/exp_ws/src/install/crazyflie_examples:/home/abd/exp_ws/src/install/crazyflie_interfaces:/home/abd/exp_ws/src/install/NEW_description:/home/abd/exp_ws/install/motion_capture_tracking:/home/abd/exp_ws/install/crazyflie:/home/abd/exp_ws/install/motion_capture_tracking_interfaces:/home/abd/exp_ws/install/crazyflie_sim:/home/abd/exp_ws/install/crazyflie_examples:/home/abd/exp_ws/install/crazyflie_py:/home/abd/exp_ws/install/crazyflie_interfaces:/opt/ros/humble CMAKE_PREFIX_PATH=/home/abd/exp_ws/src/install/crazyflie_interfaces:/home/abd/exp_ws/src/install/motion_capture_tracking:/home/abd/exp_ws/src/install/crazyflie:/home/abd/exp_ws/src/install/motion_capture_tracking_interfaces:/home/abd/exp_ws/src/install/crazyflie_sim:/home/abd/exp_ws/src/install/crazyflie_examples:/home/abd/exp_ws/install/motion_capture_tracking:/home/abd/exp_ws/install/crazyflie:/home/abd/exp_ws/install/motion_capture_tracking_interfaces:/home/abd/exp_ws/install/crazyflie_sim:/home/abd/exp_ws/install/crazyflie_examples:/home/abd/exp_ws/install/crazyflie_interfaces:/home/abd/exp_ws/src/install/new_description:/home/abd/exp_ws/src/install/crazyflie_py:/home/abd/exp_ws/src/install/NEW_description:/home/abd/exp_ws/install/crazyflie_py:/opt/ros/humble LD_LIBRARY_PATH=/home/abd/exp_ws/src/install/crazyflie_interfaces/lib:/home/abd/exp_ws/src/install/motion_capture_tracking_interfaces/lib:/home/abd/exp_ws/install/motion_capture_tracking_interfaces/lib:/home/abd/exp_ws/install/crazyflie_interfaces/lib:/usr/lib/x86_64-linux-gnu/gazebo-11/plugins:/opt/ros/humble/opt/rviz_ogre_vendor/lib:/opt/ros/humble/lib/x86_64-linux-gnu:/opt/ros/humble/lib PYTHONPATH=/home/abd/exp_ws/src/install/crazyflie_py/lib/python3.10/site-packages:/home/abd/exp_ws/src/install/new_description/lib/python3.10/site-packages:/home/abd/exp_ws/src/install/motion_capture_tracking_interfaces/local/lib/python3.10/dist-packages:/home/abd/exp_ws/src/install/crazyflie_sim/local/lib/python3.10/dist-packages:/home/abd/exp_ws/src/install/crazyflie_examples/local/lib/python3.10/dist-packages:/home/abd/exp_ws/src/install/crazyflie_interfaces/local/lib/python3.10/dist-packages:/home/abd/exp_ws/src/install/NEW_description/lib/python3.10/site-packages:/home/abd/exp_ws/install/motion_capture_tracking_interfaces/local/lib/python3.10/dist-packages:/home/abd/exp_ws/install/crazyflie_sim/local/lib/python3.10/dist-packages:/home/abd/exp_ws/install/crazyflie_examples/local/lib/python3.10/dist-packages:/home/abd/exp_ws/install/crazyflie_py/lib/python3.10/site-packages:/home/abd/exp_ws/install/crazyflie_interfaces/local/lib/python3.10/dist-packages:/opt/ros/humble/lib/python3.10/site-packages:/opt/ros/humble/local/lib/python3.10/dist-packages /usr/bin/cmake --build /home/abd/exp_ws/src/build/crazyflie_examples -- -j12 -l12
[0.167s] -- Found ament_cmake: 1.3.5 (/opt/ros/humble/share/ament_cmake/cmake)
[0.486s] -- Found ament_cmake_pytest: 1.3.5 (/opt/ros/humble/share/ament_cmake_pytest/cmake)
[1.791s] -- Configuring done
[1.810s] -- Generating done
[1.813s] -- Build files have been written to: /home/abd/exp_ws/src/build/crazyflie_examples
[1.878s] Built target ament_cmake_python_copy_crazyflie_examples_setup
[1.879s] Built target ament_cmake_python_copy_crazyflie_examples
[2.321s] running install_scripts
[2.332s] running egg_info
[2.333s] writing crazyflie_examples.egg-info/PKG-INFO
[2.337s] writing dependency_links to crazyflie_examples.egg-info/dependency_links.txt
[2.337s] writing entry points to crazyflie_examples.egg-info/entry_points.txt
[2.337s] writing top-level names to crazyflie_examples.egg-info/top_level.txt
[2.338s] reading manifest file 'crazyflie_examples.egg-info/SOURCES.txt'
[2.339s] writing manifest file 'crazyflie_examples.egg-info/SOURCES.txt'
[2.356s] running egg_info
[2.357s] writing crazyflie_examples.egg-info/PKG-INFO
[2.357s] writing dependency_links to crazyflie_examples.egg-info/dependency_links.txt
[2.357s] writing entry points to crazyflie_examples.egg-info/entry_points.txt
[2.358s] writing top-level names to crazyflie_examples.egg-info/top_level.txt
[2.361s] reading manifest file 'crazyflie_examples.egg-info/SOURCES.txt'
[2.362s] writing manifest file 'crazyflie_examples.egg-info/SOURCES.txt'
[2.367s] Installing cmd_full_state script to scripts
[2.367s] Installing figure8 script to scripts
[2.367s] Installing hello_world script to scripts
[2.367s] Installing multi_trajectory script to scripts
[2.367s] Installing nice_hover script to scripts
[2.367s] Installing set_param script to scripts
[2.384s] Built target ament_cmake_python_build_crazyflie_examples_egg
[2.417s] Built target ament_cmake_python_build_crazyflie_examples_scripts
[2.435s] Invoked command in '/home/abd/exp_ws/src/build/crazyflie_examples' returned '0': AMENT_PREFIX_PATH=/home/abd/exp_ws/src/install/crazyflie_py:/home/abd/exp_ws/src/install/new_description:/home/abd/exp_ws/src/install/motion_capture_tracking:/home/abd/exp_ws/src/install/crazyflie:/home/abd/exp_ws/src/install/motion_capture_tracking_interfaces:/home/abd/exp_ws/src/install/crazyflie_sim:/home/abd/exp_ws/src/install/crazyflie_examples:/home/abd/exp_ws/src/install/crazyflie_interfaces:/home/abd/exp_ws/src/install/NEW_description:/home/abd/exp_ws/install/motion_capture_tracking:/home/abd/exp_ws/install/crazyflie:/home/abd/exp_ws/install/motion_capture_tracking_interfaces:/home/abd/exp_ws/install/crazyflie_sim:/home/abd/exp_ws/install/crazyflie_examples:/home/abd/exp_ws/install/crazyflie_py:/home/abd/exp_ws/install/crazyflie_interfaces:/opt/ros/humble CMAKE_PREFIX_PATH=/home/abd/exp_ws/src/install/crazyflie_interfaces:/home/abd/exp_ws/src/install/motion_capture_tracking:/home/abd/exp_ws/src/install/crazyflie:/home/abd/exp_ws/src/install/motion_capture_tracking_interfaces:/home/abd/exp_ws/src/install/crazyflie_sim:/home/abd/exp_ws/src/install/crazyflie_examples:/home/abd/exp_ws/install/motion_capture_tracking:/home/abd/exp_ws/install/crazyflie:/home/abd/exp_ws/install/motion_capture_tracking_interfaces:/home/abd/exp_ws/install/crazyflie_sim:/home/abd/exp_ws/install/crazyflie_examples:/home/abd/exp_ws/install/crazyflie_interfaces:/home/abd/exp_ws/src/install/new_description:/home/abd/exp_ws/src/install/crazyflie_py:/home/abd/exp_ws/src/install/NEW_description:/home/abd/exp_ws/install/crazyflie_py:/opt/ros/humble LD_LIBRARY_PATH=/home/abd/exp_ws/src/install/crazyflie_interfaces/lib:/home/abd/exp_ws/src/install/motion_capture_tracking_interfaces/lib:/home/abd/exp_ws/install/motion_capture_tracking_interfaces/lib:/home/abd/exp_ws/install/crazyflie_interfaces/lib:/usr/lib/x86_64-linux-gnu/gazebo-11/plugins:/opt/ros/humble/opt/rviz_ogre_vendor/lib:/opt/ros/humble/lib/x86_64-linux-gnu:/opt/ros/humble/lib PYTHONPATH=/home/abd/exp_ws/src/install/crazyflie_py/lib/python3.10/site-packages:/home/abd/exp_ws/src/install/new_description/lib/python3.10/site-packages:/home/abd/exp_ws/src/install/motion_capture_tracking_interfaces/local/lib/python3.10/dist-packages:/home/abd/exp_ws/src/install/crazyflie_sim/local/lib/python3.10/dist-packages:/home/abd/exp_ws/src/install/crazyflie_examples/local/lib/python3.10/dist-packages:/home/abd/exp_ws/src/install/crazyflie_interfaces/local/lib/python3.10/dist-packages:/home/abd/exp_ws/src/install/NEW_description/lib/python3.10/site-packages:/home/abd/exp_ws/install/motion_capture_tracking_interfaces/local/lib/python3.10/dist-packages:/home/abd/exp_ws/install/crazyflie_sim/local/lib/python3.10/dist-packages:/home/abd/exp_ws/install/crazyflie_examples/local/lib/python3.10/dist-packages:/home/abd/exp_ws/install/crazyflie_py/lib/python3.10/site-packages:/home/abd/exp_ws/install/crazyflie_interfaces/local/lib/python3.10/dist-packages:/opt/ros/humble/lib/python3.10/site-packages:/opt/ros/humble/local/lib/python3.10/dist-packages /usr/bin/cmake --build /home/abd/exp_ws/src/build/crazyflie_examples -- -j12 -l12
[2.484s] Invoking command in '/home/abd/exp_ws/src/build/crazyflie_examples': AMENT_PREFIX_PATH=/home/abd/exp_ws/src/install/crazyflie_py:/home/abd/exp_ws/src/install/new_description:/home/abd/exp_ws/src/install/motion_capture_tracking:/home/abd/exp_ws/src/install/crazyflie:/home/abd/exp_ws/src/install/motion_capture_tracking_interfaces:/home/abd/exp_ws/src/install/crazyflie_sim:/home/abd/exp_ws/src/install/crazyflie_examples:/home/abd/exp_ws/src/install/crazyflie_interfaces:/home/abd/exp_ws/src/install/NEW_description:/home/abd/exp_ws/install/motion_capture_tracking:/home/abd/exp_ws/install/crazyflie:/home/abd/exp_ws/install/motion_capture_tracking_interfaces:/home/abd/exp_ws/install/crazyflie_sim:/home/abd/exp_ws/install/crazyflie_examples:/home/abd/exp_ws/install/crazyflie_py:/home/abd/exp_ws/install/crazyflie_interfaces:/opt/ros/humble CMAKE_PREFIX_PATH=/home/abd/exp_ws/src/install/crazyflie_interfaces:/home/abd/exp_ws/src/install/motion_capture_tracking:/home/abd/exp_ws/src/install/crazyflie:/home/abd/exp_ws/src/install/motion_capture_tracking_interfaces:/home/abd/exp_ws/src/install/crazyflie_sim:/home/abd/exp_ws/src/install/crazyflie_examples:/home/abd/exp_ws/install/motion_capture_tracking:/home/abd/exp_ws/install/crazyflie:/home/abd/exp_ws/install/motion_capture_tracking_interfaces:/home/abd/exp_ws/install/crazyflie_sim:/home/abd/exp_ws/install/crazyflie_examples:/home/abd/exp_ws/install/crazyflie_interfaces:/home/abd/exp_ws/src/install/new_description:/home/abd/exp_ws/src/install/crazyflie_py:/home/abd/exp_ws/src/install/NEW_description:/home/abd/exp_ws/install/crazyflie_py:/opt/ros/humble LD_LIBRARY_PATH=/home/abd/exp_ws/src/install/crazyflie_interfaces/lib:/home/abd/exp_ws/src/install/motion_capture_tracking_interfaces/lib:/home/abd/exp_ws/install/motion_capture_tracking_interfaces/lib:/home/abd/exp_ws/install/crazyflie_interfaces/lib:/usr/lib/x86_64-linux-gnu/gazebo-11/plugins:/opt/ros/humble/opt/rviz_ogre_vendor/lib:/opt/ros/humble/lib/x86_64-linux-gnu:/opt/ros/humble/lib PYTHONPATH=/home/abd/exp_ws/src/install/crazyflie_py/lib/python3.10/site-packages:/home/abd/exp_ws/src/install/new_description/lib/python3.10/site-packages:/home/abd/exp_ws/src/install/motion_capture_tracking_interfaces/local/lib/python3.10/dist-packages:/home/abd/exp_ws/src/install/crazyflie_sim/local/lib/python3.10/dist-packages:/home/abd/exp_ws/src/install/crazyflie_examples/local/lib/python3.10/dist-packages:/home/abd/exp_ws/src/install/crazyflie_interfaces/local/lib/python3.10/dist-packages:/home/abd/exp_ws/src/install/NEW_description/lib/python3.10/site-packages:/home/abd/exp_ws/install/motion_capture_tracking_interfaces/local/lib/python3.10/dist-packages:/home/abd/exp_ws/install/crazyflie_sim/local/lib/python3.10/dist-packages:/home/abd/exp_ws/install/crazyflie_examples/local/lib/python3.10/dist-packages:/home/abd/exp_ws/install/crazyflie_py/lib/python3.10/site-packages:/home/abd/exp_ws/install/crazyflie_interfaces/local/lib/python3.10/dist-packages:/opt/ros/humble/lib/python3.10/site-packages:/opt/ros/humble/local/lib/python3.10/dist-packages /usr/bin/cmake --install /home/abd/exp_ws/src/build/crazyflie_examples
[2.495s] -- Install configuration: ""
[2.495s] -- Up-to-date: /home/abd/exp_ws/src/install/crazyflie_examples/share/crazyflie_examples/environment/pythonpath.sh
[2.496s] -- Installing: /home/abd/exp_ws/src/install/crazyflie_examples/share/crazyflie_examples/environment/pythonpath.dsv
[2.496s] -- Up-to-date: /home/abd/exp_ws/src/install/crazyflie_examples/local/lib/python3.10/dist-packages/crazyflie_examples-2.0.0-py3.10.egg-info
[2.496s] -- Installing: /home/abd/exp_ws/src/install/crazyflie_examples/local/lib/python3.10/dist-packages/crazyflie_examples-2.0.0-py3.10.egg-info/entry_points.txt
[2.496s] -- Installing: /home/abd/exp_ws/src/install/crazyflie_examples/local/lib/python3.10/dist-packages/crazyflie_examples-2.0.0-py3.10.egg-info/SOURCES.txt
[2.496s] -- Installing: /home/abd/exp_ws/src/install/crazyflie_examples/local/lib/python3.10/dist-packages/crazyflie_examples-2.0.0-py3.10.egg-info/dependency_links.txt
[2.497s] -- Installing: /home/abd/exp_ws/src/install/crazyflie_examples/local/lib/python3.10/dist-packages/crazyflie_examples-2.0.0-py3.10.egg-info/PKG-INFO
[2.497s] -- Installing: /home/abd/exp_ws/src/install/crazyflie_examples/local/lib/python3.10/dist-packages/crazyflie_examples-2.0.0-py3.10.egg-info/top_level.txt
[2.497s] -- Up-to-date: /home/abd/exp_ws/src/install/crazyflie_examples/lib/crazyflie_examples/
[2.497s] -- Installing: /home/abd/exp_ws/src/install/crazyflie_examples/lib/crazyflie_examples//multi_trajectory
[2.497s] -- Installing: /home/abd/exp_ws/src/install/crazyflie_examples/lib/crazyflie_examples//set_param
[2.498s] -- Installing: /home/abd/exp_ws/src/install/crazyflie_examples/lib/crazyflie_examples//figure8
[2.498s] -- Installing: /home/abd/exp_ws/src/install/crazyflie_examples/lib/crazyflie_examples//nice_hover
[2.498s] -- Installing: /home/abd/exp_ws/src/install/crazyflie_examples/lib/crazyflie_examples//cmd_full_state
[2.498s] -- Installing: /home/abd/exp_ws/src/install/crazyflie_examples/lib/crazyflie_examples//hello_world
[2.498s] -- Up-to-date: /home/abd/exp_ws/src/install/crazyflie_examples/local/lib/python3.10/dist-packages/crazyflie_examples
[2.499s] -- Up-to-date: /home/abd/exp_ws/src/install/crazyflie_examples/local/lib/python3.10/dist-packages/crazyflie_examples/hello_world.py
[2.499s] -- Up-to-date: /home/abd/exp_ws/src/install/crazyflie_examples/local/lib/python3.10/dist-packages/crazyflie_examples/__init__.py
[2.499s] -- Up-to-date: /home/abd/exp_ws/src/install/crazyflie_examples/local/lib/python3.10/dist-packages/crazyflie_examples/figure8.py
[2.499s] -- Up-to-date: /home/abd/exp_ws/src/install/crazyflie_examples/local/lib/python3.10/dist-packages/crazyflie_examples/set_param.py
[2.499s] -- Up-to-date: /home/abd/exp_ws/src/install/crazyflie_examples/local/lib/python3.10/dist-packages/crazyflie_examples/cmd_full_state.py
[2.499s] -- Up-to-date: /home/abd/exp_ws/src/install/crazyflie_examples/local/lib/python3.10/dist-packages/crazyflie_examples/nice_hover.py
[2.499s] -- Up-to-date: /home/abd/exp_ws/src/install/crazyflie_examples/local/lib/python3.10/dist-packages/crazyflie_examples/multi_trajectory.py
[2.500s] -- Up-to-date: /home/abd/exp_ws/src/install/crazyflie_examples/local/lib/python3.10/dist-packages/crazyflie_examples/data
[2.500s] -- Up-to-date: /home/abd/exp_ws/src/install/crazyflie_examples/local/lib/python3.10/dist-packages/crazyflie_examples/data/multi_trajectory
[2.500s] -- Up-to-date: /home/abd/exp_ws/src/install/crazyflie_examples/local/lib/python3.10/dist-packages/crazyflie_examples/data/multi_trajectory/traj0.csv
[2.500s] -- Up-to-date: /home/abd/exp_ws/src/install/crazyflie_examples/local/lib/python3.10/dist-packages/crazyflie_examples/data/multi_trajectory/traj1.csv
[2.500s] -- Up-to-date: /home/abd/exp_ws/src/install/crazyflie_examples/local/lib/python3.10/dist-packages/crazyflie_examples/data/figure8.csv
[2.554s] Listing '/home/abd/exp_ws/src/install/crazyflie_examples/local/lib/python3.10/dist-packages/crazyflie_examples'...
[2.554s] Listing '/home/abd/exp_ws/src/install/crazyflie_examples/local/lib/python3.10/dist-packages/crazyflie_examples/data'...
[2.554s] Listing '/home/abd/exp_ws/src/install/crazyflie_examples/local/lib/python3.10/dist-packages/crazyflie_examples/data/multi_trajectory'...
[2.559s] -- Up-to-date: /home/abd/exp_ws/src/install/crazyflie_examples/share/crazyflie_examples//config
[2.559s] -- Up-to-date: /home/abd/exp_ws/src/install/crazyflie_examples/share/crazyflie_examples//config/nav2_view.rviz
[2.560s] -- Up-to-date: /home/abd/exp_ws/src/install/crazyflie_examples/share/crazyflie_examples//config/nav2_params.yaml
[2.560s] -- Up-to-date: /home/abd/exp_ws/src/install/crazyflie_examples/share/crazyflie_examples//data
[2.560s] -- Up-to-date: /home/abd/exp_ws/src/install/crazyflie_examples/share/crazyflie_examples//data/map.pgm
[2.560s] -- Up-to-date: /home/abd/exp_ws/src/install/crazyflie_examples/share/crazyflie_examples//data/map.data
[2.560s] -- Up-to-date: /home/abd/exp_ws/src/install/crazyflie_examples/share/crazyflie_examples//data/map.posegraph
[2.560s] -- Up-to-date: /home/abd/exp_ws/src/install/crazyflie_examples/share/crazyflie_examples//data/map.yaml
[2.560s] -- Up-to-date: /home/abd/exp_ws/src/install/crazyflie_examples/share/crazyflie_examples//launch
[2.561s] -- Up-to-date: /home/abd/exp_ws/src/install/crazyflie_examples/share/crazyflie_examples//launch/begin_op_launch.py
[2.561s] -- Up-to-date: /home/abd/exp_ws/src/install/crazyflie_examples/share/crazyflie_examples//launch/multiranger_nav2_launch.py
[2.561s] -- Up-to-date: /home/abd/exp_ws/src/install/crazyflie_examples/share/crazyflie_examples//launch/vel_controller_test.launch.py
[2.561s] -- Up-to-date: /home/abd/exp_ws/src/install/crazyflie_examples/share/crazyflie_examples//launch/test_launch.py
[2.561s] -- Up-to-date: /home/abd/exp_ws/src/install/crazyflie_examples/share/crazyflie_examples//launch/keyboard_velmux_launch.py
[2.561s] -- Up-to-date: /home/abd/exp_ws/src/install/crazyflie_examples/share/crazyflie_examples//launch/multiranger_simple_mapper_launch.py
[2.561s] -- Up-to-date: /home/abd/exp_ws/src/install/crazyflie_examples/share/crazyflie_examples//launch/closed_loop_object_transport_launch.py
[2.561s] -- Up-to-date: /home/abd/exp_ws/src/install/crazyflie_examples/share/crazyflie_examples//launch/pos_controller_test_launch.py
[2.562s] -- Up-to-date: /home/abd/exp_ws/src/install/crazyflie_examples/share/crazyflie_examples//launch/leader_follower_launch.py
[2.562s] -- Up-to-date: /home/abd/exp_ws/src/install/crazyflie_examples/share/crazyflie_examples//launch/multiranger_mapping_launch.py
[2.562s] -- Up-to-date: /home/abd/exp_ws/src/install/crazyflie_examples/share/ament_index/resource_index/package_run_dependencies/crazyflie_examples
[2.562s] -- Installing: /home/abd/exp_ws/src/install/crazyflie_examples/share/ament_index/resource_index/parent_prefix_path/crazyflie_examples
[2.562s] -- Up-to-date: /home/abd/exp_ws/src/install/crazyflie_examples/share/crazyflie_examples/environment/ament_prefix_path.sh
[2.562s] -- Installing: /home/abd/exp_ws/src/install/crazyflie_examples/share/crazyflie_examples/environment/ament_prefix_path.dsv
[2.562s] -- Up-to-date: /home/abd/exp_ws/src/install/crazyflie_examples/share/crazyflie_examples/environment/path.sh
[2.562s] -- Installing: /home/abd/exp_ws/src/install/crazyflie_examples/share/crazyflie_examples/environment/path.dsv
[2.562s] -- Up-to-date: /home/abd/exp_ws/src/install/crazyflie_examples/share/crazyflie_examples/local_setup.bash
[2.563s] -- Up-to-date: /home/abd/exp_ws/src/install/crazyflie_examples/share/crazyflie_examples/local_setup.sh
[2.563s] -- Up-to-date: /home/abd/exp_ws/src/install/crazyflie_examples/share/crazyflie_examples/local_setup.zsh
[2.563s] -- Installing: /home/abd/exp_ws/src/install/crazyflie_examples/share/crazyflie_examples/local_setup.dsv
[2.563s] -- Installing: /home/abd/exp_ws/src/install/crazyflie_examples/share/crazyflie_examples/package.dsv
[2.563s] -- Up-to-date: /home/abd/exp_ws/src/install/crazyflie_examples/share/ament_index/resource_index/packages/crazyflie_examples
[2.563s] -- Up-to-date: /home/abd/exp_ws/src/install/crazyflie_examples/share/crazyflie_examples/cmake/crazyflie_examplesConfig.cmake
[2.563s] -- Up-to-date: /home/abd/exp_ws/src/install/crazyflie_examples/share/crazyflie_examples/cmake/crazyflie_examplesConfig-version.cmake
[2.564s] -- Up-to-date: /home/abd/exp_ws/src/install/crazyflie_examples/share/crazyflie_examples/package.xml
[2.566s] Invoked command in '/home/abd/exp_ws/src/build/crazyflie_examples' returned '0': AMENT_PREFIX_PATH=/home/abd/exp_ws/src/install/crazyflie_py:/home/abd/exp_ws/src/install/new_description:/home/abd/exp_ws/src/install/motion_capture_tracking:/home/abd/exp_ws/src/install/crazyflie:/home/abd/exp_ws/src/install/motion_capture_tracking_interfaces:/home/abd/exp_ws/src/install/crazyflie_sim:/home/abd/exp_ws/src/install/crazyflie_examples:/home/abd/exp_ws/src/install/crazyflie_interfaces:/home/abd/exp_ws/src/install/NEW_description:/home/abd/exp_ws/install/motion_capture_tracking:/home/abd/exp_ws/install/crazyflie:/home/abd/exp_ws/install/motion_capture_tracking_interfaces:/home/abd/exp_ws/install/crazyflie_sim:/home/abd/exp_ws/install/crazyflie_examples:/home/abd/exp_ws/install/crazyflie_py:/home/abd/exp_ws/install/crazyflie_interfaces:/opt/ros/humble CMAKE_PREFIX_PATH=/home/abd/exp_ws/src/install/crazyflie_interfaces:/home/abd/exp_ws/src/install/motion_capture_tracking:/home/abd/exp_ws/src/install/crazyflie:/home/abd/exp_ws/src/install/motion_capture_tracking_interfaces:/home/abd/exp_ws/src/install/crazyflie_sim:/home/abd/exp_ws/src/install/crazyflie_examples:/home/abd/exp_ws/install/motion_capture_tracking:/home/abd/exp_ws/install/crazyflie:/home/abd/exp_ws/install/motion_capture_tracking_interfaces:/home/abd/exp_ws/install/crazyflie_sim:/home/abd/exp_ws/install/crazyflie_examples:/home/abd/exp_ws/install/crazyflie_interfaces:/home/abd/exp_ws/src/install/new_description:/home/abd/exp_ws/src/install/crazyflie_py:/home/abd/exp_ws/src/install/NEW_description:/home/abd/exp_ws/install/crazyflie_py:/opt/ros/humble LD_LIBRARY_PATH=/home/abd/exp_ws/src/install/crazyflie_interfaces/lib:/home/abd/exp_ws/src/install/motion_capture_tracking_interfaces/lib:/home/abd/exp_ws/install/motion_capture_tracking_interfaces/lib:/home/abd/exp_ws/install/crazyflie_interfaces/lib:/usr/lib/x86_64-linux-gnu/gazebo-11/plugins:/opt/ros/humble/opt/rviz_ogre_vendor/lib:/opt/ros/humble/lib/x86_64-linux-gnu:/opt/ros/humble/lib PYTHONPATH=/home/abd/exp_ws/src/install/crazyflie_py/lib/python3.10/site-packages:/home/abd/exp_ws/src/install/new_description/lib/python3.10/site-packages:/home/abd/exp_ws/src/install/motion_capture_tracking_interfaces/local/lib/python3.10/dist-packages:/home/abd/exp_ws/src/install/crazyflie_sim/local/lib/python3.10/dist-packages:/home/abd/exp_ws/src/install/crazyflie_examples/local/lib/python3.10/dist-packages:/home/abd/exp_ws/src/install/crazyflie_interfaces/local/lib/python3.10/dist-packages:/home/abd/exp_ws/src/install/NEW_description/lib/python3.10/site-packages:/home/abd/exp_ws/install/motion_capture_tracking_interfaces/local/lib/python3.10/dist-packages:/home/abd/exp_ws/install/crazyflie_sim/local/lib/python3.10/dist-packages:/home/abd/exp_ws/install/crazyflie_examples/local/lib/python3.10/dist-packages:/home/abd/exp_ws/install/crazyflie_py/lib/python3.10/site-packages:/home/abd/exp_ws/install/crazyflie_interfaces/local/lib/python3.10/dist-packages:/opt/ros/humble/lib/python3.10/site-packages:/opt/ros/humble/local/lib/python3.10/dist-packages /usr/bin/cmake --install /home/abd/exp_ws/src/build/crazyflie_examples
