running egg_info
writing ../../build/new_description/new_description.egg-info/PKG-INFO
writing dependency_links to ../../build/new_description/new_description.egg-info/dependency_links.txt
writing entry points to ../../build/new_description/new_description.egg-info/entry_points.txt
writing requirements to ../../build/new_description/new_description.egg-info/requires.txt
writing top-level names to ../../build/new_description/new_description.egg-info/top_level.txt
reading manifest file '../../build/new_description/new_description.egg-info/SOURCES.txt'
writing manifest file '../../build/new_description/new_description.egg-info/SOURCES.txt'
running build
running build_py
running install
running install_lib
running install_data
copying resource/new_description -> /home/abd/exp_ws/src/install/new_description/share/ament_index/resource_index/packages
copying package.xml -> /home/abd/exp_ws/src/install/new_description/share/new_description
creating /home/abd/exp_ws/src/install/new_description/share/new_description/launch
copying launch/display.launch.py -> /home/abd/exp_ws/src/install/new_description/share/new_description/launch
copying launch/gazebo.launch.py -> /home/abd/exp_ws/src/install/new_description/share/new_description/launch
creating /home/abd/exp_ws/src/install/new_description/share/new_description/urdf
copying urdf/NEW.trans -> /home/abd/exp_ws/src/install/new_description/share/new_description/urdf
copying urdf/materials.xacro -> /home/abd/exp_ws/src/install/new_description/share/new_description/urdf
copying urdf/NEW.xacro -> /home/abd/exp_ws/src/install/new_description/share/new_description/urdf
copying urdf/NEW.gazebo -> /home/abd/exp_ws/src/install/new_description/share/new_description/urdf
creating /home/abd/exp_ws/src/install/new_description/share/new_description/meshes
copying meshes/right_front_wheel__1.stl -> /home/abd/exp_ws/src/install/new_description/share/new_description/meshes
copying meshes/base_link.stl -> /home/abd/exp_ws/src/install/new_description/share/new_description/meshes
copying meshes/rfid_holder_1.stl -> /home/abd/exp_ws/src/install/new_description/share/new_description/meshes
copying meshes/left_front_wheel_1.stl -> /home/abd/exp_ws/src/install/new_description/share/new_description/meshes
copying meshes/left_back_wheel__1.stl -> /home/abd/exp_ws/src/install/new_description/share/new_description/meshes
copying meshes/right_back_wheel_1.stl -> /home/abd/exp_ws/src/install/new_description/share/new_description/meshes
creating /home/abd/exp_ws/src/install/new_description/share/new_description/config
copying config/display.rviz -> /home/abd/exp_ws/src/install/new_description/share/new_description/config
running install_egg_info
Copying ../../build/new_description/new_description.egg-info to /home/abd/exp_ws/src/install/new_description/lib/python3.10/site-packages/new_description-0.0.0-py3.10.egg-info
running install_scripts
writing list of installed files to '/home/abd/exp_ws/src/build/new_description/install.log'
