[1.225s] Invoking command in '/home/abd/exp_ws/src/crazyswarm2/UGV': PYTHONPATH=/home/abd/exp_ws/src/build/new_description/prefix_override:/home/abd/exp_ws/src/install/new_description/lib/python3.10/site-packages:${PYTHONPATH} /usr/bin/python3 setup.py egg_info --egg-base ../../build/new_description build --build-base /home/abd/exp_ws/src/build/new_description/build install --record /home/abd/exp_ws/src/build/new_description/install.log --single-version-externally-managed
[1.524s] running egg_info
[1.524s] writing ../../build/new_description/new_description.egg-info/PKG-INFO
[1.524s] writing dependency_links to ../../build/new_description/new_description.egg-info/dependency_links.txt
[1.524s] writing entry points to ../../build/new_description/new_description.egg-info/entry_points.txt
[1.525s] writing requirements to ../../build/new_description/new_description.egg-info/requires.txt
[1.525s] writing top-level names to ../../build/new_description/new_description.egg-info/top_level.txt
[1.527s] reading manifest file '../../build/new_description/new_description.egg-info/SOURCES.txt'
[1.528s] writing manifest file '../../build/new_description/new_description.egg-info/SOURCES.txt'
[1.528s] running build
[1.528s] running build_py
[1.528s] running install
[1.528s] running install_lib
[1.530s] running install_data
[1.530s] copying resource/new_description -> /home/abd/exp_ws/src/install/new_description/share/ament_index/resource_index/packages
[1.530s] copying package.xml -> /home/abd/exp_ws/src/install/new_description/share/new_description
[1.530s] creating /home/abd/exp_ws/src/install/new_description/share/new_description/launch
[1.530s] copying launch/display.launch.py -> /home/abd/exp_ws/src/install/new_description/share/new_description/launch
[1.530s] copying launch/gazebo.launch.py -> /home/abd/exp_ws/src/install/new_description/share/new_description/launch
[1.531s] creating /home/abd/exp_ws/src/install/new_description/share/new_description/urdf
[1.531s] copying urdf/NEW.trans -> /home/abd/exp_ws/src/install/new_description/share/new_description/urdf
[1.531s] copying urdf/materials.xacro -> /home/abd/exp_ws/src/install/new_description/share/new_description/urdf
[1.531s] copying urdf/NEW.xacro -> /home/abd/exp_ws/src/install/new_description/share/new_description/urdf
[1.531s] copying urdf/NEW.gazebo -> /home/abd/exp_ws/src/install/new_description/share/new_description/urdf
[1.531s] creating /home/abd/exp_ws/src/install/new_description/share/new_description/meshes
[1.531s] copying meshes/right_front_wheel__1.stl -> /home/abd/exp_ws/src/install/new_description/share/new_description/meshes
[1.531s] copying meshes/base_link.stl -> /home/abd/exp_ws/src/install/new_description/share/new_description/meshes
[1.532s] copying meshes/rfid_holder_1.stl -> /home/abd/exp_ws/src/install/new_description/share/new_description/meshes
[1.532s] copying meshes/left_front_wheel_1.stl -> /home/abd/exp_ws/src/install/new_description/share/new_description/meshes
[1.532s] copying meshes/left_back_wheel__1.stl -> /home/abd/exp_ws/src/install/new_description/share/new_description/meshes
[1.532s] copying meshes/right_back_wheel_1.stl -> /home/abd/exp_ws/src/install/new_description/share/new_description/meshes
[1.532s] creating /home/abd/exp_ws/src/install/new_description/share/new_description/config
[1.532s] copying config/display.rviz -> /home/abd/exp_ws/src/install/new_description/share/new_description/config
[1.532s] running install_egg_info
[1.534s] Copying ../../build/new_description/new_description.egg-info to /home/abd/exp_ws/src/install/new_description/lib/python3.10/site-packages/new_description-0.0.0-py3.10.egg-info
[1.535s] running install_scripts
[1.555s] writing list of installed files to '/home/abd/exp_ws/src/build/new_description/install.log'
[1.614s] Invoked command in '/home/abd/exp_ws/src/crazyswarm2/UGV' returned '0': PYTHONPATH=/home/abd/exp_ws/src/build/new_description/prefix_override:/home/abd/exp_ws/src/install/new_description/lib/python3.10/site-packages:${PYTHONPATH} /usr/bin/python3 setup.py egg_info --egg-base ../../build/new_description build --build-base /home/abd/exp_ws/src/build/new_description/build install --record /home/abd/exp_ws/src/build/new_description/install.log --single-version-externally-managed
