[0.103s] Invoking command in '/home/abd/exp_ws/src/build/motion_capture_tracking': AMENT_PREFIX_PATH=/home/abd/exp_ws/src/install/motion_capture_tracking_interfaces:${AMENT_PREFIX_PATH} CMAKE_PREFIX_PATH=/home/abd/exp_ws/src/install/motion_capture_tracking_interfaces:/opt/ros/humble LD_LIBRARY_PATH=/home/abd/exp_ws/src/install/motion_capture_tracking_interfaces/lib:${LD_LIBRARY_PATH} PYTHONPATH=/home/abd/exp_ws/src/install/motion_capture_tracking_interfaces/local/lib/python3.10/dist-packages:${PYTHONPATH} /usr/bin/cmake --build /home/abd/exp_ws/src/build/motion_capture_tracking -- -j12 -l12
[0.192s] [35m[1mConsolidate compiler generated dependencies of target qualisys_cpp_sdk[0m
[0.208s] [35m[1mConsolidate compiler generated dependencies of target librigidbodytracker[0m
[0.211s] [  8%] Built target quat
[0.218s] [ 16%] Built target qualisys_cpp_sdk
[0.222s] [35m[1mConsolidate compiler generated dependencies of target ViconDataStreamSDK_CPP[0m
[0.238s] [35m[1mConsolidate compiler generated dependencies of target vrpn[0m
[0.267s] [ 19%] Built target librigidbodytracker
[0.287s] [ 66%] Built target vrpn
[0.344s] [ 83%] Built target ViconDataStreamSDK_CPP
[0.390s] [35m[1mConsolidate compiler generated dependencies of target libmotioncapture[0m
[0.463s] [ 96%] Built target libmotioncapture
[0.489s] [35m[1mConsolidate compiler generated dependencies of target motion_capture_tracking_node[0m
[0.539s] [100%] Built target motion_capture_tracking_node
[0.560s] Invoked command in '/home/abd/exp_ws/src/build/motion_capture_tracking' returned '0': AMENT_PREFIX_PATH=/home/abd/exp_ws/src/install/motion_capture_tracking_interfaces:${AMENT_PREFIX_PATH} CMAKE_PREFIX_PATH=/home/abd/exp_ws/src/install/motion_capture_tracking_interfaces:/opt/ros/humble LD_LIBRARY_PATH=/home/abd/exp_ws/src/install/motion_capture_tracking_interfaces/lib:${LD_LIBRARY_PATH} PYTHONPATH=/home/abd/exp_ws/src/install/motion_capture_tracking_interfaces/local/lib/python3.10/dist-packages:${PYTHONPATH} /usr/bin/cmake --build /home/abd/exp_ws/src/build/motion_capture_tracking -- -j12 -l12
[0.681s] Invoking command in '/home/abd/exp_ws/src/build/motion_capture_tracking': AMENT_PREFIX_PATH=/home/abd/exp_ws/src/install/motion_capture_tracking_interfaces:${AMENT_PREFIX_PATH} CMAKE_PREFIX_PATH=/home/abd/exp_ws/src/install/motion_capture_tracking_interfaces:/opt/ros/humble LD_LIBRARY_PATH=/home/abd/exp_ws/src/install/motion_capture_tracking_interfaces/lib:${LD_LIBRARY_PATH} PYTHONPATH=/home/abd/exp_ws/src/install/motion_capture_tracking_interfaces/local/lib/python3.10/dist-packages:${PYTHONPATH} /usr/bin/cmake --install /home/abd/exp_ws/src/build/motion_capture_tracking
[0.699s] -- Install configuration: ""
[0.700s] -- Up-to-date: /home/abd/exp_ws/src/install/motion_capture_tracking/lib/motion_capture_tracking/motion_capture_tracking_node
[0.701s] -- Up-to-date: /home/abd/exp_ws/src/install/motion_capture_tracking/share/motion_capture_tracking//launch
[0.701s] -- Up-to-date: /home/abd/exp_ws/src/install/motion_capture_tracking/share/motion_capture_tracking//launch/launch.py
[0.701s] -- Up-to-date: /home/abd/exp_ws/src/install/motion_capture_tracking/share/motion_capture_tracking//launch/node.launch
[0.701s] -- Up-to-date: /home/abd/exp_ws/src/install/motion_capture_tracking/share/motion_capture_tracking//config
[0.701s] -- Up-to-date: /home/abd/exp_ws/src/install/motion_capture_tracking/share/motion_capture_tracking//config/rviz.rviz
[0.701s] -- Up-to-date: /home/abd/exp_ws/src/install/motion_capture_tracking/share/motion_capture_tracking//config/cfg.yaml
[0.702s] -- Up-to-date: /home/abd/exp_ws/src/install/motion_capture_tracking/share/ament_index/resource_index/package_run_dependencies/motion_capture_tracking
[0.702s] -- Up-to-date: /home/abd/exp_ws/src/install/motion_capture_tracking/share/ament_index/resource_index/parent_prefix_path/motion_capture_tracking
[0.702s] -- Up-to-date: /home/abd/exp_ws/src/install/motion_capture_tracking/share/motion_capture_tracking/environment/ament_prefix_path.sh
[0.702s] -- Up-to-date: /home/abd/exp_ws/src/install/motion_capture_tracking/share/motion_capture_tracking/environment/ament_prefix_path.dsv
[0.702s] -- Up-to-date: /home/abd/exp_ws/src/install/motion_capture_tracking/share/motion_capture_tracking/environment/path.sh
[0.702s] -- Up-to-date: /home/abd/exp_ws/src/install/motion_capture_tracking/share/motion_capture_tracking/environment/path.dsv
[0.702s] -- Up-to-date: /home/abd/exp_ws/src/install/motion_capture_tracking/share/motion_capture_tracking/local_setup.bash
[0.702s] -- Up-to-date: /home/abd/exp_ws/src/install/motion_capture_tracking/share/motion_capture_tracking/local_setup.sh
[0.702s] -- Up-to-date: /home/abd/exp_ws/src/install/motion_capture_tracking/share/motion_capture_tracking/local_setup.zsh
[0.702s] -- Up-to-date: /home/abd/exp_ws/src/install/motion_capture_tracking/share/motion_capture_tracking/local_setup.dsv
[0.703s] -- Installing: /home/abd/exp_ws/src/install/motion_capture_tracking/share/motion_capture_tracking/package.dsv
[0.703s] -- Up-to-date: /home/abd/exp_ws/src/install/motion_capture_tracking/share/ament_index/resource_index/packages/motion_capture_tracking
[0.703s] -- Up-to-date: /home/abd/exp_ws/src/install/motion_capture_tracking/share/motion_capture_tracking/cmake/motion_capture_trackingConfig.cmake
[0.703s] -- Up-to-date: /home/abd/exp_ws/src/install/motion_capture_tracking/share/motion_capture_tracking/cmake/motion_capture_trackingConfig-version.cmake
[0.703s] -- Up-to-date: /home/abd/exp_ws/src/install/motion_capture_tracking/share/motion_capture_tracking/package.xml
[0.707s] Invoked command in '/home/abd/exp_ws/src/build/motion_capture_tracking' returned '0': AMENT_PREFIX_PATH=/home/abd/exp_ws/src/install/motion_capture_tracking_interfaces:${AMENT_PREFIX_PATH} CMAKE_PREFIX_PATH=/home/abd/exp_ws/src/install/motion_capture_tracking_interfaces:/opt/ros/humble LD_LIBRARY_PATH=/home/abd/exp_ws/src/install/motion_capture_tracking_interfaces/lib:${LD_LIBRARY_PATH} PYTHONPATH=/home/abd/exp_ws/src/install/motion_capture_tracking_interfaces/local/lib/python3.10/dist-packages:${PYTHONPATH} /usr/bin/cmake --install /home/abd/exp_ws/src/build/motion_capture_tracking
