[0.075s] Invoking command in '/home/abd/exp_ws/src/build/crazyflie_examples': AMENT_PREFIX_PATH=/home/abd/exp_ws/src/install/crazyflie_py:/home/abd/exp_ws/src/install/crazyflie_interfaces:${AMENT_PREFIX_PATH} CMAKE_PREFIX_PATH=/home/abd/exp_ws/src/install/crazyflie_interfaces:/home/abd/exp_ws/install/motion_capture_tracking:/home/abd/exp_ws/install/crazyflie:/home/abd/exp_ws/install/motion_capture_tracking_interfaces:/home/abd/exp_ws/install/crazyflie_sim:/home/abd/exp_ws/install/crazyflie_examples:/home/abd/exp_ws/install/crazyflie_interfaces:/home/abd/exp_ws/install/crazyflie_py:/opt/ros/humble LD_LIBRARY_PATH=/home/abd/exp_ws/src/install/crazyflie_interfaces/lib:${LD_LIBRARY_PATH} PYTHONPATH=/home/abd/exp_ws/src/install/crazyflie_py/lib/python3.10/site-packages:/home/abd/exp_ws/src/install/crazyflie_interfaces/local/lib/python3.10/dist-packages:${PYTHONPATH} /usr/bin/cmake --build /home/abd/exp_ws/src/build/crazyflie_examples -- -j12 -l12
[0.149s] Built target ament_cmake_python_copy_crazyflie_examples
[0.164s] Built target ament_cmake_python_copy_crazyflie_examples_setup
[0.412s] running install_scripts
[0.419s] running egg_info
[0.420s] writing crazyflie_examples.egg-info/PKG-INFO
[0.420s] writing dependency_links to crazyflie_examples.egg-info/dependency_links.txt
[0.420s] writing entry points to crazyflie_examples.egg-info/entry_points.txt
[0.420s] writing top-level names to crazyflie_examples.egg-info/top_level.txt
[0.422s] reading manifest file 'crazyflie_examples.egg-info/SOURCES.txt'
[0.422s] writing manifest file 'crazyflie_examples.egg-info/SOURCES.txt'
[0.432s] running egg_info
[0.433s] writing crazyflie_examples.egg-info/PKG-INFO
[0.433s] writing dependency_links to crazyflie_examples.egg-info/dependency_links.txt
[0.433s] writing entry points to crazyflie_examples.egg-info/entry_points.txt
[0.433s] writing top-level names to crazyflie_examples.egg-info/top_level.txt
[0.435s] reading manifest file 'crazyflie_examples.egg-info/SOURCES.txt'
[0.436s] writing manifest file 'crazyflie_examples.egg-info/SOURCES.txt'
[0.438s] Installing cmd_full_state script to scripts
[0.438s] Installing figure8 script to scripts
[0.438s] Installing hello_world script to scripts
[0.438s] Installing multi_trajectory script to scripts
[0.438s] Installing nice_hover script to scripts
[0.439s] Installing set_param script to scripts
[0.462s] Built target ament_cmake_python_build_crazyflie_examples_egg
[0.486s] Built target ament_cmake_python_build_crazyflie_examples_scripts
[0.505s] Invoked command in '/home/abd/exp_ws/src/build/crazyflie_examples' returned '0': AMENT_PREFIX_PATH=/home/abd/exp_ws/src/install/crazyflie_py:/home/abd/exp_ws/src/install/crazyflie_interfaces:${AMENT_PREFIX_PATH} CMAKE_PREFIX_PATH=/home/abd/exp_ws/src/install/crazyflie_interfaces:/home/abd/exp_ws/install/motion_capture_tracking:/home/abd/exp_ws/install/crazyflie:/home/abd/exp_ws/install/motion_capture_tracking_interfaces:/home/abd/exp_ws/install/crazyflie_sim:/home/abd/exp_ws/install/crazyflie_examples:/home/abd/exp_ws/install/crazyflie_interfaces:/home/abd/exp_ws/install/crazyflie_py:/opt/ros/humble LD_LIBRARY_PATH=/home/abd/exp_ws/src/install/crazyflie_interfaces/lib:${LD_LIBRARY_PATH} PYTHONPATH=/home/abd/exp_ws/src/install/crazyflie_py/lib/python3.10/site-packages:/home/abd/exp_ws/src/install/crazyflie_interfaces/local/lib/python3.10/dist-packages:${PYTHONPATH} /usr/bin/cmake --build /home/abd/exp_ws/src/build/crazyflie_examples -- -j12 -l12
[0.558s] Invoking command in '/home/abd/exp_ws/src/build/crazyflie_examples': AMENT_PREFIX_PATH=/home/abd/exp_ws/src/install/crazyflie_py:/home/abd/exp_ws/src/install/crazyflie_interfaces:${AMENT_PREFIX_PATH} CMAKE_PREFIX_PATH=/home/abd/exp_ws/src/install/crazyflie_interfaces:/home/abd/exp_ws/install/motion_capture_tracking:/home/abd/exp_ws/install/crazyflie:/home/abd/exp_ws/install/motion_capture_tracking_interfaces:/home/abd/exp_ws/install/crazyflie_sim:/home/abd/exp_ws/install/crazyflie_examples:/home/abd/exp_ws/install/crazyflie_interfaces:/home/abd/exp_ws/install/crazyflie_py:/opt/ros/humble LD_LIBRARY_PATH=/home/abd/exp_ws/src/install/crazyflie_interfaces/lib:${LD_LIBRARY_PATH} PYTHONPATH=/home/abd/exp_ws/src/install/crazyflie_py/lib/python3.10/site-packages:/home/abd/exp_ws/src/install/crazyflie_interfaces/local/lib/python3.10/dist-packages:${PYTHONPATH} /usr/bin/cmake --install /home/abd/exp_ws/src/build/crazyflie_examples
[0.566s] -- Install configuration: ""
[0.567s] -- Up-to-date: /home/abd/exp_ws/src/install/crazyflie_examples/share/crazyflie_examples/environment/pythonpath.sh
[0.567s] -- Up-to-date: /home/abd/exp_ws/src/install/crazyflie_examples/share/crazyflie_examples/environment/pythonpath.dsv
[0.567s] -- Up-to-date: /home/abd/exp_ws/src/install/crazyflie_examples/local/lib/python3.10/dist-packages/crazyflie_examples-2.0.0-py3.10.egg-info
[0.567s] -- Installing: /home/abd/exp_ws/src/install/crazyflie_examples/local/lib/python3.10/dist-packages/crazyflie_examples-2.0.0-py3.10.egg-info/entry_points.txt
[0.567s] -- Installing: /home/abd/exp_ws/src/install/crazyflie_examples/local/lib/python3.10/dist-packages/crazyflie_examples-2.0.0-py3.10.egg-info/SOURCES.txt
[0.568s] -- Installing: /home/abd/exp_ws/src/install/crazyflie_examples/local/lib/python3.10/dist-packages/crazyflie_examples-2.0.0-py3.10.egg-info/dependency_links.txt
[0.568s] -- Installing: /home/abd/exp_ws/src/install/crazyflie_examples/local/lib/python3.10/dist-packages/crazyflie_examples-2.0.0-py3.10.egg-info/PKG-INFO
[0.568s] -- Installing: /home/abd/exp_ws/src/install/crazyflie_examples/local/lib/python3.10/dist-packages/crazyflie_examples-2.0.0-py3.10.egg-info/top_level.txt
[0.568s] -- Up-to-date: /home/abd/exp_ws/src/install/crazyflie_examples/lib/crazyflie_examples/
[0.568s] -- Installing: /home/abd/exp_ws/src/install/crazyflie_examples/lib/crazyflie_examples//multi_trajectory
[0.568s] -- Installing: /home/abd/exp_ws/src/install/crazyflie_examples/lib/crazyflie_examples//set_param
[0.568s] -- Installing: /home/abd/exp_ws/src/install/crazyflie_examples/lib/crazyflie_examples//figure8
[0.569s] -- Installing: /home/abd/exp_ws/src/install/crazyflie_examples/lib/crazyflie_examples//nice_hover
[0.569s] -- Installing: /home/abd/exp_ws/src/install/crazyflie_examples/lib/crazyflie_examples//cmd_full_state
[0.569s] -- Installing: /home/abd/exp_ws/src/install/crazyflie_examples/lib/crazyflie_examples//hello_world
[0.569s] -- Up-to-date: /home/abd/exp_ws/src/install/crazyflie_examples/local/lib/python3.10/dist-packages/crazyflie_examples
[0.569s] -- Up-to-date: /home/abd/exp_ws/src/install/crazyflie_examples/local/lib/python3.10/dist-packages/crazyflie_examples/hello_world.py
[0.569s] -- Up-to-date: /home/abd/exp_ws/src/install/crazyflie_examples/local/lib/python3.10/dist-packages/crazyflie_examples/__init__.py
[0.570s] -- Up-to-date: /home/abd/exp_ws/src/install/crazyflie_examples/local/lib/python3.10/dist-packages/crazyflie_examples/figure8.py
[0.570s] -- Up-to-date: /home/abd/exp_ws/src/install/crazyflie_examples/local/lib/python3.10/dist-packages/crazyflie_examples/set_param.py
[0.570s] -- Up-to-date: /home/abd/exp_ws/src/install/crazyflie_examples/local/lib/python3.10/dist-packages/crazyflie_examples/cmd_full_state.py
[0.570s] -- Up-to-date: /home/abd/exp_ws/src/install/crazyflie_examples/local/lib/python3.10/dist-packages/crazyflie_examples/nice_hover.py
[0.570s] -- Up-to-date: /home/abd/exp_ws/src/install/crazyflie_examples/local/lib/python3.10/dist-packages/crazyflie_examples/multi_trajectory.py
[0.570s] -- Up-to-date: /home/abd/exp_ws/src/install/crazyflie_examples/local/lib/python3.10/dist-packages/crazyflie_examples/data
[0.571s] -- Up-to-date: /home/abd/exp_ws/src/install/crazyflie_examples/local/lib/python3.10/dist-packages/crazyflie_examples/data/multi_trajectory
[0.571s] -- Up-to-date: /home/abd/exp_ws/src/install/crazyflie_examples/local/lib/python3.10/dist-packages/crazyflie_examples/data/multi_trajectory/traj0.csv
[0.571s] -- Up-to-date: /home/abd/exp_ws/src/install/crazyflie_examples/local/lib/python3.10/dist-packages/crazyflie_examples/data/multi_trajectory/traj1.csv
[0.571s] -- Up-to-date: /home/abd/exp_ws/src/install/crazyflie_examples/local/lib/python3.10/dist-packages/crazyflie_examples/data/figure8.csv
[0.613s] Listing '/home/abd/exp_ws/src/install/crazyflie_examples/local/lib/python3.10/dist-packages/crazyflie_examples'...
[0.613s] Listing '/home/abd/exp_ws/src/install/crazyflie_examples/local/lib/python3.10/dist-packages/crazyflie_examples/data'...
[0.613s] Listing '/home/abd/exp_ws/src/install/crazyflie_examples/local/lib/python3.10/dist-packages/crazyflie_examples/data/multi_trajectory'...
[0.617s] -- Up-to-date: /home/abd/exp_ws/src/install/crazyflie_examples/share/crazyflie_examples//config
[0.617s] -- Up-to-date: /home/abd/exp_ws/src/install/crazyflie_examples/share/crazyflie_examples//config/nav2_view.rviz
[0.617s] -- Up-to-date: /home/abd/exp_ws/src/install/crazyflie_examples/share/crazyflie_examples//config/nav2_params.yaml
[0.617s] -- Up-to-date: /home/abd/exp_ws/src/install/crazyflie_examples/share/crazyflie_examples//data
[0.618s] -- Up-to-date: /home/abd/exp_ws/src/install/crazyflie_examples/share/crazyflie_examples//data/map.pgm
[0.618s] -- Up-to-date: /home/abd/exp_ws/src/install/crazyflie_examples/share/crazyflie_examples//data/map.data
[0.618s] -- Up-to-date: /home/abd/exp_ws/src/install/crazyflie_examples/share/crazyflie_examples//data/map.posegraph
[0.618s] -- Up-to-date: /home/abd/exp_ws/src/install/crazyflie_examples/share/crazyflie_examples//data/map.yaml
[0.618s] -- Up-to-date: /home/abd/exp_ws/src/install/crazyflie_examples/share/crazyflie_examples//launch
[0.618s] -- Up-to-date: /home/abd/exp_ws/src/install/crazyflie_examples/share/crazyflie_examples//launch/multiranger_nav2_launch.py
[0.618s] -- Installing: /home/abd/exp_ws/src/install/crazyflie_examples/share/crazyflie_examples//launch/keyboard_velmux_launch.py
[0.618s] -- Up-to-date: /home/abd/exp_ws/src/install/crazyflie_examples/share/crazyflie_examples//launch/multiranger_simple_mapper_launch.py
[0.618s] -- Up-to-date: /home/abd/exp_ws/src/install/crazyflie_examples/share/crazyflie_examples//launch/multiranger_mapping_launch.py
[0.619s] -- Up-to-date: /home/abd/exp_ws/src/install/crazyflie_examples/share/ament_index/resource_index/package_run_dependencies/crazyflie_examples
[0.619s] -- Up-to-date: /home/abd/exp_ws/src/install/crazyflie_examples/share/ament_index/resource_index/parent_prefix_path/crazyflie_examples
[0.619s] -- Up-to-date: /home/abd/exp_ws/src/install/crazyflie_examples/share/crazyflie_examples/environment/ament_prefix_path.sh
[0.619s] -- Up-to-date: /home/abd/exp_ws/src/install/crazyflie_examples/share/crazyflie_examples/environment/ament_prefix_path.dsv
[0.619s] -- Up-to-date: /home/abd/exp_ws/src/install/crazyflie_examples/share/crazyflie_examples/environment/path.sh
[0.619s] -- Up-to-date: /home/abd/exp_ws/src/install/crazyflie_examples/share/crazyflie_examples/environment/path.dsv
[0.619s] -- Up-to-date: /home/abd/exp_ws/src/install/crazyflie_examples/share/crazyflie_examples/local_setup.bash
[0.619s] -- Up-to-date: /home/abd/exp_ws/src/install/crazyflie_examples/share/crazyflie_examples/local_setup.sh
[0.620s] -- Up-to-date: /home/abd/exp_ws/src/install/crazyflie_examples/share/crazyflie_examples/local_setup.zsh
[0.620s] -- Up-to-date: /home/abd/exp_ws/src/install/crazyflie_examples/share/crazyflie_examples/local_setup.dsv
[0.620s] -- Installing: /home/abd/exp_ws/src/install/crazyflie_examples/share/crazyflie_examples/package.dsv
[0.620s] -- Up-to-date: /home/abd/exp_ws/src/install/crazyflie_examples/share/ament_index/resource_index/packages/crazyflie_examples
[0.620s] -- Up-to-date: /home/abd/exp_ws/src/install/crazyflie_examples/share/crazyflie_examples/cmake/crazyflie_examplesConfig.cmake
[0.620s] -- Up-to-date: /home/abd/exp_ws/src/install/crazyflie_examples/share/crazyflie_examples/cmake/crazyflie_examplesConfig-version.cmake
[0.620s] -- Up-to-date: /home/abd/exp_ws/src/install/crazyflie_examples/share/crazyflie_examples/package.xml
[0.625s] Invoked command in '/home/abd/exp_ws/src/build/crazyflie_examples' returned '0': AMENT_PREFIX_PATH=/home/abd/exp_ws/src/install/crazyflie_py:/home/abd/exp_ws/src/install/crazyflie_interfaces:${AMENT_PREFIX_PATH} CMAKE_PREFIX_PATH=/home/abd/exp_ws/src/install/crazyflie_interfaces:/home/abd/exp_ws/install/motion_capture_tracking:/home/abd/exp_ws/install/crazyflie:/home/abd/exp_ws/install/motion_capture_tracking_interfaces:/home/abd/exp_ws/install/crazyflie_sim:/home/abd/exp_ws/install/crazyflie_examples:/home/abd/exp_ws/install/crazyflie_interfaces:/home/abd/exp_ws/install/crazyflie_py:/opt/ros/humble LD_LIBRARY_PATH=/home/abd/exp_ws/src/install/crazyflie_interfaces/lib:${LD_LIBRARY_PATH} PYTHONPATH=/home/abd/exp_ws/src/install/crazyflie_py/lib/python3.10/site-packages:/home/abd/exp_ws/src/install/crazyflie_interfaces/local/lib/python3.10/dist-packages:${PYTHONPATH} /usr/bin/cmake --install /home/abd/exp_ws/src/build/crazyflie_examples
