[0.734s] Invoking command in '/home/abd/exp_ws/src/build/crazyflie': AMENT_PREFIX_PATH=/home/abd/exp_ws/src/install/motion_capture_tracking_interfaces:/home/abd/exp_ws/src/install/crazyflie_interfaces:${AMENT_PREFIX_PATH} CMAKE_PREFIX_PATH=/home/abd/exp_ws/src/install/motion_capture_tracking_interfaces:/home/abd/exp_ws/src/install/crazyflie_interfaces:/opt/ros/humble LD_LIBRARY_PATH=/home/abd/exp_ws/src/install/motion_capture_tracking_interfaces/lib:/home/abd/exp_ws/src/install/crazyflie_interfaces/lib:${LD_LIBRARY_PATH} PYTHONPATH=/home/abd/exp_ws/src/install/motion_capture_tracking_interfaces/local/lib/python3.10/dist-packages:/home/abd/exp_ws/src/install/crazyflie_interfaces/local/lib/python3.10/dist-packages:${PYTHONPATH} /usr/bin/cmake --build /home/abd/exp_ws/src/build/crazyflie -- -j12 -l12
[0.792s] -- Found ament_cmake: 1.3.5 (/opt/ros/humble/share/ament_cmake/cmake)
[1.055s] -- Found rclcpp: 16.0.6 (/opt/ros/humble/share/rclcpp/cmake)
[1.142s] -- Found rosidl_generator_c: 3.1.5 (/opt/ros/humble/share/rosidl_generator_c/cmake)
[1.149s] -- Found rosidl_adapter: 3.1.5 (/opt/ros/humble/share/rosidl_adapter/cmake)
[1.166s] -- Found rosidl_generator_cpp: 3.1.5 (/opt/ros/humble/share/rosidl_generator_cpp/cmake)
[1.199s] -- Using all available rosidl_typesupport_c: rosidl_typesupport_fastrtps_c;rosidl_typesupport_introspection_c
[1.241s] -- Using all available rosidl_typesupport_cpp: rosidl_typesupport_fastrtps_cpp;rosidl_typesupport_introspection_cpp
[1.402s] -- Found rmw_implementation_cmake: 6.1.1 (/opt/ros/humble/share/rmw_implementation_cmake/cmake)
[1.407s] -- Found rmw_fastrtps_cpp: 6.2.4 (/opt/ros/humble/share/rmw_fastrtps_cpp/cmake)
[1.712s] -- Using RMW implementation 'rmw_fastrtps_cpp' as default
[2.041s] -- Found tf2_ros: 0.25.4 (/opt/ros/humble/share/tf2_ros/cmake)
[2.730s] -- Found rclpy: 3.3.10 (/opt/ros/humble/share/rclpy/cmake)
[2.730s] -- Found std_srvs: 4.2.3 (/opt/ros/humble/share/std_srvs/cmake)
[2.760s] -- Found sensor_msgs: 4.2.3 (/opt/ros/humble/share/sensor_msgs/cmake)
[2.918s] -- Found crazyflie_interfaces: 2.0.0 (/home/abd/exp_ws/src/install/crazyflie_interfaces/share/crazyflie_interfaces/cmake)
[3.065s] -- Found motion_capture_tracking_interfaces: 1.0.0 (/home/abd/exp_ws/src/install/motion_capture_tracking_interfaces/share/motion_capture_tracking_interfaces/cmake)
[3.339s] -- Configuring done
[3.414s] -- Generating done
[3.420s] -- Build files have been written to: /home/abd/exp_ws/src/build/crazyflie
[3.465s] [35m[1mConsolidate compiler generated dependencies of target teleop[0m
[3.471s] [35m[1mConsolidate compiler generated dependencies of target crazyflieLinkCpp[0m
[3.509s] [  5%] Built target teleop
[3.516s] [ 27%] Built target crazyflieLinkCpp
[3.532s] [35m[1mConsolidate compiler generated dependencies of target crazyflie_cpp[0m
[3.556s] [ 35%] Built target crazyflie_cpp
[3.582s] [35m[1mConsolidate compiler generated dependencies of target crazyflie_server[0m
[3.582s] [35m[1mConsolidate compiler generated dependencies of target battery[0m
[3.584s] [35m[1mConsolidate compiler generated dependencies of target listParams[0m
[3.584s] [35m[1mConsolidate compiler generated dependencies of target reboot[0m
[3.586s] [35m[1mConsolidate compiler generated dependencies of target comCheck[0m
[3.586s] [35m[1mConsolidate compiler generated dependencies of target listMemories[0m
[3.586s] [35m[1mConsolidate compiler generated dependencies of target console[0m
[3.590s] [35m[1mConsolidate compiler generated dependencies of target version[0m
[3.606s] [35m[1mConsolidate compiler generated dependencies of target listLogVariables[0m
[3.609s] [35m[1mConsolidate compiler generated dependencies of target downloadUSDLogfile[0m
[3.618s] [35m[1mConsolidate compiler generated dependencies of target log[0m
[3.621s] [35m[1mConsolidate compiler generated dependencies of target scan[0m
[3.644s] [ 40%] Built target crazyflie_server
[3.650s] [ 45%] Built target comCheck
[3.650s] [ 55%] Built target listParams
[3.650s] [ 55%] Built target battery
[3.651s] [ 60%] Built target listMemories
[3.665s] [ 65%] Built target console
[3.666s] [ 70%] Built target version
[3.666s] [ 75%] Built target reboot
[3.666s] [ 80%] Built target listLogVariables
[3.669s] [ 85%] Built target log
[3.673s] [35m[1mConsolidate compiler generated dependencies of target setParam[0m
[3.673s] [ 90%] Built target downloadUSDLogfile
[3.676s] [ 95%] Built target scan
[3.709s] [100%] Built target setParam
[3.731s] Invoked command in '/home/abd/exp_ws/src/build/crazyflie' returned '0': AMENT_PREFIX_PATH=/home/abd/exp_ws/src/install/motion_capture_tracking_interfaces:/home/abd/exp_ws/src/install/crazyflie_interfaces:${AMENT_PREFIX_PATH} CMAKE_PREFIX_PATH=/home/abd/exp_ws/src/install/motion_capture_tracking_interfaces:/home/abd/exp_ws/src/install/crazyflie_interfaces:/opt/ros/humble LD_LIBRARY_PATH=/home/abd/exp_ws/src/install/motion_capture_tracking_interfaces/lib:/home/abd/exp_ws/src/install/crazyflie_interfaces/lib:${LD_LIBRARY_PATH} PYTHONPATH=/home/abd/exp_ws/src/install/motion_capture_tracking_interfaces/local/lib/python3.10/dist-packages:/home/abd/exp_ws/src/install/crazyflie_interfaces/local/lib/python3.10/dist-packages:${PYTHONPATH} /usr/bin/cmake --build /home/abd/exp_ws/src/build/crazyflie -- -j12 -l12
[3.800s] Invoking command in '/home/abd/exp_ws/src/build/crazyflie': AMENT_PREFIX_PATH=/home/abd/exp_ws/src/install/motion_capture_tracking_interfaces:/home/abd/exp_ws/src/install/crazyflie_interfaces:${AMENT_PREFIX_PATH} CMAKE_PREFIX_PATH=/home/abd/exp_ws/src/install/motion_capture_tracking_interfaces:/home/abd/exp_ws/src/install/crazyflie_interfaces:/opt/ros/humble LD_LIBRARY_PATH=/home/abd/exp_ws/src/install/motion_capture_tracking_interfaces/lib:/home/abd/exp_ws/src/install/crazyflie_interfaces/lib:${LD_LIBRARY_PATH} PYTHONPATH=/home/abd/exp_ws/src/install/motion_capture_tracking_interfaces/local/lib/python3.10/dist-packages:/home/abd/exp_ws/src/install/crazyflie_interfaces/local/lib/python3.10/dist-packages:${PYTHONPATH} /usr/bin/cmake --install /home/abd/exp_ws/src/build/crazyflie
[3.810s] -- Install configuration: ""
[3.815s] -- Up-to-date: /home/abd/exp_ws/src/install/crazyflie/lib/crazyflie/comCheck
[3.815s] -- Up-to-date: /home/abd/exp_ws/src/install/crazyflie/lib/crazyflie/scan
[3.815s] -- Up-to-date: /home/abd/exp_ws/src/install/crazyflie/lib/crazyflie/listParams
[3.815s] -- Up-to-date: /home/abd/exp_ws/src/install/crazyflie/lib/crazyflie/listLogVariables
[3.815s] -- Up-to-date: /home/abd/exp_ws/src/install/crazyflie/lib/crazyflie/listMemories
[3.815s] -- Up-to-date: /home/abd/exp_ws/src/install/crazyflie/lib/crazyflie/reboot
[3.815s] -- Up-to-date: /home/abd/exp_ws/src/install/crazyflie/lib/crazyflie/battery
[3.816s] -- Up-to-date: /home/abd/exp_ws/src/install/crazyflie/lib/crazyflie/version
[3.816s] -- Up-to-date: /home/abd/exp_ws/src/install/crazyflie/lib/crazyflie/console
[3.816s] -- Up-to-date: /home/abd/exp_ws/src/install/crazyflie/lib/crazyflie/log
[3.816s] -- Up-to-date: /home/abd/exp_ws/src/install/crazyflie/lib/crazyflie/setParam
[3.816s] -- Up-to-date: /home/abd/exp_ws/src/install/crazyflie/lib/crazyflie/downloadUSDLogfile
[3.816s] -- Up-to-date: /home/abd/exp_ws/src/install/crazyflie/lib/crazyflie/teleop
[3.816s] -- Up-to-date: /home/abd/exp_ws/src/install/crazyflie/lib/crazyflie/crazyflie_server
[3.817s] -- Up-to-date: /home/abd/exp_ws/src/install/crazyflie/lib/crazyflie/crazyflie_server.py
[3.817s] -- Up-to-date: /home/abd/exp_ws/src/install/crazyflie/lib/crazyflie/chooser.py
[3.817s] -- Up-to-date: /home/abd/exp_ws/src/install/crazyflie/lib/crazyflie/vel_mux.py
[3.817s] -- Up-to-date: /home/abd/exp_ws/src/install/crazyflie/lib/crazyflie/cfmult.py
[3.817s] -- Up-to-date: /home/abd/exp_ws/src/install/crazyflie/lib/crazyflie/simple_mapper_multiranger.py
[3.817s] -- Up-to-date: /home/abd/exp_ws/src/install/crazyflie/lib/crazyflie/leader_cf.py
[3.817s] -- Up-to-date: /home/abd/exp_ws/src/install/crazyflie/lib/crazyflie/follower_cf.py
[3.817s] -- Up-to-date: /home/abd/exp_ws/src/install/crazyflie/lib/crazyflie/trajectory_publisher.py
[3.818s] -- Up-to-date: /home/abd/exp_ws/src/install/crazyflie/lib/crazyflie/begin_operation.py
[3.818s] -- Up-to-date: /home/abd/exp_ws/src/install/crazyflie/lib/crazyflie/mid_operation.py
[3.818s] -- Installing: /home/abd/exp_ws/src/install/crazyflie/lib/crazyflie/autonomous_sequence.py
[3.818s] -- Up-to-date: /home/abd/exp_ws/src/install/crazyflie/share/crazyflie//launch
[3.818s] -- Up-to-date: /home/abd/exp_ws/src/install/crazyflie/share/crazyflie//launch/launch_teleop2.py
[3.818s] -- Up-to-date: /home/abd/exp_ws/src/install/crazyflie/share/crazyflie//launch/closed_loop_object_transport_launch
[3.818s] -- Up-to-date: /home/abd/exp_ws/src/install/crazyflie/share/crazyflie//launch/launch.py
[3.818s] -- Up-to-date: /home/abd/exp_ws/src/install/crazyflie/share/crazyflie//launch/teleop_launch.py
[3.818s] -- Up-to-date: /home/abd/exp_ws/src/install/crazyflie/share/crazyflie//config
[3.819s] -- Up-to-date: /home/abd/exp_ws/src/install/crazyflie/share/crazyflie//config/crazyflies.yaml
[3.819s] -- Up-to-date: /home/abd/exp_ws/src/install/crazyflie/share/crazyflie//config/config.rviz
[3.819s] -- Up-to-date: /home/abd/exp_ws/src/install/crazyflie/share/crazyflie//config/motion_capture.yaml
[3.819s] -- Up-to-date: /home/abd/exp_ws/src/install/crazyflie/share/crazyflie//config/server.yaml
[3.819s] -- Up-to-date: /home/abd/exp_ws/src/install/crazyflie/share/crazyflie//config/teleop.yaml
[3.819s] -- Installing: /home/abd/exp_ws/src/install/crazyflie/share/ament_index/resource_index/package_run_dependencies/crazyflie
[3.819s] -- Up-to-date: /home/abd/exp_ws/src/install/crazyflie/share/ament_index/resource_index/parent_prefix_path/crazyflie
[3.819s] -- Up-to-date: /home/abd/exp_ws/src/install/crazyflie/share/crazyflie/environment/ament_prefix_path.sh
[3.819s] -- Installing: /home/abd/exp_ws/src/install/crazyflie/share/crazyflie/environment/ament_prefix_path.dsv
[3.819s] -- Up-to-date: /home/abd/exp_ws/src/install/crazyflie/share/crazyflie/environment/path.sh
[3.819s] -- Installing: /home/abd/exp_ws/src/install/crazyflie/share/crazyflie/environment/path.dsv
[3.820s] -- Up-to-date: /home/abd/exp_ws/src/install/crazyflie/share/crazyflie/local_setup.bash
[3.820s] -- Up-to-date: /home/abd/exp_ws/src/install/crazyflie/share/crazyflie/local_setup.sh
[3.820s] -- Up-to-date: /home/abd/exp_ws/src/install/crazyflie/share/crazyflie/local_setup.zsh
[3.820s] -- Installing: /home/abd/exp_ws/src/install/crazyflie/share/crazyflie/local_setup.dsv
[3.820s] -- Installing: /home/abd/exp_ws/src/install/crazyflie/share/crazyflie/package.dsv
[3.820s] -- Up-to-date: /home/abd/exp_ws/src/install/crazyflie/share/ament_index/resource_index/packages/crazyflie
[3.820s] -- Up-to-date: /home/abd/exp_ws/src/install/crazyflie/share/crazyflie/cmake/crazyflieConfig.cmake
[3.820s] -- Up-to-date: /home/abd/exp_ws/src/install/crazyflie/share/crazyflie/cmake/crazyflieConfig-version.cmake
[3.820s] -- Installing: /home/abd/exp_ws/src/install/crazyflie/share/crazyflie/package.xml
[3.822s] Invoked command in '/home/abd/exp_ws/src/build/crazyflie' returned '0': AMENT_PREFIX_PATH=/home/abd/exp_ws/src/install/motion_capture_tracking_interfaces:/home/abd/exp_ws/src/install/crazyflie_interfaces:${AMENT_PREFIX_PATH} CMAKE_PREFIX_PATH=/home/abd/exp_ws/src/install/motion_capture_tracking_interfaces:/home/abd/exp_ws/src/install/crazyflie_interfaces:/opt/ros/humble LD_LIBRARY_PATH=/home/abd/exp_ws/src/install/motion_capture_tracking_interfaces/lib:/home/abd/exp_ws/src/install/crazyflie_interfaces/lib:${LD_LIBRARY_PATH} PYTHONPATH=/home/abd/exp_ws/src/install/motion_capture_tracking_interfaces/local/lib/python3.10/dist-packages:/home/abd/exp_ws/src/install/crazyflie_interfaces/local/lib/python3.10/dist-packages:${PYTHONPATH} /usr/bin/cmake --install /home/abd/exp_ws/src/build/crazyflie
