[0.160s] Invoking command in '/home/abd/exp_ws/src/build/crazyflie_examples': AMENT_PREFIX_PATH=/home/abd/exp_ws/src/install/crazyflie_py:/home/abd/exp_ws/src/install/motion_capture_tracking:/home/abd/exp_ws/src/install/crazyflie:/home/abd/exp_ws/src/install/motion_capture_tracking_interfaces:/home/abd/exp_ws/src/install/crazyflie_sim:/home/abd/exp_ws/src/install/crazyflie_examples:/home/abd/exp_ws/src/install/crazyflie_interfaces:/home/abd/exp_ws/install/motion_capture_tracking:/home/abd/exp_ws/install/crazyflie:/home/abd/exp_ws/install/motion_capture_tracking_interfaces:/home/abd/exp_ws/install/crazyflie_sim:/home/abd/exp_ws/install/crazyflie_examples:/home/abd/exp_ws/install/crazyflie_py:/home/abd/exp_ws/install/crazyflie_interfaces:/opt/ros/humble CMAKE_PREFIX_PATH=/home/abd/exp_ws/src/install/crazyflie_interfaces:/home/abd/exp_ws/src/install/motion_capture_tracking:/home/abd/exp_ws/src/install/crazyflie:/home/abd/exp_ws/src/install/motion_capture_tracking_interfaces:/home/abd/exp_ws/src/install/crazyflie_sim:/home/abd/exp_ws/src/install/crazyflie_examples:/home/abd/exp_ws/install/motion_capture_tracking:/home/abd/exp_ws/install/crazyflie:/home/abd/exp_ws/install/motion_capture_tracking_interfaces:/home/abd/exp_ws/install/crazyflie_sim:/home/abd/exp_ws/install/crazyflie_examples:/home/abd/exp_ws/install/crazyflie_interfaces:/home/abd/exp_ws/src/install/crazyflie_py:/home/abd/exp_ws/install/crazyflie_py:/opt/ros/humble LD_LIBRARY_PATH=/home/abd/exp_ws/src/install/crazyflie_interfaces/lib:/home/abd/exp_ws/src/install/motion_capture_tracking_interfaces/lib:/home/abd/exp_ws/install/motion_capture_tracking_interfaces/lib:/home/abd/exp_ws/install/crazyflie_interfaces/lib:/usr/lib/x86_64-linux-gnu/gazebo-11/plugins:/opt/ros/humble/opt/rviz_ogre_vendor/lib:/opt/ros/humble/lib/x86_64-linux-gnu:/opt/ros/humble/lib PYTHONPATH=/home/abd/exp_ws/src/install/crazyflie_py/lib/python3.10/site-packages:/home/abd/exp_ws/src/install/motion_capture_tracking_interfaces/local/lib/python3.10/dist-packages:/home/abd/exp_ws/src/install/crazyflie_sim/local/lib/python3.10/dist-packages:/home/abd/exp_ws/src/install/crazyflie_examples/local/lib/python3.10/dist-packages:/home/abd/exp_ws/src/install/crazyflie_interfaces/local/lib/python3.10/dist-packages:/home/abd/exp_ws/install/motion_capture_tracking_interfaces/local/lib/python3.10/dist-packages:/home/abd/exp_ws/install/crazyflie_sim/local/lib/python3.10/dist-packages:/home/abd/exp_ws/install/crazyflie_examples/local/lib/python3.10/dist-packages:/home/abd/exp_ws/install/crazyflie_py/lib/python3.10/site-packages:/home/abd/exp_ws/install/crazyflie_interfaces/local/lib/python3.10/dist-packages:/opt/ros/humble/lib/python3.10/site-packages:/opt/ros/humble/local/lib/python3.10/dist-packages /usr/bin/cmake --build /home/abd/exp_ws/src/build/crazyflie_examples -- -j12 -l12
[0.277s] Built target ament_cmake_python_copy_crazyflie_examples
[0.298s] Built target ament_cmake_python_copy_crazyflie_examples_setup
[0.726s] running install_scripts
[0.737s] running egg_info
[0.737s] writing crazyflie_examples.egg-info/PKG-INFO
[0.738s] writing dependency_links to crazyflie_examples.egg-info/dependency_links.txt
[0.738s] writing entry points to crazyflie_examples.egg-info/entry_points.txt
[0.738s] writing top-level names to crazyflie_examples.egg-info/top_level.txt
[0.742s] reading manifest file 'crazyflie_examples.egg-info/SOURCES.txt'
[0.742s] writing manifest file 'crazyflie_examples.egg-info/SOURCES.txt'
[0.760s] running egg_info
[0.762s] writing crazyflie_examples.egg-info/PKG-INFO
[0.762s] writing dependency_links to crazyflie_examples.egg-info/dependency_links.txt
[0.762s] writing entry points to crazyflie_examples.egg-info/entry_points.txt
[0.763s] writing top-level names to crazyflie_examples.egg-info/top_level.txt
[0.766s] reading manifest file 'crazyflie_examples.egg-info/SOURCES.txt'
[0.767s] writing manifest file 'crazyflie_examples.egg-info/SOURCES.txt'
[0.770s] Installing cmd_full_state script to scripts
[0.770s] Installing figure8 script to scripts
[0.770s] Installing hello_world script to scripts
[0.771s] Installing multi_trajectory script to scripts
[0.771s] Installing nice_hover script to scripts
[0.771s] Installing set_param script to scripts
[0.790s] Built target ament_cmake_python_build_crazyflie_examples_egg
[0.833s] Built target ament_cmake_python_build_crazyflie_examples_scripts
[0.854s] Invoked command in '/home/abd/exp_ws/src/build/crazyflie_examples' returned '0': AMENT_PREFIX_PATH=/home/abd/exp_ws/src/install/crazyflie_py:/home/abd/exp_ws/src/install/motion_capture_tracking:/home/abd/exp_ws/src/install/crazyflie:/home/abd/exp_ws/src/install/motion_capture_tracking_interfaces:/home/abd/exp_ws/src/install/crazyflie_sim:/home/abd/exp_ws/src/install/crazyflie_examples:/home/abd/exp_ws/src/install/crazyflie_interfaces:/home/abd/exp_ws/install/motion_capture_tracking:/home/abd/exp_ws/install/crazyflie:/home/abd/exp_ws/install/motion_capture_tracking_interfaces:/home/abd/exp_ws/install/crazyflie_sim:/home/abd/exp_ws/install/crazyflie_examples:/home/abd/exp_ws/install/crazyflie_py:/home/abd/exp_ws/install/crazyflie_interfaces:/opt/ros/humble CMAKE_PREFIX_PATH=/home/abd/exp_ws/src/install/crazyflie_interfaces:/home/abd/exp_ws/src/install/motion_capture_tracking:/home/abd/exp_ws/src/install/crazyflie:/home/abd/exp_ws/src/install/motion_capture_tracking_interfaces:/home/abd/exp_ws/src/install/crazyflie_sim:/home/abd/exp_ws/src/install/crazyflie_examples:/home/abd/exp_ws/install/motion_capture_tracking:/home/abd/exp_ws/install/crazyflie:/home/abd/exp_ws/install/motion_capture_tracking_interfaces:/home/abd/exp_ws/install/crazyflie_sim:/home/abd/exp_ws/install/crazyflie_examples:/home/abd/exp_ws/install/crazyflie_interfaces:/home/abd/exp_ws/src/install/crazyflie_py:/home/abd/exp_ws/install/crazyflie_py:/opt/ros/humble LD_LIBRARY_PATH=/home/abd/exp_ws/src/install/crazyflie_interfaces/lib:/home/abd/exp_ws/src/install/motion_capture_tracking_interfaces/lib:/home/abd/exp_ws/install/motion_capture_tracking_interfaces/lib:/home/abd/exp_ws/install/crazyflie_interfaces/lib:/usr/lib/x86_64-linux-gnu/gazebo-11/plugins:/opt/ros/humble/opt/rviz_ogre_vendor/lib:/opt/ros/humble/lib/x86_64-linux-gnu:/opt/ros/humble/lib PYTHONPATH=/home/abd/exp_ws/src/install/crazyflie_py/lib/python3.10/site-packages:/home/abd/exp_ws/src/install/motion_capture_tracking_interfaces/local/lib/python3.10/dist-packages:/home/abd/exp_ws/src/install/crazyflie_sim/local/lib/python3.10/dist-packages:/home/abd/exp_ws/src/install/crazyflie_examples/local/lib/python3.10/dist-packages:/home/abd/exp_ws/src/install/crazyflie_interfaces/local/lib/python3.10/dist-packages:/home/abd/exp_ws/install/motion_capture_tracking_interfaces/local/lib/python3.10/dist-packages:/home/abd/exp_ws/install/crazyflie_sim/local/lib/python3.10/dist-packages:/home/abd/exp_ws/install/crazyflie_examples/local/lib/python3.10/dist-packages:/home/abd/exp_ws/install/crazyflie_py/lib/python3.10/site-packages:/home/abd/exp_ws/install/crazyflie_interfaces/local/lib/python3.10/dist-packages:/opt/ros/humble/lib/python3.10/site-packages:/opt/ros/humble/local/lib/python3.10/dist-packages /usr/bin/cmake --build /home/abd/exp_ws/src/build/crazyflie_examples -- -j12 -l12
[0.913s] Invoking command in '/home/abd/exp_ws/src/build/crazyflie_examples': AMENT_PREFIX_PATH=/home/abd/exp_ws/src/install/crazyflie_py:/home/abd/exp_ws/src/install/motion_capture_tracking:/home/abd/exp_ws/src/install/crazyflie:/home/abd/exp_ws/src/install/motion_capture_tracking_interfaces:/home/abd/exp_ws/src/install/crazyflie_sim:/home/abd/exp_ws/src/install/crazyflie_examples:/home/abd/exp_ws/src/install/crazyflie_interfaces:/home/abd/exp_ws/install/motion_capture_tracking:/home/abd/exp_ws/install/crazyflie:/home/abd/exp_ws/install/motion_capture_tracking_interfaces:/home/abd/exp_ws/install/crazyflie_sim:/home/abd/exp_ws/install/crazyflie_examples:/home/abd/exp_ws/install/crazyflie_py:/home/abd/exp_ws/install/crazyflie_interfaces:/opt/ros/humble CMAKE_PREFIX_PATH=/home/abd/exp_ws/src/install/crazyflie_interfaces:/home/abd/exp_ws/src/install/motion_capture_tracking:/home/abd/exp_ws/src/install/crazyflie:/home/abd/exp_ws/src/install/motion_capture_tracking_interfaces:/home/abd/exp_ws/src/install/crazyflie_sim:/home/abd/exp_ws/src/install/crazyflie_examples:/home/abd/exp_ws/install/motion_capture_tracking:/home/abd/exp_ws/install/crazyflie:/home/abd/exp_ws/install/motion_capture_tracking_interfaces:/home/abd/exp_ws/install/crazyflie_sim:/home/abd/exp_ws/install/crazyflie_examples:/home/abd/exp_ws/install/crazyflie_interfaces:/home/abd/exp_ws/src/install/crazyflie_py:/home/abd/exp_ws/install/crazyflie_py:/opt/ros/humble LD_LIBRARY_PATH=/home/abd/exp_ws/src/install/crazyflie_interfaces/lib:/home/abd/exp_ws/src/install/motion_capture_tracking_interfaces/lib:/home/abd/exp_ws/install/motion_capture_tracking_interfaces/lib:/home/abd/exp_ws/install/crazyflie_interfaces/lib:/usr/lib/x86_64-linux-gnu/gazebo-11/plugins:/opt/ros/humble/opt/rviz_ogre_vendor/lib:/opt/ros/humble/lib/x86_64-linux-gnu:/opt/ros/humble/lib PYTHONPATH=/home/abd/exp_ws/src/install/crazyflie_py/lib/python3.10/site-packages:/home/abd/exp_ws/src/install/motion_capture_tracking_interfaces/local/lib/python3.10/dist-packages:/home/abd/exp_ws/src/install/crazyflie_sim/local/lib/python3.10/dist-packages:/home/abd/exp_ws/src/install/crazyflie_examples/local/lib/python3.10/dist-packages:/home/abd/exp_ws/src/install/crazyflie_interfaces/local/lib/python3.10/dist-packages:/home/abd/exp_ws/install/motion_capture_tracking_interfaces/local/lib/python3.10/dist-packages:/home/abd/exp_ws/install/crazyflie_sim/local/lib/python3.10/dist-packages:/home/abd/exp_ws/install/crazyflie_examples/local/lib/python3.10/dist-packages:/home/abd/exp_ws/install/crazyflie_py/lib/python3.10/site-packages:/home/abd/exp_ws/install/crazyflie_interfaces/local/lib/python3.10/dist-packages:/opt/ros/humble/lib/python3.10/site-packages:/opt/ros/humble/local/lib/python3.10/dist-packages /usr/bin/cmake --install /home/abd/exp_ws/src/build/crazyflie_examples
[0.933s] -- Install configuration: ""
[0.933s] -- Up-to-date: /home/abd/exp_ws/src/install/crazyflie_examples/share/crazyflie_examples/environment/pythonpath.sh
[0.934s] -- Up-to-date: /home/abd/exp_ws/src/install/crazyflie_examples/share/crazyflie_examples/environment/pythonpath.dsv
[0.934s] -- Up-to-date: /home/abd/exp_ws/src/install/crazyflie_examples/local/lib/python3.10/dist-packages/crazyflie_examples-2.0.0-py3.10.egg-info
[0.934s] -- Installing: /home/abd/exp_ws/src/install/crazyflie_examples/local/lib/python3.10/dist-packages/crazyflie_examples-2.0.0-py3.10.egg-info/entry_points.txt
[0.934s] -- Installing: /home/abd/exp_ws/src/install/crazyflie_examples/local/lib/python3.10/dist-packages/crazyflie_examples-2.0.0-py3.10.egg-info/SOURCES.txt
[0.935s] -- Installing: /home/abd/exp_ws/src/install/crazyflie_examples/local/lib/python3.10/dist-packages/crazyflie_examples-2.0.0-py3.10.egg-info/dependency_links.txt
[0.935s] -- Installing: /home/abd/exp_ws/src/install/crazyflie_examples/local/lib/python3.10/dist-packages/crazyflie_examples-2.0.0-py3.10.egg-info/PKG-INFO
[0.936s] -- Installing: /home/abd/exp_ws/src/install/crazyflie_examples/local/lib/python3.10/dist-packages/crazyflie_examples-2.0.0-py3.10.egg-info/top_level.txt
[0.936s] -- Up-to-date: /home/abd/exp_ws/src/install/crazyflie_examples/lib/crazyflie_examples/
[0.937s] -- Installing: /home/abd/exp_ws/src/install/crazyflie_examples/lib/crazyflie_examples//multi_trajectory
[0.937s] -- Installing: /home/abd/exp_ws/src/install/crazyflie_examples/lib/crazyflie_examples//set_param
[0.938s] -- Installing: /home/abd/exp_ws/src/install/crazyflie_examples/lib/crazyflie_examples//figure8
[0.938s] -- Installing: /home/abd/exp_ws/src/install/crazyflie_examples/lib/crazyflie_examples//nice_hover
[0.939s] -- Installing: /home/abd/exp_ws/src/install/crazyflie_examples/lib/crazyflie_examples//cmd_full_state
[0.939s] -- Installing: /home/abd/exp_ws/src/install/crazyflie_examples/lib/crazyflie_examples//hello_world
[0.940s] -- Up-to-date: /home/abd/exp_ws/src/install/crazyflie_examples/local/lib/python3.10/dist-packages/crazyflie_examples
[0.940s] -- Up-to-date: /home/abd/exp_ws/src/install/crazyflie_examples/local/lib/python3.10/dist-packages/crazyflie_examples/hello_world.py
[0.941s] -- Up-to-date: /home/abd/exp_ws/src/install/crazyflie_examples/local/lib/python3.10/dist-packages/crazyflie_examples/__init__.py
[0.941s] -- Up-to-date: /home/abd/exp_ws/src/install/crazyflie_examples/local/lib/python3.10/dist-packages/crazyflie_examples/figure8.py
[0.941s] -- Up-to-date: /home/abd/exp_ws/src/install/crazyflie_examples/local/lib/python3.10/dist-packages/crazyflie_examples/set_param.py
[0.941s] -- Up-to-date: /home/abd/exp_ws/src/install/crazyflie_examples/local/lib/python3.10/dist-packages/crazyflie_examples/cmd_full_state.py
[0.942s] -- Up-to-date: /home/abd/exp_ws/src/install/crazyflie_examples/local/lib/python3.10/dist-packages/crazyflie_examples/nice_hover.py
[0.942s] -- Up-to-date: /home/abd/exp_ws/src/install/crazyflie_examples/local/lib/python3.10/dist-packages/crazyflie_examples/multi_trajectory.py
[0.942s] -- Up-to-date: /home/abd/exp_ws/src/install/crazyflie_examples/local/lib/python3.10/dist-packages/crazyflie_examples/data
[0.942s] -- Up-to-date: /home/abd/exp_ws/src/install/crazyflie_examples/local/lib/python3.10/dist-packages/crazyflie_examples/data/multi_trajectory
[0.943s] -- Up-to-date: /home/abd/exp_ws/src/install/crazyflie_examples/local/lib/python3.10/dist-packages/crazyflie_examples/data/multi_trajectory/traj0.csv
[0.943s] -- Up-to-date: /home/abd/exp_ws/src/install/crazyflie_examples/local/lib/python3.10/dist-packages/crazyflie_examples/data/multi_trajectory/traj1.csv
[0.943s] -- Up-to-date: /home/abd/exp_ws/src/install/crazyflie_examples/local/lib/python3.10/dist-packages/crazyflie_examples/data/figure8.csv
[0.995s] Listing '/home/abd/exp_ws/src/install/crazyflie_examples/local/lib/python3.10/dist-packages/crazyflie_examples'...
[0.995s] Listing '/home/abd/exp_ws/src/install/crazyflie_examples/local/lib/python3.10/dist-packages/crazyflie_examples/data'...
[0.995s] Listing '/home/abd/exp_ws/src/install/crazyflie_examples/local/lib/python3.10/dist-packages/crazyflie_examples/data/multi_trajectory'...
[1.001s] -- Up-to-date: /home/abd/exp_ws/src/install/crazyflie_examples/share/crazyflie_examples//config
[1.001s] -- Up-to-date: /home/abd/exp_ws/src/install/crazyflie_examples/share/crazyflie_examples//config/nav2_view.rviz
[1.001s] -- Up-to-date: /home/abd/exp_ws/src/install/crazyflie_examples/share/crazyflie_examples//config/nav2_params.yaml
[1.001s] -- Up-to-date: /home/abd/exp_ws/src/install/crazyflie_examples/share/crazyflie_examples//data
[1.002s] -- Up-to-date: /home/abd/exp_ws/src/install/crazyflie_examples/share/crazyflie_examples//data/map.pgm
[1.002s] -- Up-to-date: /home/abd/exp_ws/src/install/crazyflie_examples/share/crazyflie_examples//data/map.data
[1.002s] -- Up-to-date: /home/abd/exp_ws/src/install/crazyflie_examples/share/crazyflie_examples//data/map.posegraph
[1.002s] -- Up-to-date: /home/abd/exp_ws/src/install/crazyflie_examples/share/crazyflie_examples//data/map.yaml
[1.002s] -- Up-to-date: /home/abd/exp_ws/src/install/crazyflie_examples/share/crazyflie_examples//launch
[1.003s] -- Up-to-date: /home/abd/exp_ws/src/install/crazyflie_examples/share/crazyflie_examples//launch/begin_op_launch.py
[1.003s] -- Up-to-date: /home/abd/exp_ws/src/install/crazyflie_examples/share/crazyflie_examples//launch/multiranger_nav2_launch.py
[1.003s] -- Up-to-date: /home/abd/exp_ws/src/install/crazyflie_examples/share/crazyflie_examples//launch/test_launch.py
[1.003s] -- Up-to-date: /home/abd/exp_ws/src/install/crazyflie_examples/share/crazyflie_examples//launch/keyboard_velmux_launch.py
[1.003s] -- Up-to-date: /home/abd/exp_ws/src/install/crazyflie_examples/share/crazyflie_examples//launch/multiranger_simple_mapper_launch.py
[1.003s] -- Up-to-date: /home/abd/exp_ws/src/install/crazyflie_examples/share/crazyflie_examples//launch/closed_loop_object_transport_launch.py
[1.004s] -- Installing: /home/abd/exp_ws/src/install/crazyflie_examples/share/crazyflie_examples//launch/leader_follower_launch.py
[1.004s] -- Up-to-date: /home/abd/exp_ws/src/install/crazyflie_examples/share/crazyflie_examples//launch/multiranger_mapping_launch.py
[1.004s] -- Up-to-date: /home/abd/exp_ws/src/install/crazyflie_examples/share/ament_index/resource_index/package_run_dependencies/crazyflie_examples
[1.004s] -- Up-to-date: /home/abd/exp_ws/src/install/crazyflie_examples/share/ament_index/resource_index/parent_prefix_path/crazyflie_examples
[1.005s] -- Up-to-date: /home/abd/exp_ws/src/install/crazyflie_examples/share/crazyflie_examples/environment/ament_prefix_path.sh
[1.005s] -- Up-to-date: /home/abd/exp_ws/src/install/crazyflie_examples/share/crazyflie_examples/environment/ament_prefix_path.dsv
[1.005s] -- Up-to-date: /home/abd/exp_ws/src/install/crazyflie_examples/share/crazyflie_examples/environment/path.sh
[1.005s] -- Up-to-date: /home/abd/exp_ws/src/install/crazyflie_examples/share/crazyflie_examples/environment/path.dsv
[1.005s] -- Up-to-date: /home/abd/exp_ws/src/install/crazyflie_examples/share/crazyflie_examples/local_setup.bash
[1.005s] -- Up-to-date: /home/abd/exp_ws/src/install/crazyflie_examples/share/crazyflie_examples/local_setup.sh
[1.006s] -- Up-to-date: /home/abd/exp_ws/src/install/crazyflie_examples/share/crazyflie_examples/local_setup.zsh
[1.006s] -- Up-to-date: /home/abd/exp_ws/src/install/crazyflie_examples/share/crazyflie_examples/local_setup.dsv
[1.006s] -- Installing: /home/abd/exp_ws/src/install/crazyflie_examples/share/crazyflie_examples/package.dsv
[1.006s] -- Up-to-date: /home/abd/exp_ws/src/install/crazyflie_examples/share/ament_index/resource_index/packages/crazyflie_examples
[1.006s] -- Up-to-date: /home/abd/exp_ws/src/install/crazyflie_examples/share/crazyflie_examples/cmake/crazyflie_examplesConfig.cmake
[1.006s] -- Up-to-date: /home/abd/exp_ws/src/install/crazyflie_examples/share/crazyflie_examples/cmake/crazyflie_examplesConfig-version.cmake
[1.006s] -- Up-to-date: /home/abd/exp_ws/src/install/crazyflie_examples/share/crazyflie_examples/package.xml
[1.011s] Invoked command in '/home/abd/exp_ws/src/build/crazyflie_examples' returned '0': AMENT_PREFIX_PATH=/home/abd/exp_ws/src/install/crazyflie_py:/home/abd/exp_ws/src/install/motion_capture_tracking:/home/abd/exp_ws/src/install/crazyflie:/home/abd/exp_ws/src/install/motion_capture_tracking_interfaces:/home/abd/exp_ws/src/install/crazyflie_sim:/home/abd/exp_ws/src/install/crazyflie_examples:/home/abd/exp_ws/src/install/crazyflie_interfaces:/home/abd/exp_ws/install/motion_capture_tracking:/home/abd/exp_ws/install/crazyflie:/home/abd/exp_ws/install/motion_capture_tracking_interfaces:/home/abd/exp_ws/install/crazyflie_sim:/home/abd/exp_ws/install/crazyflie_examples:/home/abd/exp_ws/install/crazyflie_py:/home/abd/exp_ws/install/crazyflie_interfaces:/opt/ros/humble CMAKE_PREFIX_PATH=/home/abd/exp_ws/src/install/crazyflie_interfaces:/home/abd/exp_ws/src/install/motion_capture_tracking:/home/abd/exp_ws/src/install/crazyflie:/home/abd/exp_ws/src/install/motion_capture_tracking_interfaces:/home/abd/exp_ws/src/install/crazyflie_sim:/home/abd/exp_ws/src/install/crazyflie_examples:/home/abd/exp_ws/install/motion_capture_tracking:/home/abd/exp_ws/install/crazyflie:/home/abd/exp_ws/install/motion_capture_tracking_interfaces:/home/abd/exp_ws/install/crazyflie_sim:/home/abd/exp_ws/install/crazyflie_examples:/home/abd/exp_ws/install/crazyflie_interfaces:/home/abd/exp_ws/src/install/crazyflie_py:/home/abd/exp_ws/install/crazyflie_py:/opt/ros/humble LD_LIBRARY_PATH=/home/abd/exp_ws/src/install/crazyflie_interfaces/lib:/home/abd/exp_ws/src/install/motion_capture_tracking_interfaces/lib:/home/abd/exp_ws/install/motion_capture_tracking_interfaces/lib:/home/abd/exp_ws/install/crazyflie_interfaces/lib:/usr/lib/x86_64-linux-gnu/gazebo-11/plugins:/opt/ros/humble/opt/rviz_ogre_vendor/lib:/opt/ros/humble/lib/x86_64-linux-gnu:/opt/ros/humble/lib PYTHONPATH=/home/abd/exp_ws/src/install/crazyflie_py/lib/python3.10/site-packages:/home/abd/exp_ws/src/install/motion_capture_tracking_interfaces/local/lib/python3.10/dist-packages:/home/abd/exp_ws/src/install/crazyflie_sim/local/lib/python3.10/dist-packages:/home/abd/exp_ws/src/install/crazyflie_examples/local/lib/python3.10/dist-packages:/home/abd/exp_ws/src/install/crazyflie_interfaces/local/lib/python3.10/dist-packages:/home/abd/exp_ws/install/motion_capture_tracking_interfaces/local/lib/python3.10/dist-packages:/home/abd/exp_ws/install/crazyflie_sim/local/lib/python3.10/dist-packages:/home/abd/exp_ws/install/crazyflie_examples/local/lib/python3.10/dist-packages:/home/abd/exp_ws/install/crazyflie_py/lib/python3.10/site-packages:/home/abd/exp_ws/install/crazyflie_interfaces/local/lib/python3.10/dist-packages:/opt/ros/humble/lib/python3.10/site-packages:/opt/ros/humble/local/lib/python3.10/dist-packages /usr/bin/cmake --install /home/abd/exp_ws/src/build/crazyflie_examples
