[0.429s] Invoking command in '/home/abd/exp_ws/src/build/crazyflie': AMENT_PREFIX_PATH=/home/abd/exp_ws/src/install/motion_capture_tracking_interfaces:/home/abd/exp_ws/src/install/crazyflie_interfaces:${AMENT_PREFIX_PATH} CMAKE_PREFIX_PATH=/home/abd/exp_ws/src/install/motion_capture_tracking_interfaces:/home/abd/exp_ws/src/install/crazyflie_interfaces:/opt/ros/humble LD_LIBRARY_PATH=/home/abd/exp_ws/src/install/motion_capture_tracking_interfaces/lib:/home/abd/exp_ws/src/install/crazyflie_interfaces/lib:${LD_LIBRARY_PATH} PYTHONPATH=/home/abd/exp_ws/src/install/motion_capture_tracking_interfaces/local/lib/python3.10/dist-packages:/home/abd/exp_ws/src/install/crazyflie_interfaces/local/lib/python3.10/dist-packages:${PYTHONPATH} /usr/bin/cmake /home/abd/exp_ws/src/crazyswarm2/crazyflie -DCMAKE_INSTALL_PREFIX=/home/abd/exp_ws/src/install/crazyflie
[0.509s] -- The C compiler identification is GNU 11.4.0
[0.576s] -- The CXX compiler identification is GNU 11.4.0
[0.585s] -- Detecting C compiler ABI info
[0.667s] -- Detecting C compiler ABI info - done
[0.675s] -- Check for working C compiler: /usr/bin/cc - skipped
[0.675s] -- Detecting C compile features
[0.676s] -- Detecting C compile features - done
[0.679s] -- Detecting CXX compiler ABI info
[0.776s] -- Detecting CXX compiler ABI info - done
[0.788s] -- Check for working CXX compiler: /usr/bin/c++ - skipped
[0.788s] -- Detecting CXX compile features
[0.789s] -- Detecting CXX compile features - done
[0.794s] -- Found ament_cmake: 1.3.5 (/opt/ros/humble/share/ament_cmake/cmake)
[0.984s] -- Found Python3: /usr/bin/python3.10 (found version "3.10.12") found components: Interpreter 
[1.084s] -- Found rclcpp: 16.0.6 (/opt/ros/humble/share/rclcpp/cmake)
[1.135s] -- Found rosidl_generator_c: 3.1.5 (/opt/ros/humble/share/rosidl_generator_c/cmake)
[1.141s] -- Found rosidl_adapter: 3.1.5 (/opt/ros/humble/share/rosidl_adapter/cmake)
[1.150s] -- Found rosidl_generator_cpp: 3.1.5 (/opt/ros/humble/share/rosidl_generator_cpp/cmake)
[1.165s] -- Using all available rosidl_typesupport_c: rosidl_typesupport_fastrtps_c;rosidl_typesupport_introspection_c
[1.185s] -- Using all available rosidl_typesupport_cpp: rosidl_typesupport_fastrtps_cpp;rosidl_typesupport_introspection_cpp
[1.265s] -- Found rmw_implementation_cmake: 6.1.1 (/opt/ros/humble/share/rmw_implementation_cmake/cmake)
[1.268s] -- Found rmw_fastrtps_cpp: 6.2.4 (/opt/ros/humble/share/rmw_fastrtps_cpp/cmake)
[1.412s] -- Found OpenSSL: /usr/lib/x86_64-linux-gnu/libcrypto.so (found version "3.0.2")  
[1.453s] -- Found FastRTPS: /opt/ros/humble/include  
[1.561s] -- Using RMW implementation 'rmw_fastrtps_cpp' as default
[1.582s] -- Looking for pthread.h
[1.799s] -- Looking for pthread.h - found
[1.800s] -- Performing Test CMAKE_HAVE_LIBC_PTHREAD
[2.044s] -- Performing Test CMAKE_HAVE_LIBC_PTHREAD - Success
[2.046s] -- Found Threads: TRUE  
[2.413s] -- Found tf2_ros: 0.25.4 (/opt/ros/humble/share/tf2_ros/cmake)
[3.344s] -- Found rclpy: 3.3.10 (/opt/ros/humble/share/rclpy/cmake)
[3.350s] -- Found std_srvs: 4.2.3 (/opt/ros/humble/share/std_srvs/cmake)
[3.442s] -- Found sensor_msgs: 4.2.3 (/opt/ros/humble/share/sensor_msgs/cmake)
[3.626s] -- Found crazyflie_interfaces: 2.0.0 (/home/abd/exp_ws/src/install/crazyflie_interfaces/share/crazyflie_interfaces/cmake)
[3.868s] -- Found motion_capture_tracking_interfaces: 1.0.0 (/home/abd/exp_ws/src/install/motion_capture_tracking_interfaces/share/motion_capture_tracking_interfaces/cmake)
[4.144s] -- Found Boost: /usr/lib/x86_64-linux-gnu/cmake/Boost-1.74.0/BoostConfig.cmake (found version "1.74.0") found components: program_options 
[4.159s] -- Found libusb: /usr/lib/x86_64-linux-gnu/libusb-1.0.so  
[4.368s] -- Configuring done
[4.480s] -- Generating done
[4.486s] -- Build files have been written to: /home/abd/exp_ws/src/build/crazyflie
[4.534s] Invoked command in '/home/abd/exp_ws/src/build/crazyflie' returned '0': AMENT_PREFIX_PATH=/home/abd/exp_ws/src/install/motion_capture_tracking_interfaces:/home/abd/exp_ws/src/install/crazyflie_interfaces:${AMENT_PREFIX_PATH} CMAKE_PREFIX_PATH=/home/abd/exp_ws/src/install/motion_capture_tracking_interfaces:/home/abd/exp_ws/src/install/crazyflie_interfaces:/opt/ros/humble LD_LIBRARY_PATH=/home/abd/exp_ws/src/install/motion_capture_tracking_interfaces/lib:/home/abd/exp_ws/src/install/crazyflie_interfaces/lib:${LD_LIBRARY_PATH} PYTHONPATH=/home/abd/exp_ws/src/install/motion_capture_tracking_interfaces/local/lib/python3.10/dist-packages:/home/abd/exp_ws/src/install/crazyflie_interfaces/local/lib/python3.10/dist-packages:${PYTHONPATH} /usr/bin/cmake /home/abd/exp_ws/src/crazyswarm2/crazyflie -DCMAKE_INSTALL_PREFIX=/home/abd/exp_ws/src/install/crazyflie
[4.535s] Invoking command in '/home/abd/exp_ws/src/build/crazyflie': AMENT_PREFIX_PATH=/home/abd/exp_ws/src/install/motion_capture_tracking_interfaces:/home/abd/exp_ws/src/install/crazyflie_interfaces:${AMENT_PREFIX_PATH} CMAKE_PREFIX_PATH=/home/abd/exp_ws/src/install/motion_capture_tracking_interfaces:/home/abd/exp_ws/src/install/crazyflie_interfaces:/opt/ros/humble LD_LIBRARY_PATH=/home/abd/exp_ws/src/install/motion_capture_tracking_interfaces/lib:/home/abd/exp_ws/src/install/crazyflie_interfaces/lib:${LD_LIBRARY_PATH} PYTHONPATH=/home/abd/exp_ws/src/install/motion_capture_tracking_interfaces/local/lib/python3.10/dist-packages:/home/abd/exp_ws/src/install/crazyflie_interfaces/local/lib/python3.10/dist-packages:${PYTHONPATH} /usr/bin/cmake --build /home/abd/exp_ws/src/build/crazyflie -- -j12 -l12
[4.762s] [  2%] [32mBuilding CXX object deps/crazyflie_tools/crazyflie_cpp/crazyflie-link-cpp/CMakeFiles/crazyflieLinkCpp.dir/src/USBManager.cpp.o[0m
[4.796s] [  5%] [32mBuilding CXX object deps/crazyflie_tools/crazyflie_cpp/crazyflie-link-cpp/CMakeFiles/crazyflieLinkCpp.dir/src/Crazyradio.cpp.o[0m
[4.798s] [  7%] [32mBuilding CXX object deps/crazyflie_tools/crazyflie_cpp/crazyflie-link-cpp/CMakeFiles/crazyflieLinkCpp.dir/src/Connection.cpp.o[0m
[4.822s] [ 10%] [32mBuilding CXX object deps/crazyflie_tools/crazyflie_cpp/crazyflie-link-cpp/CMakeFiles/crazyflieLinkCpp.dir/src/Version.cpp.o[0m
[4.822s] [ 12%] [32mBuilding CXX object CMakeFiles/teleop.dir/src/teleop.cpp.o[0m
[4.822s] [ 15%] [32mBuilding CXX object deps/crazyflie_tools/crazyflie_cpp/crazyflie-link-cpp/CMakeFiles/crazyflieLinkCpp.dir/src/CrazyflieUSBThread.cpp.o[0m
[4.822s] [ 17%] [32mBuilding CXX object deps/crazyflie_tools/crazyflie_cpp/crazyflie-link-cpp/CMakeFiles/crazyflieLinkCpp.dir/src/USBDevice.cpp.o[0m
[4.838s] [ 20%] [32mBuilding CXX object deps/crazyflie_tools/crazyflie_cpp/crazyflie-link-cpp/CMakeFiles/crazyflieLinkCpp.dir/src/CrazyradioThread.cpp.o[0m
[4.843s] [ 22%] [32mBuilding CXX object deps/crazyflie_tools/crazyflie_cpp/crazyflie-link-cpp/CMakeFiles/crazyflieLinkCpp.dir/src/CrazyflieUSB.cpp.o[0m
[10.138s] [ 25%] [32m[1mLinking CXX static library libcrazyflieLinkCpp.a[0m
[10.267s] [ 25%] Built target crazyflieLinkCpp
[10.302s] [ 27%] [32mBuilding CXX object deps/crazyflie_tools/crazyflie_cpp/CMakeFiles/crazyflie_cpp.dir/src/Crazyflie.cpp.o[0m
[10.303s] [ 30%] [32mBuilding CXX object deps/crazyflie_tools/crazyflie_cpp/CMakeFiles/crazyflie_cpp.dir/src/crtp.cpp.o[0m
[13.481s] [ 32%] [32m[1mLinking CXX static library libcrazyflie_cpp.a[0m
[13.606s] [ 32%] Built target crazyflie_cpp
[13.645s] [ 35%] [32mBuilding CXX object CMakeFiles/crazyflie_server.dir/src/crazyflie_server.cpp.o[0m
[13.647s] [ 37%] [32mBuilding CXX object deps/crazyflie_tools/CMakeFiles/listLogVariables.dir/src/listLogVariables.cpp.o[0m
[13.651s] [ 40%] [32mBuilding CXX object deps/crazyflie_tools/CMakeFiles/scan.dir/src/scan.cpp.o[0m
[13.652s] [ 42%] [32mBuilding CXX object deps/crazyflie_tools/CMakeFiles/listParams.dir/src/listParams.cpp.o[0m
[13.655s] [ 45%] [32mBuilding CXX object deps/crazyflie_tools/CMakeFiles/listMemories.dir/src/listMemories.cpp.o[0m
[13.659s] [ 47%] [32mBuilding CXX object deps/crazyflie_tools/CMakeFiles/reboot.dir/src/reboot.cpp.o[0m
[13.664s] [ 50%] [32mBuilding CXX object deps/crazyflie_tools/CMakeFiles/console.dir/src/console.cpp.o[0m
[13.665s] [ 52%] [32mBuilding CXX object deps/crazyflie_tools/CMakeFiles/comCheck.dir/src/comCheck.cpp.o[0m
[13.665s] [ 55%] [32mBuilding CXX object deps/crazyflie_tools/CMakeFiles/log.dir/src/log.cpp.o[0m
[13.667s] [ 57%] [32mBuilding CXX object deps/crazyflie_tools/CMakeFiles/battery.dir/src/battery.cpp.o[0m
[13.670s] [ 60%] [32mBuilding CXX object deps/crazyflie_tools/CMakeFiles/version.dir/src/version.cpp.o[0m
[17.194s] [ 62%] [32m[1mLinking CXX executable console[0m
[17.223s] [ 65%] [32m[1mLinking CXX executable listParams[0m
[17.262s] [ 67%] [32m[1mLinking CXX executable listMemories[0m
[17.281s] [ 70%] [32m[1mLinking CXX executable listLogVariables[0m
[17.630s] [ 72%] [32m[1mLinking CXX executable version[0m
[17.689s] [ 75%] [32m[1mLinking CXX executable reboot[0m
[17.840s] [ 77%] [32m[1mLinking CXX executable scan[0m
[17.859s] [ 77%] Built target listParams
[17.877s] [ 77%] Built target console
[17.924s] [ 77%] Built target listLogVariables
[17.943s] [ 80%] [32mBuilding CXX object deps/crazyflie_tools/CMakeFiles/setParam.dir/src/setParam.cpp.o[0m
[17.952s] [ 82%] [32mBuilding CXX object deps/crazyflie_tools/CMakeFiles/downloadUSDLogfile.dir/src/downloadUSDLogfile.cpp.o[0m
[18.090s] [ 82%] Built target listMemories
[18.310s] [ 82%] Built target version
[18.343s] [ 85%] [32m[1mLinking CXX executable comCheck[0m
[18.357s] [ 85%] Built target reboot
[18.383s] [ 85%] Built target scan
[18.411s] [ 87%] [32m[1mLinking CXX executable battery[0m
[18.557s] [ 90%] [32m[1mLinking CXX executable log[0m
[18.848s] [ 90%] Built target battery
[18.860s] [ 90%] Built target comCheck
[19.030s] [ 90%] Built target log
[20.598s] [ 92%] [32m[1mLinking CXX executable downloadUSDLogfile[0m
[21.173s] [ 92%] Built target downloadUSDLogfile
[21.491s] [ 95%] [32m[1mLinking CXX executable setParam[0m
[21.994s] [ 95%] Built target setParam
[28.163s] [ 97%] [32m[1mLinking CXX executable teleop[0m
[29.188s] [ 97%] Built target teleop
[44.540s] [100%] [32m[1mLinking CXX executable crazyflie_server[0m
[46.789s] [100%] Built target crazyflie_server
[46.808s] Invoked command in '/home/abd/exp_ws/src/build/crazyflie' returned '0': AMENT_PREFIX_PATH=/home/abd/exp_ws/src/install/motion_capture_tracking_interfaces:/home/abd/exp_ws/src/install/crazyflie_interfaces:${AMENT_PREFIX_PATH} CMAKE_PREFIX_PATH=/home/abd/exp_ws/src/install/motion_capture_tracking_interfaces:/home/abd/exp_ws/src/install/crazyflie_interfaces:/opt/ros/humble LD_LIBRARY_PATH=/home/abd/exp_ws/src/install/motion_capture_tracking_interfaces/lib:/home/abd/exp_ws/src/install/crazyflie_interfaces/lib:${LD_LIBRARY_PATH} PYTHONPATH=/home/abd/exp_ws/src/install/motion_capture_tracking_interfaces/local/lib/python3.10/dist-packages:/home/abd/exp_ws/src/install/crazyflie_interfaces/local/lib/python3.10/dist-packages:${PYTHONPATH} /usr/bin/cmake --build /home/abd/exp_ws/src/build/crazyflie -- -j12 -l12
[46.910s] Invoking command in '/home/abd/exp_ws/src/build/crazyflie': AMENT_PREFIX_PATH=/home/abd/exp_ws/src/install/motion_capture_tracking_interfaces:/home/abd/exp_ws/src/install/crazyflie_interfaces:${AMENT_PREFIX_PATH} CMAKE_PREFIX_PATH=/home/abd/exp_ws/src/install/motion_capture_tracking_interfaces:/home/abd/exp_ws/src/install/crazyflie_interfaces:/opt/ros/humble LD_LIBRARY_PATH=/home/abd/exp_ws/src/install/motion_capture_tracking_interfaces/lib:/home/abd/exp_ws/src/install/crazyflie_interfaces/lib:${LD_LIBRARY_PATH} PYTHONPATH=/home/abd/exp_ws/src/install/motion_capture_tracking_interfaces/local/lib/python3.10/dist-packages:/home/abd/exp_ws/src/install/crazyflie_interfaces/local/lib/python3.10/dist-packages:${PYTHONPATH} /usr/bin/cmake --install /home/abd/exp_ws/src/build/crazyflie
[46.918s] -- Install configuration: ""
[46.918s] -- Installing: /home/abd/exp_ws/src/install/crazyflie/lib/crazyflie/comCheck
[46.921s] -- Installing: /home/abd/exp_ws/src/install/crazyflie/lib/crazyflie/scan
[46.923s] -- Installing: /home/abd/exp_ws/src/install/crazyflie/lib/crazyflie/listParams
[46.926s] -- Installing: /home/abd/exp_ws/src/install/crazyflie/lib/crazyflie/listLogVariables
[46.928s] -- Installing: /home/abd/exp_ws/src/install/crazyflie/lib/crazyflie/listMemories
[46.931s] -- Installing: /home/abd/exp_ws/src/install/crazyflie/lib/crazyflie/reboot
[46.933s] -- Installing: /home/abd/exp_ws/src/install/crazyflie/lib/crazyflie/battery
[46.936s] -- Installing: /home/abd/exp_ws/src/install/crazyflie/lib/crazyflie/version
[46.938s] -- Installing: /home/abd/exp_ws/src/install/crazyflie/lib/crazyflie/console
[46.941s] -- Installing: /home/abd/exp_ws/src/install/crazyflie/lib/crazyflie/log
[46.946s] -- Installing: /home/abd/exp_ws/src/install/crazyflie/lib/crazyflie/setParam
[46.946s] -- Installing: /home/abd/exp_ws/src/install/crazyflie/lib/crazyflie/downloadUSDLogfile
[46.949s] -- Installing: /home/abd/exp_ws/src/install/crazyflie/lib/crazyflie/teleop
[46.958s] -- Set runtime path of "/home/abd/exp_ws/src/install/crazyflie/lib/crazyflie/teleop" to ""
[46.959s] -- Installing: /home/abd/exp_ws/src/install/crazyflie/lib/crazyflie/crazyflie_server
[46.979s] -- Set runtime path of "/home/abd/exp_ws/src/install/crazyflie/lib/crazyflie/crazyflie_server" to ""
[46.979s] -- Installing: /home/abd/exp_ws/src/install/crazyflie/lib/crazyflie/crazyflie_server.py
[46.980s] -- Installing: /home/abd/exp_ws/src/install/crazyflie/lib/crazyflie/chooser.py
[46.980s] -- Installing: /home/abd/exp_ws/src/install/crazyflie/lib/crazyflie/vel_mux.py
[46.980s] -- Installing: /home/abd/exp_ws/src/install/crazyflie/lib/crazyflie/cfmult.py
[46.980s] -- Installing: /home/abd/exp_ws/src/install/crazyflie/lib/crazyflie/simple_mapper_multiranger.py
[46.980s] -- Installing: /home/abd/exp_ws/src/install/crazyflie/share/crazyflie//launch
[46.980s] -- Installing: /home/abd/exp_ws/src/install/crazyflie/share/crazyflie//launch/launch_teleop2.py
[46.980s] -- Installing: /home/abd/exp_ws/src/install/crazyflie/share/crazyflie//launch/launch.py
[46.981s] -- Installing: /home/abd/exp_ws/src/install/crazyflie/share/crazyflie//launch/teleop_launch.py
[46.981s] -- Installing: /home/abd/exp_ws/src/install/crazyflie/share/crazyflie//config
[46.981s] -- Installing: /home/abd/exp_ws/src/install/crazyflie/share/crazyflie//config/crazyflies.yaml
[46.981s] -- Installing: /home/abd/exp_ws/src/install/crazyflie/share/crazyflie//config/config.rviz
[46.981s] -- Installing: /home/abd/exp_ws/src/install/crazyflie/share/crazyflie//config/motion_capture.yaml
[46.981s] -- Installing: /home/abd/exp_ws/src/install/crazyflie/share/crazyflie//config/server.yaml
[46.981s] -- Installing: /home/abd/exp_ws/src/install/crazyflie/share/crazyflie//config/teleop.yaml
[46.981s] -- Installing: /home/abd/exp_ws/src/install/crazyflie/share/ament_index/resource_index/package_run_dependencies/crazyflie
[46.982s] -- Installing: /home/abd/exp_ws/src/install/crazyflie/share/ament_index/resource_index/parent_prefix_path/crazyflie
[46.982s] -- Installing: /home/abd/exp_ws/src/install/crazyflie/share/crazyflie/environment/ament_prefix_path.sh
[46.982s] -- Installing: /home/abd/exp_ws/src/install/crazyflie/share/crazyflie/environment/ament_prefix_path.dsv
[46.982s] -- Installing: /home/abd/exp_ws/src/install/crazyflie/share/crazyflie/environment/path.sh
[46.982s] -- Installing: /home/abd/exp_ws/src/install/crazyflie/share/crazyflie/environment/path.dsv
[46.982s] -- Installing: /home/abd/exp_ws/src/install/crazyflie/share/crazyflie/local_setup.bash
[46.983s] -- Installing: /home/abd/exp_ws/src/install/crazyflie/share/crazyflie/local_setup.sh
[46.983s] -- Installing: /home/abd/exp_ws/src/install/crazyflie/share/crazyflie/local_setup.zsh
[46.983s] -- Installing: /home/abd/exp_ws/src/install/crazyflie/share/crazyflie/local_setup.dsv
[46.983s] -- Installing: /home/abd/exp_ws/src/install/crazyflie/share/crazyflie/package.dsv
[46.983s] -- Installing: /home/abd/exp_ws/src/install/crazyflie/share/ament_index/resource_index/packages/crazyflie
[46.983s] -- Installing: /home/abd/exp_ws/src/install/crazyflie/share/crazyflie/cmake/crazyflieConfig.cmake
[46.983s] -- Installing: /home/abd/exp_ws/src/install/crazyflie/share/crazyflie/cmake/crazyflieConfig-version.cmake
[46.984s] -- Installing: /home/abd/exp_ws/src/install/crazyflie/share/crazyflie/package.xml
[46.987s] Invoked command in '/home/abd/exp_ws/src/build/crazyflie' returned '0': AMENT_PREFIX_PATH=/home/abd/exp_ws/src/install/motion_capture_tracking_interfaces:/home/abd/exp_ws/src/install/crazyflie_interfaces:${AMENT_PREFIX_PATH} CMAKE_PREFIX_PATH=/home/abd/exp_ws/src/install/motion_capture_tracking_interfaces:/home/abd/exp_ws/src/install/crazyflie_interfaces:/opt/ros/humble LD_LIBRARY_PATH=/home/abd/exp_ws/src/install/motion_capture_tracking_interfaces/lib:/home/abd/exp_ws/src/install/crazyflie_interfaces/lib:${LD_LIBRARY_PATH} PYTHONPATH=/home/abd/exp_ws/src/install/motion_capture_tracking_interfaces/local/lib/python3.10/dist-packages:/home/abd/exp_ws/src/install/crazyflie_interfaces/local/lib/python3.10/dist-packages:${PYTHONPATH} /usr/bin/cmake --install /home/abd/exp_ws/src/build/crazyflie
