/home/abd/exp_ws/src/install/NEW_description/lib/python3.10/site-packages/NEW_description/__init__.py
/home/abd/exp_ws/src/install/NEW_description/lib/python3.10/site-packages/NEW_description/__pycache__/__init__.cpython-310.pyc
/home/abd/exp_ws/src/install/NEW_description/share/ament_index/resource_index/packages/NEW_description
/home/abd/exp_ws/src/install/NEW_description/share/NEW_description/package.xml
/home/abd/exp_ws/src/install/NEW_description/share/NEW_description/launch/display.launch.py
/home/abd/exp_ws/src/install/NEW_description/share/NEW_description/launch/gazebo.launch.py
/home/abd/exp_ws/src/install/NEW_description/share/NEW_description/urdf/NEW.trans
/home/abd/exp_ws/src/install/NEW_description/share/NEW_description/urdf/materials.xacro
/home/abd/exp_ws/src/install/NEW_description/share/NEW_description/urdf/NEW.xacro
/home/abd/exp_ws/src/install/NEW_description/share/NEW_description/urdf/NEW.gazebo
/home/abd/exp_ws/src/install/NEW_description/share/NEW_description/meshes/right_front_wheel__1.stl
/home/abd/exp_ws/src/install/NEW_description/share/NEW_description/meshes/base_link.stl
/home/abd/exp_ws/src/install/NEW_description/share/NEW_description/meshes/rfid_holder_1.stl
/home/abd/exp_ws/src/install/NEW_description/share/NEW_description/meshes/left_front_wheel_1.stl
/home/abd/exp_ws/src/install/NEW_description/share/NEW_description/meshes/left_back_wheel__1.stl
/home/abd/exp_ws/src/install/NEW_description/share/NEW_description/meshes/right_back_wheel_1.stl
/home/abd/exp_ws/src/install/NEW_description/share/NEW_description/config/display.rviz
/home/abd/exp_ws/src/install/NEW_description/lib/python3.10/site-packages/NEW_description-0.0.0-py3.10.egg-info/zip-safe
/home/abd/exp_ws/src/install/NEW_description/lib/python3.10/site-packages/NEW_description-0.0.0-py3.10.egg-info/entry_points.txt
/home/abd/exp_ws/src/install/NEW_description/lib/python3.10/site-packages/NEW_description-0.0.0-py3.10.egg-info/SOURCES.txt
/home/abd/exp_ws/src/install/NEW_description/lib/python3.10/site-packages/NEW_description-0.0.0-py3.10.egg-info/dependency_links.txt
/home/abd/exp_ws/src/install/NEW_description/lib/python3.10/site-packages/NEW_description-0.0.0-py3.10.egg-info/PKG-INFO
/home/abd/exp_ws/src/install/NEW_description/lib/python3.10/site-packages/NEW_description-0.0.0-py3.10.egg-info/requires.txt
/home/abd/exp_ws/src/install/NEW_description/lib/python3.10/site-packages/NEW_description-0.0.0-py3.10.egg-info/top_level.txt
