[1.066s] Invoking command in '/home/abd/exp_ws/src/crazyswarm2/UGV': PYTHONPATH=/home/abd/exp_ws/src/build/NEW_description/prefix_override:/home/abd/exp_ws/src/install/NEW_description/lib/python3.10/site-packages:${PYTHONPATH} /usr/bin/python3 setup.py egg_info --egg-base ../../build/NEW_description build --build-base /home/abd/exp_ws/src/build/NEW_description/build install --record /home/abd/exp_ws/src/build/NEW_description/install.log --install-scripts $base/lib/NEW_description --single-version-externally-managed
[1.343s] /home/abd/.local/lib/python3.10/site-packages/setuptools/dist.py:717: UserWarning: Usage of dash-separated 'script-dir' will not be supported in future versions. Please use the underscore name 'script_dir' instead
[1.343s]   warnings.warn(
[1.371s] running egg_info
[1.372s] writing ../../build/NEW_description/NEW_description.egg-info/PKG-INFO
[1.372s] writing dependency_links to ../../build/NEW_description/NEW_description.egg-info/dependency_links.txt
[1.372s] writing entry points to ../../build/NEW_description/NEW_description.egg-info/entry_points.txt
[1.372s] writing requirements to ../../build/NEW_description/NEW_description.egg-info/requires.txt
[1.372s] writing top-level names to ../../build/NEW_description/NEW_description.egg-info/top_level.txt
[1.374s] reading manifest file '../../build/NEW_description/NEW_description.egg-info/SOURCES.txt'
[1.375s] writing manifest file '../../build/NEW_description/NEW_description.egg-info/SOURCES.txt'
[1.375s] running build
[1.376s] running build_py
[1.376s] running install
[1.376s] running install_lib
[1.377s] running install_data
[1.378s] running install_egg_info
[1.380s] removing '/home/abd/exp_ws/src/install/NEW_description/lib/python3.10/site-packages/NEW_description-0.0.0-py3.10.egg-info' (and everything under it)
[1.381s] Copying ../../build/NEW_description/NEW_description.egg-info to /home/abd/exp_ws/src/install/NEW_description/lib/python3.10/site-packages/NEW_description-0.0.0-py3.10.egg-info
[1.381s] running install_scripts
[1.402s] writing list of installed files to '/home/abd/exp_ws/src/build/NEW_description/install.log'
[1.466s] Invoked command in '/home/abd/exp_ws/src/crazyswarm2/UGV' returned '0': PYTHONPATH=/home/abd/exp_ws/src/build/NEW_description/prefix_override:/home/abd/exp_ws/src/install/NEW_description/lib/python3.10/site-packages:${PYTHONPATH} /usr/bin/python3 setup.py egg_info --egg-base ../../build/NEW_description build --build-base /home/abd/exp_ws/src/build/NEW_description/build install --record /home/abd/exp_ws/src/build/NEW_description/install.log --install-scripts $base/lib/NEW_description --single-version-externally-managed
