[0.137s] Invoking command in '/home/abd/exp_ws/src/build/motion_capture_tracking': CMAKE_PREFIX_PATH=/home/abd/exp_ws/src/install/motion_capture_tracking_interfaces:/home/abd/exp_ws/src/install/motion_capture_tracking:/home/abd/exp_ws/src/install/crazyflie:/home/abd/exp_ws/src/install/crazyflie_sim:/home/abd/exp_ws/src/install/crazyflie_examples:/home/abd/exp_ws/src/install/crazyflie_interfaces:/home/abd/exp_ws/install/motion_capture_tracking:/home/abd/exp_ws/install/crazyflie:/home/abd/exp_ws/install/motion_capture_tracking_interfaces:/home/abd/exp_ws/install/crazyflie_sim:/home/abd/exp_ws/install/crazyflie_examples:/home/abd/exp_ws/install/crazyflie_interfaces:/home/abd/exp_ws/src/install/crazyflie_py:/home/abd/exp_ws/install/crazyflie_py:/opt/ros/humble /usr/bin/cmake --build /home/abd/exp_ws/src/build/motion_capture_tracking -- -j12 -l12
[0.285s] [  8%] Built target quat
[0.296s] [ 16%] Built target qualisys_cpp_sdk
[0.342s] [ 62%] Built target vrpn
[0.352s] [ 66%] Built target librigidbodytracker
[0.364s] [ 83%] Built target ViconDataStreamSDK_CPP
[0.429s] [ 96%] Built target libmotioncapture
[0.502s] [100%] Built target motion_capture_tracking_node
[0.526s] Invoked command in '/home/abd/exp_ws/src/build/motion_capture_tracking' returned '0': CMAKE_PREFIX_PATH=/home/abd/exp_ws/src/install/motion_capture_tracking_interfaces:/home/abd/exp_ws/src/install/motion_capture_tracking:/home/abd/exp_ws/src/install/crazyflie:/home/abd/exp_ws/src/install/crazyflie_sim:/home/abd/exp_ws/src/install/crazyflie_examples:/home/abd/exp_ws/src/install/crazyflie_interfaces:/home/abd/exp_ws/install/motion_capture_tracking:/home/abd/exp_ws/install/crazyflie:/home/abd/exp_ws/install/motion_capture_tracking_interfaces:/home/abd/exp_ws/install/crazyflie_sim:/home/abd/exp_ws/install/crazyflie_examples:/home/abd/exp_ws/install/crazyflie_interfaces:/home/abd/exp_ws/src/install/crazyflie_py:/home/abd/exp_ws/install/crazyflie_py:/opt/ros/humble /usr/bin/cmake --build /home/abd/exp_ws/src/build/motion_capture_tracking -- -j12 -l12
[0.641s] Invoking command in '/home/abd/exp_ws/src/build/motion_capture_tracking': CMAKE_PREFIX_PATH=/home/abd/exp_ws/src/install/motion_capture_tracking_interfaces:/home/abd/exp_ws/src/install/motion_capture_tracking:/home/abd/exp_ws/src/install/crazyflie:/home/abd/exp_ws/src/install/crazyflie_sim:/home/abd/exp_ws/src/install/crazyflie_examples:/home/abd/exp_ws/src/install/crazyflie_interfaces:/home/abd/exp_ws/install/motion_capture_tracking:/home/abd/exp_ws/install/crazyflie:/home/abd/exp_ws/install/motion_capture_tracking_interfaces:/home/abd/exp_ws/install/crazyflie_sim:/home/abd/exp_ws/install/crazyflie_examples:/home/abd/exp_ws/install/crazyflie_interfaces:/home/abd/exp_ws/src/install/crazyflie_py:/home/abd/exp_ws/install/crazyflie_py:/opt/ros/humble /usr/bin/cmake --install /home/abd/exp_ws/src/build/motion_capture_tracking
[0.654s] -- Install configuration: ""
[0.655s] -- Up-to-date: /home/abd/exp_ws/src/install/motion_capture_tracking/lib/motion_capture_tracking/motion_capture_tracking_node
[0.655s] -- Up-to-date: /home/abd/exp_ws/src/install/motion_capture_tracking/share/motion_capture_tracking//launch
[0.656s] -- Up-to-date: /home/abd/exp_ws/src/install/motion_capture_tracking/share/motion_capture_tracking//launch/launch.py
[0.656s] -- Up-to-date: /home/abd/exp_ws/src/install/motion_capture_tracking/share/motion_capture_tracking//launch/node.launch
[0.656s] -- Up-to-date: /home/abd/exp_ws/src/install/motion_capture_tracking/share/motion_capture_tracking//config
[0.656s] -- Up-to-date: /home/abd/exp_ws/src/install/motion_capture_tracking/share/motion_capture_tracking//config/rviz.rviz
[0.657s] -- Up-to-date: /home/abd/exp_ws/src/install/motion_capture_tracking/share/motion_capture_tracking//config/cfg.yaml
[0.657s] -- Up-to-date: /home/abd/exp_ws/src/install/motion_capture_tracking/share/ament_index/resource_index/package_run_dependencies/motion_capture_tracking
[0.657s] -- Up-to-date: /home/abd/exp_ws/src/install/motion_capture_tracking/share/ament_index/resource_index/parent_prefix_path/motion_capture_tracking
[0.657s] -- Up-to-date: /home/abd/exp_ws/src/install/motion_capture_tracking/share/motion_capture_tracking/environment/ament_prefix_path.sh
[0.657s] -- Up-to-date: /home/abd/exp_ws/src/install/motion_capture_tracking/share/motion_capture_tracking/environment/ament_prefix_path.dsv
[0.657s] -- Up-to-date: /home/abd/exp_ws/src/install/motion_capture_tracking/share/motion_capture_tracking/environment/path.sh
[0.657s] -- Up-to-date: /home/abd/exp_ws/src/install/motion_capture_tracking/share/motion_capture_tracking/environment/path.dsv
[0.658s] -- Up-to-date: /home/abd/exp_ws/src/install/motion_capture_tracking/share/motion_capture_tracking/local_setup.bash
[0.658s] -- Up-to-date: /home/abd/exp_ws/src/install/motion_capture_tracking/share/motion_capture_tracking/local_setup.sh
[0.658s] -- Up-to-date: /home/abd/exp_ws/src/install/motion_capture_tracking/share/motion_capture_tracking/local_setup.zsh
[0.658s] -- Up-to-date: /home/abd/exp_ws/src/install/motion_capture_tracking/share/motion_capture_tracking/local_setup.dsv
[0.658s] -- Installing: /home/abd/exp_ws/src/install/motion_capture_tracking/share/motion_capture_tracking/package.dsv
[0.658s] -- Up-to-date: /home/abd/exp_ws/src/install/motion_capture_tracking/share/ament_index/resource_index/packages/motion_capture_tracking
[0.658s] -- Up-to-date: /home/abd/exp_ws/src/install/motion_capture_tracking/share/motion_capture_tracking/cmake/motion_capture_trackingConfig.cmake
[0.658s] -- Up-to-date: /home/abd/exp_ws/src/install/motion_capture_tracking/share/motion_capture_tracking/cmake/motion_capture_trackingConfig-version.cmake
[0.659s] -- Up-to-date: /home/abd/exp_ws/src/install/motion_capture_tracking/share/motion_capture_tracking/package.xml
[0.662s] Invoked command in '/home/abd/exp_ws/src/build/motion_capture_tracking' returned '0': CMAKE_PREFIX_PATH=/home/abd/exp_ws/src/install/motion_capture_tracking_interfaces:/home/abd/exp_ws/src/install/motion_capture_tracking:/home/abd/exp_ws/src/install/crazyflie:/home/abd/exp_ws/src/install/crazyflie_sim:/home/abd/exp_ws/src/install/crazyflie_examples:/home/abd/exp_ws/src/install/crazyflie_interfaces:/home/abd/exp_ws/install/motion_capture_tracking:/home/abd/exp_ws/install/crazyflie:/home/abd/exp_ws/install/motion_capture_tracking_interfaces:/home/abd/exp_ws/install/crazyflie_sim:/home/abd/exp_ws/install/crazyflie_examples:/home/abd/exp_ws/install/crazyflie_interfaces:/home/abd/exp_ws/src/install/crazyflie_py:/home/abd/exp_ws/install/crazyflie_py:/opt/ros/humble /usr/bin/cmake --install /home/abd/exp_ws/src/build/motion_capture_tracking
