[0.939s] Invoking command in '/home/abd/exp_ws/src/crazyswarm2/crazyflie_py': AMENT_PREFIX_PATH=/home/abd/exp_ws/src/install/crazyflie_interfaces:${AMENT_PREFIX_PATH} CMAKE_PREFIX_PATH=/home/abd/exp_ws/src/install/crazyflie_interfaces LD_LIBRARY_PATH=/home/abd/exp_ws/src/install/crazyflie_interfaces/lib:${LD_LIBRARY_PATH} PYTHONPATH=/home/abd/exp_ws/src/build/crazyflie_py/prefix_override:/home/abd/exp_ws/src/install/crazyflie_py/lib/python3.10/site-packages:/home/abd/exp_ws/src/install/crazyflie_interfaces/local/lib/python3.10/dist-packages:${PYTHONPATH} /usr/bin/python3 setup.py egg_info --egg-base ../../build/crazyflie_py build --build-base /home/abd/exp_ws/src/build/crazyflie_py/build install --record /home/abd/exp_ws/src/build/crazyflie_py/install.log --single-version-externally-managed
[1.186s] running egg_info
[1.186s] creating ../../build/crazyflie_py/crazyflie_py.egg-info
[1.186s] writing ../../build/crazyflie_py/crazyflie_py.egg-info/PKG-INFO
[1.187s] writing dependency_links to ../../build/crazyflie_py/crazyflie_py.egg-info/dependency_links.txt
[1.187s] writing entry points to ../../build/crazyflie_py/crazyflie_py.egg-info/entry_points.txt
[1.187s] writing requirements to ../../build/crazyflie_py/crazyflie_py.egg-info/requires.txt
[1.187s] writing top-level names to ../../build/crazyflie_py/crazyflie_py.egg-info/top_level.txt
[1.187s] writing manifest file '../../build/crazyflie_py/crazyflie_py.egg-info/SOURCES.txt'
[1.189s] reading manifest file '../../build/crazyflie_py/crazyflie_py.egg-info/SOURCES.txt'
[1.190s] writing manifest file '../../build/crazyflie_py/crazyflie_py.egg-info/SOURCES.txt'
[1.190s] running build
[1.190s] running build_py
[1.190s] creating /home/abd/exp_ws/src/build/crazyflie_py/build
[1.190s] creating /home/abd/exp_ws/src/build/crazyflie_py/build/lib
[1.190s] creating /home/abd/exp_ws/src/build/crazyflie_py/build/lib/crazyflie_py
[1.191s] copying crazyflie_py/joystick.py -> /home/abd/exp_ws/src/build/crazyflie_py/build/lib/crazyflie_py
[1.191s] copying crazyflie_py/__init__.py -> /home/abd/exp_ws/src/build/crazyflie_py/build/lib/crazyflie_py
[1.191s] copying crazyflie_py/keyboard.py -> /home/abd/exp_ws/src/build/crazyflie_py/build/lib/crazyflie_py
[1.191s] copying crazyflie_py/genericJoystick.py -> /home/abd/exp_ws/src/build/crazyflie_py/build/lib/crazyflie_py
[1.191s] copying crazyflie_py/util.py -> /home/abd/exp_ws/src/build/crazyflie_py/build/lib/crazyflie_py
[1.191s] copying crazyflie_py/linuxjsdev.py -> /home/abd/exp_ws/src/build/crazyflie_py/build/lib/crazyflie_py
[1.191s] copying crazyflie_py/crazyflie.py -> /home/abd/exp_ws/src/build/crazyflie_py/build/lib/crazyflie_py
[1.192s] copying crazyflie_py/crazyswarm_py.py -> /home/abd/exp_ws/src/build/crazyflie_py/build/lib/crazyflie_py
[1.192s] copying crazyflie_py/uav_trajectory.py -> /home/abd/exp_ws/src/build/crazyflie_py/build/lib/crazyflie_py
[1.192s] running install
[1.193s] running install_lib
[1.194s] creating /home/abd/exp_ws/src/install/crazyflie_py/lib/python3.10/site-packages/crazyflie_py
[1.194s] copying /home/abd/exp_ws/src/build/crazyflie_py/build/lib/crazyflie_py/joystick.py -> /home/abd/exp_ws/src/install/crazyflie_py/lib/python3.10/site-packages/crazyflie_py
[1.194s] copying /home/abd/exp_ws/src/build/crazyflie_py/build/lib/crazyflie_py/__init__.py -> /home/abd/exp_ws/src/install/crazyflie_py/lib/python3.10/site-packages/crazyflie_py
[1.194s] copying /home/abd/exp_ws/src/build/crazyflie_py/build/lib/crazyflie_py/keyboard.py -> /home/abd/exp_ws/src/install/crazyflie_py/lib/python3.10/site-packages/crazyflie_py
[1.194s] copying /home/abd/exp_ws/src/build/crazyflie_py/build/lib/crazyflie_py/genericJoystick.py -> /home/abd/exp_ws/src/install/crazyflie_py/lib/python3.10/site-packages/crazyflie_py
[1.194s] copying /home/abd/exp_ws/src/build/crazyflie_py/build/lib/crazyflie_py/util.py -> /home/abd/exp_ws/src/install/crazyflie_py/lib/python3.10/site-packages/crazyflie_py
[1.195s] copying /home/abd/exp_ws/src/build/crazyflie_py/build/lib/crazyflie_py/linuxjsdev.py -> /home/abd/exp_ws/src/install/crazyflie_py/lib/python3.10/site-packages/crazyflie_py
[1.195s] copying /home/abd/exp_ws/src/build/crazyflie_py/build/lib/crazyflie_py/crazyflie.py -> /home/abd/exp_ws/src/install/crazyflie_py/lib/python3.10/site-packages/crazyflie_py
[1.195s] copying /home/abd/exp_ws/src/build/crazyflie_py/build/lib/crazyflie_py/crazyswarm_py.py -> /home/abd/exp_ws/src/install/crazyflie_py/lib/python3.10/site-packages/crazyflie_py
[1.195s] copying /home/abd/exp_ws/src/build/crazyflie_py/build/lib/crazyflie_py/uav_trajectory.py -> /home/abd/exp_ws/src/install/crazyflie_py/lib/python3.10/site-packages/crazyflie_py
[1.196s] byte-compiling /home/abd/exp_ws/src/install/crazyflie_py/lib/python3.10/site-packages/crazyflie_py/joystick.py to joystick.cpython-310.pyc
[1.196s] byte-compiling /home/abd/exp_ws/src/install/crazyflie_py/lib/python3.10/site-packages/crazyflie_py/__init__.py to __init__.cpython-310.pyc
[1.196s] byte-compiling /home/abd/exp_ws/src/install/crazyflie_py/lib/python3.10/site-packages/crazyflie_py/keyboard.py to keyboard.cpython-310.pyc
[1.197s] byte-compiling /home/abd/exp_ws/src/install/crazyflie_py/lib/python3.10/site-packages/crazyflie_py/genericJoystick.py to genericJoystick.cpython-310.pyc
[1.198s] byte-compiling /home/abd/exp_ws/src/install/crazyflie_py/lib/python3.10/site-packages/crazyflie_py/util.py to util.cpython-310.pyc
[1.198s] byte-compiling /home/abd/exp_ws/src/install/crazyflie_py/lib/python3.10/site-packages/crazyflie_py/linuxjsdev.py to linuxjsdev.cpython-310.pyc
[1.199s] byte-compiling /home/abd/exp_ws/src/install/crazyflie_py/lib/python3.10/site-packages/crazyflie_py/crazyflie.py to crazyflie.cpython-310.pyc
[1.202s] byte-compiling /home/abd/exp_ws/src/install/crazyflie_py/lib/python3.10/site-packages/crazyflie_py/crazyswarm_py.py to crazyswarm_py.cpython-310.pyc
[1.203s] byte-compiling /home/abd/exp_ws/src/install/crazyflie_py/lib/python3.10/site-packages/crazyflie_py/uav_trajectory.py to uav_trajectory.cpython-310.pyc
[1.204s] running install_data
[1.204s] creating /home/abd/exp_ws/src/install/crazyflie_py/share/ament_index
[1.204s] creating /home/abd/exp_ws/src/install/crazyflie_py/share/ament_index/resource_index
[1.205s] creating /home/abd/exp_ws/src/install/crazyflie_py/share/ament_index/resource_index/packages
[1.205s] copying resource/crazyflie_py -> /home/abd/exp_ws/src/install/crazyflie_py/share/ament_index/resource_index/packages
[1.205s] copying package.xml -> /home/abd/exp_ws/src/install/crazyflie_py/share/crazyflie_py
[1.205s] running install_egg_info
[1.206s] Copying ../../build/crazyflie_py/crazyflie_py.egg-info to /home/abd/exp_ws/src/install/crazyflie_py/lib/python3.10/site-packages/crazyflie_py-2.0.0-py3.10.egg-info
[1.207s] running install_scripts
[1.227s] writing list of installed files to '/home/abd/exp_ws/src/build/crazyflie_py/install.log'
[1.266s] Invoked command in '/home/abd/exp_ws/src/crazyswarm2/crazyflie_py' returned '0': AMENT_PREFIX_PATH=/home/abd/exp_ws/src/install/crazyflie_interfaces:${AMENT_PREFIX_PATH} CMAKE_PREFIX_PATH=/home/abd/exp_ws/src/install/crazyflie_interfaces LD_LIBRARY_PATH=/home/abd/exp_ws/src/install/crazyflie_interfaces/lib:${LD_LIBRARY_PATH} PYTHONPATH=/home/abd/exp_ws/src/build/crazyflie_py/prefix_override:/home/abd/exp_ws/src/install/crazyflie_py/lib/python3.10/site-packages:/home/abd/exp_ws/src/install/crazyflie_interfaces/local/lib/python3.10/dist-packages:${PYTHONPATH} /usr/bin/python3 setup.py egg_info --egg-base ../../build/crazyflie_py build --build-base /home/abd/exp_ws/src/build/crazyflie_py/build install --record /home/abd/exp_ws/src/build/crazyflie_py/install.log --single-version-externally-managed
