[0.619s] Invoking command in '/home/abd/exp_ws/src/build/crazyflie_sim': AMENT_PREFIX_PATH=/home/abd/exp_ws/src/install/crazyflie_interfaces:${AMENT_PREFIX_PATH} CMAKE_PREFIX_PATH=/home/abd/exp_ws/src/install/crazyflie_interfaces:/opt/ros/humble LD_LIBRARY_PATH=/home/abd/exp_ws/src/install/crazyflie_interfaces/lib:${LD_LIBRARY_PATH} PYTHONPATH=/home/abd/exp_ws/src/install/crazyflie_interfaces/local/lib/python3.10/dist-packages:${PYTHONPATH} /usr/bin/cmake --build /home/abd/exp_ws/src/build/crazyflie_sim -- -j12 -l12
[0.730s] Built target ament_cmake_python_copy_crazyflie_sim_setup
[0.745s] Built target ament_cmake_python_copy_crazyflie_sim
[1.178s] running install_scripts
[1.202s] running egg_info
[1.203s] writing crazyflie_sim.egg-info/PKG-INFO
[1.203s] writing dependency_links to crazyflie_sim.egg-info/dependency_links.txt
[1.204s] writing entry points to crazyflie_sim.egg-info/entry_points.txt
[1.204s] writing top-level names to crazyflie_sim.egg-info/top_level.txt
[1.208s] reading manifest file 'crazyflie_sim.egg-info/SOURCES.txt'
[1.209s] writing manifest file 'crazyflie_sim.egg-info/SOURCES.txt'
[1.223s] running egg_info
[1.224s] writing crazyflie_sim.egg-info/PKG-INFO
[1.224s] writing dependency_links to crazyflie_sim.egg-info/dependency_links.txt
[1.225s] writing entry points to crazyflie_sim.egg-info/entry_points.txt
[1.225s] writing top-level names to crazyflie_sim.egg-info/top_level.txt
[1.230s] reading manifest file 'crazyflie_sim.egg-info/SOURCES.txt'
[1.231s] writing manifest file 'crazyflie_sim.egg-info/SOURCES.txt'
[1.234s] Installing crazyflie_server script to scripts
[1.270s] Built target ament_cmake_python_build_crazyflie_sim_egg
[1.307s] Built target ament_cmake_python_build_crazyflie_sim_scripts
[1.328s] Invoked command in '/home/abd/exp_ws/src/build/crazyflie_sim' returned '0': AMENT_PREFIX_PATH=/home/abd/exp_ws/src/install/crazyflie_interfaces:${AMENT_PREFIX_PATH} CMAKE_PREFIX_PATH=/home/abd/exp_ws/src/install/crazyflie_interfaces:/opt/ros/humble LD_LIBRARY_PATH=/home/abd/exp_ws/src/install/crazyflie_interfaces/lib:${LD_LIBRARY_PATH} PYTHONPATH=/home/abd/exp_ws/src/install/crazyflie_interfaces/local/lib/python3.10/dist-packages:${PYTHONPATH} /usr/bin/cmake --build /home/abd/exp_ws/src/build/crazyflie_sim -- -j12 -l12
[1.378s] Invoking command in '/home/abd/exp_ws/src/build/crazyflie_sim': AMENT_PREFIX_PATH=/home/abd/exp_ws/src/install/crazyflie_interfaces:${AMENT_PREFIX_PATH} CMAKE_PREFIX_PATH=/home/abd/exp_ws/src/install/crazyflie_interfaces:/opt/ros/humble LD_LIBRARY_PATH=/home/abd/exp_ws/src/install/crazyflie_interfaces/lib:${LD_LIBRARY_PATH} PYTHONPATH=/home/abd/exp_ws/src/install/crazyflie_interfaces/local/lib/python3.10/dist-packages:${PYTHONPATH} /usr/bin/cmake --install /home/abd/exp_ws/src/build/crazyflie_sim
[1.390s] -- Install configuration: ""
[1.390s] -- Up-to-date: /home/abd/exp_ws/src/install/crazyflie_sim/share/crazyflie_sim/environment/pythonpath.sh
[1.390s] -- Up-to-date: /home/abd/exp_ws/src/install/crazyflie_sim/share/crazyflie_sim/environment/pythonpath.dsv
[1.391s] -- Up-to-date: /home/abd/exp_ws/src/install/crazyflie_sim/local/lib/python3.10/dist-packages/crazyflie_sim-2.0.0-py3.10.egg-info
[1.391s] -- Installing: /home/abd/exp_ws/src/install/crazyflie_sim/local/lib/python3.10/dist-packages/crazyflie_sim-2.0.0-py3.10.egg-info/entry_points.txt
[1.391s] -- Installing: /home/abd/exp_ws/src/install/crazyflie_sim/local/lib/python3.10/dist-packages/crazyflie_sim-2.0.0-py3.10.egg-info/SOURCES.txt
[1.391s] -- Installing: /home/abd/exp_ws/src/install/crazyflie_sim/local/lib/python3.10/dist-packages/crazyflie_sim-2.0.0-py3.10.egg-info/dependency_links.txt
[1.391s] -- Installing: /home/abd/exp_ws/src/install/crazyflie_sim/local/lib/python3.10/dist-packages/crazyflie_sim-2.0.0-py3.10.egg-info/PKG-INFO
[1.392s] -- Installing: /home/abd/exp_ws/src/install/crazyflie_sim/local/lib/python3.10/dist-packages/crazyflie_sim-2.0.0-py3.10.egg-info/top_level.txt
[1.392s] -- Up-to-date: /home/abd/exp_ws/src/install/crazyflie_sim/lib/crazyflie_sim/
[1.392s] -- Installing: /home/abd/exp_ws/src/install/crazyflie_sim/lib/crazyflie_sim//crazyflie_server
[1.392s] -- Up-to-date: /home/abd/exp_ws/src/install/crazyflie_sim/local/lib/python3.10/dist-packages/crazyflie_sim
[1.392s] -- Up-to-date: /home/abd/exp_ws/src/install/crazyflie_sim/local/lib/python3.10/dist-packages/crazyflie_sim/visualization
[1.393s] -- Up-to-date: /home/abd/exp_ws/src/install/crazyflie_sim/local/lib/python3.10/dist-packages/crazyflie_sim/visualization/record_states.py
[1.393s] -- Up-to-date: /home/abd/exp_ws/src/install/crazyflie_sim/local/lib/python3.10/dist-packages/crazyflie_sim/visualization/rviz.py
[1.393s] -- Up-to-date: /home/abd/exp_ws/src/install/crazyflie_sim/local/lib/python3.10/dist-packages/crazyflie_sim/visualization/pdf.py
[1.393s] -- Up-to-date: /home/abd/exp_ws/src/install/crazyflie_sim/local/lib/python3.10/dist-packages/crazyflie_sim/visualization/blender.py
[1.393s] -- Up-to-date: /home/abd/exp_ws/src/install/crazyflie_sim/local/lib/python3.10/dist-packages/crazyflie_sim/visualization/README.md
[1.394s] -- Up-to-date: /home/abd/exp_ws/src/install/crazyflie_sim/local/lib/python3.10/dist-packages/crazyflie_sim/visualization/data
[1.394s] -- Up-to-date: /home/abd/exp_ws/src/install/crazyflie_sim/local/lib/python3.10/dist-packages/crazyflie_sim/visualization/data/env
[1.394s] -- Up-to-date: /home/abd/exp_ws/src/install/crazyflie_sim/local/lib/python3.10/dist-packages/crazyflie_sim/visualization/data/env/derelict_overpass.jpg
[1.394s] -- Up-to-date: /home/abd/exp_ws/src/install/crazyflie_sim/local/lib/python3.10/dist-packages/crazyflie_sim/visualization/data/env/aviation_museum.jpg
[1.394s] -- Up-to-date: /home/abd/exp_ws/src/install/crazyflie_sim/local/lib/python3.10/dist-packages/crazyflie_sim/visualization/data/env/lake_pier.jpg
[1.394s] -- Up-to-date: /home/abd/exp_ws/src/install/crazyflie_sim/local/lib/python3.10/dist-packages/crazyflie_sim/visualization/data/env/abandoned_greenhouse.jpg
[1.395s] -- Up-to-date: /home/abd/exp_ws/src/install/crazyflie_sim/local/lib/python3.10/dist-packages/crazyflie_sim/visualization/data/env/env.jpg
[1.395s] -- Up-to-date: /home/abd/exp_ws/src/install/crazyflie_sim/local/lib/python3.10/dist-packages/crazyflie_sim/visualization/data/env/lago_disola.jpg
[1.395s] -- Up-to-date: /home/abd/exp_ws/src/install/crazyflie_sim/local/lib/python3.10/dist-packages/crazyflie_sim/visualization/data/env/machine_shop.jpg
[1.395s] -- Up-to-date: /home/abd/exp_ws/src/install/crazyflie_sim/local/lib/python3.10/dist-packages/crazyflie_sim/visualization/data/env/peppermint_powerplant.jpg
[1.395s] -- Up-to-date: /home/abd/exp_ws/src/install/crazyflie_sim/local/lib/python3.10/dist-packages/crazyflie_sim/visualization/data/env/museumplein.jpg
[1.395s] -- Up-to-date: /home/abd/exp_ws/src/install/crazyflie_sim/local/lib/python3.10/dist-packages/crazyflie_sim/visualization/data/env/studio_garden.jpg
[1.396s] -- Up-to-date: /home/abd/exp_ws/src/install/crazyflie_sim/local/lib/python3.10/dist-packages/crazyflie_sim/visualization/data/env/crosswalk.jpg
[1.396s] -- Up-to-date: /home/abd/exp_ws/src/install/crazyflie_sim/local/lib/python3.10/dist-packages/crazyflie_sim/visualization/data/env/aerodynamics_workshop.jpg
[1.396s] -- Up-to-date: /home/abd/exp_ws/src/install/crazyflie_sim/local/lib/python3.10/dist-packages/crazyflie_sim/visualization/data/README.md
[1.396s] -- Up-to-date: /home/abd/exp_ws/src/install/crazyflie_sim/local/lib/python3.10/dist-packages/crazyflie_sim/visualization/data/model
[1.396s] -- Up-to-date: /home/abd/exp_ws/src/install/crazyflie_sim/local/lib/python3.10/dist-packages/crazyflie_sim/visualization/data/model/cf.mtl
[1.396s] -- Up-to-date: /home/abd/exp_ws/src/install/crazyflie_sim/local/lib/python3.10/dist-packages/crazyflie_sim/visualization/data/model/cf.obj
[1.396s] -- Up-to-date: /home/abd/exp_ws/src/install/crazyflie_sim/local/lib/python3.10/dist-packages/crazyflie_sim/__init__.py
[1.397s] -- Up-to-date: /home/abd/exp_ws/src/install/crazyflie_sim/local/lib/python3.10/dist-packages/crazyflie_sim/backend
[1.397s] -- Up-to-date: /home/abd/exp_ws/src/install/crazyflie_sim/local/lib/python3.10/dist-packages/crazyflie_sim/backend/np.py
[1.397s] -- Up-to-date: /home/abd/exp_ws/src/install/crazyflie_sim/local/lib/python3.10/dist-packages/crazyflie_sim/backend/none.py
[1.397s] -- Up-to-date: /home/abd/exp_ws/src/install/crazyflie_sim/local/lib/python3.10/dist-packages/crazyflie_sim/crazyflie_sil.py
[1.397s] -- Up-to-date: /home/abd/exp_ws/src/install/crazyflie_sim/local/lib/python3.10/dist-packages/crazyflie_sim/sim_data_types.py
[1.397s] -- Up-to-date: /home/abd/exp_ws/src/install/crazyflie_sim/local/lib/python3.10/dist-packages/crazyflie_sim/crazyflie_server.py
[1.455s] Listing '/home/abd/exp_ws/src/install/crazyflie_sim/local/lib/python3.10/dist-packages/crazyflie_sim'...
[1.455s] Listing '/home/abd/exp_ws/src/install/crazyflie_sim/local/lib/python3.10/dist-packages/crazyflie_sim/backend'...
[1.455s] Listing '/home/abd/exp_ws/src/install/crazyflie_sim/local/lib/python3.10/dist-packages/crazyflie_sim/visualization'...
[1.455s] Listing '/home/abd/exp_ws/src/install/crazyflie_sim/local/lib/python3.10/dist-packages/crazyflie_sim/visualization/data'...
[1.456s] Listing '/home/abd/exp_ws/src/install/crazyflie_sim/local/lib/python3.10/dist-packages/crazyflie_sim/visualization/data/env'...
[1.456s] Listing '/home/abd/exp_ws/src/install/crazyflie_sim/local/lib/python3.10/dist-packages/crazyflie_sim/visualization/data/model'...
[1.462s] -- Up-to-date: /home/abd/exp_ws/src/install/crazyflie_sim/share/ament_index/resource_index/package_run_dependencies/crazyflie_sim
[1.462s] -- Up-to-date: /home/abd/exp_ws/src/install/crazyflie_sim/share/ament_index/resource_index/parent_prefix_path/crazyflie_sim
[1.462s] -- Up-to-date: /home/abd/exp_ws/src/install/crazyflie_sim/share/crazyflie_sim/environment/ament_prefix_path.sh
[1.462s] -- Up-to-date: /home/abd/exp_ws/src/install/crazyflie_sim/share/crazyflie_sim/environment/ament_prefix_path.dsv
[1.463s] -- Up-to-date: /home/abd/exp_ws/src/install/crazyflie_sim/share/crazyflie_sim/environment/path.sh
[1.463s] -- Up-to-date: /home/abd/exp_ws/src/install/crazyflie_sim/share/crazyflie_sim/environment/path.dsv
[1.463s] -- Up-to-date: /home/abd/exp_ws/src/install/crazyflie_sim/share/crazyflie_sim/local_setup.bash
[1.463s] -- Up-to-date: /home/abd/exp_ws/src/install/crazyflie_sim/share/crazyflie_sim/local_setup.sh
[1.463s] -- Up-to-date: /home/abd/exp_ws/src/install/crazyflie_sim/share/crazyflie_sim/local_setup.zsh
[1.464s] -- Up-to-date: /home/abd/exp_ws/src/install/crazyflie_sim/share/crazyflie_sim/local_setup.dsv
[1.464s] -- Installing: /home/abd/exp_ws/src/install/crazyflie_sim/share/crazyflie_sim/package.dsv
[1.464s] -- Up-to-date: /home/abd/exp_ws/src/install/crazyflie_sim/share/ament_index/resource_index/packages/crazyflie_sim
[1.464s] -- Up-to-date: /home/abd/exp_ws/src/install/crazyflie_sim/share/crazyflie_sim/cmake/crazyflie_simConfig.cmake
[1.464s] -- Up-to-date: /home/abd/exp_ws/src/install/crazyflie_sim/share/crazyflie_sim/cmake/crazyflie_simConfig-version.cmake
[1.464s] -- Up-to-date: /home/abd/exp_ws/src/install/crazyflie_sim/share/crazyflie_sim/package.xml
[1.470s] Invoked command in '/home/abd/exp_ws/src/build/crazyflie_sim' returned '0': AMENT_PREFIX_PATH=/home/abd/exp_ws/src/install/crazyflie_interfaces:${AMENT_PREFIX_PATH} CMAKE_PREFIX_PATH=/home/abd/exp_ws/src/install/crazyflie_interfaces:/opt/ros/humble LD_LIBRARY_PATH=/home/abd/exp_ws/src/install/crazyflie_interfaces/lib:${LD_LIBRARY_PATH} PYTHONPATH=/home/abd/exp_ws/src/install/crazyflie_interfaces/local/lib/python3.10/dist-packages:${PYTHONPATH} /usr/bin/cmake --install /home/abd/exp_ws/src/build/crazyflie_sim
