[0.766s] Invoking command in '/home/abd/exp_ws/src/build/crazyflie': CMAKE_PREFIX_PATH=/home/abd/exp_ws/src/install/motion_capture_tracking_interfaces:/home/abd/exp_ws/src/install/crazyflie_interfaces:/home/abd/exp_ws/src/install/motion_capture_tracking:/home/abd/exp_ws/src/install/crazyflie:/home/abd/exp_ws/src/install/crazyflie_sim:/home/abd/exp_ws/src/install/crazyflie_examples:/home/abd/exp_ws/install/motion_capture_tracking:/home/abd/exp_ws/install/crazyflie:/home/abd/exp_ws/install/motion_capture_tracking_interfaces:/home/abd/exp_ws/install/crazyflie_sim:/home/abd/exp_ws/install/crazyflie_examples:/home/abd/exp_ws/install/crazyflie_interfaces:/home/abd/exp_ws/src/install/crazyflie_py:/home/abd/exp_ws/install/crazyflie_py:/opt/ros/humble /usr/bin/cmake --build /home/abd/exp_ws/src/build/crazyflie -- -j12 -l12
[0.821s] -- Found ament_cmake: 1.3.5 (/opt/ros/humble/share/ament_cmake/cmake)
[1.058s] -- Found rclcpp: 16.0.6 (/opt/ros/humble/share/rclcpp/cmake)
[1.114s] -- Found rosidl_generator_c: 3.1.5 (/opt/ros/humble/share/rosidl_generator_c/cmake)
[1.119s] -- Found rosidl_adapter: 3.1.5 (/opt/ros/humble/share/rosidl_adapter/cmake)
[1.129s] -- Found rosidl_generator_cpp: 3.1.5 (/opt/ros/humble/share/rosidl_generator_cpp/cmake)
[1.149s] -- Using all available rosidl_typesupport_c: rosidl_typesupport_fastrtps_c;rosidl_typesupport_introspection_c
[1.176s] -- Using all available rosidl_typesupport_cpp: rosidl_typesupport_fastrtps_cpp;rosidl_typesupport_introspection_cpp
[1.274s] -- Found rmw_implementation_cmake: 6.1.1 (/opt/ros/humble/share/rmw_implementation_cmake/cmake)
[1.277s] -- Found rmw_fastrtps_cpp: 6.2.4 (/opt/ros/humble/share/rmw_fastrtps_cpp/cmake)
[1.500s] -- Using RMW implementation 'rmw_fastrtps_cpp' as default
[1.748s] -- Found tf2_ros: 0.25.4 (/opt/ros/humble/share/tf2_ros/cmake)
[2.333s] -- Found rclpy: 3.3.10 (/opt/ros/humble/share/rclpy/cmake)
[2.333s] -- Found std_srvs: 4.2.3 (/opt/ros/humble/share/std_srvs/cmake)
[2.361s] -- Found sensor_msgs: 4.2.3 (/opt/ros/humble/share/sensor_msgs/cmake)
[2.490s] -- Found crazyflie_interfaces: 2.0.0 (/home/abd/exp_ws/src/install/crazyflie_interfaces/share/crazyflie_interfaces/cmake)
[2.619s] -- Found motion_capture_tracking_interfaces: 1.0.0 (/home/abd/exp_ws/src/install/motion_capture_tracking_interfaces/share/motion_capture_tracking_interfaces/cmake)
[2.887s] -- Configuring done
[2.963s] -- Generating done
[2.970s] -- Build files have been written to: /home/abd/exp_ws/src/build/crazyflie
[3.030s] [35m[1mConsolidate compiler generated dependencies of target teleop[0m
[3.042s] [35m[1mConsolidate compiler generated dependencies of target crazyflieLinkCpp[0m
[3.066s] [  5%] Built target teleop
[3.092s] [ 27%] Built target crazyflieLinkCpp
[3.123s] [35m[1mConsolidate compiler generated dependencies of target crazyflie_cpp[0m
[3.163s] [ 35%] Built target crazyflie_cpp
[3.190s] [35m[1mConsolidate compiler generated dependencies of target crazyflie_server[0m
[3.190s] [35m[1mConsolidate compiler generated dependencies of target scan[0m
[3.191s] [35m[1mConsolidate compiler generated dependencies of target battery[0m
[3.191s] [35m[1mConsolidate compiler generated dependencies of target listParams[0m
[3.191s] [35m[1mConsolidate compiler generated dependencies of target listLogVariables[0m
[3.193s] [35m[1mConsolidate compiler generated dependencies of target console[0m
[3.194s] [35m[1mConsolidate compiler generated dependencies of target listMemories[0m
[3.194s] [35m[1mConsolidate compiler generated dependencies of target reboot[0m
[3.194s] [35m[1mConsolidate compiler generated dependencies of target version[0m
[3.194s] [35m[1mConsolidate compiler generated dependencies of target downloadUSDLogfile[0m
[3.194s] [35m[1mConsolidate compiler generated dependencies of target comCheck[0m
[3.195s] [35m[1mConsolidate compiler generated dependencies of target log[0m
[3.239s] [ 50%] Built target scan
[3.239s] [ 50%] Built target crazyflie_server
[3.239s] [ 50%] Built target listParams
[3.239s] [ 62%] Built target reboot
[3.239s] [ 65%] Built target listLogVariables
[3.239s] [ 62%] Built target console
[3.240s] [ 70%] Built target battery
[3.241s] [ 77%] Built target version
[3.241s] [ 80%] Built target listMemories
[3.241s] [ 90%] Built target downloadUSDLogfile
[3.242s] [ 90%] Built target log
[3.244s] [ 95%] Built target comCheck
[3.259s] [35m[1mConsolidate compiler generated dependencies of target setParam[0m
[3.294s] [100%] Built target setParam
[3.316s] Invoked command in '/home/abd/exp_ws/src/build/crazyflie' returned '0': CMAKE_PREFIX_PATH=/home/abd/exp_ws/src/install/motion_capture_tracking_interfaces:/home/abd/exp_ws/src/install/crazyflie_interfaces:/home/abd/exp_ws/src/install/motion_capture_tracking:/home/abd/exp_ws/src/install/crazyflie:/home/abd/exp_ws/src/install/crazyflie_sim:/home/abd/exp_ws/src/install/crazyflie_examples:/home/abd/exp_ws/install/motion_capture_tracking:/home/abd/exp_ws/install/crazyflie:/home/abd/exp_ws/install/motion_capture_tracking_interfaces:/home/abd/exp_ws/install/crazyflie_sim:/home/abd/exp_ws/install/crazyflie_examples:/home/abd/exp_ws/install/crazyflie_interfaces:/home/abd/exp_ws/src/install/crazyflie_py:/home/abd/exp_ws/install/crazyflie_py:/opt/ros/humble /usr/bin/cmake --build /home/abd/exp_ws/src/build/crazyflie -- -j12 -l12
[3.391s] Invoking command in '/home/abd/exp_ws/src/build/crazyflie': CMAKE_PREFIX_PATH=/home/abd/exp_ws/src/install/motion_capture_tracking_interfaces:/home/abd/exp_ws/src/install/crazyflie_interfaces:/home/abd/exp_ws/src/install/motion_capture_tracking:/home/abd/exp_ws/src/install/crazyflie:/home/abd/exp_ws/src/install/crazyflie_sim:/home/abd/exp_ws/src/install/crazyflie_examples:/home/abd/exp_ws/install/motion_capture_tracking:/home/abd/exp_ws/install/crazyflie:/home/abd/exp_ws/install/motion_capture_tracking_interfaces:/home/abd/exp_ws/install/crazyflie_sim:/home/abd/exp_ws/install/crazyflie_examples:/home/abd/exp_ws/install/crazyflie_interfaces:/home/abd/exp_ws/src/install/crazyflie_py:/home/abd/exp_ws/install/crazyflie_py:/opt/ros/humble /usr/bin/cmake --install /home/abd/exp_ws/src/build/crazyflie
[3.403s] -- Install configuration: ""
[3.404s] -- Up-to-date: /home/abd/exp_ws/src/install/crazyflie/lib/crazyflie/comCheck
[3.405s] -- Up-to-date: /home/abd/exp_ws/src/install/crazyflie/lib/crazyflie/scan
[3.405s] -- Up-to-date: /home/abd/exp_ws/src/install/crazyflie/lib/crazyflie/listParams
[3.405s] -- Up-to-date: /home/abd/exp_ws/src/install/crazyflie/lib/crazyflie/listLogVariables
[3.405s] -- Up-to-date: /home/abd/exp_ws/src/install/crazyflie/lib/crazyflie/listMemories
[3.405s] -- Up-to-date: /home/abd/exp_ws/src/install/crazyflie/lib/crazyflie/reboot
[3.405s] -- Up-to-date: /home/abd/exp_ws/src/install/crazyflie/lib/crazyflie/battery
[3.405s] -- Up-to-date: /home/abd/exp_ws/src/install/crazyflie/lib/crazyflie/version
[3.405s] -- Up-to-date: /home/abd/exp_ws/src/install/crazyflie/lib/crazyflie/console
[3.406s] -- Up-to-date: /home/abd/exp_ws/src/install/crazyflie/lib/crazyflie/log
[3.406s] -- Up-to-date: /home/abd/exp_ws/src/install/crazyflie/lib/crazyflie/setParam
[3.406s] -- Up-to-date: /home/abd/exp_ws/src/install/crazyflie/lib/crazyflie/downloadUSDLogfile
[3.406s] -- Up-to-date: /home/abd/exp_ws/src/install/crazyflie/lib/crazyflie/teleop
[3.407s] -- Up-to-date: /home/abd/exp_ws/src/install/crazyflie/lib/crazyflie/crazyflie_server
[3.407s] -- Up-to-date: /home/abd/exp_ws/src/install/crazyflie/lib/crazyflie/crazyflie_server.py
[3.408s] -- Up-to-date: /home/abd/exp_ws/src/install/crazyflie/lib/crazyflie/chooser.py
[3.408s] -- Up-to-date: /home/abd/exp_ws/src/install/crazyflie/lib/crazyflie/vel_mux.py
[3.408s] -- Up-to-date: /home/abd/exp_ws/src/install/crazyflie/lib/crazyflie/cfmult.py
[3.408s] -- Up-to-date: /home/abd/exp_ws/src/install/crazyflie/lib/crazyflie/simple_mapper_multiranger.py
[3.408s] -- Installing: /home/abd/exp_ws/src/install/crazyflie/lib/crazyflie/leader_cf.py
[3.408s] -- Installing: /home/abd/exp_ws/src/install/crazyflie/lib/crazyflie/follower_cf.py
[3.408s] -- Up-to-date: /home/abd/exp_ws/src/install/crazyflie/share/crazyflie//launch
[3.408s] -- Up-to-date: /home/abd/exp_ws/src/install/crazyflie/share/crazyflie//launch/launch_teleop2.py
[3.409s] -- Up-to-date: /home/abd/exp_ws/src/install/crazyflie/share/crazyflie//launch/launch.py
[3.409s] -- Up-to-date: /home/abd/exp_ws/src/install/crazyflie/share/crazyflie//launch/teleop_launch.py
[3.409s] -- Up-to-date: /home/abd/exp_ws/src/install/crazyflie/share/crazyflie//config
[3.409s] -- Up-to-date: /home/abd/exp_ws/src/install/crazyflie/share/crazyflie//config/crazyflies.yaml
[3.409s] -- Up-to-date: /home/abd/exp_ws/src/install/crazyflie/share/crazyflie//config/config.rviz
[3.409s] -- Up-to-date: /home/abd/exp_ws/src/install/crazyflie/share/crazyflie//config/motion_capture.yaml
[3.409s] -- Up-to-date: /home/abd/exp_ws/src/install/crazyflie/share/crazyflie//config/server.yaml
[3.409s] -- Up-to-date: /home/abd/exp_ws/src/install/crazyflie/share/crazyflie//config/teleop.yaml
[3.409s] -- Up-to-date: /home/abd/exp_ws/src/install/crazyflie/share/ament_index/resource_index/package_run_dependencies/crazyflie
[3.410s] -- Installing: /home/abd/exp_ws/src/install/crazyflie/share/ament_index/resource_index/parent_prefix_path/crazyflie
[3.410s] -- Up-to-date: /home/abd/exp_ws/src/install/crazyflie/share/crazyflie/environment/ament_prefix_path.sh
[3.410s] -- Installing: /home/abd/exp_ws/src/install/crazyflie/share/crazyflie/environment/ament_prefix_path.dsv
[3.410s] -- Up-to-date: /home/abd/exp_ws/src/install/crazyflie/share/crazyflie/environment/path.sh
[3.410s] -- Installing: /home/abd/exp_ws/src/install/crazyflie/share/crazyflie/environment/path.dsv
[3.410s] -- Up-to-date: /home/abd/exp_ws/src/install/crazyflie/share/crazyflie/local_setup.bash
[3.410s] -- Up-to-date: /home/abd/exp_ws/src/install/crazyflie/share/crazyflie/local_setup.sh
[3.410s] -- Up-to-date: /home/abd/exp_ws/src/install/crazyflie/share/crazyflie/local_setup.zsh
[3.410s] -- Installing: /home/abd/exp_ws/src/install/crazyflie/share/crazyflie/local_setup.dsv
[3.410s] -- Installing: /home/abd/exp_ws/src/install/crazyflie/share/crazyflie/package.dsv
[3.411s] -- Up-to-date: /home/abd/exp_ws/src/install/crazyflie/share/ament_index/resource_index/packages/crazyflie
[3.411s] -- Up-to-date: /home/abd/exp_ws/src/install/crazyflie/share/crazyflie/cmake/crazyflieConfig.cmake
[3.411s] -- Up-to-date: /home/abd/exp_ws/src/install/crazyflie/share/crazyflie/cmake/crazyflieConfig-version.cmake
[3.411s] -- Up-to-date: /home/abd/exp_ws/src/install/crazyflie/share/crazyflie/package.xml
[3.414s] Invoked command in '/home/abd/exp_ws/src/build/crazyflie' returned '0': CMAKE_PREFIX_PATH=/home/abd/exp_ws/src/install/motion_capture_tracking_interfaces:/home/abd/exp_ws/src/install/crazyflie_interfaces:/home/abd/exp_ws/src/install/motion_capture_tracking:/home/abd/exp_ws/src/install/crazyflie:/home/abd/exp_ws/src/install/crazyflie_sim:/home/abd/exp_ws/src/install/crazyflie_examples:/home/abd/exp_ws/install/motion_capture_tracking:/home/abd/exp_ws/install/crazyflie:/home/abd/exp_ws/install/motion_capture_tracking_interfaces:/home/abd/exp_ws/install/crazyflie_sim:/home/abd/exp_ws/install/crazyflie_examples:/home/abd/exp_ws/install/crazyflie_interfaces:/home/abd/exp_ws/src/install/crazyflie_py:/home/abd/exp_ws/install/crazyflie_py:/opt/ros/humble /usr/bin/cmake --install /home/abd/exp_ws/src/build/crazyflie
