[1.640s] Invoking command in '/home/abd/exp_ws/src/crazyswarm2/crazyflie_py': AMENT_PREFIX_PATH=/home/abd/exp_ws/src/install/crazyflie_interfaces:${AMENT_PREFIX_PATH} CMAKE_PREFIX_PATH=/home/abd/exp_ws/src/install/crazyflie_interfaces:${CMAKE_PREFIX_PATH} LD_LIBRARY_PATH=/home/abd/exp_ws/src/install/crazyflie_interfaces/lib:${LD_LIBRARY_PATH} PYTHONPATH=/home/abd/exp_ws/src/build/crazyflie_py/prefix_override:/home/abd/exp_ws/src/install/crazyflie_py/lib/python3.10/site-packages:/home/abd/exp_ws/src/install/crazyflie_interfaces/local/lib/python3.10/dist-packages:${PYTHONPATH} /usr/bin/python3 setup.py egg_info --egg-base ../../build/crazyflie_py build --build-base /home/abd/exp_ws/src/build/crazyflie_py/build install --record /home/abd/exp_ws/src/build/crazyflie_py/install.log --single-version-externally-managed
[1.997s] running egg_info
[1.997s] writing ../../build/crazyflie_py/crazyflie_py.egg-info/PKG-INFO
[1.998s] writing dependency_links to ../../build/crazyflie_py/crazyflie_py.egg-info/dependency_links.txt
[1.998s] writing entry points to ../../build/crazyflie_py/crazyflie_py.egg-info/entry_points.txt
[1.998s] writing requirements to ../../build/crazyflie_py/crazyflie_py.egg-info/requires.txt
[1.999s] writing top-level names to ../../build/crazyflie_py/crazyflie_py.egg-info/top_level.txt
[2.001s] reading manifest file '../../build/crazyflie_py/crazyflie_py.egg-info/SOURCES.txt'
[2.002s] writing manifest file '../../build/crazyflie_py/crazyflie_py.egg-info/SOURCES.txt'
[2.002s] running build
[2.002s] running build_py
[2.003s] running install
[2.004s] running install_lib
[2.006s] running install_data
[2.006s] running install_egg_info
[2.008s] removing '/home/abd/exp_ws/src/install/crazyflie_py/lib/python3.10/site-packages/crazyflie_py-2.0.0-py3.10.egg-info' (and everything under it)
[2.009s] Copying ../../build/crazyflie_py/crazyflie_py.egg-info to /home/abd/exp_ws/src/install/crazyflie_py/lib/python3.10/site-packages/crazyflie_py-2.0.0-py3.10.egg-info
[2.010s] running install_scripts
[2.036s] writing list of installed files to '/home/abd/exp_ws/src/build/crazyflie_py/install.log'
[2.079s] Invoked command in '/home/abd/exp_ws/src/crazyswarm2/crazyflie_py' returned '0': AMENT_PREFIX_PATH=/home/abd/exp_ws/src/install/crazyflie_interfaces:${AMENT_PREFIX_PATH} CMAKE_PREFIX_PATH=/home/abd/exp_ws/src/install/crazyflie_interfaces:${CMAKE_PREFIX_PATH} LD_LIBRARY_PATH=/home/abd/exp_ws/src/install/crazyflie_interfaces/lib:${LD_LIBRARY_PATH} PYTHONPATH=/home/abd/exp_ws/src/build/crazyflie_py/prefix_override:/home/abd/exp_ws/src/install/crazyflie_py/lib/python3.10/site-packages:/home/abd/exp_ws/src/install/crazyflie_interfaces/local/lib/python3.10/dist-packages:${PYTHONPATH} /usr/bin/python3 setup.py egg_info --egg-base ../../build/crazyflie_py build --build-base /home/abd/exp_ws/src/build/crazyflie_py/build install --record /home/abd/exp_ws/src/build/crazyflie_py/install.log --single-version-externally-managed
